### benchmark: /home/zxr_wsl/benchmarks/incre_spec//ILA_Flute_BLT_problem.aig
### opts:      &scorr -v -w -i -I
### timeout:   1800s
### date:      Tue Jun  9 14:06:45 CST 2026

======== ABC command line "&r /home/zxr_wsl/benchmarks/incre_spec//ILA_Flute_BLT_problem.aig; &ps; &scorr -v -w -i -I; &ps"
Warning: The last output is interpreted as a constraint.
Converted 548 1-valued FFs and 173794 DC-valued FFs.
Warning: The number of inputs does not match the number of input names.
[1;37m/home/zxr_wsl/benchmarks/incre_spec//ILA_Flute_BLT_problem[0m : i/o = 180287/      2(c=1)  ff = 174678  [1;36mand = 1613164[0m  [1;35mlev =  284[0m [1;35m(219.18)[0m  mem =26.54 MB
cst = 1787842  cls =      0  lit = 1787842  unused =  180287  proof =     0
cst =  354535  cls = 351142  lit = 1207493  unused =  409494  proof =     0
cst =  352697  cls = 350226  lit = 1200785  unused =  417118  proof =     0
cst =  352082  cls = 350095  lit = 1199310  unused =  418724  proof =     0
cst =  351177  cls = 350153  lit = 1197321  unused =  420655  proof =     0
cst =  350619  cls = 350038  lit = 1196192  unused =  421899  proof =     0
cst =  350115  cls = 349838  lit = 1194993  unused =  423298  proof =     0
cst =  349680  cls = 349504  lit = 1193743  unused =  424882  proof =     0
cst =  349426  cls = 349245  lit = 1192924  unused =  425960  proof =     0
cst =  349321  cls = 348956  lit = 1192275  unused =  426898  proof =     0
Obj = 2142810. And = 1613164. Conf =   100. Fr = 1. Lcorr = 0. Ring = 1. CSat = 1.
  0 : c =  349321  cl = 348956  lit = 1192275  p =     0  d =     0  f =     0  +  T =     1.90 sec
BMC : c =  349088  cl = 348866  lit = 1191047  p =  3585  d =  3008  f =     0  +  T =     0.20 sec
  [bmc-prof   0] wall= 205.501 p=  6593 | ifo=  0.000(sd=0.000 nx=0.000 tfo=0.000 cnt=0.000) snap= 1.876 srm= 57.433 sat= 18.289(set=1.916 slv=15.992 max=0.0348 n=6593) cex=R/T/F=3008/0/0 trsplit=0 sim=124.638(rmp=4.342 run=120.186 n=1 d=1228) incr=loc/full/maxdirty/keys=0/0/0/0 chk= 0.026(d=0) stat= 0.898 rest= 2.341
BMC : c =  348881  cl = 348818  lit = 1190351  p =  3429  d =  2739  f =     0  +  T =     0.23 sec
  [bmc-prof   1] wall= 233.912 p=  6168 | ifo= 24.136(sd=1.120 nx=0.000 tfo=20.168 cnt=2.848) snap= 1.884 srm= 55.005 sat= 21.228(set=1.669 slv=19.191 max=0.1200 n=6168) cex=R/T/F=2739/0/0 trsplit=0 sim=128.528(rmp=4.396 run=124.013 n=1 d=696) incr=loc/full/maxdirty/keys=0/0/0/0 chk= 0.019(d=0) stat= 0.868 rest= 2.244
BMC : c =  348663  cl = 348864  lit = 1189808  p =  3421  d =  2695  f =     0  +  T =     0.25 sec
  [bmc-prof   2] wall= 249.927 p=  6116 | ifo= 17.469(sd=1.102 nx=0.000 tfo=13.848 cnt=2.519) snap= 1.913 srm= 59.192 sat= 22.487(set=1.526 slv=20.593 max=0.1874 n=6116) cex=R/T/F=2695/0/0 trsplit=0 sim=145.681(rmp=4.258 run=141.300 n=1 d=543) incr=loc/full/maxdirty/keys=0/0/0/0 chk= 0.018(d=0) stat= 0.885 rest= 2.284
BMC : c =  348633  cl = 348851  lit = 1189499  p =  3436  d =  2434  f =     0  +  T =     0.24 sec
  [bmc-prof   3] wall= 239.055 p=  5870 | ifo= 17.536(sd=1.064 nx=0.000 tfo=14.095 cnt=2.377) snap= 1.893 srm= 52.611 sat= 24.452(set=1.618 slv=22.452 max=0.2752 n=5870) cex=R/T/F=2434/0/0 trsplit=0 sim=139.439(rmp=4.214 run=135.096 n=1 d=309) incr=loc/full/maxdirty/keys=0/0/0/0 chk= 0.016(d=0) stat= 0.874 rest= 2.234
BMC : c =  348432  cl = 348811  lit = 1189082  p =  3417  d =  2229  f =     6  +  T =     0.26 sec
  [bmc-prof   4] wall= 256.215 p=  5652 | ifo= 21.333(sd=1.522 nx=0.000 tfo=17.402 cnt=2.409) snap= 2.494 srm= 54.399 sat= 23.346(set=1.765 slv=21.230 max=0.1618 n=5652) cex=R/T/F=2229/0/6 trsplit=0 sim=150.634(rmp=5.095 run=145.235 n=1 d=411) incr=loc/full/maxdirty/keys=0/0/0/0 chk= 0.016(d=6) stat= 0.900 rest= 3.093
BMC : c =  347710  cl = 348640  lit = 1188150  p =  3373  d =  2475  f =     0  +  T =     0.26 sec
  [bmc-prof   5] wall= 262.767 p=  5848 | ifo= 20.475(sd=1.093 nx=0.000 tfo=16.983 cnt=2.400) snap= 1.848 srm= 51.568 sat= 29.349(set=1.691 slv=27.248 max=0.3094 n=5848) cex=R/T/F=2475/0/0 trsplit=0 sim=156.356(rmp=4.186 run=152.044 n=1 d=932) incr=loc/full/maxdirty/keys=0/0/0/0 chk= 0.018(d=0) stat= 0.899 rest= 2.253
BMC : c =  347432  cl = 348497  lit = 1187454  p =  3396  d =  2447  f =     0  +  T =     0.25 sec
  [bmc-prof   6] wall= 253.985 p=  5843 | ifo= 20.090(sd=1.066 nx=0.000 tfo=16.600 cnt=2.424) snap= 1.889 srm= 51.891 sat= 24.290(set=1.590 slv=22.304 max=0.1579 n=5843) cex=R/T/F=2447/0/0 trsplit=0 sim=152.609(rmp=4.120 run=148.357 n=1 d=696) incr=loc/full/maxdirty/keys=0/0/0/0 chk= 0.021(d=0) stat= 0.956 rest= 2.239
BMC : c =  347090  cl = 348420  lit = 1186903  p =  3482  d =  2063  f =     0  +  T =     0.25 sec
  [bmc-prof   7] wall= 254.130 p=  5545 | ifo= 18.840(sd=1.065 nx=0.000 tfo=15.384 cnt=2.391) snap= 1.881 srm= 52.340 sat= 25.500(set=1.726 slv=23.388 max=0.2613 n=5545) cex=R/T/F=2063/0/0 trsplit=0 sim=152.085(rmp=4.197 run=147.769 n=1 d=551) incr=loc/full/maxdirty/keys=0/0/0/0 chk= 0.018(d=0) stat= 0.943 rest= 2.521
BMC : c =  346778  cl = 348306  lit = 1185705  p =  3463  d =  2320  f =     0  +  T =     0.28 sec
  [bmc-prof   8] wall= 281.926 p=  5783 | ifo= 23.525(sd=1.066 nx=0.000 tfo=19.994 cnt=2.465) snap= 1.796 srm= 55.222 sat= 40.305(set=1.500 slv=38.354 max=0.2031 n=5783) cex=R/T/F=2320/0/0 trsplit=0 sim=157.804(rmp=4.226 run=153.444 n=1 d=1198) incr=loc/full/maxdirty/keys=0/0/0/0 chk= 0.021(d=0) stat= 0.936 rest= 2.317
BMC : c =  346735  cl = 348192  lit = 1185374  p =  3500  d =  1614  f =     0  +  T =     0.27 sec
  [bmc-prof   9] wall= 273.285 p=  5114 | ifo= 25.465(sd=1.153 nx=0.000 tfo=21.885 cnt=2.427) snap= 1.804 srm= 52.323 sat= 35.524(set=1.627 slv=33.530 max=0.1515 n=5114) cex=R/T/F=1614/0/0 trsplit=0 sim=154.747(rmp=5.263 run=149.359 n=1 d=331) incr=loc/full/maxdirty/keys=0/0/0/0 chk= 0.016(d=0) stat= 0.873 rest= 2.533
BMC : c =  346574  cl = 348198  lit = 1185174  p =  3478  d =  1393  f =     0  +  T =     0.26 sec
  [bmc-prof  10] wall= 259.503 p=  4871 | ifo= 19.543(sd=1.096 nx=0.000 tfo=16.026 cnt=2.422) snap= 1.986 srm= 60.005 sat= 22.848(set=1.602 slv=20.942 max=0.2256 n=4871) cex=R/T/F=1393/0/0 trsplit=0 sim=151.963(rmp=4.147 run=147.697 n=1 d=200) incr=loc/full/maxdirty/keys=0/0/0/0 chk= 0.012(d=0) stat= 0.863 rest= 2.283
BMC : c =  346564  cl = 348215  lit = 1184977  p =  3528  d =  1318  f =     0  +  T =     0.26 sec
  [bmc-prof  11] wall= 260.408 p=  4846 | ifo= 18.688(sd=1.211 nx=0.000 tfo=15.108 cnt=2.369) snap= 1.813 srm= 53.123 sat= 23.167(set=1.564 slv=21.241 max=0.1451 n=4846) cex=R/T/F=1318/0/0 trsplit=0 sim=160.442(rmp=4.295 run=156.012 n=1 d=197) incr=loc/full/maxdirty/keys=0/0/0/0 chk= 0.014(d=0) stat= 0.920 rest= 2.241
BMC : c =  346564  cl = 348204  lit = 1184851  p =  3523  d =  1168  f =     0  +  T =     0.26 sec
  [bmc-prof  12] wall= 256.814 p=  4691 | ifo= 18.202(sd=1.076 nx=0.000 tfo=14.746 cnt=2.379) snap= 2.115 srm= 56.923 sat= 21.508(set=1.647 slv=19.579 max=0.1091 n=4691) cex=R/T/F=1168/0/0 trsplit=0 sim=154.501(rmp=4.107 run=150.257 n=1 d=126) incr=loc/full/maxdirty/keys=0/0/0/0 chk= 0.013(d=0) stat= 0.935 rest= 2.618
BMC : c =  346553  cl = 348211  lit = 1184742  p =  3522  d =  1043  f =     0  +  T =     0.26 sec
  [bmc-prof  13] wall= 256.258 p=  4565 | ifo= 23.525(sd=1.104 nx=0.000 tfo=19.895 cnt=2.526) snap= 1.847 srm= 50.812 sat= 21.686(set=1.645 slv=19.758 max=0.1282 n=4565) cex=R/T/F=1043/0/0 trsplit=0 sim=155.225(rmp=4.197 run=150.893 n=1 d=109) incr=loc/full/maxdirty/keys=0/0/0/0 chk= 0.012(d=0) stat= 0.893 rest= 2.257
BMC : c =  346548  cl = 348204  lit = 1184630  p =  3518  d =   957  f =     0  +  T =     0.26 sec
  [bmc-prof  14] wall= 257.644 p=  4475 | ifo= 21.192(sd=1.051 nx=0.000 tfo=17.710 cnt=2.431) snap= 1.817 srm= 51.653 sat= 22.650(set=1.834 slv=20.491 max=0.3862 n=4475) cex=R/T/F=957/0/0 trsplit=0 sim=157.060(rmp=4.284 run=152.649 n=1 d=112) incr=loc/full/maxdirty/keys=0/0/0/0 chk= 0.012(d=0) stat= 0.913 rest= 2.345
BMC : c =  346547  cl = 348202  lit = 1184536  p =  3515  d =   852  f =     0  +  T =     0.25 sec
  [bmc-prof  15] wall= 254.804 p=  4367 | ifo= 20.143(sd=1.095 nx=0.000 tfo=16.429 cnt=2.618) snap= 1.809 srm= 50.719 sat= 21.046(set=1.415 slv=19.353 max=0.1216 n=4367) cex=R/T/F=852/0/0 trsplit=0 sim=157.926(rmp=4.151 run=153.655 n=1 d=94) incr=loc/full/maxdirty/keys=0/0/0/0 chk= 0.010(d=0) stat= 0.865 rest= 2.287
BMC : c =  346544  cl = 348204  lit = 1184443  p =  3518  d =   762  f =     0  +  T =     0.27 sec
  [bmc-prof  16] wall= 270.315 p=  4280 | ifo= 18.216(sd=1.059 nx=0.000 tfo=14.779 cnt=2.378) snap= 1.831 srm= 66.392 sat= 20.468(set=1.434 slv=18.771 max=0.1299 n=4280) cex=R/T/F=762/0/0 trsplit=0 sim=160.189(rmp=4.252 run=155.792 n=1 d=93) incr=loc/full/maxdirty/keys=0/0/0/0 chk= 0.010(d=0) stat= 0.962 rest= 2.247
BMC : c =  346543  cl = 348212  lit = 1184353  p =  3519  d =   675  f =     0  +  T =     0.25 sec
  [bmc-prof  17] wall= 247.051 p=  4194 | ifo= 18.143(sd=1.084 nx=0.000 tfo=14.452 cnt=2.607) snap= 1.829 srm= 52.443 sat= 19.988(set=1.344 slv=18.395 max=0.1335 n=4194) cex=R/T/F=675/0/0 trsplit=0 sim=151.532(rmp=5.613 run=145.795 n=1 d=90) incr=loc/full/maxdirty/keys=0/0/0/0 chk= 0.009(d=0) stat= 0.856 rest= 2.251
BMC : c =  346540  cl = 348216  lit = 1184259  p =  3519  d =   590  f =     0  +  T =     0.25 sec
  [bmc-prof  18] wall= 252.922 p=  4109 | ifo= 19.842(sd=1.067 nx=0.000 tfo=16.216 cnt=2.559) snap= 3.586 srm= 52.570 sat= 20.186(set=2.640 slv=17.302 max=0.1446 n=4109) cex=R/T/F=590/0/0 trsplit=0 sim=153.233(rmp=4.931 run=148.162 n=1 d=94) incr=loc/full/maxdirty/keys=0/0/0/0 chk= 0.008(d=0) stat= 0.905 rest= 2.592
BMC : c =  346539  cl = 348212  lit = 1184180  p =  3521  d =   502  f =     0  +  T =     0.25 sec
  [bmc-prof  19] wall= 251.300 p=  4023 | ifo= 22.037(sd=1.107 nx=0.000 tfo=17.386 cnt=3.544) snap= 1.862 srm= 57.495 sat= 17.634(set=1.392 slv=16.008 max=0.1493 n=4023) cex=R/T/F=502/0/0 trsplit=0 sim=149.112(rmp=4.292 run=144.696 n=1 d=79) incr=loc/full/maxdirty/keys=0/0/0/0 chk= 0.007(d=0) stat= 0.852 rest= 2.300
BMC : c =  346539  cl = 348213  lit = 1184098  p =  3516  d =   428  f =     1  +  T =     0.25 sec
  [bmc-prof  20] wall= 248.135 p=  3945 | ifo= 20.182(sd=1.064 nx=0.000 tfo=16.710 cnt=2.407) snap= 1.875 srm= 53.193 sat= 18.062(set=1.470 slv=16.363 max=0.2713 n=3945) cex=R/T/F=428/0/1 trsplit=0 sim=149.248(rmp=4.213 run=144.564 n=1 d=81) incr=loc/full/maxdirty/keys=0/0/0/0 chk= 0.020(d=1) stat= 1.768 rest= 3.788
BMC : c =  346539  cl = 348204  lit = 1184031  p =  3520  d =   345  f =     0  +  T =     0.25 sec
  [bmc-prof  21] wall= 254.592 p=  3865 | ifo= 13.142(sd=1.990 nx=0.000 tfo=8.280 cnt=2.872) snap= 1.835 srm= 53.326 sat= 17.381(set=1.525 slv=15.645 max=0.1656 n=3865) cex=R/T/F=345/0/0 trsplit=0 sim=165.770(rmp=4.085 run=161.535 n=1 d=67) incr=loc/full/maxdirty/keys=0/0/0/0 chk= 0.006(d=0) stat= 0.883 rest= 2.247
BMC : c =  346539  cl = 348199  lit = 1183979  p =  3521  d =   278  f =     0  +  T =     0.24 sec
  [bmc-prof  22] wall= 242.451 p=  3799 | ifo= 12.025(sd=1.080 nx=0.000 tfo=8.327 cnt=2.618) snap= 1.843 srm= 51.585 sat= 18.641(set=1.480 slv=16.928 max=0.2495 n=3799) cex=R/T/F=278/0/0 trsplit=0 sim=154.847(rmp=4.403 run=150.323 n=1 d=52) incr=loc/full/maxdirty/keys=0/0/0/0 chk= 0.018(d=0) stat= 0.883 rest= 2.607
BMC : c =  346539  cl = 348193  lit = 1183933  p =  3523  d =   227  f =     0  +  T =     0.23 sec
  [bmc-prof  23] wall= 235.798 p=  3750 | ifo= 11.386(sd=1.137 nx=0.000 tfo=7.689 cnt=2.559) snap= 1.805 srm= 52.068 sat= 16.801(set=1.471 slv=15.130 max=0.0676 n=3750) cex=R/T/F=227/0/0 trsplit=0 sim=150.559(rmp=4.292 run=146.135 n=1 d=46) incr=loc/full/maxdirty/keys=0/0/0/0 chk= 0.006(d=0) stat= 0.901 rest= 2.271
BMC : c =  346539  cl = 348196  lit = 1183903  p =  3523  d =   182  f =     0  +  T =     0.25 sec
  [bmc-prof  24] wall= 251.139 p=  3705 | ifo= 13.102(sd=1.068 nx=0.000 tfo=9.508 cnt=2.526) snap= 1.869 srm= 56.386 sat= 17.308(set=1.443 slv=15.663 max=0.4142 n=3705) cex=R/T/F=182/0/0 trsplit=0 sim=159.262(rmp=4.490 run=154.644 n=1 d=30) incr=loc/full/maxdirty/keys=0/0/0/0 chk= 0.006(d=0) stat= 0.903 rest= 2.301
BMC : c =  346539  cl = 348196  lit = 1183870  p =  3523  d =   153  f =     0  +  T =     0.26 sec
  [bmc-prof  25] wall= 265.422 p=  3676 | ifo= 12.870(sd=1.101 nx=0.000 tfo=9.235 cnt=2.535) snap= 1.828 srm= 62.385 sat= 15.746(set=1.384 slv=14.173 max=0.0658 n=3676) cex=R/T/F=153/0/0 trsplit=0 sim=169.431(rmp=3.996 run=165.306 n=1 d=33) incr=loc/full/maxdirty/keys=0/0/0/0 chk= 0.005(d=0) stat= 0.899 rest= 2.257
BMC : c =  346539  cl = 348196  lit = 1183846  p =  3525  d =   121  f =     0  +  T =     0.24 sec
  [bmc-prof  26] wall= 236.415 p=  3646 | ifo= 12.736(sd=1.185 nx=0.000 tfo=9.002 cnt=2.549) snap= 1.847 srm= 53.543 sat= 16.054(set=1.634 slv=14.231 max=0.0647 n=3646) cex=R/T/F=121/0/0 trsplit=0 sim=148.815(rmp=4.254 run=144.404 n=1 d=24) incr=loc/full/maxdirty/keys=0/0/0/0 chk= 0.006(d=0) stat= 0.940 rest= 2.473
BMC : c =  346539  cl = 348198  lit = 1183822  p =  3525  d =    98  f =     0  +  T =     0.24 sec
  [bmc-prof  27] wall= 241.657 p=  3623 | ifo= 12.805(sd=1.106 nx=0.000 tfo=9.097 cnt=2.602) snap= 1.850 srm= 54.169 sat= 16.016(set=1.611 slv=14.214 max=0.0656 n=3623) cex=R/T/F=98/0/0 trsplit=0 sim=153.585(rmp=4.685 run=148.762 n=1 d=24) incr=loc/full/maxdirty/keys=0/0/0/0 chk= 0.006(d=0) stat= 0.958 rest= 2.267
BMC : c =  346539  cl = 348194  lit = 1183802  p =  3518  d =    81  f =     0  +  T =     0.23 sec
  [bmc-prof  28] wall= 229.260 p=  3599 | ifo= 11.694(sd=1.061 nx=0.000 tfo=8.049 cnt=2.584) snap= 1.840 srm= 54.923 sat= 15.319(set=1.333 slv=13.793 max=0.0747 n=3599) cex=R/T/F=81/0/0 trsplit=0 sim=142.342(rmp=4.339 run=137.857 n=1 d=20) incr=loc/full/maxdirty/keys=0/0/0/0 chk= 0.005(d=0) stat= 0.863 rest= 2.274
BMC : c =  346539  cl = 348190  lit = 1183783  p =  3518  d =    61  f =     0  +  T =     0.25 sec
  [bmc-prof  29] wall= 250.794 p=  3579 | ifo= 11.864(sd=1.055 nx=0.000 tfo=8.296 cnt=2.513) snap= 2.458 srm= 55.622 sat= 15.479(set=1.735 slv=13.562 max=0.0756 n=3579) cex=R/T/F=61/0/0 trsplit=0 sim=161.416(rmp=4.570 run=156.685 n=1 d=19) incr=loc/full/maxdirty/keys=0/0/0/0 chk= 0.005(d=0) stat= 1.042 rest= 2.907
BMC : c =  346539  cl = 348189  lit = 1183770  p =  3520  d =    42  f =     0  +  T =     0.24 sec
  [bmc-prof  30] wall= 238.789 p=  3562 | ifo= 12.317(sd=1.506 nx=0.000 tfo=8.295 cnt=2.516) snap= 1.800 srm= 56.015 sat= 14.939(set=1.312 slv=13.444 max=0.0686 n=3562) cex=R/T/F=42/0/0 trsplit=0 sim=150.503(rmp=4.379 run=145.971 n=1 d=13) incr=loc/full/maxdirty/keys=0/0/0/0 chk= 0.005(d=0) stat= 0.909 rest= 2.302
BMC : c =  346539  cl = 348188  lit = 1183760  p =  3520  d =    29  f =     0  +  T =     0.24 sec
  [bmc-prof  31] wall= 241.015 p=  3549 | ifo= 11.439(sd=1.057 nx=0.000 tfo=7.863 cnt=2.520) snap= 1.801 srm= 54.276 sat= 15.280(set=1.655 slv=13.447 max=0.0664 n=3549) cex=R/T/F=29/0/0 trsplit=0 sim=154.912(rmp=4.382 run=150.378 n=1 d=10) incr=loc/full/maxdirty/keys=0/0/0/0 chk= 0.004(d=0) stat= 0.877 rest= 2.425
BMC : c =  346539  cl = 348186  lit = 1183750  p =  3520  d =    19  f =     0  +  T =     0.24 sec
  [bmc-prof  32] wall= 244.383 p=  3539 | ifo= 11.372(sd=1.070 nx=0.000 tfo=7.791 cnt=2.511) snap= 1.858 srm= 53.721 sat= 15.371(set=1.485 slv=13.709 max=0.1381 n=3539) cex=R/T/F=19/0/0 trsplit=0 sim=158.920(rmp=4.308 run=154.481 n=1 d=10) incr=loc/full/maxdirty/keys=0/0/0/0 chk= 0.004(d=0) stat= 0.894 rest= 2.242
BMC : c =  346539  cl = 348182  lit = 1183744  p =  3520  d =     9  f =     0  +  T =     0.25 sec
  [bmc-prof  33] wall= 251.421 p=  3529 | ifo= 12.682(sd=1.179 nx=0.000 tfo=8.522 cnt=2.981) snap= 1.836 srm= 61.942 sat= 15.655(set=1.335 slv=14.142 max=0.3493 n=3529) cex=R/T/F=9/0/0 trsplit=0 sim=156.190(rmp=4.604 run=151.458 n=1 d=6) incr=loc/full/maxdirty/keys=0/0/0/0 chk= 0.004(d=0) stat= 0.862 rest= 2.250
BMC : c =  346539  cl = 348181  lit = 1183741  p =  3520  d =     3  f =     0  +  T =     0.24 sec
  [bmc-prof  34] wall= 242.548 p=  3523 | ifo= 11.456(sd=1.065 nx=0.000 tfo=7.725 cnt=2.667) snap= 1.855 srm= 58.884 sat= 15.014(set=1.612 slv=13.228 max=0.0686 n=3523) cex=R/T/F=3/0/0 trsplit=0 sim=152.114(rmp=4.200 run=147.772 n=1 d=3) incr=loc/full/maxdirty/keys=0/0/0/0 chk= 0.004(d=0) stat= 0.923 rest= 2.298
BMC : c =  346539  cl = 348182  lit = 1183740  p =  3519  d =     1  f =     0  +  T =     0.24 sec
  [bmc-prof  35] wall= 244.111 p=  3520 | ifo= 11.590(sd=1.081 nx=0.000 tfo=7.948 cnt=2.561) snap= 2.434 srm= 53.704 sat= 18.793(set=3.096 slv=15.484 max=0.2090 n=3520) cex=R/T/F=1/0/0 trsplit=0 sim=154.452(rmp=4.456 run=149.845 n=1 d=1) incr=loc/full/maxdirty/keys=0/0/0/0 chk= 0.004(d=0) stat= 0.874 rest= 2.261
BMC : c =  346539  cl = 348182  lit = 1183739  p =  3518  d =     3  f =     0  +  T =     0.23 sec
  [bmc-prof  36] wall= 234.981 p=  3521 | ifo= 11.818(sd=1.085 nx=0.000 tfo=8.208 cnt=2.526) snap= 1.877 srm= 53.636 sat= 15.436(set=1.677 slv=13.583 max=0.1181 n=3521) cex=R/T/F=3/0/0 trsplit=0 sim=149.023(rmp=4.326 run=144.541 n=1 d=1) incr=loc/full/maxdirty/keys=0/0/0/0 chk= 0.004(d=0) stat= 0.914 rest= 2.272
BMC : c =  346539  cl = 348182  lit = 1183738  p =  3518  d =     2  f =     0  +  T =     0.24 sec
  [bmc-prof  37] wall= 239.062 p=  3520 | ifo= 11.436(sd=1.139 nx=0.000 tfo=7.743 cnt=2.554) snap= 1.836 srm= 60.030 sat= 14.896(set=1.333 slv=13.384 max=0.0827 n=3520) cex=R/T/F=2/0/0 trsplit=0 sim=147.511(rmp=5.124 run=142.247 n=1 d=1) incr=loc/full/maxdirty/keys=0/0/0/0 chk= 0.004(d=0) stat= 0.873 rest= 2.475
BMC : c =  346539  cl = 348181  lit = 1183737  p =  3518  d =     1  f =     0  +  T =     0.25 sec
  [bmc-prof  38] wall= 247.211 p=  3519 | ifo= 18.566(sd=1.146 nx=0.000 tfo=11.628 cnt=5.792) snap= 2.380 srm= 53.025 sat= 16.735(set=1.709 slv=14.818 max=0.3087 n=3519) cex=R/T/F=1/0/0 trsplit=0 sim=153.309(rmp=4.197 run=148.962 n=1 d=1) incr=loc/full/maxdirty/keys=0/0/0/0 chk= 0.004(d=0) stat= 0.885 rest= 2.306
BMC : c =  346539  cl = 348181  lit = 1183737  p =  3518  d =     0  f =     0  +  T =     0.08 sec
  [bmc-prof  39] wall=  83.293 p=  3518 | ifo= 12.818(sd=1.067 nx=0.000 tfo=9.225 cnt=2.526) snap= 1.822 srm= 52.609 sat= 14.951(set=1.368 slv=13.407 max=0.0644 n=3518) cex=R/T/F=0/0/0 trsplit=0 sim= 0.000(rmp=0.000 run=0.000 n=0 d=0) incr=loc/full/maxdirty/keys=0/0/0/0 chk= 0.000(d=0) stat= 1.088 rest= 0.005
  [bmc-prof ALL] wall=9800.195 p=175440 | ifo=645.701(sd=44.443 nx=0.000 tfo=498.248 cnt=103.010) snap=78.322 srm=2199.162 sat=799.832(set=64.812 slv=724.472 max=0.4142 n=175440) cex=R/T/F=35367/0/7 trsplit=0 sim=5945.913(rmp=171.869 run=5768.283 n=39 d=8531) incr=loc/full/maxdirty/keys=0/0/0/0 chk= 0.418(d=7) stat=37.138 rest=93.709
  1 : c =  346282  cl = 347240  lit = 1181963  p = 13317  d =  1848  f =     1  +  T =     0.51 sec
  [prof   1] wall= 507.249 p= 15166 | ifo=  0.000(sd=0.000 nx=0.000 tfo=0.000 cnt=0.000) snap= 1.839 srm=102.173 sat= 15.839(set=2.280 slv=12.820 max=0.0798 n=15166) cex=R/T/F=1848/0/1 trsplit=0 sim=372.952(rmp=4.353 run=368.457 n=1 d=1773) incr=loc/full/maxdirty/keys=0/1/0/6428430 chk= 0.043(d=1) stat= 1.065 rest=13.338
  2 : c =  346138  cl = 347128  lit = 1181500  p = 12782  d =   787  f =     0  +  T =     0.49 sec
  [prof   2] wall= 491.475 p= 13569 | ifo= 25.681(sd=1.442 nx=1.426 tfo=19.692 cnt=3.121) snap= 1.837 srm=101.063 sat= 14.874(set=2.285 slv=11.955 max=0.0424 n=13569) cex=R/T/F=787/0/0 trsplit=0 sim=344.311(rmp=4.807 run=339.375 n=1 d=463) incr=loc/full/maxdirty/keys=0/1/2603468/6428430 chk= 0.023(d=0) stat= 0.962 rest= 2.724
  3 : c =  345856  cl = 347333  lit = 1181003  p = 13313  d =  1355  f =     0  +  T =     0.47 sec
  [prof   3] wall= 468.804 p= 14668 | ifo= 20.832(sd=1.201 nx=1.042 tfo=15.390 cnt=3.198) snap= 1.896 srm= 98.511 sat= 15.873(set=2.495 slv=12.641 max=0.0468 n=14668) cex=R/T/F=1355/0/0 trsplit=0 sim=328.145(rmp=4.542 run=323.474 n=1 d=497) incr=loc/full/maxdirty/keys=0/1/2602476/6428430 chk= 0.021(d=0) stat= 1.055 rest= 2.470
  4 : c =  345198  cl = 348010  lit = 1179649  p = 14131  d =  2284  f =     0  +  T =     0.47 sec
  [prof   4] wall= 469.319 p= 16415 | ifo= 21.247(sd=1.131 nx=1.041 tfo=15.856 cnt=3.219) snap= 1.985 srm= 96.220 sat= 18.134(set=2.501 slv=14.793 max=0.2590 n=16415) cex=R/T/F=2284/0/0 trsplit=0 sim=328.487(rmp=4.467 run=323.898 n=1 d=1354) incr=loc/full/maxdirty/keys=0/1/2608639/6428430 chk= 0.029(d=0) stat= 0.853 rest= 2.366
  5 : c =  324694  cl = 351212  lit = 1159495  p = 60981  d = 92861  f =     0  +  T =     0.69 sec
  [prof   5] wall= 687.384 p=153842 | ifo= 21.886(sd=1.099 nx=0.985 tfo=16.442 cnt=3.360) snap= 2.005 srm=122.402 sat=148.940(set=5.421 slv=132.929 max=0.2891 n=153842) cex=R/T/F=92861/0/0 trsplit=0 sim=387.404(rmp=4.864 run=382.373 n=1 d=20154) incr=loc/full/maxdirty/keys=0/1/2607332/6428430 chk= 0.548(d=0) stat= 1.017 rest= 3.182
  6 : c =  300434  cl = 387824  lit = 1091159  p = 48090  d =122179  f =     0  +  T =     0.92 sec
  [prof   6] wall= 925.861 p=170269 | ifo= 26.999(sd=1.298 nx=1.026 tfo=21.475 cnt=3.200) snap= 2.011 srm=128.733 sat=372.137(set=6.471 slv=351.429 max=0.3663 n=170269) cex=R/T/F=122179/0/0 trsplit=0 sim=389.759(rmp=5.814 run=383.788 n=1 d=68336) incr=loc/full/maxdirty/keys=0/1/2619781/6428430 chk= 0.847(d=0) stat= 1.104 rest= 4.270
  7 : c =  228341  cl = 378456  lit =  968930  p =103145  d =219115  f =     0  +  T =     1.32 sec
  [prof   7] wall=1322.155 p=322260 | ifo= 20.885(sd=1.396 nx=1.018 tfo=15.189 cnt=3.283) snap= 1.961 srm=180.949 sat=699.367(set=11.032 slv=662.164 max=0.7741 n=322260) cex=R/T/F=219115/0/0 trsplit=0 sim=411.452(rmp=4.747 run=406.585 n=1 d=122229) incr=loc/full/maxdirty/keys=0/1/2613458/6428430 chk= 0.987(d=0) stat= 1.196 rest= 5.358
  8 : c =  212983  cl = 365937  lit =  904060  p = 70728  d =234727  f =     0  +  T =     2.92 sec
  [prof   8] wall=2920.902 p=305455 | ifo= 28.462(sd=1.296 nx=0.979 tfo=23.140 cnt=3.047) snap= 1.959 srm=185.416 sat=1654.337(set=12.447 slv=1613.823 max=0.7863 n=305455) cex=R/T/F=234727/0/0 trsplit=0 sim=1041.566(rmp=4.459 run=1036.948 n=1 d=64870) incr=loc/full/maxdirty/keys=1/2/2628891/6428430 chk= 0.985(d=0) stat= 1.440 rest= 6.738
  9 : c =  148462  cl = 328655  lit =  702933  p =146101  d =377593  f =  1173  +  T =     9.51 sec
  [prof   9] wall=9512.600 p=524867 | ifo= 31.012(sd=1.600 nx=1.364 tfo=24.772 cnt=3.276) snap= 1.875 srm=221.852 sat=7330.410(set=17.582 slv=7232.523 max=3.9015 n=524867) cex=R/T/F=377593/0/1173 trsplit=0 sim=1915.451(rmp=3.945 run=1911.503 n=1 d=199975) incr=loc/full/maxdirty/keys=2/4/2627203/6428430 chk= 1.372(d=1152) stat= 1.371 rest= 9.257
 10 : c =   49942  cl = 250416  lit =  469119  p = 75228  d =305796  f = 38106  +  T =    15.17 sec
  [prof  10] wall=15174.623 p=419130 | ifo= 22.002(sd=1.420 nx=0.989 tfo=16.738 cnt=2.856) snap= 1.925 srm=229.227 sat=13068.781(set=17.021 slv=12987.264 max=4.6093 n=419130) cex=R/T/F=305796/0/38106 trsplit=0 sim=1842.730(rmp=5.206 run=1837.444 n=1 d=215330) incr=loc/full/maxdirty/keys=8/3/2615707/6428430 chk= 1.403(d=18484) stat= 1.291 rest= 7.263
 11 : c =   36228  cl = 227843  lit =  415743  p = 50206  d =197269  f = 17293  +  T =    10.49 sec
  [prof  11] wall=10495.648 p=264768 | ifo= 22.406(sd=1.379 nx=0.917 tfo=17.170 cnt=2.941) snap= 2.147 srm=225.949 sat=8576.094(set=21.611 slv=8518.173 max=6.5223 n=264768) cex=R/T/F=197269/0/17293 trsplit=0 sim=1660.634(rmp=3.774 run=1656.857 n=1 d=38645) incr=loc/full/maxdirty/keys=5/4/2625469/6428430 chk= 0.914(d=14731) stat= 1.249 rest= 6.254
 12 : c =   31710  cl = 221777  lit =  382175  p = 41143  d =181503  f =  6035  +  T =     6.57 sec
  [prof  12] wall=6567.873 p=228681 | ifo= 25.189(sd=1.402 nx=0.941 tfo=19.416 cnt=3.430) snap= 1.887 srm=228.799 sat=5252.877(set=16.050 slv=5195.891 max=12.9388 n=228681) cex=R/T/F=181503/0/6035 trsplit=0 sim=1050.446(rmp=3.806 run=1046.637 n=1 d=28746) incr=loc/full/maxdirty/keys=5/2/2611598/6428430 chk= 0.792(d=4822) stat= 1.473 rest= 6.411
 13 : c =   29339  cl = 210863  lit =  342338  p = 34765  d =164510  f =  2982  +  T =     6.30 sec
  [prof  13] wall=6296.478 p=202257 | ifo= 24.171(sd=1.548 nx=0.900 tfo=18.715 cnt=3.007) snap= 1.783 srm=216.820 sat=5095.872(set=15.142 slv=5048.184 max=11.6494 n=202257) cex=R/T/F=164510/0/2982 trsplit=0 sim=950.423(rmp=3.845 run=946.577 n=1 d=37687) incr=loc/full/maxdirty/keys=4/2/2602711/6428430 chk= 0.790(d=2150) stat= 1.315 rest= 5.305
 14 : c =   27067  cl = 207639  lit =  312808  p = 20969  d =130258  f =  1656  +  T =     6.23 sec
  [prof  14] wall=6229.406 p=152883 | ifo= 24.008(sd=1.565 nx=1.008 tfo=18.564 cnt=2.871) snap= 1.801 srm=207.221 sat=4994.391(set=16.358 slv=4951.851 max=11.7158 n=152883) cex=R/T/F=130258/0/1656 trsplit=0 sim=994.764(rmp=3.796 run=990.963 n=1 d=28396) incr=loc/full/maxdirty/keys=2/2/2601531/6428430 chk= 0.617(d=1134) stat= 1.274 rest= 5.330
 15 : c =   23547  cl = 203345  lit =  274698  p = 18628  d = 88589  f = 15969  +  T =     5.23 sec
  [prof  15] wall=5230.160 p=123186 | ifo= 22.955(sd=1.500 nx=0.935 tfo=17.899 cnt=2.622) snap= 1.851 srm=200.180 sat=3958.443(set=13.418 slv=3922.909 max=2.6253 n=123186) cex=R/T/F=88589/0/15969 trsplit=0 sim=1039.453(rmp=4.532 run=1034.747 n=1 d=24160) incr=loc/full/maxdirty/keys=0/2/2597638/6428430 chk= 1.145(d=13950) stat= 1.249 rest= 4.883
 16 : c =   17468  cl = 198795  lit =  242424  p = 16347  d = 54917  f = 15012  +  T =     2.72 sec
  [prof  16] wall=2721.319 p= 86276 | ifo= 21.931(sd=1.428 nx=0.974 tfo=17.145 cnt=2.384) snap= 1.874 srm=199.199 sat=1988.256(set=12.485 slv=1967.042 max=7.7045 n=86276) cex=R/T/F=54917/0/15012 trsplit=0 sim=496.588(rmp=4.271 run=492.171 n=1 d=18978) incr=loc/full/maxdirty/keys=1/1/2603341/6428430 chk= 8.183(d=13296) stat= 1.184 rest= 4.105
 17 : c =   10357  cl = 192122  lit =  214959  p = 12581  d = 27624  f = 19514  +  T =     4.81 sec
  [prof  17] wall=4811.446 p= 59719 | ifo= 20.658(sd=1.341 nx=0.932 tfo=16.164 cnt=2.221) snap= 2.787 srm=189.419 sat=4207.699(set=12.511 slv=4189.574 max=2.9311 n=59719) cex=R/T/F=27624/0/19514 trsplit=0 sim=385.769(rmp=4.251 run=381.387 n=1 d=10394) incr=loc/full/maxdirty/keys=1/1/2601551/6428430 chk= 0.431(d=17071) stat= 1.076 rest= 3.607
 18 : c =    7452  cl = 181849  lit =  199131  p = 14389  d = 18036  f =  7755  +  T =     3.71 sec
  [prof  18] wall=3706.479 p= 40180 | ifo= 21.036(sd=1.238 nx=0.918 tfo=16.904 cnt=1.976) snap= 1.921 srm=181.534 sat=3146.006(set=12.473 slv=3129.603 max=2.1634 n=40180) cex=R/T/F=18036/0/7755 trsplit=0 sim=351.173(rmp=4.331 run=346.654 n=1 d=8452) incr=loc/full/maxdirty/keys=0/1/2600863/6428430 chk= 0.296(d=7376) stat= 0.977 rest= 3.534
 19 : c =    6690  cl = 180529  lit =  194992  p =  8572  d =  7099  f =  1076  +  T =     1.45 sec
  [prof  19] wall=1451.507 p= 16747 | ifo= 18.810(sd=1.164 nx=0.945 tfo=14.876 cnt=1.825) snap= 1.854 srm=172.817 sat=922.268(set=9.919 slv=910.736 max=1.4785 n=16747) cex=R/T/F=7099/0/1076 trsplit=0 sim=331.025(rmp=4.269 run=326.579 n=1 d=3148) incr=loc/full/maxdirty/keys=0/1/2601016/6428430 chk= 0.139(d=991) stat= 1.028 rest= 3.565
 20 : c =    5659  cl = 179646  lit =  190686  p =  9321  d =  6733  f =   832  +  T =     0.93 sec
  [prof  20] wall= 933.268 p= 16886 | ifo= 20.356(sd=1.224 nx=1.038 tfo=16.282 cnt=1.812) snap= 1.963 srm=176.702 sat=424.129(set=11.027 slv=411.632 max=0.3846 n=16886) cex=R/T/F=6733/0/832 trsplit=0 sim=305.916(rmp=4.413 run=301.336 n=1 d=3560) incr=loc/full/maxdirty/keys=0/1/2603720/6428430 chk= 0.082(d=746) stat= 0.994 rest= 3.125
 21 : c =    4314  cl = 178417  lit =  188039  p =  7716  d =  3728  f =   273  -  T =     0.78 sec
  [prof  21] wall= 783.343 p= 11717 | ifo= 17.375(sd=1.152 nx=0.972 tfo=13.574 cnt=1.678) snap= 2.012 srm=177.012 sat=265.963(set=10.839 slv=254.160 max=0.5006 n=11717) cex=R/T/F=3728/0/273 trsplit=0 sim=316.775(rmp=4.638 run=311.975 n=1 d=2401) incr=loc/full/maxdirty/keys=0/1/2609165/6428430 chk= 0.048(d=246) stat= 0.988 rest= 3.170
 22 : c =    4215  cl = 177873  lit =  186826  p =  7423  d =  2600  f =   164  -  T =     0.64 sec
  [prof  22] wall= 641.251 p= 10187 | ifo= 18.617(sd=1.192 nx=1.009 tfo=14.758 cnt=1.658) snap= 1.946 srm=194.697 sat=119.220(set=10.186 slv=108.280 max=0.2596 n=10187) cex=R/T/F=2600/0/164 trsplit=0 sim=302.543(rmp=4.580 run=297.802 n=1 d=1093) incr=loc/full/maxdirty/keys=0/1/2592292/6428430 chk= 0.043(d=120) stat= 0.994 rest= 3.191
 23 : c =    4000  cl = 177781  lit =  186388  p =  7378  d =  1122  f =    38  -  T =     0.53 sec
  [prof  23] wall= 527.000 p=  8538 | ifo= 17.922(sd=1.128 nx=1.025 tfo=14.141 cnt=1.628) snap= 4.702 srm=178.117 sat= 45.926(set=12.601 slv=32.815 max=0.3206 n=8538) cex=R/T/F=1122/0/38 trsplit=0 sim=276.532(rmp=4.212 run=272.155 n=1 d=406) incr=loc/full/maxdirty/keys=0/1/2591411/6428430 chk= 0.023(d=32) stat= 0.911 rest= 2.868
  [incr r=23 repr=1135 next=1329 tfo=1127939 active=66627/364169 POs=2455]
 24 : c =    3850  cl = 177770  lit =  185896  p =  1558  d =   811  f =    86  -  T =     0.24 sec
  [prof  24] wall= 242.706 p=  2455 | ifo= 15.624(sd=1.122 nx=0.981 tfo=11.778 cnt=1.744) snap= 1.825 srm=110.446 sat= 31.666(set=6.313 slv=25.179 max=0.3078 n=2455) cex=R/T/F=811/0/86 trsplit=0 sim=79.503(rmp=5.808 run=73.540 n=1 d=451) incr=loc/full/maxdirty/keys=1/0/1049158/6428430 chk= 0.014(d=41) stat= 0.961 rest= 2.668
  [incr r=24 repr=838 next=899 tfo=1041953 active=8622/363666 POs=2213]
 25 : c =    3799  cl = 177774  lit =  185443  p =  1596  d =   556  f =    61  -  T =     0.24 sec
  [prof  25] wall= 245.384 p=  2213 | ifo= 11.858(sd=1.068 nx=0.907 tfo=8.003 cnt=1.881) snap= 1.815 srm=122.158 sat= 26.462(set=10.186 slv=16.135 max=0.2387 n=2213) cex=R/T/F=556/0/61 trsplit=0 sim=79.381(rmp=4.143 run=75.098 n=1 d=403) incr=loc/full/maxdirty/keys=1/0/1049289/6428430 chk= 0.062(d=50) stat= 0.901 rest= 2.746
  [incr r=25 repr=644 next=674 tfo=1041409 active=7948/363217 POs=1855]
 26 : c =    3754  cl = 177723  lit =  185227  p =  1566  d =   256  f =    33  -  T =     0.24 sec
  [prof  26] wall= 243.114 p=  1855 | ifo= 11.876(sd=1.053 nx=0.911 tfo=8.153 cnt=1.760) snap= 1.799 srm=125.515 sat= 20.517(set=9.790 slv=10.620 max=0.1962 n=1855) cex=R/T/F=256/0/33 trsplit=0 sim=79.808(rmp=4.201 run=75.457 n=1 d=184) incr=loc/full/maxdirty/keys=1/0/1038165/6428430 chk= 0.004(d=32) stat= 0.866 rest= 2.730
  [incr r=26 repr=270 next=212 tfo=1032202 active=6215/362950 POs=1617]
 27 : c =    3709  cl = 177712  lit =  185147  p =  1540  d =    47  f =    30  -  T =     0.25 sec
  [prof  27] wall= 251.111 p=  1617 | ifo= 11.607(sd=1.102 nx=0.895 tfo=7.843 cnt=1.768) snap= 2.104 srm=129.830 sat= 21.459(set=11.837 slv=9.534 max=0.1816 n=1617) cex=R/T/F=47/0/30 trsplit=0 sim=82.522(rmp=5.113 run=77.263 n=1 d=50) incr=loc/full/maxdirty/keys=1/0/1032870/6428430 chk= 0.010(d=30) stat= 0.907 rest= 2.673
  [incr r=27 repr=89 next=53 tfo=1028735 active=5557/362859 POs=1558]
 28 : c =    3615  cl = 177713  lit =  185037  p =  1509  d =    42  f =     7  -  T =     0.23 sec
  [prof  28] wall= 227.997 p=  1558 | ifo= 11.396(sd=1.059 nx=0.916 tfo=7.649 cnt=1.773) snap= 2.265 srm=120.196 sat= 17.256(set=10.968 slv=6.207 max=0.1259 n=1558) cex=R/T/F=42/0/7 trsplit=0 sim=73.174(rmp=4.253 run=68.777 n=1 d=104) incr=loc/full/maxdirty/keys=1/0/1022065/6428430 chk= 0.015(d=6) stat= 0.900 rest= 2.794
  [incr r=28 repr=249 next=164 tfo=1021074 active=4867/362750 POs=1684]
 29 : c =    3579  cl = 177708  lit =  184909  p =  1505  d =    61  f =   118  -  T =     0.24 sec
  [prof  29] wall= 245.458 p=  1684 | ifo= 13.529(sd=1.092 nx=0.995 tfo=9.626 cnt=1.816) snap= 1.855 srm=124.555 sat= 29.748(set=10.176 slv=19.404 max=0.1315 n=1684) cex=R/T/F=61/0/118 trsplit=0 sim=71.988(rmp=4.280 run=67.546 n=1 d=12) incr=loc/full/maxdirty/keys=1/0/1021162/6428430 chk= 0.030(d=116) stat= 0.911 rest= 2.842
  [incr r=29 repr=156 next=151 tfo=1021270 active=4730/362617 POs=1618]
 30 : c =    3568  cl = 177710  lit =  184861  p =  1526  d =    60  f =    32  -  T =     0.24 sec
  [prof  30] wall= 243.434 p=  1618 | ifo= 19.858(sd=3.361 nx=3.265 tfo=9.137 cnt=4.095) snap= 1.850 srm=121.494 sat= 22.258(set=9.845 slv=12.319 max=0.1839 n=1618) cex=R/T/F=60/0/32 trsplit=0 sim=74.330(rmp=4.642 run=69.455 n=1 d=16) incr=loc/full/maxdirty/keys=1/0/1021101/6428430 chk= 0.047(d=32) stat= 0.886 rest= 2.709
  [incr r=30 repr=96 next=114 tfo=1020763 active=4618/362571 POs=1582]
 31 : c =    3527  cl = 177719  lit =  184807  p =  1497  d =    54  f =    31  -  T =     0.24 sec
  [prof  31] wall= 237.141 p=  1582 | ifo= 11.431(sd=1.046 nx=0.910 tfo=7.728 cnt=1.748) snap= 1.838 srm=126.422 sat= 22.147(set=10.208 slv=11.853 max=0.2875 n=1582) cex=R/T/F=54/0/31 trsplit=0 sim=71.708(rmp=4.173 run=67.393 n=1 d=23) incr=loc/full/maxdirty/keys=1/0/1021006/6428430 chk= 0.003(d=31) stat= 0.879 rest= 2.714
  [incr r=31 repr=91 next=58 tfo=1020715 active=4570/362526 POs=1576]
 32 : c =    3482  cl = 177732  lit =  184742  p =  1498  d =    49  f =    29  -  T =     0.24 sec
  [prof  32] wall= 240.469 p=  1576 | ifo= 15.742(sd=1.064 nx=0.915 tfo=9.195 cnt=4.569) snap= 2.149 srm=120.445 sat= 24.227(set=12.894 slv=11.237 max=0.1486 n=1576) cex=R/T/F=49/0/29 trsplit=0 sim=74.336(rmp=4.183 run=70.008 n=1 d=36) incr=loc/full/maxdirty/keys=1/0/1020959/6428430 chk= 0.003(d=29) stat= 0.885 rest= 2.683
  [incr r=32 repr=90 next=61 tfo=1020663 active=4515/362474 POs=1544]
 33 : c =    3388  cl = 177732  lit =  184634  p =  1498  d =    36  f =    10  -  T =     0.23 sec
  [prof  33] wall= 229.971 p=  1544 | ifo= 12.382(sd=1.055 nx=0.904 tfo=8.622 cnt=1.802) snap= 1.832 srm=122.762 sat= 16.382(set=10.172 slv=6.132 max=0.1241 n=1544) cex=R/T/F=36/0/10 trsplit=0 sim=72.940(rmp=4.121 run=68.676 n=1 d=99) incr=loc/full/maxdirty/keys=1/0/1021746/6428430 chk= 0.005(d=9) stat= 0.888 rest= 2.780
  [incr r=33 repr=248 next=162 tfo=1021056 active=4671/362366 POs=1679]
 34 : c =    3352  cl = 177728  lit =  184507  p =  1500  d =    62  f =   117  -  T =     0.25 sec
  [prof  34] wall= 247.422 p=  1679 | ifo= 11.701(sd=1.062 nx=0.931 tfo=7.899 cnt=1.809) snap= 1.834 srm=126.814 sat= 29.359(set=9.851 slv=19.411 max=0.1302 n=1679) cex=R/T/F=62/0/117 trsplit=0 sim=73.960(rmp=4.363 run=69.441 n=1 d=13) incr=loc/full/maxdirty/keys=1/0/1021079/6428430 chk= 0.013(d=114) stat= 0.997 rest= 2.743
  [incr r=34 repr=155 next=148 tfo=1021017 active=4536/362235 POs=1616]
 35 : c =    3341  cl = 177731  lit =  184461  p =  1525  d =    59  f =    32  -  T =     0.24 sec
  [prof  35] wall= 237.268 p=  1616 | ifo= 11.851(sd=1.071 nx=0.912 tfo=8.095 cnt=1.773) snap= 1.808 srm=122.345 sat= 21.790(set=10.237 slv=11.467 max=0.1363 n=1616) cex=R/T/F=59/0/32 trsplit=0 sim=75.870(rmp=4.563 run=71.160 n=1 d=14) incr=loc/full/maxdirty/keys=1/0/1020957/6428430 chk= 0.045(d=32) stat= 0.883 rest= 2.677
  [incr r=35 repr=93 next=112 tfo=1020661 active=4402/362192 POs=1592]
 36 : c =    3300  cl = 177744  lit =  184404  p =  1507  d =    54  f =    31  -  T =     0.26 sec
  [prof  36] wall= 256.132 p=  1592 | ifo= 11.683(sd=1.095 nx=0.913 tfo=7.881 cnt=1.794) snap= 1.820 srm=134.826 sat= 23.327(set=10.997 slv=12.240 max=0.2124 n=1592) cex=R/T/F=54/0/31 trsplit=0 sim=80.948(rmp=4.812 run=75.992 n=1 d=26) incr=loc/full/maxdirty/keys=1/0/1020862/6428430 chk= 0.002(d=31) stat= 0.865 rest= 2.661
  [incr r=36 repr=89 next=57 tfo=1023102 active=4374/362148 POs=1588]
 37 : c =    3255  cl = 177754  lit =  184344  p =  1518  d =    41  f =    29  -  T =     0.24 sec
  [prof  37] wall= 240.971 p=  1588 | ifo= 12.418(sd=1.065 nx=0.903 tfo=8.704 cnt=1.746) snap= 1.795 srm=123.872 sat= 23.916(set=9.849 slv=13.980 max=0.5715 n=1588) cex=R/T/F=41/0/29 trsplit=0 sim=75.361(rmp=4.989 run=70.227 n=1 d=31) incr=loc/full/maxdirty/keys=1/0/1021277/6428430 chk= 0.002(d=29) stat= 0.880 rest= 2.726
  [incr r=37 repr=82 next=52 tfo=1021151 active=4303/362098 POs=1558]
 38 : c =    3161  cl = 177753  lit =  184234  p =  1509  d =    36  f =    13  -  T =     0.23 sec
  [prof  38] wall= 233.962 p=  1558 | ifo= 13.483(sd=1.065 nx=0.909 tfo=9.715 cnt=1.793) snap= 1.870 srm=124.132 sat= 16.465(set=9.830 slv=6.554 max=0.1615 n=1558) cex=R/T/F=36/0/13 trsplit=0 sim=74.408(rmp=4.258 run=70.008 n=1 d=98) incr=loc/full/maxdirty/keys=1/0/1022062/6428430 chk= 0.004(d=12) stat= 0.906 rest= 2.695
  [incr r=38 repr=249 next=163 tfo=1021630 active=4441/361987 POs=1687]
 39 : c =    3125  cl = 177749  lit =  184108  p =  1509  d =    62  f =   116  -  T =     0.25 sec
  [prof  39] wall= 246.993 p=  1687 | ifo= 12.128(sd=1.057 nx=0.920 tfo=8.389 cnt=1.761) snap= 1.798 srm=122.843 sat= 28.879(set=9.869 slv=18.915 max=0.1305 n=1687) cex=R/T/F=62/0/116 trsplit=0 sim=77.722(rmp=4.229 run=73.351 n=1 d=12) incr=loc/full/maxdirty/keys=1/0/1022415/6428430 chk= 0.012(d=114) stat= 0.906 rest= 2.705
  [incr r=39 repr=153 next=147 tfo=1022390 active=4452/361857 POs=1630]
 40 : c =    3114  cl = 177752  lit =  184064  p =  1539  d =    59  f =    32  -  T =     0.24 sec
  [prof  40] wall= 240.720 p=  1630 | ifo= 13.270(sd=1.061 nx=1.251 tfo=9.163 cnt=1.795) snap= 1.826 srm=120.689 sat= 21.489(set=10.004 slv=11.398 max=0.1241 n=1630) cex=R/T/F=59/0/32 trsplit=0 sim=79.364(rmp=4.197 run=75.012 n=1 d=12) incr=loc/full/maxdirty/keys=1/0/1021277/6428430 chk= 0.045(d=32) stat= 0.892 rest= 3.145
  [incr r=40 repr=92 next=111 tfo=1021041 active=4269/361816 POs=1592]
 41 : c =    3073  cl = 177762  lit =  184008  p =  1504  d =    57  f =    31  -  T =     0.23 sec
  [prof  41] wall= 235.835 p=  1592 | ifo= 11.861(sd=1.070 nx=0.938 tfo=8.074 cnt=1.780) snap= 1.821 srm=120.462 sat= 21.991(set=10.135 slv=11.772 max=0.1560 n=1592) cex=R/T/F=57/0/31 trsplit=0 sim=75.861(rmp=4.912 run=70.782 n=1 d=25) incr=loc/full/maxdirty/keys=1/0/1020990/6428430 chk= 0.003(d=31) stat= 0.951 rest= 2.885
  [incr r=41 repr=92 next=60 tfo=1020775 active=4170/361770 POs=1572]
 42 : c =    3028  cl = 177776  lit =  183946  p =  1497  d =    46  f =    29  -  T =     0.24 sec
  [prof  42] wall= 236.795 p=  1572 | ifo= 11.775(sd=1.081 nx=1.010 tfo=7.932 cnt=1.752) snap= 2.378 srm=123.541 sat= 23.467(set=12.088 slv=11.287 max=0.1917 n=1572) cex=R/T/F=46/0/29 trsplit=0 sim=72.018(rmp=4.196 run=67.664 n=1 d=33) incr=loc/full/maxdirty/keys=1/0/1020579/6428430 chk= 0.002(d=29) stat= 0.882 rest= 2.733
  [incr r=42 repr=87 next=57 tfo=1020447 active=4123/361722 POs=1546]
 43 : c =    2934  cl = 177775  lit =  183835  p =  1497  d =    37  f =    12  -  T =     0.23 sec
  [prof  43] wall= 229.741 p=  1546 | ifo= 12.512(sd=1.076 nx=0.959 tfo=8.727 cnt=1.750) snap= 1.805 srm=121.616 sat= 16.426(set=9.886 slv=6.458 max=0.1231 n=1546) cex=R/T/F=37/0/12 trsplit=0 sim=73.433(rmp=4.088 run=69.196 n=1 d=100) incr=loc/full/maxdirty/keys=1/0/1022287/6428430 chk= 0.005(d=11) stat= 0.904 rest= 3.042
  [incr r=43 repr=251 next=164 tfo=1021695 active=4386/361610 POs=1683]
 44 : c =    2898  cl = 177771  lit =  183708  p =  1505  d =    62  f =   116  -  T =     0.24 sec
  [prof  44] wall= 243.300 p=  1683 | ifo= 11.722(sd=1.063 nx=0.908 tfo=8.002 cnt=1.748) snap= 1.875 srm=123.257 sat= 29.679(set=9.734 slv=19.843 max=0.2676 n=1683) cex=R/T/F=62/0/116 trsplit=0 sim=73.040(rmp=4.432 run=68.463 n=1 d=13) incr=loc/full/maxdirty/keys=1/0/1020868/6428430 chk= 0.012(d=114) stat= 0.890 rest= 2.825
  [incr r=44 repr=155 next=148 tfo=1020941 active=4178/361479 POs=1622]
 45 : c =    2887  cl = 177773  lit =  183660  p =  1530  d =    60  f =    32  -  T =     0.26 sec
  [prof  45] wall= 263.700 p=  1622 | ifo= 11.195(sd=1.048 nx=0.920 tfo=7.461 cnt=1.766) snap= 1.879 srm=135.365 sat= 23.901(set=11.232 slv=12.578 max=0.7262 n=1622) cex=R/T/F=60/0/32 trsplit=0 sim=87.591(rmp=5.248 run=82.199 n=1 d=16) incr=loc/full/maxdirty/keys=1/0/1020684/6428430 chk= 0.038(d=32) stat= 0.903 rest= 2.827
  [incr r=45 repr=96 next=114 tfo=1020528 active=4020/361433 POs=1580]
 46 : c =    2846  cl = 177786  lit =  183602  p =  1495  d =    54  f =    31  -  T =     0.25 sec
  [prof  46] wall= 247.356 p=  1580 | ifo= 11.843(sd=1.077 nx=0.934 tfo=8.036 cnt=1.796) snap= 1.824 srm=133.249 sat= 22.788(set=10.294 slv=12.404 max=0.4639 n=1580) cex=R/T/F=54/0/31 trsplit=0 sim=73.417(rmp=4.622 run=68.656 n=1 d=27) incr=loc/full/maxdirty/keys=1/0/1020611/6428430 chk= 0.002(d=31) stat= 0.907 rest= 3.325
  [incr r=46 repr=91 next=58 tfo=1020496 active=3982/361388 POs=1566]
 47 : c =    2801  cl = 177795  lit =  183542  p =  1496  d =    41  f =    29  -  T =     0.24 sec
  [prof  47] wall= 242.014 p=  1566 | ifo= 13.099(sd=1.073 nx=0.931 tfo=9.273 cnt=1.823) snap= 1.862 srm=128.356 sat= 20.522(set=10.220 slv=10.220 max=0.1472 n=1566) cex=R/T/F=41/0/29 trsplit=0 sim=74.405(rmp=4.236 run=70.030 n=1 d=31) incr=loc/full/maxdirty/keys=1/0/1020410/6428430 chk= 0.003(d=29) stat= 0.905 rest= 2.863
  [incr r=47 repr=81 next=52 tfo=1020518 active=3991/361337 POs=1550]
 48 : c =    2707  cl = 177795  lit =  183432  p =  1502  d =    36  f =    12  -  T =     0.24 sec
  [prof  48] wall= 237.767 p=  1550 | ifo= 12.514(sd=1.060 nx=0.934 tfo=8.638 cnt=1.883) snap= 1.833 srm=125.457 sat= 17.713(set=11.156 slv=6.477 max=0.1251 n=1550) cex=R/T/F=36/0/12 trsplit=0 sim=76.597(rmp=4.350 run=72.105 n=1 d=99) incr=loc/full/maxdirty/keys=1/0/1021487/6428430 chk= 0.004(d=11) stat= 0.890 rest= 2.757
  [incr r=48 repr=250 next=163 tfo=1020981 active=4127/361227 POs=1681]
 49 : c =    2671  cl = 177792  lit =  183306  p =  1504  d =    61  f =   116  -  T =     0.24 sec
  [prof  49] wall= 245.491 p=  1681 | ifo= 12.189(sd=1.079 nx=0.910 tfo=8.409 cnt=1.791) snap= 1.831 srm=123.138 sat= 29.931(set=10.013 slv=19.816 max=0.2439 n=1681) cex=R/T/F=61/0/116 trsplit=0 sim=74.717(rmp=4.504 run=70.073 n=1 d=12) incr=loc/full/maxdirty/keys=1/0/1020697/6428430 chk= 0.012(d=114) stat= 0.921 rest= 2.752
  [incr r=49 repr=154 next=147 tfo=1020836 active=3941/361098 POs=1616]
 50 : c =    2660  cl = 177794  lit =  183258  p =  1524  d =    60  f =    32  -  T =     0.24 sec
  [prof  50] wall= 241.877 p=  1616 | ifo= 13.037(sd=1.065 nx=0.932 tfo=9.253 cnt=1.786) snap= 4.028 srm=119.720 sat= 28.199(set=15.153 slv=12.948 max=0.1980 n=1616) cex=R/T/F=60/0/32 trsplit=0 sim=73.164(rmp=4.308 run=68.696 n=1 d=16) incr=loc/full/maxdirty/keys=1/0/1020613/6428430 chk= 0.036(d=32) stat= 0.914 rest= 2.780
  [incr r=50 repr=96 next=114 tfo=1020517 active=3833/361052 POs=1580]
 51 : c =    2619  cl = 177807  lit =  183200  p =  1495  d =    54  f =    31  -  T =     0.24 sec
  [prof  51] wall= 242.814 p=  1580 | ifo= 12.134(sd=1.091 nx=0.936 tfo=8.310 cnt=1.796) snap= 1.851 srm=123.992 sat= 23.262(set=10.866 slv=12.309 max=0.2724 n=1580) cex=R/T/F=54/0/31 trsplit=0 sim=77.876(rmp=4.351 run=73.371 n=1 d=27) incr=loc/full/maxdirty/keys=1/0/1020461/6428430 chk= 0.003(d=31) stat= 0.912 rest= 2.785
  [incr r=51 repr=91 next=58 tfo=1020412 active=3786/361007 POs=1563]
 52 : c =    2574  cl = 177816  lit =  183139  p =  1493  d =    41  f =    29  -  T =     0.24 sec
  [prof  52] wall= 240.238 p=  1563 | ifo= 11.939(sd=1.064 nx=0.940 tfo=8.072 cnt=1.862) snap= 1.836 srm=124.660 sat= 22.313(set=10.396 slv=11.813 max=0.1577 n=1563) cex=R/T/F=41/0/29 trsplit=0 sim=75.507(rmp=4.762 run=70.598 n=1 d=32) incr=loc/full/maxdirty/keys=1/0/1020261/6428430 chk= 0.002(d=29) stat= 0.909 rest= 3.071
  [incr r=52 repr=83 next=53 tfo=1020333 active=3733/360955 POs=1541]
 53 : c =    2480  cl = 177815  lit =  183028  p =  1493  d =    36  f =    12  -  T =     0.23 sec
  [prof  53] wall= 230.506 p=  1541 | ifo= 12.346(sd=1.080 nx=0.919 tfo=8.562 cnt=1.784) snap= 1.950 srm=121.947 sat= 16.960(set=10.321 slv=6.559 max=0.1347 n=1541) cex=R/T/F=36/0/12 trsplit=0 sim=73.638(rmp=4.242 run=69.257 n=1 d=100) incr=loc/full/maxdirty/keys=1/0/1021084/6428430 chk= 0.004(d=11) stat= 0.895 rest= 2.767
  [incr r=53 repr=251 next=164 tfo=1020655 active=3857/360843 POs=1670]
 54 : c =    2444  cl = 177812  lit =  182902  p =  1492  d =    61  f =   117  -  T =     0.27 sec
  [prof  54] wall= 274.529 p=  1670 | ifo= 11.726(sd=1.070 nx=0.920 tfo=7.954 cnt=1.782) snap= 2.169 srm=142.196 sat= 30.392(set=10.273 slv=20.017 max=0.2110 n=1670) cex=R/T/F=61/0/117 trsplit=0 sim=84.320(rmp=4.126 run=80.047 n=1 d=11) incr=loc/full/maxdirty/keys=1/0/1020325/6428430 chk= 0.012(d=115) stat= 0.917 rest= 2.795
  [incr r=54 repr=154 next=147 tfo=1020531 active=3726/360714 POs=1611]
 55 : c =    2433  cl = 177816  lit =  182854  p =  1518  d =    61  f =    32  -  T =     0.24 sec
  [prof  55] wall= 240.743 p=  1611 | ifo= 11.914(sd=1.075 nx=0.945 tfo=8.109 cnt=1.785) snap= 1.864 srm=128.024 sat= 21.873(set=10.004 slv=11.780 max=0.1251 n=1611) cex=R/T/F=61/0/32 trsplit=0 sim=73.322(rmp=4.177 run=69.005 n=1 d=16) incr=loc/full/maxdirty/keys=1/0/1021108/6428430 chk= 0.031(d=32) stat= 0.895 rest= 2.820
  [incr r=55 repr=95 next=113 tfo=1020929 active=3707/360670 POs=1575]
 56 : c =    2392  cl = 177824  lit =  182796  p =  1490  d =    54  f =    31  -  T =     0.24 sec
  [prof  56] wall= 240.686 p=  1575 | ifo= 12.958(sd=1.082 nx=0.932 tfo=9.125 cnt=1.819) snap= 1.827 srm=123.600 sat= 22.280(set=10.126 slv=12.069 max=0.3573 n=1575) cex=R/T/F=54/0/31 trsplit=0 sim=76.284(rmp=4.236 run=71.887 n=1 d=27) incr=loc/full/maxdirty/keys=1/0/1020925/6428430 chk= 0.003(d=31) stat= 0.922 rest= 2.813
  [incr r=56 repr=90 next=58 tfo=1021520 active=3761/360620 POs=1568]
 57 : c =    2347  cl = 177836  lit =  182736  p =  1497  d =    42  f =    29  -  T =     0.24 sec
  [prof  57] wall= 241.411 p=  1568 | ifo= 12.166(sd=1.082 nx=0.924 tfo=8.365 cnt=1.794) snap= 1.849 srm=129.620 sat= 20.455(set=10.018 slv=10.354 max=0.1537 n=1568) cex=R/T/F=42/0/29 trsplit=0 sim=73.500(rmp=4.341 run=69.021 n=1 d=31) incr=loc/full/maxdirty/keys=1/0/1020572/6428430 chk= 0.002(d=29) stat= 0.933 rest= 2.886
  [incr r=57 repr=83 next=53 tfo=1020726 active=3665/360572 POs=1580]
 58 : c =    2250  cl = 177835  lit =  182619  p =  1532  d =    36  f =    12  -  T =     0.24 sec
  [prof  58] wall= 236.370 p=  1580 | ifo= 13.138(sd=1.085 nx=0.934 tfo=8.590 cnt=2.528) snap= 1.856 srm=125.169 sat= 16.906(set=10.257 slv=6.568 max=0.1286 n=1580) cex=R/T/F=36/0/12 trsplit=0 sim=75.677(rmp=4.249 run=71.287 n=1 d=106) incr=loc/full/maxdirty/keys=1/0/1020712/6428430 chk= 0.004(d=11) stat= 0.888 rest= 2.732
  [incr r=58 repr=257 next=167 tfo=1020337 active=3684/360454 POs=1708]
 59 : c =    2213  cl = 177827  lit =  182487  p =  1528  d =    64  f =   116  -  T =     0.25 sec
  [prof  59] wall= 251.408 p=  1708 | ifo= 14.892(sd=1.132 nx=0.920 tfo=9.278 cnt=3.561) snap= 1.834 srm=127.296 sat= 30.645(set=10.073 slv=20.452 max=0.4028 n=1708) cex=R/T/F=64/0/116 trsplit=0 sim=73.094(rmp=4.230 run=68.724 n=1 d=18) incr=loc/full/maxdirty/keys=1/0/1023340/6428430 chk= 0.011(d=114) stat= 0.901 rest= 2.734
  [incr r=59 repr=160 next=152 tfo=1020159 active=3500/360314 POs=1607]
 60 : c =    2201  cl = 177831  lit =  182442  p =  1516  d =    59  f =    32  -  T =     0.25 sec
  [prof  60] wall= 247.861 p=  1607 | ifo= 11.979(sd=1.068 nx=0.933 tfo=8.198 cnt=1.780) snap= 2.467 srm=125.950 sat= 23.385(set=10.562 slv=12.731 max=0.4718 n=1607) cex=R/T/F=59/0/32 trsplit=0 sim=80.433(rmp=4.230 run=76.060 n=1 d=13) incr=loc/full/maxdirty/keys=1/0/1019432/6428430 chk= 0.028(d=32) stat= 0.895 rest= 2.725
  [incr r=60 repr=93 next=111 tfo=1019491 active=3393/360273 POs=1581]
 61 : c =    2160  cl = 177838  lit =  182384  p =  1491  d =    59  f =    31  -  T =     0.24 sec
  [prof  61] wall= 238.639 p=  1581 | ifo= 11.956(sd=1.110 nx=0.930 tfo=8.057 cnt=1.859) snap= 1.858 srm=124.221 sat= 22.404(set=10.130 slv=12.188 max=0.1565 n=1581) cex=R/T/F=59/0/31 trsplit=0 sim=74.489(rmp=4.387 run=69.960 n=1 d=27) incr=loc/full/maxdirty/keys=1/0/1021659/6428430 chk= 0.003(d=31) stat= 0.900 rest= 2.807
  [incr r=61 repr=94 next=59 tfo=1020178 active=3430/360222 POs=1567]
 62 : c =    2115  cl = 177851  lit =  182319  p =  1490  d =    47  f =    30  -  T =     0.26 sec
  [prof  62] wall= 258.959 p=  1567 | ifo= 12.493(sd=1.073 nx=0.935 tfo=8.664 cnt=1.822) snap= 1.874 srm=127.613 sat= 27.657(set=10.118 slv=17.447 max=6.2284 n=1567) cex=R/T/F=47/0/30 trsplit=0 sim=85.611(rmp=4.329 run=81.097 n=1 d=35) incr=loc/full/maxdirty/keys=1/0/1019074/6428430 chk= 0.006(d=30) stat= 0.933 rest= 2.770
  [incr r=62 repr=90 next=61 tfo=1019216 active=3304/360170 POs=1537]
 63 : c =    2020  cl = 177850  lit =  182207  p =  1489  d =    36  f =    12  -  T =     0.23 sec
  [prof  63] wall= 232.275 p=  1537 | ifo= 12.074(sd=1.112 nx=0.944 tfo=8.200 cnt=1.818) snap= 1.930 srm=123.787 sat= 16.544(set=9.909 slv=6.553 max=0.1287 n=1537) cex=R/T/F=36/0/12 trsplit=0 sim=74.250(rmp=4.216 run=69.896 n=1 d=101) incr=loc/full/maxdirty/keys=1/0/1019837/6428430 chk= 0.004(d=11) stat= 0.895 rest= 2.791
  [incr r=63 repr=252 next=164 tfo=1019561 active=3425/360057 POs=1668]
 64 : c =    1984  cl = 177846  lit =  182081  p =  1490  d =    61  f =   117  -  T =     0.25 sec
  [prof  64] wall= 246.194 p=  1668 | ifo= 11.857(sd=1.089 nx=0.964 tfo=7.956 cnt=1.849) snap= 1.845 srm=120.950 sat= 31.288(set=10.173 slv=21.017 max=1.2654 n=1668) cex=R/T/F=61/0/117 trsplit=0 sim=76.507(rmp=4.474 run=71.894 n=1 d=11) incr=loc/full/maxdirty/keys=1/0/1019002/6428430 chk= 0.011(d=115) stat= 0.910 rest= 2.825
  [incr r=64 repr=153 next=147 tfo=1019369 active=3295/359927 POs=1607]
 65 : c =    1971  cl = 177848  lit =  182031  p =  1515  d =    60  f =    32  -  T =     0.25 sec
  [prof  65] wall= 250.271 p=  1607 | ifo= 15.212(sd=1.082 nx=1.000 tfo=11.277 cnt=1.853) snap= 1.889 srm=128.947 sat= 22.808(set=10.017 slv=12.696 max=0.3354 n=1607) cex=R/T/F=60/0/32 trsplit=0 sim=77.466(rmp=6.490 run=70.834 n=1 d=18) incr=loc/full/maxdirty/keys=1/0/1018918/6428430 chk= 0.023(d=32) stat= 0.913 rest= 3.013
  [incr r=65 repr=97 next=114 tfo=1019036 active=3189/359879 POs=1573]
 66 : c =    1929  cl = 177855  lit =  181975  p =  1487  d =    55  f =    31  -  T =     0.24 sec
  [prof  66] wall= 244.890 p=  1573 | ifo= 11.809(sd=1.101 nx=0.982 tfo=7.906 cnt=1.820) snap= 1.817 srm=130.044 sat= 22.389(set=9.897 slv=12.402 max=0.2650 n=1573) cex=R/T/F=55/0/31 trsplit=0 sim=75.130(rmp=4.235 run=70.763 n=1 d=25) incr=loc/full/maxdirty/keys=1/0/1019873/6428430 chk= 0.002(d=31) stat= 0.924 rest= 2.775
  [incr r=66 repr=90 next=55 tfo=1018793 active=3143/359830 POs=1567]
 67 : c =    1884  cl = 177868  lit =  181911  p =  1489  d =    48  f =    30  -  T =     0.25 sec
  [prof  67] wall= 252.800 p=  1567 | ifo= 13.669(sd=1.065 nx=0.916 tfo=9.880 cnt=1.807) snap= 1.822 srm=124.739 sat= 30.136(set=16.469 slv=13.568 max=0.7919 n=1567) cex=R/T/F=48/0/30 trsplit=0 sim=78.527(rmp=4.204 run=74.181 n=1 d=34) incr=loc/full/maxdirty/keys=1/0/1018400/6428430 chk= 0.007(d=30) stat= 0.900 rest= 3.002
  [incr r=67 repr=88 next=60 tfo=1018602 active=3122/359779 POs=1545]
 68 : c =    1793  cl = 177868  lit =  181804  p =  1497  d =    36  f =    12  -  T =     0.23 sec
  [prof  68] wall= 231.997 p=  1545 | ifo= 12.185(sd=1.073 nx=0.929 tfo=8.333 cnt=1.851) snap= 2.245 srm=123.422 sat= 16.642(set=9.904 slv=6.656 max=0.2481 n=1545) cex=R/T/F=36/0/12 trsplit=0 sim=73.592(rmp=4.228 run=69.221 n=1 d=96) incr=loc/full/maxdirty/keys=1/0/1019077/6428430 chk= 0.004(d=11) stat= 0.881 rest= 3.026
  [incr r=68 repr=246 next=163 tfo=1018176 active=3170/359672 POs=1676]
 69 : c =    1763  cl = 177865  lit =  181685  p =  1500  d =    60  f =   116  -  T =     0.25 sec
  [prof  69] wall= 248.134 p=  1676 | ifo= 12.379(sd=1.064 nx=0.919 tfo=8.462 cnt=1.934) snap= 1.860 srm=125.352 sat= 29.967(set=10.272 slv=19.596 max=0.1539 n=1676) cex=R/T/F=60/0/116 trsplit=0 sim=74.823(rmp=4.348 run=70.331 n=1 d=5) incr=loc/full/maxdirty/keys=1/0/1018354/6428430 chk= 0.011(d=114) stat= 0.930 rest= 2.812
  [incr r=69 repr=146 next=146 tfo=2213 active=716/359550 POs=121]
 70 : c =    1758  cl = 177863  lit =  181598  p =    31  d =     6  f =    84  -  T =     0.10 sec
  [prof  70] wall=  98.930 p=   121 | ifo=  4.477(sd=1.065 nx=1.006 tfo=0.691 cnt=1.716) snap= 1.867 srm= 62.064 sat= 10.127(set=5.562 slv=4.555 max=0.0953 n=121) cex=R/T/F=6/0/84 trsplit=0 sim=16.810(rmp=4.543 run=12.155 n=1 d=5) incr=loc/full/maxdirty/keys=1/0/670/6428430 chk= 0.023(d=82) stat= 0.957 rest= 2.605
  [incr r=70 repr=87 next=112 tfo=1628 active=566/359461 POs=35]
 71 : c =    1723  cl = 177865  lit =  181560  p =     2  d =     2  f =    31  -  T =     0.09 sec
  [prof  71] wall=  93.393 p=    35 | ifo=  3.853(sd=1.117 nx=1.002 tfo=0.024 cnt=1.710) snap= 2.634 srm= 61.650 sat=  6.030(set=5.486 slv=0.539 max=0.0402 n=35) cex=R/T/F=2/0/31 trsplit=0 sim=15.625(rmp=4.327 run=11.184 n=1 d=7) incr=loc/full/maxdirty/keys=1/0/235/6428430 chk= 0.001(d=31) stat= 0.943 rest= 2.655
  [incr r=71 repr=40 next=10 tfo=1008 active=531/359425 POs=36]
 72 : c =    1685  cl = 177867  lit =  181518  p =     3  d =     4  f =    29  -  T =     0.12 sec
  [prof  72] wall= 118.079 p=    36 | ifo=  3.931(sd=1.123 nx=1.033 tfo=0.018 cnt=1.757) snap= 1.890 srm= 58.722 sat=  6.351(set=5.608 slv=0.738 max=0.1687 n=36) cex=R/T/F=4/0/29 trsplit=0 sim=43.523(rmp=18.052 run=25.342 n=1 d=13) incr=loc/full/maxdirty/keys=1/0/395/6428430 chk= 0.001(d=29) stat= 0.955 rest= 2.705
  [incr r=72 repr=54 next=24 tfo=1064 active=520/359385 POs=48]
 73 : c =    1598  cl = 177867  lit =  181415  p =     3  d =    28  f =    17  -  T =     0.09 sec
  [prof  73] wall=  94.487 p=    48 | ifo=  3.798(sd=1.096 nx=1.024 tfo=0.017 cnt=1.660) snap= 1.827 srm= 61.101 sat=  7.795(set=5.790 slv=1.998 max=0.2229 n=48) cex=R/T/F=28/0/17 trsplit=0 sim=16.244(rmp=4.415 run=11.699 n=1 d=87) incr=loc/full/maxdirty/keys=1/0/2240/6428430 chk= 0.004(d=16) stat= 0.981 rest= 2.737
  [incr r=73 repr=240 next=161 tfo=1700 active=750/359282 POs=175]
 74 : c =    1569  cl = 177864  lit =  181246  p =     3  d =     0  f =   172  -  T =     0.12 sec
  [prof  74] wall= 118.457 p=   175 | ifo=  3.753(sd=1.084 nx=1.012 tfo=0.015 cnt=1.642) snap= 1.861 srm= 65.863 sat= 26.459(set=5.227 slv=21.217 max=0.2254 n=175) cex=R/T/F=0/0/172 trsplit=0 sim=16.974(rmp=5.576 run=11.292 n=1 d=0) incr=loc/full/maxdirty/keys=1/0/0/6428430 chk= 0.013(d=169) stat= 0.931 rest= 2.602
  [incr r=74 repr=169 next=143 tfo=1616 active=578/359110 POs=60]
 75 : c =    1565  cl = 177864  lit =  181214  p =    28  d =     0  f =    32  -  T =     0.10 sec
  [prof  75] wall=  96.584 p=    60 | ifo=  3.698(sd=1.060 nx=0.971 tfo=0.014 cnt=1.653) snap= 3.250 srm= 65.103 sat=  5.956(set=5.427 slv=0.523 max=0.0260 n=60) cex=R/T/F=0/0/32 trsplit=0 sim=15.095(rmp=4.131 run=10.858 n=1 d=0) incr=loc/full/maxdirty/keys=1/0/0/6428430 chk= 0.016(d=32) stat= 0.927 rest= 2.539
  [incr r=75 repr=32 next=56 tfo=832 active=542/359078 POs=32]
 76 : c =    1531  cl = 177866  lit =  181177  p =     0  d =     1  f =    31  -  T =     0.09 sec
  [prof  76] wall=  90.370 p=    32 | ifo=  3.712(sd=1.078 nx=0.978 tfo=0.010 cnt=1.647) snap= 1.813 srm= 59.397 sat=  5.816(set=5.132 slv=0.680 max=0.1707 n=32) cex=R/T/F=1/0/31 trsplit=0 sim=15.654(rmp=4.465 run=11.068 n=1 d=6) incr=loc/full/maxdirty/keys=1/0/80/6428430 chk= 0.001(d=31) stat= 0.996 rest= 2.982
  [incr r=76 repr=39 next=10 tfo=860 active=524/359043 POs=32]
 77 : c =    1493  cl = 177869  lit =  181136  p =     0  d =     3  f =    29  -  T =     0.09 sec
  [prof  77] wall=  93.582 p=    32 | ifo=  3.852(sd=1.088 nx=1.035 tfo=0.011 cnt=1.718) snap= 1.823 srm= 62.929 sat=  5.635(set=5.018 slv=0.613 max=0.1608 n=32) cex=R/T/F=3/0/29 trsplit=0 sim=15.764(rmp=4.688 run=10.962 n=1 d=12) incr=loc/full/maxdirty/keys=1/0/240/6428430 chk= 0.001(d=29) stat= 0.926 rest= 2.653
  [incr r=77 repr=53 next=23 tfo=916 active=513/359005 POs=46]
 78 : c =    1406  cl = 177869  lit =  181033  p =     1  d =    28  f =    17  -  T =     0.10 sec
  [prof  78] wall=  98.147 p=    46 | ifo=  3.779(sd=1.082 nx=1.014 tfo=0.011 cnt=1.672) snap= 1.816 srm= 63.166 sat= 10.231(set=7.580 slv=2.643 max=0.6656 n=46) cex=R/T/F=28/0/17 trsplit=0 sim=15.603(rmp=4.428 run=11.063 n=1 d=87) incr=loc/full/maxdirty/keys=1/0/2240/6428430 chk= 0.003(d=16) stat= 0.954 rest= 2.594
  [incr r=78 repr=240 next=161 tfo=1700 active=746/358902 POs=175]
 79 : c =    1377  cl = 177866  lit =  180864  p =     3  d =     0  f =   172  -  T =     0.11 sec
  [prof  79] wall= 114.790 p=   175 | ifo=  3.697(sd=1.059 nx=0.989 tfo=0.015 cnt=1.635) snap= 1.828 srm= 63.028 sat= 27.176(set=5.211 slv=21.951 max=0.4282 n=175) cex=R/T/F=0/0/172 trsplit=0 sim=15.445(rmp=4.522 run=10.814 n=1 d=0) incr=loc/full/maxdirty/keys=1/0/0/6428430 chk= 0.012(d=169) stat= 1.019 rest= 2.585
  [incr r=79 repr=169 next=143 tfo=1616 active=574/358730 POs=60]
 80 : c =    1373  cl = 177866  lit =  180832  p =    28  d =     0  f =    32  -  T =     0.09 sec
  [prof  80] wall=  93.386 p=    60 | ifo=  3.783(sd=1.105 nx=0.988 tfo=0.014 cnt=1.675) snap= 1.837 srm= 61.743 sat=  5.697(set=5.163 slv=0.529 max=0.0254 n=60) cex=R/T/F=0/0/32 trsplit=0 sim=16.754(rmp=4.563 run=12.076 n=1 d=0) incr=loc/full/maxdirty/keys=1/0/0/6428430 chk= 0.013(d=32) stat= 0.943 rest= 2.615
  [incr r=80 repr=32 next=56 tfo=832 active=542/358698 POs=32]
 81 : c =    1339  cl = 177868  lit =  180795  p =     0  d =     1  f =    31  -  T =     0.10 sec
  [prof  81] wall= 101.512 p=    32 | ifo=  3.743(sd=1.066 nx=1.020 tfo=0.009 cnt=1.648) snap= 1.839 srm= 62.354 sat=  5.627(set=5.129 slv=0.494 max=0.0224 n=32) cex=R/T/F=1/0/31 trsplit=0 sim=23.845(rmp=5.513 run=18.211 n=1 d=6) incr=loc/full/maxdirty/keys=1/0/80/6428430 chk= 0.001(d=31) stat= 1.144 rest= 2.959
  [incr r=81 repr=39 next=10 tfo=860 active=522/358663 POs=32]
 82 : c =    1301  cl = 177871  lit =  180754  p =     0  d =     3  f =    29  -  T =     0.09 sec
  [prof  82] wall=  94.799 p=    32 | ifo=  4.845(sd=1.367 nx=1.421 tfo=0.011 cnt=2.046) snap= 1.841 srm= 61.906 sat=  5.585(set=4.950 slv=0.632 max=0.1653 n=32) cex=R/T/F=3/0/29 trsplit=0 sim=17.144(rmp=4.378 run=12.647 n=1 d=12) incr=loc/full/maxdirty/keys=1/0/240/6428430 chk= 0.001(d=29) stat= 0.913 rest= 2.563
  [incr r=82 repr=53 next=23 tfo=916 active=511/358625 POs=46]
 83 : c =    1214  cl = 177871  lit =  180651  p =     1  d =    28  f =    17  -  T =     0.10 sec
  [prof  83] wall= 101.835 p=    46 | ifo=  4.376(sd=1.084 nx=1.010 tfo=0.010 cnt=2.272) snap= 1.816 srm= 68.595 sat=  7.233(set=5.267 slv=1.960 max=0.1975 n=46) cex=R/T/F=28/0/17 trsplit=0 sim=15.997(rmp=4.544 run=11.345 n=1 d=87) incr=loc/full/maxdirty/keys=1/0/2240/6428430 chk= 0.003(d=16) stat= 0.949 rest= 2.866
  [incr r=83 repr=240 next=161 tfo=1700 active=743/358522 POs=175]
 84 : c =    1185  cl = 177868  lit =  180482  p =     3  d =     0  f =   172  -  T =     0.12 sec
  [prof  84] wall= 116.347 p=   175 | ifo=  3.736(sd=1.074 nx=0.945 tfo=0.014 cnt=1.703) snap= 1.816 srm= 63.890 sat= 27.897(set=6.075 slv=21.806 max=0.2360 n=175) cex=R/T/F=0/0/172 trsplit=0 sim=15.480(rmp=4.357 run=11.009 n=1 d=0) incr=loc/full/maxdirty/keys=1/0/0/6428430 chk= 0.012(d=169) stat= 0.925 rest= 2.591
  [incr r=84 repr=169 next=143 tfo=1616 active=571/358350 POs=60]
 85 : c =    1181  cl = 177868  lit =  180450  p =    28  d =     0  f =    32  -  T =     0.10 sec
  [prof  85] wall=  97.313 p=    60 | ifo=  3.787(sd=1.075 nx=1.036 tfo=0.014 cnt=1.661) snap= 2.069 srm= 65.653 sat=  6.200(set=5.647 slv=0.548 max=0.0250 n=60) cex=R/T/F=0/0/32 trsplit=0 sim=16.009(rmp=4.475 run=11.423 n=1 d=0) incr=loc/full/maxdirty/keys=1/0/0/6428430 chk= 0.009(d=32) stat= 0.982 rest= 2.604
  [incr r=85 repr=32 next=56 tfo=832 active=539/358318 POs=32]
 86 : c =    1147  cl = 177870  lit =  180413  p =     0  d =     1  f =    31  -  T =     0.09 sec
  [prof  86] wall=  92.262 p=    32 | ifo=  3.770(sd=1.076 nx=0.983 tfo=0.010 cnt=1.701) snap= 1.806 srm= 61.217 sat=  5.604(set=5.067 slv=0.533 max=0.0350 n=32) cex=R/T/F=1/0/31 trsplit=0 sim=15.638(rmp=4.243 run=11.281 n=1 d=6) incr=loc/full/maxdirty/keys=1/0/72/6428430 chk= 0.001(d=31) stat= 1.253 rest= 2.973
  [incr r=86 repr=39 next=10 tfo=852 active=512/358283 POs=33]
 87 : c =    1109  cl = 177873  lit =  180372  p =     1  d =     3  f =    29  -  T =     0.09 sec
  [prof  87] wall=  91.626 p=    33 | ifo=  4.805(sd=1.340 nx=1.422 tfo=0.010 cnt=2.032) snap= 1.814 srm= 60.363 sat=  5.951(set=5.206 slv=0.741 max=0.1515 n=33) cex=R/T/F=3/0/29 trsplit=0 sim=15.159(rmp=4.166 run=10.884 n=1 d=12) incr=loc/full/maxdirty/keys=1/0/224/6428430 chk= 0.001(d=29) stat= 0.947 rest= 2.587
  [incr r=87 repr=53 next=23 tfo=892 active=481/358245 POs=46]
 88 : c =    1021  cl = 177873  lit =  180269  p =     1  d =    28  f =    17  -  T =     0.10 sec
  [prof  88] wall= 101.786 p=    46 | ifo=  3.694(sd=1.080 nx=0.968 tfo=0.010 cnt=1.636) snap= 2.131 srm= 67.749 sat=  7.755(set=5.379 slv=2.368 max=0.2509 n=46) cex=R/T/F=28/0/17 trsplit=0 sim=16.096(rmp=4.280 run=11.696 n=1 d=87) incr=loc/full/maxdirty/keys=1/0/2016/6428430 chk= 0.003(d=16) stat= 0.955 rest= 3.402
  [incr r=88 repr=240 next=159 tfo=1452 active=434/358142 POs=176]
 89 : c =     992  cl = 177870  lit =  180100  p =     4  d =     0  f =   172  -  T =     0.12 sec
  [prof  89] wall= 118.671 p=   176 | ifo=  4.012(sd=1.073 nx=1.012 tfo=0.012 cnt=1.914) snap= 1.936 srm= 62.334 sat= 27.736(set=6.354 slv=21.369 max=0.2025 n=176) cex=R/T/F=0/0/172 trsplit=0 sim=18.749(rmp=5.911 run=12.714 n=1 d=0) incr=loc/full/maxdirty/keys=1/0/0/6428430 chk= 0.012(d=169) stat= 0.958 rest= 2.934
  [incr r=89 repr=169 next=143 tfo=1368 active=262/357970 POs=61]
 90 : c =     987  cl = 177871  lit =  180065  p =    29  d =     1  f =    31  -  T =     0.09 sec
  [prof  90] wall=  90.569 p=    61 | ifo=  3.801(sd=1.134 nx=1.001 tfo=0.012 cnt=1.654) snap= 1.816 srm= 60.353 sat=  5.632(set=5.112 slv=0.515 max=0.0239 n=61) cex=R/T/F=1/0/31 trsplit=0 sim=15.451(rmp=4.305 run=11.031 n=1 d=4) incr=loc/full/maxdirty/keys=1/0/50/6428430 chk= 0.005(d=31) stat= 0.922 rest= 2.589
  [incr r=90 repr=36 next=62 tfo=598 active=232/357936 POs=32]
 91 : c =     956  cl = 177871  lit =  180034  p =     1  d =     0  f =    31  -  T =     0.09 sec
  [prof  91] wall=  90.361 p=    32 | ifo=  3.835(sd=1.139 nx=1.026 tfo=0.007 cnt=1.663) snap= 2.663 srm= 58.827 sat=  5.771(set=5.179 slv=0.588 max=0.0278 n=32) cex=R/T/F=0/0/31 trsplit=0 sim=15.650(rmp=4.567 run=10.965 n=1 d=0) incr=loc/full/maxdirty/keys=1/0/0/6428430 chk= 0.001(d=31) stat= 0.984 rest= 2.630
  [incr r=91 repr=31 next=0 tfo=566 active=195/357905 POs=32]
 92 : c =     921  cl = 177874  lit =  179996  p =     1  d =     3  f =    28  -  T =     0.09 sec
  [prof  92] wall=  94.626 p=    32 | ifo=  5.060(sd=1.458 nx=1.413 tfo=0.008 cnt=2.180) snap= 1.868 srm= 63.057 sat=  5.647(set=5.086 slv=0.557 max=0.0257 n=32) cex=R/T/F=3/0/28 trsplit=0 sim=15.286(rmp=4.274 run=10.899 n=1 d=10) incr=loc/full/maxdirty/keys=1/0/172/6428430 chk= 0.001(d=28) stat= 0.935 rest= 2.773
  [incr r=92 repr=46 next=14 tfo=614 active=162/357870 POs=38]
 93 : c =     864  cl = 177874  lit =  179930  p =     1  d =    29  f =     8  -  T =     0.12 sec
  [prof  93] wall= 116.975 p=    38 | ifo=  3.701(sd=1.071 nx=0.965 tfo=0.008 cnt=1.657) snap= 1.829 srm= 72.476 sat=  6.121(set=5.172 slv=0.943 max=0.1371 n=38) cex=R/T/F=29/0/8 trsplit=0 sim=28.965(rmp=4.339 run=24.479 n=1 d=59) incr=loc/full/maxdirty/keys=1/0/1422/6428430 chk= 0.002(d=7) stat= 0.944 rest= 2.938
  [incr r=93 repr=148 next=15 tfo=1001 active=96/357804 POs=87]
 94 : c =     864  cl = 177872  lit =  179847  p =     2  d =     0  f =    85  -  T =     0.11 sec
  [prof  94] wall= 106.314 p=    87 | ifo=  3.824(sd=1.096 nx=1.020 tfo=0.010 cnt=1.698) snap= 1.913 srm= 63.532 sat= 17.476(set=5.545 slv=11.920 max=0.7727 n=87) cex=R/T/F=0/0/85 trsplit=0 sim=16.001(rmp=4.212 run=11.673 n=1 d=0) incr=loc/full/maxdirty/keys=1/0/0/6428430 chk= 0.007(d=83) stat= 0.946 rest= 2.615
  [incr r=94 repr=83 next=84 tfo=909 active=9/357719 POs=2]
 95 : c =     863  cl = 177872  lit =  179846  p =     1  d =     0  f =     1  -  T =     0.09 sec
  [prof  95] wall=  91.153 p=     2 | ifo=  3.732(sd=1.078 nx=1.005 tfo=0.009 cnt=1.640) snap= 1.831 srm= 61.474 sat=  5.076(set=5.046 slv=0.028 max=0.0267 n=2) cex=R/T/F=0/0/1 trsplit=0 sim=15.460(rmp=4.344 run=10.998 n=1 d=0) incr=loc/full/maxdirty/keys=1/0/0/6428430 chk= 0.001(d=1) stat= 0.932 rest= 2.647
  [incr r=95 repr=1 next=0 tfo=18 active=8/357718 POs=2]
 96 : c =     862  cl = 177872  lit =  179845  p =     1  d =     0  f =     1  -  T =     0.09 sec
  [prof  96] wall=  89.647 p=     2 | ifo=  3.778(sd=1.079 nx=1.033 tfo=0.004 cnt=1.662) snap= 1.829 srm= 60.082 sat=  5.038(set=5.008 slv=0.029 max=0.0270 n=2) cex=R/T/F=0/0/1 trsplit=0 sim=15.093(rmp=4.232 run=10.754 n=1 d=0) incr=loc/full/maxdirty/keys=1/0/0/6428430 chk= 0.001(d=1) stat= 0.967 rest= 2.859
  [incr r=96 repr=1 next=0 tfo=18 active=7/357717 POs=2]
 97 : c =     860  cl = 177872  lit =  179841  p =     1  d =     1  f =     0  -  T =     0.09 sec
  [prof  97] wall=  93.761 p=     2 | ifo=  3.765(sd=1.136 nx=0.974 tfo=0.003 cnt=1.652) snap= 5.695 srm= 59.332 sat=  6.032(set=6.014 slv=0.015 max=0.0138 n=2) cex=R/T/F=1/0/0 trsplit=0 sim=15.288(rmp=4.189 run=10.988 n=1 d=4) incr=loc/full/maxdirty/keys=1/0/50/6428430 chk= 0.001(d=0) stat= 0.941 rest= 2.708
  [incr r=97 repr=5 next=2 tfo=32 active=5/357713 POs=1]
  [prof  98] wall=  67.512 p=     1 | ifo=  3.696(sd=1.067 nx=0.979 tfo=0.004 cnt=1.646) snap= 1.900 srm= 56.240 sat=  5.358(set=5.354 slv=0.002 max=0.0019 n=1) cex=R/T/F=0/0/0 trsplit=0 sim= 0.000(rmp=0.000 run=0.000 n=0 d=0) incr=loc/full/maxdirty/keys=0/0/0/0 chk= 0.000(d=0) stat= 0.000 rest= 0.319
 98 : c =     860  cl = 177872  lit =  179841  p =     0  d =     0  f =     0  -  T =     0.07 sec
  [prof ALL] wall=96927.682 p=3254759 | ifo=1191.148(sd=113.380 nx=98.207 tfo=779.991 cnt=199.569) snap=198.543 srm=11584.248 sat=63695.115(set=894.672 slv=62387.390 max=12.9388 n=3254759) cex=R/T/F=2246532/0/131339 trsplit=0 sim=19824.711(rmp=447.041 run=19364.900 n=97 d=904240) incr=loc/full/maxdirty/keys=103/36/2628891/6428430 chk=20.519(d=99656) stat=94.828 rest=318.571
Srm   =    12.97 sec ( 11.94 %)
Sat   =    63.74 sec ( 58.63 %)
Sim   =    19.95 sec ( 18.35 %)
Other =    12.05 sec ( 11.08 %)
Incr  =     1.19 sec (  1.10 %)
Incr: fallback rounds = 22, skipped candidate pairs = 26753992
TOTAL =   108.71 sec
NBeg = 1613164. NEnd = 1403171. (Gain =  13.02 %).  RBeg = 174678. REnd = 171099. (Gain =   2.05 %).
Flop output names are not available. Use command "&get -n".
[1;37m/home/zxr_wsl/benchmarks/incre_spec//ILA_Flute_BLT_problem[0m : i/o = 180287/      2  ff = 171099  [1;36mand = 1403171[0m  [1;35mlev =  279[0m [1;35m(220.76)[0m  mem =24.03 MB
