### benchmark: /home/zxr_wsl/berkeley/abc_fork/bug/500k_CAT-5597_clst0.aig
### opts:      &scorr -v -w -i -d
### timeout:   1800s
### date:      Wed Jun 10 19:02:45 CST 2026

======== ABC command line "&r /home/zxr_wsl/berkeley/abc_fork/bug/500k_CAT-5597_clst0.aig; &ps; &scorr -v -w -i -d; &ps"
[1;37m/home/zxr_wsl/berkeley/abc_fork/bug/500k_CAT-5597_clst0[0m : i/o =  57267/   1811  ff =   8251  [1;36mand =  270559[0m  [1;35mlev =  128[0m [1;35m(8.57)[0m  mem = 4.25 MB
cst =  278810  cls =      0  lit =  278810  unused =   57267  proof =     0
cst =  199939  cls =  15360  lit =  240079  unused =   80638  proof =     0
cst =  199478  cls =  15335  lit =  239650  unused =   81092  proof =     0
cst =  199320  cls =  15383  lit =  239489  unused =   81205  proof =     0
cst =  199222  cls =  15390  lit =  239324  unused =   81363  proof =     0
cst =  199202  cls =  15383  lit =  239260  unused =   81434  proof =     0
cst =  199188  cls =  15372  lit =  239217  unused =   81488  proof =     0
cst =  199173  cls =  15365  lit =  239181  unused =   81531  proof =     0
cst =  199150  cls =  15364  lit =  239157  unused =   81556  proof =     0
cst =  199135  cls =  15358  lit =  239138  unused =   81581  proof =     0
Obj =  346140. And =  270559. Conf =   100. Fr = 1. Lcorr = 0. Ring = 1. CSat = 1. Oracle = 1.
  0 : c =  199135  cl =  15358  lit =  239138  p =     0  d =     0  f =     0  +  T =     0.25 sec
BMC : c =  199007  cl =  15371  lit =  239108  p =    19  d =    71  f =     0  +  T =     0.03 sec
  [bmc-prof   0] wall=  31.989 p=    90 | ifo=  0.000(sd=0.000 nx=0.000 tfo=0.000 cnt=0.000) snap= 0.294 srm=  8.979 sat=  0.795(set=0.393 slv=0.388 max=0.1070 n=90) cex=R/T/F=71/0/0 trsplit=0 pending=0 sim=21.459(rmp=0.544 run=20.841 n=1 d=30) incr=loc/full/maxdirty/keys=0/0/0/0 chk= 0.001(d=0) stat= 0.157 rest= 0.305
  [bmc-incr i=1 repr=229 active=2743/239108 POs=119]
BMC : c =  198984  cl =  15388  lit =  239045  p =     8  d =   111  f =     0  +  T =     0.03 sec
  [bmc-prof   1] wall=  26.610 p=   119 | ifo=  0.945(sd=0.184 nx=0.000 tfo=0.113 cnt=0.649) snap= 0.320 srm=  5.004 sat=  0.802(set=0.361 slv=0.428 max=0.0697 n=119) cex=R/T/F=111/0/0 trsplit=0 pending=5 sim=19.069(rmp=0.557 run=18.297 n=1 d=63) incr=loc/full/maxdirty/keys=0/0/0/0 chk= 0.001(d=0) stat= 0.155 rest= 0.313
  [bmc-incr i=2 repr=201 active=2489/239045 POs=77]
BMC : c =  198984  cl =  15396  lit =  239030  p =     7  d =    70  f =     0  +  T =     0.03 sec
  [bmc-prof   2] wall=  32.306 p=    77 | ifo=  0.823(sd=0.201 nx=0.000 tfo=0.046 cnt=0.576) snap= 1.111 srm=  6.350 sat=  0.855(set=0.518 slv=0.328 max=0.0243 n=77) cex=R/T/F=70/0/0 trsplit=0 pending=6 sim=22.685(rmp=0.938 run=21.515 n=1 d=15) incr=loc/full/maxdirty/keys=0/0/0/0 chk= 0.001(d=0) stat= 0.161 rest= 0.319
  [bmc-incr i=3 repr=95 active=1973/239030 POs=64]
BMC : c =  198984  cl =  15398  lit =  239024  p =     6  d =    58  f =     0  +  T =     0.03 sec
  [bmc-prof   3] wall=  28.550 p=    64 | ifo=  0.800(sd=0.198 nx=0.000 tfo=0.036 cnt=0.566) snap= 0.305 srm=  4.582 sat=  0.648(set=0.263 slv=0.379 max=0.0717 n=64) cex=R/T/F=58/0/0 trsplit=0 pending=7 sim=21.772(rmp=0.753 run=20.808 n=1 d=6) incr=loc/full/maxdirty/keys=0/0/0/0 chk= 0.001(d=0) stat= 0.153 rest= 0.288
  [bmc-incr i=4 repr=70 active=1288/239024 POs=58]
BMC : c =  198984  cl =  15398  lit =  239020  p =     7  d =    51  f =     0  +  T =     0.03 sec
  [bmc-prof   4] wall=  26.268 p=    58 | ifo=  0.786(sd=0.187 nx=0.000 tfo=0.026 cnt=0.573) snap= 0.294 srm=  4.664 sat=  0.581(set=0.266 slv=0.308 max=0.0238 n=58) cex=R/T/F=51/0/0 trsplit=0 pending=8 sim=19.483(rmp=0.774 run=18.487 n=1 d=4) incr=loc/full/maxdirty/keys=0/0/0/0 chk= 0.001(d=0) stat= 0.159 rest= 0.299
  [bmc-incr i=5 repr=58 active=846/239020 POs=54]
BMC : c =  198984  cl =  15398  lit =  239011  p =     4  d =    50  f =     0  +  T =     0.03 sec
  [bmc-prof   5] wall=  29.524 p=    54 | ifo=  1.009(sd=0.182 nx=0.000 tfo=0.019 cnt=0.808) snap= 0.336 srm=  5.000 sat=  1.147(set=0.586 slv=0.554 max=0.1507 n=54) cex=R/T/F=50/0/0 trsplit=0 pending=8 sim=21.528(rmp=0.885 run=20.431 n=1 d=9) incr=loc/full/maxdirty/keys=0/0/0/0 chk= 0.001(d=0) stat= 0.162 rest= 0.340
  [bmc-incr i=6 repr=59 active=741/239011 POs=46]
BMC : c =  198984  cl =  15398  lit =  239005  p =     5  d =    41  f =     0  +  T =     0.03 sec
  [bmc-prof   6] wall=  26.308 p=    46 | ifo=  0.781(sd=0.185 nx=0.000 tfo=0.018 cnt=0.578) snap= 0.295 srm=  4.518 sat=  0.666(set=0.248 slv=0.413 max=0.0890 n=46) cex=R/T/F=41/0/0 trsplit=0 pending=7 sim=19.537(rmp=0.725 run=18.570 n=1 d=6) incr=loc/full/maxdirty/keys=0/0/0/0 chk= 0.001(d=0) stat= 0.213 rest= 0.298
  [bmc-incr i=7 repr=43 active=722/239005 POs=42]
BMC : c =  198984  cl =  15399  lit =  239000  p =     6  d =    36  f =     0  +  T =     0.03 sec
  [bmc-prof   7] wall=  28.498 p=    42 | ifo=  0.781(sd=0.183 nx=0.000 tfo=0.015 cnt=0.583) snap= 0.308 srm=  4.539 sat=  0.695(set=0.289 slv=0.401 max=0.1607 n=42) cex=R/T/F=36/0/0 trsplit=0 pending=5 sim=21.680(rmp=0.730 run=20.703 n=1 d=5) incr=loc/full/maxdirty/keys=0/0/0/0 chk= 0.001(d=0) stat= 0.164 rest= 0.330
  [bmc-incr i=8 repr=38 active=671/239000 POs=38]
BMC : c =  198984  cl =  15399  lit =  238996  p =     5  d =    33  f =     0  +  T =     0.03 sec
  [bmc-prof   8] wall=  27.863 p=    38 | ifo=  0.857(sd=0.237 nx=0.000 tfo=0.016 cnt=0.604) snap= 0.372 srm=  4.565 sat=  0.543(set=0.265 slv=0.273 max=0.0196 n=38) cex=R/T/F=33/0/0 trsplit=0 pending=8 sim=21.044(rmp=0.838 run=19.927 n=1 d=4) incr=loc/full/maxdirty/keys=0/0/0/0 chk= 0.001(d=0) stat= 0.164 rest= 0.318
  [bmc-incr i=9 repr=29 active=626/238996 POs=35]
BMC : c =  198984  cl =  15400  lit =  238991  p =     5  d =    30  f =     0  +  T =     0.03 sec
  [bmc-prof   9] wall=  28.294 p=    35 | ifo=  0.792(sd=0.197 nx=0.000 tfo=0.017 cnt=0.578) snap= 0.312 srm=  4.696 sat=  0.526(set=0.252 slv=0.269 max=0.0196 n=35) cex=R/T/F=30/0/0 trsplit=0 pending=6 sim=21.456(rmp=0.755 run=20.451 n=1 d=5) incr=loc/full/maxdirty/keys=0/0/0/0 chk= 0.000(d=0) stat= 0.182 rest= 0.327
  [bmc-incr i=10 repr=32 active=588/238991 POs=30]
BMC : c =  198984  cl =  15400  lit =  238988  p =     3  d =    27  f =     0  +  T =     0.03 sec
  [bmc-prof  10] wall=  29.351 p=    30 | ifo=  0.958(sd=0.251 nx=0.000 tfo=0.017 cnt=0.690) snap= 0.299 srm=  4.696 sat=  0.503(set=0.264 slv=0.235 max=0.0186 n=30) cex=R/T/F=27/0/0 trsplit=0 pending=2 sim=22.410(rmp=0.817 run=21.312 n=1 d=3) incr=loc/full/maxdirty/keys=0/0/0/0 chk= 0.000(d=0) stat= 0.177 rest= 0.308
  [bmc-incr i=11 repr=38 active=538/238988 POs=28]
BMC : c =  198984  cl =  15400  lit =  238985  p =     3  d =    25  f =     0  +  T =     0.03 sec
  [bmc-prof  11] wall=  29.249 p=    28 | ifo=  1.642(sd=0.189 nx=0.000 tfo=0.016 cnt=1.437) snap= 0.338 srm=  4.713 sat=  0.516(set=0.257 slv=0.254 max=0.0210 n=28) cex=R/T/F=25/0/0 trsplit=0 pending=2 sim=21.586(rmp=0.809 run=20.489 n=1 d=3) incr=loc/full/maxdirty/keys=0/0/0/0 chk= 0.001(d=0) stat= 0.157 rest= 0.298
  [bmc-incr i=12 repr=35 active=502/238985 POs=25]
BMC : c =  198984  cl =  15401  lit =  238981  p =     3  d =    22  f =     0  +  T =     0.03 sec
  [bmc-prof  12] wall=  27.410 p=    25 | ifo=  0.787(sd=0.188 nx=0.000 tfo=0.015 cnt=0.585) snap= 0.313 srm=  4.595 sat=  0.537(set=0.260 slv=0.273 max=0.0790 n=25) cex=R/T/F=22/0/0 trsplit=0 pending=2 sim=20.724(rmp=1.204 run=19.275 n=1 d=4) incr=loc/full/maxdirty/keys=0/0/0/0 chk= 0.000(d=0) stat= 0.162 rest= 0.292
  [bmc-incr i=13 repr=32 active=465/238981 POs=21]
BMC : c =  198984  cl =  15401  lit =  238978  p =     3  d =    18  f =     0  +  T =     0.03 sec
  [bmc-prof  13] wall=  29.125 p=    21 | ifo=  0.801(sd=0.208 nx=0.000 tfo=0.015 cnt=0.578) snap= 0.326 srm=  6.131 sat=  0.479(set=0.264 slv=0.211 max=0.0623 n=21) cex=R/T/F=18/0/0 trsplit=0 pending=4 sim=20.917(rmp=0.637 run=19.906 n=1 d=3) incr=loc/full/maxdirty/keys=0/0/0/0 chk= 0.001(d=0) stat= 0.174 rest= 0.296
  [bmc-incr i=14 repr=19 active=382/238978 POs=18]
BMC : c =  198984  cl =  15401  lit =  238976  p =     3  d =    15  f =     0  +  T =     0.03 sec
  [bmc-prof  14] wall=  26.617 p=    18 | ifo=  0.788(sd=0.190 nx=0.000 tfo=0.013 cnt=0.585) snap= 0.467 srm=  4.346 sat=  0.400(set=0.249 slv=0.148 max=0.0197 n=18) cex=R/T/F=15/0/0 trsplit=0 pending=4 sim=20.119(rmp=0.616 run=19.199 n=1 d=2) incr=loc/full/maxdirty/keys=0/0/0/0 chk= 0.001(d=0) stat= 0.158 rest= 0.338
  [bmc-incr i=15 repr=14 active=300/238976 POs=17]
BMC : c =  198984  cl =  15401  lit =  238975  p =     2  d =    15  f =     0  +  T =     0.03 sec
  [bmc-prof  15] wall=  28.766 p=    17 | ifo=  0.779(sd=0.200 nx=0.000 tfo=0.014 cnt=0.566) snap= 0.336 srm=  4.524 sat=  0.448(set=0.274 slv=0.171 max=0.0292 n=17) cex=R/T/F=15/0/0 trsplit=0 pending=5 sim=22.156(rmp=0.655 run=21.199 n=1 d=1) incr=loc/full/maxdirty/keys=0/0/0/0 chk= 0.000(d=0) stat= 0.163 rest= 0.360
  [bmc-incr i=16 repr=12 active=299/238975 POs=16]
BMC : c =  198984  cl =  15401  lit =  238972  p =     2  d =    14  f =     0  +  T =     0.03 sec
  [bmc-prof  16] wall=  29.077 p=    16 | ifo=  0.782(sd=0.187 nx=0.000 tfo=0.024 cnt=0.571) snap= 0.310 srm=  4.559 sat=  0.404(set=0.250 slv=0.151 max=0.0192 n=16) cex=R/T/F=14/0/0 trsplit=0 pending=4 sim=22.530(rmp=0.622 run=21.609 n=1 d=3) incr=loc/full/maxdirty/keys=0/0/0/0 chk= 0.001(d=0) stat= 0.169 rest= 0.322
  [bmc-incr i=17 repr=14 active=296/238972 POs=14]
BMC : c =  198984  cl =  15401  lit =  238969  p =     2  d =    12  f =     0  +  T =     0.03 sec
  [bmc-prof  17] wall=  30.031 p=    14 | ifo=  0.850(sd=0.230 nx=0.000 tfo=0.012 cnt=0.608) snap= 0.516 srm=  5.691 sat=  0.667(set=0.443 slv=0.219 max=0.0383 n=14) cex=R/T/F=12/0/0 trsplit=0 pending=4 sim=21.776(rmp=0.971 run=20.462 n=1 d=3) incr=loc/full/maxdirty/keys=0/0/0/0 chk= 0.000(d=0) stat= 0.163 rest= 0.367
  [bmc-incr i=18 repr=9 active=246/238969 POs=11]
BMC : c =  198984  cl =  15401  lit =  238965  p =     1  d =    10  f =     0  +  T =     0.03 sec
  [bmc-prof  18] wall=  27.083 p=    11 | ifo=  0.822(sd=0.220 nx=0.000 tfo=0.019 cnt=0.583) snap= 0.300 srm=  4.894 sat=  0.403(set=0.264 slv=0.137 max=0.0196 n=11) cex=R/T/F=10/0/0 trsplit=0 pending=2 sim=20.216(rmp=0.485 run=19.432 n=1 d=4) incr=loc/full/maxdirty/keys=0/0/0/0 chk= 0.000(d=0) stat= 0.159 rest= 0.289
  [bmc-incr i=19 repr=16 active=242/238965 POs=8]
BMC : c =  198984  cl =  15401  lit =  238963  p =     0  d =     8  f =     0  +  T =     0.03 sec
  [bmc-prof  19] wall=  31.011 p=     8 | ifo=  0.804(sd=0.219 nx=0.000 tfo=0.012 cnt=0.574) snap= 0.339 srm=  4.896 sat=  0.425(set=0.295 slv=0.128 max=0.0349 n=8) cex=R/T/F=8/0/0 trsplit=0 pending=4 sim=24.043(rmp=0.769 run=23.010 n=1 d=2) incr=loc/full/maxdirty/keys=0/0/0/0 chk= 0.000(d=0) stat= 0.171 rest= 0.332
  [bmc-incr i=20 repr=4 active=193/238963 POs=6]
BMC : c =  198984  cl =  15401  lit =  238960  p =     0  d =     6  f =     0  +  T =     0.03 sec
  [bmc-prof  20] wall=  29.271 p=     6 | ifo=  0.917(sd=0.247 nx=0.000 tfo=0.012 cnt=0.657) snap= 0.367 srm=  4.665 sat=  0.807(set=0.346 slv=0.458 max=0.3302 n=6) cex=R/T/F=6/0/0 trsplit=0 pending=2 sim=21.999(rmp=0.609 run=21.133 n=1 d=3) incr=loc/full/maxdirty/keys=0/0/0/0 chk= 0.000(d=0) stat= 0.157 rest= 0.358
  [bmc-incr i=21 repr=6 active=190/238960 POs=3]
BMC : c =  198984  cl =  15400  lit =  238958  p =     0  d =     3  f =     0  +  T =     0.03 sec
  [bmc-prof  21] wall=  26.582 p=     3 | ifo=  0.780(sd=0.189 nx=0.000 tfo=0.012 cnt=0.579) snap= 0.323 srm=  4.542 sat=  0.326(set=0.265 slv=0.058 max=0.0205 n=3) cex=R/T/F=3/0/0 trsplit=0 pending=1 sim=20.156(rmp=0.640 run=19.252 n=1 d=2) incr=loc/full/maxdirty/keys=0/0/0/0 chk= 0.000(d=0) stat= 0.154 rest= 0.301
  [bmc-incr i=22 repr=4 active=141/238958 POs=1]
BMC : c =  198984  cl =  15400  lit =  238957  p =     0  d =     1  f =     0  +  T =     0.03 sec
  [bmc-prof  22] wall=  26.864 p=     1 | ifo=  0.779(sd=0.193 nx=0.000 tfo=0.011 cnt=0.575) snap= 0.306 srm=  4.464 sat=  0.273(set=0.247 slv=0.024 max=0.0243 n=1) cex=R/T/F=1/0/0 trsplit=0 pending=0 sim=20.543(rmp=0.592 run=19.676 n=1 d=1) incr=loc/full/maxdirty/keys=0/0/0/0 chk= 0.000(d=0) stat= 0.168 rest= 0.329
  [bmc-incr i=23 repr=3 active=93/238957 POs=0]
  [bmc-prof ALL] wall= 656.647 p=   821 | ifo= 19.065(sd=4.465 nx=0.000 tfo=0.498 cnt=14.102) snap= 8.487 srm=115.614 sat= 13.446(set=7.118 slv=6.205 max=0.3302 n=821) cex=R/T/F=727/0/0 trsplit=0 pending=96 sim=488.889(rmp=16.925 run=465.986 n=23 d=181) incr=loc/full/maxdirty/keys=0/0/0/0 chk= 0.014(d=0) stat= 3.804 rest= 7.329
  1 : c =  154158  cl =  11446  lit =  226678  p =   143  d =   188  f =     0  +  T =     0.04 sec
  [prof   1] wall=  42.505 p=   331 | ifo=  0.000(sd=0.000 nx=0.000 tfo=0.000 cnt=0.000) snap= 0.296 srm=  9.877 sat=  0.710(set=0.380 slv=0.305 max=0.0258 n=331) cex=R/T/F=188/0/0 trsplit=0 pending=93 sim=31.140(rmp=0.767 run=30.264 n=1 d=12279) incr=loc/full/maxdirty/keys=0/0/0/0 chk= 0.002(d=0) stat= 0.187 rest= 0.294
  2 : c =  149889  cl =  18348  lit =  201615  p =   383  d = 24411  f =     0  +  T =     0.07 sec
  [prof   2] wall=  70.157 p= 24794 | ifo=  3.648(sd=0.405 nx=0.164 tfo=2.512 cnt=0.568) snap= 0.310 srm= 15.072 sat=  4.429(set=0.871 slv=2.317 max=0.0292 n=24794) cex=R/T/F=24411/0/0 trsplit=0 pending=153 sim=45.986(rmp=0.624 run=44.987 n=1 d=25063) incr=loc/full/maxdirty/keys=0/0/0/0 chk= 0.114(d=0) stat= 0.201 rest= 0.398
  3 : c =  147466  cl =  18554  lit =  200021  p =   416  d =  1424  f =     0  +  T =     0.05 sec
  [prof   3] wall=  49.021 p=  1840 | ifo=  2.727(sd=0.328 nx=0.158 tfo=1.826 cnt=0.415) snap= 0.312 srm= 11.731 sat=  1.596(set=0.403 slv=1.090 max=0.0338 n=1840) cex=R/T/F=1424/0/0 trsplit=0 pending=114 sim=32.149(rmp=0.515 run=31.256 n=1 d=1594) incr=loc/full/maxdirty/keys=0/0/0/0 chk= 0.011(d=0) stat= 0.193 rest= 0.301
  4 : c =  136248  cl =  14568  lit =  183398  p =   767  d =   914  f =     0  +  T =     0.05 sec
  [prof   4] wall=  49.020 p=  1681 | ifo=  2.252(sd=0.207 nx=0.158 tfo=1.495 cnt=0.392) snap= 0.313 srm= 12.437 sat=  1.763(set=0.373 slv=1.294 max=0.0229 n=1681) cex=R/T/F=914/0/0 trsplit=0 pending=216 sim=31.649(rmp=0.481 run=30.818 n=1 d=16623) incr=loc/full/maxdirty/keys=0/0/0/0 chk= 0.009(d=0) stat= 0.294 rest= 0.304
  5 : c =   99129  cl =   6194  lit =  144592  p =  9857  d = 29271  f =     3  -  T =     0.08 sec
  [prof   5] wall=  85.236 p= 39131 | ifo=  2.840(sd=0.374 nx=0.158 tfo=1.782 cnt=0.526) snap= 0.319 srm= 19.204 sat=  8.450(set=1.291 slv=5.166 max=0.0279 n=39131) cex=R/T/F=29271/0/3 trsplit=0 pending=1325 sim=53.575(rmp=0.503 run=52.650 n=1 d=38806) incr=loc/full/maxdirty/keys=0/0/0/0 chk= 0.151(d=0) stat= 0.331 rest= 0.366
  6 : c =   91991  cl =   5559  lit =  109885  p =  5286  d = 31877  f =     1  -  T =     0.09 sec
  [prof   6] wall=  88.609 p= 37164 | ifo=  2.729(sd=0.368 nx=0.159 tfo=1.634 cnt=0.568) snap= 0.304 srm= 23.051 sat= 12.748(set=1.499 slv=9.126 max=0.0762 n=37164) cex=R/T/F=31877/0/1 trsplit=0 pending=1122 sim=48.948(rmp=0.650 run=48.022 n=1 d=34707) incr=loc/full/maxdirty/keys=0/0/0/0 chk= 0.110(d=0) stat= 0.238 rest= 0.483
  7 : c =   89447  cl =   5746  lit =  105872  p =  8645  d =  5674  f =     6  -  T =     0.06 sec
  [prof   7] wall=  55.554 p= 14325 | ifo=  2.381(sd=0.348 nx=0.159 tfo=1.543 cnt=0.332) snap= 0.308 srm= 15.659 sat=  6.280(set=0.862 slv=4.674 max=0.0545 n=14325) cex=R/T/F=5674/0/6 trsplit=0 pending=765 sim=30.357(rmp=0.484 run=29.380 n=1 d=4009) incr=loc/full/maxdirty/keys=0/0/0/0 chk= 0.042(d=4) stat= 0.220 rest= 0.307
  8 : c =   87978  cl =   5614  lit =  103115  p =  8797  d =  3113  f =     1  -  T =     0.06 sec
  [prof   8] wall=  63.439 p= 11911 | ifo=  1.789(sd=0.223 nx=0.160 tfo=1.072 cnt=0.334) snap= 0.340 srm= 26.678 sat=  5.170(set=0.956 slv=3.598 max=0.0705 n=11911) cex=R/T/F=3113/0/1 trsplit=0 pending=382 sim=28.921(rmp=0.580 run=27.876 n=1 d=2756) incr=loc/full/maxdirty/keys=0/0/0/0 chk= 0.025(d=1) stat= 0.204 rest= 0.312
  9 : c =   84511  cl =   6072  lit =  100945  p =  9643  d =  2148  f =     3  -  T =     0.09 sec
  [prof   9] wall=  86.686 p= 11794 | ifo=  1.618(sd=0.225 nx=0.161 tfo=0.914 cnt=0.318) snap= 0.295 srm= 20.798 sat=  5.398(set=0.976 slv=3.802 max=0.1256 n=11794) cex=R/T/F=2148/0/3 trsplit=0 pending=502 sim=58.014(rmp=0.511 run=57.000 n=1 d=2167) incr=loc/full/maxdirty/keys=0/0/0/0 chk= 0.024(d=3) stat= 0.226 rest= 0.314
 10 : c =   71236  cl =   8603  lit =   94823  p = 10402  d =  4289  f =     3  -  T =     0.16 sec
  [prof  10] wall= 164.117 p= 14694 | ifo=  1.612(sd=0.229 nx=0.159 tfo=0.873 cnt=0.351) snap= 0.378 srm= 22.548 sat=  9.513(set=1.242 slv=7.255 max=0.0723 n=14694) cex=R/T/F=4289/0/3 trsplit=0 pending=307 sim=129.336(rmp=0.794 run=128.202 n=1 d=6119) incr=loc/full/maxdirty/keys=0/0/0/0 chk= 0.029(d=3) stat= 0.307 rest= 0.393
 11 : c =   42789  cl =  12301  lit =   83996  p = 14002  d = 11809  f =    63  -  T =     0.29 sec
  [prof  11] wall= 291.832 p= 25874 | ifo=  1.626(sd=0.257 nx=0.166 tfo=0.818 cnt=0.385) snap= 0.803 srm= 24.783 sat= 27.401(set=4.864 slv=21.044 max=0.1964 n=25874) cex=R/T/F=11809/0/63 trsplit=0 pending=587 sim=236.504(rmp=0.589 run=235.632 n=1 d=10774) incr=loc/full/maxdirty/keys=0/0/0/0 chk= 0.062(d=53) stat= 0.271 rest= 0.380
 12 : c =   25008  cl =  15623  lit =   70713  p = 19827  d = 19226  f =    82  -  T =     0.38 sec
  [prof  12] wall= 382.791 p= 39135 | ifo=  1.699(sd=0.310 nx=0.165 tfo=0.770 cnt=0.454) snap= 0.345 srm= 33.041 sat= 35.094(set=2.832 slv=29.907 max=0.1747 n=39135) cex=R/T/F=19226/0/82 trsplit=0 pending=2426 sim=311.771(rmp=0.558 run=310.982 n=1 d=13205) incr=loc/full/maxdirty/keys=0/0/0/0 chk= 0.111(d=78) stat= 0.293 rest= 0.437
 13 : c =   18741  cl =  19635  lit =   58114  p = 24587  d = 15778  f =    53  -  T =     0.30 sec
  [prof  13] wall= 299.941 p= 40418 | ifo=  1.672(sd=0.313 nx=0.172 tfo=0.739 cnt=0.448) snap= 0.411 srm= 36.754 sat= 32.019(set=3.401 slv=26.231 max=0.1776 n=40418) cex=R/T/F=15778/0/53 trsplit=0 pending=2290 sim=228.316(rmp=0.553 run=227.574 n=1 d=12553) incr=loc/full/maxdirty/keys=0/0/0/0 chk= 0.128(d=46) stat= 0.284 rest= 0.357
  [incr-oracle r=13 PASS skipped=18830 all-UNSAT]
  [incr-oracle r=13 checked=24748 build+solve=0.129 sec]
  [incr r=13 repr=34578 next=31524 tfo=66682 active=53001/77749 POs=22478]
 14 : c =   16560  cl =  20494  lit =   47784  p = 11697  d = 10749  f =    32  -  T =     0.33 sec
  [prof  14] wall= 331.671 p= 22478 | ifo=  1.741(sd=0.307 nx=0.159 tfo=0.617 cnt=0.658) snap= 0.304 srm= 33.388 sat= 23.068(set=3.008 slv=18.481 max=0.1626 n=22478) cex=R/T/F=10749/0/32 trsplit=0 pending=1942 sim=143.597(rmp=0.893 run=142.496 n=1 d=10299) incr=loc/full/maxdirty/keys=0/0/0/0 chk= 0.078(d=31) stat= 0.264 rest=129.233
Error: 
INCR-ORACLE BUG: round=14 output=517 pair=(0,91384), SAT=1 UNKNOWN=0
Error: Partial CEX over shadow-SRM CIs (31 assignments):Error:  ci12=1Error:  ci1698=1Error:  ci43=0Error:  ci4091=1Error:  ci1480=0Error:  ci49=0Error:  ci1453=0Error:  ci1451=0Error:  ci1452=0Error:  ci1456=0Error:  ci1454=0Error:  ci1455=0Error:  ci1458=0Error:  ci1459=0Error:  ci1460=0Error:  ci1461=0Error:  ...Error: 
[1;37m/home/zxr_wsl/berkeley/abc_fork/bug/500k_CAT-5597_clst0[0m : i/o =  57267/   1811  ff =   8251  [1;36mand =  270559[0m  [1;35mlev =  128[0m [1;35m(8.57)[0m  mem = 4.25 MB
