### benchmark: /home/zxr_wsl/benchmarks/incre_spec//Problem11_label08.aig
### opts:      &scorr -v -i -w
### timeout:   1800s
### date:      Wed May 27 23:56:35 CST 2026

======== ABC command line "&r /home/zxr_wsl/benchmarks/incre_spec//Problem11_label08.aig; &ps; &scorr -v -i -w; &ps"
Converted 0 1-valued FFs and 259 DC-valued FFs.
Warning: The number of inputs does not match the number of input names.
[1;37m/home/zxr_wsl/benchmarks/incre_spec//Problem11_label08[0m : i/o =    742/      1  ff =    262  [1;36mand =  400072[0m  [1;35mlev = 2250[0m [1;35m(8.57)[0m  mem = 4.60 MB
cst =  400334  cls =      0  lit =  400334  unused =     742  proof =     0
cst =  207945  cls =  16110  lit =  296630  unused =   88336  proof =     0
cst =  207263  cls =  15337  lit =  292197  unused =   93542  proof =     0
cst =  206953  cls =  15170  lit =  289613  unused =   96293  proof =     0
cst =  206658  cls =  14979  lit =  287728  unused =   98369  proof =     0
cst =  206341  cls =  14852  lit =  286625  unused =   99599  proof =     0
cst =  206236  cls =  14726  lit =  285905  unused =  100445  proof =     0
cst =  206148  cls =  14690  lit =  285507  unused =  100879  proof =     0
cst =  206079  cls =  14641  lit =  285128  unused =  101307  proof =     0
cst =  206040  cls =  14600  lit =  284784  unused =  101692  proof =     0
Obj =  401340. And =  400072. Conf =   100. Fr = 1. Lcorr = 0. Ring = 1. CSat = 1.
  0 : c =  206040  cl =  14600  lit =  284784  p =     0  d =     0  f =     0  +  T =     0.25 sec
BMC : c =  205448  cl =  13509  lit =  279866  p =  8907  d =  3462  f =  2741  +  T =     0.85 sec
  [bmc-prof   0] wall= 852.741 p= 15110 | ifo=  0.000(sd=0.000 nx=0.000 tfo=0.000 cnt=0.000) snap= 0.405 srm= 19.092 sat=814.643(set=0.745 slv=812.568 max=1.2165 n=15110) sim=17.511(rmp=0.636 run=16.875) chk= 0.637 stat= 0.449 rest= 0.004
BMC : c =  205071  cl =  13007  lit =  277392  p =  9469  d =  2696  f =  1500  +  T =     0.44 sec
  [bmc-prof   1] wall= 438.166 p= 13665 | ifo=  9.602(sd=0.388 nx=0.000 tfo=8.547 cnt=0.667) snap= 0.389 srm= 18.669 sat=392.013(set=0.826 slv=390.113 max=1.1005 n=13665) sim=17.006(rmp=0.759 run=16.246) chk= 0.182 stat= 0.301 rest= 0.004
BMC : c =  204271  cl =  12692  lit =  275454  p =  9682  d =  2198  f =  1143  +  T =     0.36 sec
  [bmc-prof   2] wall= 360.001 p= 13023 | ifo=  7.218(sd=0.259 nx=0.000 tfo=6.289 cnt=0.670) snap= 0.429 srm= 18.238 sat=317.972(set=0.805 slv=316.098 max=1.0546 n=13023) sim=15.597(rmp=0.638 run=14.958) chk= 0.218 stat= 0.326 rest= 0.005
BMC : c =  203462  cl =  12438  lit =  273314  p =  9759  d =  2046  f =  1449  +  T =     0.39 sec
  [bmc-prof   3] wall= 391.788 p= 13254 | ifo=  6.887(sd=0.379 nx=0.000 tfo=5.909 cnt=0.600) snap= 0.437 srm= 20.913 sat=347.324(set=0.774 slv=345.467 max=0.9959 n=13254) sim=15.664(rmp=0.618 run=15.045) chk= 0.226 stat= 0.332 rest= 0.005
BMC : c =  202653  cl =  12218  lit =  271228  p = 10115  d =  1656  f =  1554  +  T =     0.44 sec
  [bmc-prof   4] wall= 444.289 p= 13325 | ifo=  6.700(sd=0.274 nx=0.000 tfo=5.773 cnt=0.653) snap= 0.417 srm= 19.399 sat=402.356(set=0.770 slv=400.375 max=1.4044 n=13325) sim=14.816(rmp=0.659 run=14.157) chk= 0.268 stat= 0.329 rest= 0.005
BMC : c =  201710  cl =  12040  lit =  269066  p = 10362  d =  1418  f =  1658  +  T =     0.50 sec
  [bmc-prof   5] wall= 500.386 p= 13438 | ifo=  7.442(sd=0.267 nx=0.000 tfo=6.453 cnt=0.722) snap= 0.458 srm= 19.879 sat=457.447(set=0.849 slv=455.513 max=1.9468 n=13438) sim=14.675(rmp=0.666 run=14.008) chk= 0.173 stat= 0.307 rest= 0.004
BMC : c =  200886  cl =  11873  lit =  267093  p = 10671  d =  1228  f =  1536  +  T =     0.39 sec
  [bmc-prof   6] wall= 390.662 p= 13435 | ifo=  6.658(sd=0.340 nx=0.000 tfo=5.706 cnt=0.612) snap= 0.420 srm= 19.835 sat=347.879(set=0.840 slv=345.930 max=1.6898 n=13435) sim=15.205(rmp=0.629 run=14.575) chk= 0.316 stat= 0.344 rest= 0.005
BMC : c =  199968  cl =  11805  lit =  265135  p = 11045  d =  1027  f =  1524  +  T =     0.38 sec
  [bmc-prof   7] wall= 380.275 p= 13596 | ifo=  6.189(sd=0.316 nx=0.000 tfo=5.239 cnt=0.634) snap= 0.419 srm= 19.569 sat=338.485(set=0.836 slv=336.560 max=1.6895 n=13596) sim=15.048(rmp=0.673 run=14.375) chk= 0.231 stat= 0.328 rest= 0.006
BMC : c =  199157  cl =  11685  lit =  263340  p = 11407  d =   956  f =  1418  +  T =     0.38 sec
  [bmc-prof   8] wall= 382.469 p= 13781 | ifo=  5.796(sd=0.280 nx=0.000 tfo=4.913 cnt=0.603) snap= 0.450 srm= 19.697 sat=339.472(set=1.021 slv=337.362 max=2.4346 n=13781) sim=16.492(rmp=0.662 run=15.829) chk= 0.187 stat= 0.371 rest= 0.005
BMC : c =  198296  cl =  11609  lit =  261449  p = 11715  d =   762  f =  1568  +  T =     0.40 sec
  [bmc-prof   9] wall= 404.366 p= 14045 | ifo=  6.685(sd=0.378 nx=0.000 tfo=5.612 cnt=0.696) snap= 0.498 srm= 20.002 sat=362.166(set=0.981 slv=360.157 max=2.1026 n=14045) sim=14.420(rmp=0.667 run=13.752) chk= 0.222 stat= 0.369 rest= 0.005
BMC : c =  197268  cl =  11577  lit =  259531  p = 12004  d =   576  f =  1542  +  T =     0.36 sec
  [bmc-prof  10] wall= 360.690 p= 14122 | ifo=  6.464(sd=0.333 nx=0.000 tfo=5.435 cnt=0.696) snap= 0.407 srm= 19.267 sat=320.327(set=0.791 slv=318.586 max=1.7459 n=14122) sim=13.691(rmp=0.635 run=13.055) chk= 0.173 stat= 0.356 rest= 0.005
BMC : c =  196159  cl =  11503  lit =  257340  p = 12316  d =   513  f =  1885  +  T =     0.45 sec
  [bmc-prof  11] wall= 445.675 p= 14714 | ifo=  5.950(sd=0.299 nx=0.000 tfo=5.005 cnt=0.647) snap= 0.525 srm= 20.649 sat=404.117(set=0.995 slv=402.123 max=3.1893 n=14714) sim=13.918(rmp=0.660 run=13.256) chk= 0.190 stat= 0.322 rest= 0.004
BMC : c =  195104  cl =  11377  lit =  255188  p = 12476  d =   425  f =  1858  +  T =     0.41 sec
  [bmc-prof  12] wall= 413.518 p= 14759 | ifo=  5.222(sd=0.253 nx=0.000 tfo=4.321 cnt=0.647) snap= 0.423 srm= 19.303 sat=373.003(set=0.820 slv=371.155 max=1.9539 n=14759) sim=15.099(rmp=0.701 run=14.398) chk= 0.176 stat= 0.288 rest= 0.004
BMC : c =  194044  cl =  11292  lit =  253136  p = 12685  d =   346  f =  1825  +  T =     0.41 sec
  [bmc-prof  13] wall= 409.757 p= 14856 | ifo=  5.342(sd=0.247 nx=0.000 tfo=4.359 cnt=0.736) snap= 0.404 srm= 19.685 sat=368.841(set=1.068 slv=366.777 max=1.2126 n=14856) sim=14.978(rmp=0.675 run=14.302) chk= 0.199 stat= 0.304 rest= 0.004
BMC : c =  193004  cl =  11204  lit =  251064  p = 12946  d =   305  f =  1864  +  T =     0.41 sec
  [bmc-prof  14] wall= 414.890 p= 15115 | ifo=  5.272(sd=0.246 nx=0.000 tfo=4.328 cnt=0.698) snap= 0.405 srm= 19.528 sat=374.283(set=0.763 slv=372.483 max=1.1696 n=15115) sim=14.890(rmp=0.686 run=14.204) chk= 0.193 stat= 0.314 rest= 0.004
BMC : c =  190511  cl =  11163  lit =  248788  p = 13069  d =   298  f =  1998  +  T =     0.44 sec
  [bmc-prof  15] wall= 444.449 p= 15365 | ifo=  4.947(sd=0.261 nx=0.000 tfo=4.022 cnt=0.664) snap= 0.423 srm= 21.141 sat=402.335(set=0.838 slv=400.456 max=1.2076 n=15365) sim=15.092(rmp=0.720 run=14.370) chk= 0.199 stat= 0.308 rest= 0.004
BMC : c =  188086  cl =  11123  lit =  246641  p = 13426  d =   395  f =  1850  +  T =     0.42 sec
  [bmc-prof  16] wall= 420.783 p= 15671 | ifo=  4.888(sd=0.276 nx=0.000 tfo=3.970 cnt=0.641) snap= 0.415 srm= 21.257 sat=377.961(set=0.884 slv=375.910 max=1.9870 n=15671) sim=15.737(rmp=0.669 run=15.067) chk= 0.198 stat= 0.324 rest= 0.004
BMC : c =  185593  cl =  11066  lit =  244705  p = 14358  d =   281  f =  1695  +  T =     0.38 sec
  [bmc-prof  17] wall= 382.505 p= 16334 | ifo=  5.388(sd=0.264 nx=0.000 tfo=4.412 cnt=0.712) snap= 0.415 srm= 20.591 sat=340.584(set=0.810 slv=338.698 max=1.3265 n=16334) sim=14.756(rmp=0.876 run=13.879) chk= 0.202 stat= 0.348 rest= 0.222
BMC : c =  183105  cl =  11009  lit =  242883  p = 16608  d =   160  f =  1653  +  T =     0.38 sec
  [bmc-prof  18] wall= 376.786 p= 18421 | ifo=  4.943(sd=0.251 nx=0.000 tfo=4.077 cnt=0.615) snap= 0.825 srm= 24.603 sat=331.367(set=1.420 slv=328.740 max=1.6891 n=18421) sim=14.376(rmp=0.847 run=13.527) chk= 0.167 stat= 0.330 rest= 0.175
BMC : c =  181659  cl =  10956  lit =  241112  p = 18758  d =   141  f =  1650  +  T =     0.39 sec
  [bmc-prof  19] wall= 390.417 p= 20549 | ifo=  4.578(sd=0.257 nx=0.000 tfo=3.672 cnt=0.650) snap= 0.450 srm= 22.968 sat=347.722(set=1.262 slv=345.157 max=1.4354 n=20549) sim=14.011(rmp=0.682 run=13.328) chk= 0.180 stat= 0.323 rest= 0.185
  [bmc-incr i=20 repr=2500 active=168096/241112 POs=16844]
BMC : c =  180632  cl =  10917  lit =  239371  p = 15105  d =    97  f =  1642  +  T =     0.35 sec
  [bmc-prof  20] wall= 350.211 p= 16844 | ifo=  5.180(sd=0.274 nx=0.000 tfo=4.218 cnt=0.688) snap= 0.408 srm= 21.099 sat=308.466(set=0.804 slv=306.613 max=1.6005 n=16844) sim=14.379(rmp=0.775 run=13.603) chk= 0.160 stat= 0.305 rest= 0.214
  [bmc-incr i=21 repr=1767 active=147877/239371 POs=11836]
BMC : c =  179319  cl =  10884  lit =  237656  p = 10119  d =    80  f =  1637  +  T =     0.34 sec
  [bmc-prof  21] wall= 337.858 p= 11836 | ifo=  4.469(sd=0.249 nx=0.000 tfo=3.484 cnt=0.736) snap= 0.521 srm= 18.479 sat=299.897(set=0.848 slv=298.194 max=2.3229 n=11836) sim=14.034(rmp=0.708 run=13.325) chk= 0.150 stat= 0.301 rest= 0.007
  [bmc-incr i=22 repr=2029 active=140989/237656 POs=10389]
BMC : c =  178236  cl =  10857  lit =  235960  p =  8666  d =    70  f =  1653  +  T =     0.48 sec
  [bmc-prof  22] wall= 484.349 p= 10389 | ifo=  3.624(sd=0.246 nx=0.000 tfo=2.748 cnt=0.630) snap= 0.433 srm= 18.409 sat=447.753(set=0.931 slv=446.098 max=4.1890 n=10389) sim=13.694(rmp=0.668 run=13.025) chk= 0.140 stat= 0.288 rest= 0.008
  [bmc-incr i=23 repr=1833 active=136827/235960 POs=10147]
BMC : c =  177211  cl =  10821  lit =  234202  p =  8403  d =    18  f =  1726  +  T =     0.37 sec
  [bmc-prof  23] wall= 370.293 p= 10147 | ifo=  3.498(sd=0.249 nx=0.000 tfo=2.626 cnt=0.624) snap= 0.412 srm= 18.359 sat=333.673(set=0.827 slv=332.153 max=2.8420 n=10147) sim=13.913(rmp=0.680 run=13.233) chk= 0.142 stat= 0.289 rest= 0.007
  [bmc-incr i=24 repr=1777 active=128729/234202 POs=9693]
BMC : c =  176112  cl =  10765  lit =  232461  p =  7953  d =     3  f =  1737  +  T =     0.36 sec
  [bmc-prof  24] wall= 365.204 p=  9693 | ifo=  3.932(sd=0.242 nx=0.000 tfo=3.061 cnt=0.629) snap= 0.404 srm= 17.160 sat=329.433(set=0.831 slv=327.966 max=2.8607 n=9693) sim=13.853(rmp=0.655 run=13.197) chk= 0.121 stat= 0.295 rest= 0.007
  [bmc-incr i=25 repr=1741 active=126235/232461 POs=9469]
BMC : c =  174872  cl =  10710  lit =  230612  p =  7620  d =     1  f =  1848  +  T =     0.37 sec
  [bmc-prof  25] wall= 372.050 p=  9469 | ifo=  3.578(sd=0.247 nx=0.000 tfo=2.658 cnt=0.673) snap= 0.422 srm= 16.271 sat=337.304(set=1.040 slv=335.627 max=1.8546 n=9469) sim=14.054(rmp=0.671 run=13.382) chk= 0.111 stat= 0.302 rest= 0.009
  [bmc-incr i=26 repr=1858 active=122437/230612 POs=9067]
BMC : c =  173617  cl =  10655  lit =  228750  p =  7205  d =     1  f =  1861  +  T =     0.39 sec
  [bmc-prof  26] wall= 394.079 p=  9067 | ifo=  3.473(sd=0.251 nx=0.000 tfo=2.556 cnt=0.666) snap= 0.414 srm= 17.459 sat=358.231(set=0.697 slv=356.916 max=2.1299 n=9067) sim=14.060(rmp=0.692 run=13.367) chk= 0.113 stat= 0.321 rest= 0.008
  [bmc-incr i=27 repr=1862 active=119815/228750 POs=8793]
BMC : c =  172332  cl =  10605  lit =  226882  p =  6925  d =     1  f =  1867  +  T =     0.37 sec
  [bmc-prof  27] wall= 370.132 p=  8793 | ifo=  3.631(sd=0.260 nx=0.000 tfo=2.642 cnt=0.729) snap= 0.395 srm= 17.894 sat=333.930(set=0.539 slv=332.797 max=1.9599 n=8793) sim=13.820(rmp=0.676 run=13.144) chk= 0.111 stat= 0.342 rest= 0.008
  [bmc-incr i=28 repr=1868 active=117418/226882 POs=8510]
BMC : c =  171105  cl =  10543  lit =  225141  p =  6769  d =     0  f =  1741  +  T =     0.35 sec
  [bmc-prof  28] wall= 353.972 p=  8510 | ifo=  4.075(sd=0.259 nx=0.000 tfo=3.049 cnt=0.767) snap= 0.384 srm= 16.981 sat=318.746(set=0.535 slv=317.563 max=2.0295 n=8510) sim=13.351(rmp=0.852 run=12.498) chk= 0.094 stat= 0.333 rest= 0.008
  [bmc-incr i=29 repr=1741 active=115100/225141 POs=8116]
BMC : c =  170080  cl =  10491  lit =  223677  p =  6652  d =     0  f =  1464  +  T =     0.29 sec
  [bmc-prof  29] wall= 292.830 p=  8116 | ifo=  3.609(sd=0.269 nx=0.000 tfo=2.640 cnt=0.700) snap= 0.422 srm= 17.526 sat=256.795(set=0.589 slv=255.678 max=2.0605 n=8116) sim=14.023(rmp=0.670 run=13.351) chk= 0.084 stat= 0.364 rest= 0.008
  [bmc-incr i=30 repr=1464 active=112454/223677 POs=7877]
BMC : c =  168927  cl =  10427  lit =  222108  p =  6308  d =     0  f =  1569  +  T =     0.30 sec
  [bmc-prof  30] wall= 295.816 p=  7877 | ifo=  3.663(sd=0.243 nx=0.000 tfo=2.809 cnt=0.611) snap= 0.474 srm= 17.622 sat=260.899(set=0.722 slv=259.640 max=2.0920 n=7877) sim=12.778(rmp=0.787 run=11.990) chk= 0.066 stat= 0.306 rest= 0.007
  [bmc-incr i=31 repr=1569 active=109850/222108 POs=8126]
BMC : c =  167402  cl =  10384  lit =  220192  p =  6210  d =     0  f =  1916  +  T =     0.31 sec
  [bmc-prof  31] wall= 311.724 p=  8126 | ifo=  3.532(sd=0.249 nx=0.000 tfo=2.664 cnt=0.619) snap= 0.437 srm= 16.387 sat=277.659(set=0.496 slv=276.617 max=2.2333 n=8126) sim=13.268(rmp=0.642 run=12.625) chk= 0.071 stat= 0.363 rest= 0.007
  [bmc-incr i=32 repr=1916 active=85349/220192 POs=6395]
BMC : c =  165944  cl =  10358  lit =  218383  p =  4586  d =     0  f =  1809  +  T =     0.29 sec
  [bmc-prof  32] wall= 288.148 p=  6395 | ifo=  2.808(sd=0.294 nx=0.000 tfo=1.865 cnt=0.649) snap= 0.553 srm= 16.346 sat=254.067(set=0.417 slv=253.208 max=2.1383 n=6395) sim=13.988(rmp=0.698 run=13.289) chk= 0.059 stat= 0.317 rest= 0.009
  [bmc-incr i=33 repr=1809 active=75954/218383 POs=6247]
BMC : c =  164061  cl =  10332  lit =  216160  p =  4024  d =     0  f =  2223  +  T =     0.33 sec
  [bmc-prof  33] wall= 334.785 p=  6247 | ifo=  2.570(sd=0.248 nx=0.000 tfo=1.642 cnt=0.680) snap= 0.434 srm= 16.595 sat=300.970(set=0.412 slv=300.114 max=0.7435 n=6247) sim=13.832(rmp=0.679 run=13.152) chk= 0.058 stat= 0.319 rest= 0.007
  [bmc-incr i=34 repr=2223 active=73602/216160 POs=6152]
BMC : c =  162223  cl =  10311  lit =  214026  p =  4018  d =     0  f =  2134  +  T =     0.34 sec
  [bmc-prof  34] wall= 345.316 p=  6152 | ifo=  2.701(sd=0.257 nx=0.000 tfo=1.716 cnt=0.728) snap= 0.398 srm= 16.085 sat=312.274(set=0.408 slv=311.372 max=4.4690 n=6152) sim=13.482(rmp=0.746 run=12.735) chk= 0.051 stat= 0.318 rest= 0.008
  [bmc-incr i=35 repr=2134 active=55323/214026 POs=5189]
BMC : c =  160867  cl =  10280  lit =  212397  p =  3560  d =     0  f =  1629  +  T =     0.26 sec
  [bmc-prof  35] wall= 257.139 p=  5189 | ifo=  2.322(sd=0.262 nx=0.000 tfo=1.346 cnt=0.714) snap= 0.401 srm= 15.677 sat=224.304(set=0.402 slv=223.549 max=1.0909 n=5189) sim=14.005(rmp=0.782 run=13.222) chk= 0.067 stat= 0.354 rest= 0.009
  [bmc-incr i=36 repr=1629 active=52996/212397 POs=5473]
BMC : c =  159139  cl =  10257  lit =  210409  p =  3485  d =     0  f =  1988  +  T =     0.34 sec
  [bmc-prof  36] wall= 335.994 p=  5473 | ifo=  2.368(sd=0.269 nx=0.000 tfo=1.412 cnt=0.686) snap= 0.458 srm= 15.807 sat=303.498(set=0.434 slv=302.671 max=1.0211 n=5473) sim=13.448(rmp=0.644 run=12.803) chk= 0.067 stat= 0.341 rest= 0.008
  [bmc-incr i=37 repr=1988 active=48522/210409 POs=5133]
BMC : c =  157562  cl =  10229  lit =  208590  p =  3314  d =     0  f =  1819  +  T =     0.32 sec
  [bmc-prof  37] wall= 319.610 p=  5133 | ifo=  2.403(sd=0.256 nx=0.000 tfo=1.285 cnt=0.862) snap= 0.496 srm= 15.474 sat=287.611(set=0.459 slv=286.790 max=0.9934 n=5133) sim=13.097(rmp=0.676 run=12.420) chk= 0.148 stat= 0.373 rest= 0.008
  [bmc-incr i=38 repr=1819 active=46484/208590 POs=5254]
BMC : c =  155923  cl =  10211  lit =  206709  p =  3373  d =     0  f =  1881  +  T =     0.37 sec
  [bmc-prof  38] wall= 370.451 p=  5254 | ifo=  2.410(sd=0.280 nx=0.000 tfo=1.332 cnt=0.798) snap= 0.411 srm= 15.686 sat=338.531(set=0.414 slv=337.736 max=0.9124 n=5254) sim=12.970(rmp=0.832 run=12.136) chk= 0.129 stat= 0.306 rest= 0.008
  [bmc-incr i=39 repr=1881 active=37026/206709 POs=4231]
BMC : c =  154745  cl =  10183  lit =  205285  p =  2807  d =     0  f =  1424  +  T =     0.30 sec
  [bmc-prof  39] wall= 305.132 p=  4231 | ifo=  2.015(sd=0.244 nx=0.000 tfo=1.067 cnt=0.704) snap= 0.394 srm= 14.850 sat=273.966(set=0.389 slv=273.263 max=1.1874 n=4231) sim=13.446(rmp=0.671 run=12.774) chk= 0.136 stat= 0.319 rest= 0.008
  [bmc-incr i=40 repr=1424 active=33347/205285 POs=4035]
BMC : c =  153593  cl =  10157  lit =  203869  p =  2619  d =     0  f =  1416  +  T =     0.29 sec
  [bmc-prof  40] wall= 290.491 p=  4035 | ifo=  1.923(sd=0.244 nx=0.000 tfo=0.891 cnt=0.788) snap= 0.435 srm= 15.899 sat=257.458(set=0.408 slv=256.728 max=1.6820 n=4035) sim=14.062(rmp=0.673 run=13.387) chk= 0.356 stat= 0.351 rest= 0.008
  [bmc-incr i=41 repr=1416 active=29200/203869 POs=3728]
BMC : c =  152327  cl =  10134  lit =  202254  p =  2113  d =     0  f =  1615  +  T =     0.34 sec
  [bmc-prof  41] wall= 338.667 p=  3728 | ifo=  1.873(sd=0.257 nx=0.000 tfo=0.909 cnt=0.706) snap= 0.394 srm= 16.385 sat=305.908(set=0.390 slv=305.228 max=1.5787 n=3728) sim=13.374(rmp=0.810 run=12.563) chk= 0.434 stat= 0.290 rest= 0.009
  [bmc-incr i=42 repr=1615 active=27232/202254 POs=3402]
BMC : c =  151317  cl =  10116  lit =  200898  p =  2046  d =     0  f =  1356  +  T =     0.28 sec
  [bmc-prof  42] wall= 277.986 p=  3402 | ifo=  1.686(sd=0.237 nx=0.000 tfo=0.804 cnt=0.645) snap= 0.431 srm= 15.845 sat=245.706(set=0.402 slv=245.043 max=1.5580 n=3402) sim=13.493(rmp=0.893 run=12.599) chk= 0.519 stat= 0.299 rest= 0.007
  [bmc-incr i=43 repr=1356 active=25067/200898 POs=3294]
BMC : c =  150465  cl =  10101  lit =  199631  p =  2027  d =     0  f =  1267  +  T =     0.27 sec
  [bmc-prof  43] wall= 266.343 p=  3294 | ifo=  1.981(sd=0.235 nx=0.000 tfo=1.014 cnt=0.731) snap= 0.490 srm= 16.412 sat=233.060(set=0.554 slv=232.249 max=1.4570 n=3294) sim=13.410(rmp=0.831 run=12.578) chk= 0.648 stat= 0.335 rest= 0.008
  [bmc-incr i=44 repr=1267 active=23476/199631 POs=3123]
BMC : c =  149596  cl =  10081  lit =  198371  p =  1863  d =     0  f =  1260  +  T =     0.26 sec
  [bmc-prof  44] wall= 260.384 p=  3123 | ifo=  1.795(sd=0.254 nx=0.000 tfo=0.813 cnt=0.728) snap= 0.398 srm= 16.602 sat=227.108(set=0.410 slv=226.448 max=3.3874 n=3123) sim=13.675(rmp=0.864 run=12.810) chk= 0.489 stat= 0.309 rest= 0.007
  [bmc-incr i=45 repr=1260 active=21775/198371 POs=2983]
BMC : c =  148696  cl =  10066  lit =  197134  p =  1746  d =     0  f =  1237  +  T =     0.27 sec
  [bmc-prof  45] wall= 271.863 p=  2983 | ifo=  1.597(sd=0.238 nx=0.000 tfo=0.728 cnt=0.631) snap= 0.411 srm= 17.048 sat=238.612(set=0.427 slv=237.944 max=1.8724 n=2983) sim=13.461(rmp=0.655 run=12.805) chk= 0.405 stat= 0.321 rest= 0.008
  [bmc-incr i=46 repr=1237 active=19978/197134 POs=2558]
BMC : c =  147989  cl =  10052  lit =  196163  p =  1587  d =     0  f =   971  +  T =     0.24 sec
  [bmc-prof  46] wall= 242.174 p=  2558 | ifo=  1.724(sd=0.263 nx=0.000 tfo=0.748 cnt=0.714) snap= 0.403 srm= 17.115 sat=209.594(set=0.425 slv=208.968 max=1.9669 n=2558) sim=12.824(rmp=0.668 run=12.155) chk= 0.199 stat= 0.307 rest= 0.008
  [bmc-incr i=47 repr=971 active=18580/196163 POs=2253]
BMC : c =  147276  cl =  10037  lit =  195252  p =  1342  d =     0  f =   911  +  T =     0.22 sec
  [bmc-prof  47] wall= 222.494 p=  2253 | ifo=  1.645(sd=0.268 nx=0.000 tfo=0.710 cnt=0.666) snap= 0.405 srm= 17.373 sat=189.693(set=0.454 slv=189.051 max=1.8503 n=2253) sim=12.943(rmp=0.630 run=12.311) chk= 0.121 stat= 0.306 rest= 0.008
  [bmc-incr i=48 repr=911 active=17168/195252 POs=1899]
BMC : c =  146618  cl =  10022  lit =  194503  p =  1150  d =     0  f =   749  +  T =     0.19 sec
  [bmc-prof  48] wall= 192.005 p=  1899 | ifo=  1.718(sd=0.252 nx=0.000 tfo=0.707 cnt=0.760) snap= 0.409 srm= 16.930 sat=160.196(set=0.405 slv=159.641 max=1.8572 n=1899) sim=12.415(rmp=0.653 run=11.761) chk= 0.030 stat= 0.301 rest= 0.007
  [bmc-incr i=49 repr=749 active=15763/194503 POs=1696]
BMC : c =  146005  cl =  10008  lit =  193813  p =  1006  d =     0  f =   690  +  T =     0.19 sec
  [bmc-prof  49] wall= 186.775 p=  1696 | ifo=  1.571(sd=0.244 nx=0.000 tfo=0.654 cnt=0.673) snap= 0.459 srm= 16.780 sat=153.372(set=0.403 slv=152.833 max=1.9429 n=1696) sim=14.258(rmp=0.740 run=13.517) chk= 0.019 stat= 0.307 rest= 0.008
  [bmc-incr i=50 repr=690 active=14967/193813 POs=1570]
BMC : c =  145411  cl =   9996  lit =  193167  p =   924  d =     0  f =   646  +  T =     0.17 sec
  [bmc-prof  50] wall= 167.586 p=  1570 | ifo=  1.520(sd=0.237 nx=0.000 tfo=0.620 cnt=0.663) snap= 0.390 srm= 15.952 sat=135.918(set=0.407 slv=135.384 max=1.2726 n=1570) sim=13.468(rmp=0.686 run=12.781) chk= 0.018 stat= 0.312 rest= 0.007
  [bmc-incr i=51 repr=646 active=13853/193167 POs=1389]
BMC : c =  144839  cl =   9989  lit =  192546  p =   768  d =     0  f =   621  +  T =     0.16 sec
  [bmc-prof  51] wall= 164.363 p=  1389 | ifo=  1.683(sd=0.251 nx=0.000 tfo=0.635 cnt=0.797) snap= 0.419 srm= 16.964 sat=131.106(set=0.428 slv=130.562 max=0.9470 n=1389) sim=13.795(rmp=0.686 run=13.108) chk= 0.019 stat= 0.369 rest= 0.009
  [bmc-incr i=52 repr=621 active=13123/192546 POs=1304]
BMC : c =  144358  cl =   9987  lit =  192022  p =   780  d =     0  f =   524  +  T =     0.15 sec
  [bmc-prof  52] wall= 149.753 p=  1304 | ifo=  1.606(sd=0.250 nx=0.000 tfo=0.633 cnt=0.723) snap= 0.407 srm= 16.466 sat=118.041(set=0.412 slv=117.516 max=0.9291 n=1304) sim=12.897(rmp=1.010 run=11.885) chk= 0.020 stat= 0.309 rest= 0.007
  [bmc-incr i=53 repr=524 active=12236/192022 POs=1172]
BMC : c =  143958  cl =   9984  lit =  191585  p =   735  d =     0  f =   437  +  T =     0.13 sec
  [bmc-prof  53] wall= 129.798 p=  1172 | ifo=  1.458(sd=0.233 nx=0.000 tfo=0.573 cnt=0.652) snap= 0.386 srm= 14.784 sat= 99.467(set=0.380 slv=98.987 max=1.4958 n=1172) sim=13.397(rmp=0.678 run=12.718) chk= 0.012 stat= 0.287 rest= 0.007
  [bmc-incr i=54 repr=437 active=11727/191585 POs=1132]
BMC : c =  143613  cl =   9982  lit =  191205  p =   752  d =     0  f =   380  +  T =     0.12 sec
  [bmc-prof  54] wall= 124.757 p=  1132 | ifo=  1.393(sd=0.228 nx=0.000 tfo=0.521 cnt=0.644) snap= 0.449 srm= 15.923 sat= 92.965(set=0.413 slv=92.459 max=1.4198 n=1132) sim=13.699(rmp=0.695 run=13.003) chk= 0.008 stat= 0.312 rest= 0.007
  [bmc-incr i=55 repr=380 active=9982/191205 POs=1035]
BMC : c =  143298  cl =   9978  lit =  190866  p =   696  d =     0  f =   339  +  T =     0.11 sec
  [bmc-prof  55] wall= 112.162 p=  1035 | ifo=  1.460(sd=0.243 nx=0.000 tfo=0.522 cnt=0.694) snap= 0.399 srm= 16.161 sat= 81.137(set=0.398 slv=80.652 max=1.7345 n=1035) sim=12.604(rmp=0.652 run=11.951) chk= 0.007 stat= 0.386 rest= 0.008
  [bmc-incr i=56 repr=339 active=9575/190866 POs=1037]
BMC : c =  142997  cl =   9977  lit =  190550  p =   721  d =     0  f =   316  +  T =     0.10 sec
  [bmc-prof  56] wall= 102.044 p=  1037 | ifo=  1.637(sd=0.282 nx=0.000 tfo=0.602 cnt=0.753) snap= 0.433 srm= 16.035 sat= 71.147(set=0.397 slv=70.664 max=1.6436 n=1037) sim=12.478(rmp=0.659 run=11.819) chk= 0.005 stat= 0.300 rest= 0.007
  [bmc-incr i=57 repr=316 active=9035/190550 POs=932]
BMC : c =  142707  cl =   9975  lit =  190242  p =   624  d =     0  f =   308  +  T =     0.10 sec
  [bmc-prof  57] wall=  96.039 p=   932 | ifo=  1.421(sd=0.319 nx=0.000 tfo=0.468 cnt=0.634) snap= 0.404 srm= 14.932 sat= 66.353(set=0.399 slv=65.875 max=1.0891 n=932) sim=12.620(rmp=0.820 run=11.799) chk= 0.004 stat= 0.297 rest= 0.008
  [bmc-incr i=58 repr=308 active=8532/190242 POs=837]
BMC : c =  142442  cl =   9974  lit =  189961  p =   556  d =     0  f =   281  +  T =     0.09 sec
  [bmc-prof  58] wall=  93.866 p=   837 | ifo=  1.469(sd=0.247 nx=0.000 tfo=0.484 cnt=0.738) snap= 0.391 srm= 15.864 sat= 63.424(set=0.389 slv=62.963 max=1.7617 n=837) sim=12.400(rmp=0.638 run=11.761) chk= 0.006 stat= 0.305 rest= 0.008
  [bmc-incr i=59 repr=281 active=7913/189961 POs=801]
BMC : c =  142189  cl =   9973  lit =  189694  p =   534  d =     0  f =   267  +  T =     0.09 sec
  [bmc-prof  59] wall=  92.213 p=   801 | ifo=  1.327(sd=0.246 nx=0.000 tfo=0.420 cnt=0.661) snap= 0.378 srm= 15.269 sat= 62.204(set=0.363 slv=61.771 max=2.1970 n=801) sim=12.707(rmp=0.656 run=12.050) chk= 0.004 stat= 0.315 rest= 0.008
  [bmc-incr i=60 repr=267 active=7381/189694 POs=818]
BMC : c =  141936  cl =   9972  lit =  189428  p =   552  d =     0  f =   266  +  T =     0.09 sec
  [bmc-prof  60] wall=  92.812 p=   818 | ifo=  1.393(sd=0.248 nx=0.000 tfo=0.440 cnt=0.705) snap= 0.433 srm= 16.044 sat= 61.384(set=0.394 slv=60.924 max=1.2152 n=818) sim=13.246(rmp=0.674 run=12.571) chk= 0.004 stat= 0.301 rest= 0.007
  [bmc-incr i=61 repr=266 active=6896/189428 POs=705]
BMC : c =  141696  cl =   9971  lit =  189173  p =   450  d =     0  f =   255  +  T =     0.10 sec
  [bmc-prof  61] wall=  97.302 p=   705 | ifo=  1.318(sd=0.228 nx=0.000 tfo=0.405 cnt=0.684) snap= 0.446 srm= 15.770 sat= 66.354(set=0.409 slv=65.884 max=1.0932 n=705) sim=13.101(rmp=0.633 run=12.466) chk= 0.005 stat= 0.301 rest= 0.008
  [bmc-incr i=62 repr=255 active=6574/189173 POs=689]
BMC : c =  141477  cl =   9969  lit =  188940  p =   456  d =     0  f =   233  +  T =     0.09 sec
  [bmc-prof  62] wall=  87.628 p=   689 | ifo=  1.332(sd=0.246 nx=0.000 tfo=0.444 cnt=0.643) snap= 0.403 srm= 16.168 sat= 56.455(set=0.363 slv=56.032 max=1.1863 n=689) sim=12.882(rmp=0.641 run=12.240) chk= 0.005 stat= 0.376 rest= 0.008
  [bmc-incr i=63 repr=233 active=6181/188940 POs=618]
BMC : c =  141286  cl =   9967  lit =  188738  p =   416  d =     0  f =   202  +  T =     0.07 sec
  [bmc-prof  63] wall=  74.187 p=   618 | ifo=  1.286(sd=0.259 nx=0.000 tfo=0.383 cnt=0.644) snap= 0.398 srm= 15.124 sat= 44.555(set=0.352 slv=44.149 max=0.9974 n=618) sim=12.507(rmp=0.641 run=11.865) chk= 0.003 stat= 0.300 rest= 0.014
  [bmc-incr i=64 repr=202 active=5651/188738 POs=599]
BMC : c =  141087  cl =   9965  lit =  188529  p =   390  d =     0  f =   209  +  T =     0.07 sec
  [bmc-prof  64] wall=  74.570 p=   599 | ifo=  1.224(sd=0.231 nx=0.000 tfo=0.353 cnt=0.641) snap= 0.398 srm= 16.030 sat= 44.116(set=0.326 slv=43.740 max=1.0501 n=599) sim=12.466(rmp=0.646 run=11.819) chk= 0.004 stat= 0.324 rest= 0.008
  [bmc-incr i=65 repr=209 active=5307/188529 POs=565]
BMC : c =  140907  cl =   9963  lit =  188340  p =   376  d =     0  f =   189  +  T =     0.07 sec
  [bmc-prof  65] wall=  70.978 p=   565 | ifo=  1.292(sd=0.244 nx=0.000 tfo=0.352 cnt=0.696) snap= 0.411 srm= 15.984 sat= 40.344(set=0.340 slv=39.952 max=1.3307 n=565) sim=12.630(rmp=0.651 run=11.977) chk= 0.003 stat= 0.306 rest= 0.008
  [bmc-incr i=66 repr=189 active=5067/188340 POs=520]
BMC : c =  140743  cl =   9961  lit =  188168  p =   348  d =     0  f =   172  +  T =     0.07 sec
  [bmc-prof  66] wall=  68.927 p=   520 | ifo=  1.300(sd=0.249 nx=0.000 tfo=0.348 cnt=0.703) snap= 0.402 srm= 16.176 sat= 37.270(set=0.317 slv=36.908 max=0.9899 n=520) sim=13.373(rmp=0.817 run=12.555) chk= 0.003 stat= 0.395 rest= 0.008
  [bmc-incr i=67 repr=172 active=4763/188168 POs=466]
BMC : c =  140600  cl =   9960  lit =  188018  p =   316  d =     0  f =   150  +  T =     0.06 sec
  [bmc-prof  67] wall=  63.990 p=   466 | ifo=  1.427(sd=0.267 nx=0.000 tfo=0.370 cnt=0.790) snap= 0.543 srm= 17.040 sat= 31.738(set=0.390 slv=31.309 max=1.0874 n=466) sim=12.892(rmp=0.792 run=12.098) chk= 0.004 stat= 0.340 rest= 0.007
  [bmc-incr i=68 repr=150 active=4557/188018 POs=439]
BMC : c =  140484  cl =   9959  lit =  187897  p =   318  d =     0  f =   121  +  T =     0.06 sec
  [bmc-prof  68] wall=  58.290 p=   439 | ifo=  1.310(sd=0.249 nx=0.000 tfo=0.345 cnt=0.716) snap= 0.393 srm= 16.115 sat= 26.564(set=0.314 slv=26.210 max=1.0893 n=439) sim=13.550(rmp=0.745 run=12.804) chk= 0.002 stat= 0.349 rest= 0.007
  [bmc-incr i=69 repr=121 active=3833/187897 POs=342]
BMC : c =  140397  cl =   9957  lit =  187803  p =   248  d =     0  f =    94  +  T =     0.05 sec
  [bmc-prof  69] wall=  52.597 p=   342 | ifo=  1.240(sd=0.243 nx=0.000 tfo=0.301 cnt=0.696) snap= 0.472 srm= 15.674 sat= 21.440(set=0.395 slv=21.016 max=0.9015 n=342) sim=13.456(rmp=0.668 run=12.787) chk= 0.002 stat= 0.305 rest= 0.008
  [bmc-incr i=70 repr=94 active=3655/187803 POs=319]
BMC : c =  140309  cl =   9955  lit =  187705  p =   221  d =     0  f =    98  +  T =     0.05 sec
  [bmc-prof  70] wall=  49.613 p=   319 | ifo=  1.185(sd=0.234 nx=0.000 tfo=0.288 cnt=0.662) snap= 0.405 srm= 16.241 sat= 18.995(set=0.331 slv=18.638 max=0.9347 n=319) sim=12.475(rmp=0.640 run=11.833) chk= 0.003 stat= 0.301 rest= 0.008
  [bmc-incr i=71 repr=98 active=3376/187705 POs=290]
BMC : c =  140222  cl =   9954  lit =  187609  p =   194  d =     0  f =    96  +  T =     0.05 sec
  [bmc-prof  71] wall=  52.120 p=   290 | ifo=  1.245(sd=0.248 nx=0.000 tfo=0.278 cnt=0.718) snap= 0.411 srm= 16.139 sat= 20.111(set=0.279 slv=19.807 max=1.0467 n=290) sim=13.890(rmp=0.691 run=13.198) chk= 0.002 stat= 0.314 rest= 0.008
  [bmc-incr i=72 repr=96 active=3280/187609 POs=288]
BMC : c =  140138  cl =   9952  lit =  187519  p =   198  d =     0  f =    90  +  T =     0.05 sec
  [bmc-prof  72] wall=  49.825 p=   288 | ifo=  1.172(sd=0.245 nx=0.000 tfo=0.259 cnt=0.668) snap= 0.440 srm= 15.568 sat= 19.017(set=0.302 slv=18.691 max=0.9644 n=288) sim=13.267(rmp=0.665 run=12.601) chk= 0.002 stat= 0.352 rest= 0.008
  [bmc-incr i=73 repr=90 active=3093/187519 POs=236]
BMC : c =  140061  cl =   9950  lit =  187436  p =   153  d =     0  f =    83  +  T =     0.05 sec
  [bmc-prof  73] wall=  48.763 p=   236 | ifo=  1.235(sd=0.253 nx=0.000 tfo=0.261 cnt=0.721) snap= 0.526 srm= 15.950 sat= 17.289(set=0.276 slv=16.989 max=0.9040 n=236) sim=13.397(rmp=0.614 run=12.782) chk= 0.003 stat= 0.355 rest= 0.008
  [bmc-incr i=74 repr=83 active=2924/187436 POs=223]
BMC : c =  139993  cl =   9950  lit =  187364  p =   151  d =     0  f =    72  +  T =     0.05 sec
  [bmc-prof  74] wall=  46.995 p=   223 | ifo=  1.262(sd=0.262 nx=0.000 tfo=0.259 cnt=0.740) snap= 0.405 srm= 16.067 sat= 16.762(set=0.256 slv=16.485 max=1.2475 n=223) sim=12.210(rmp=0.801 run=11.408) chk= 0.001 stat= 0.280 rest= 0.007
  [bmc-incr i=75 repr=72 active=2787/187364 POs=203]
BMC : c =  139942  cl =   9950  lit =  187309  p =   148  d =     0  f =    55  +  T =     0.04 sec
  [bmc-prof  75] wall=  41.736 p=   203 | ifo=  1.103(sd=0.249 nx=0.000 tfo=0.210 cnt=0.644) snap= 0.393 srm= 15.200 sat= 12.443(set=0.269 slv=12.157 max=0.9409 n=203) sim=12.294(rmp=0.710 run=11.582) chk= 0.002 stat= 0.296 rest= 0.007
  [bmc-incr i=76 repr=55 active=2728/187309 POs=200]
BMC : c =  139898  cl =   9950  lit =  187261  p =   152  d =     0  f =    48  +  T =     0.04 sec
  [bmc-prof  76] wall=  44.029 p=   200 | ifo=  1.114(sd=0.224 nx=0.000 tfo=0.214 cnt=0.676) snap= 0.403 srm= 15.782 sat= 14.190(set=0.253 slv=13.918 max=3.8969 n=200) sim=12.236(rmp=0.620 run=11.614) chk= 0.001 stat= 0.294 rest= 0.009
  [bmc-incr i=77 repr=48 active=2641/187261 POs=198]
BMC : c =  139857  cl =   9950  lit =  187216  p =   153  d =     0  f =    45  +  T =     0.04 sec
  [bmc-prof  77] wall=  41.221 p=   198 | ifo=  1.150(sd=0.233 nx=0.000 tfo=0.216 cnt=0.701) snap= 0.432 srm= 16.165 sat= 10.873(set=0.260 slv=10.598 max=1.0038 n=198) sim=12.303(rmp=0.643 run=11.659) chk= 0.001 stat= 0.289 rest= 0.008
  [bmc-incr i=78 repr=45 active=2596/187216 POs=199]
BMC : c =  139818  cl =   9950  lit =  187173  p =   156  d =     0  f =    43  +  T =     0.05 sec
  [bmc-prof  78] wall=  54.152 p=   199 | ifo=  2.811(sd=0.235 nx=0.000 tfo=0.302 cnt=2.273) snap= 0.482 srm= 23.267 sat= 13.013(set=0.354 slv=12.641 max=1.1666 n=199) sim=14.234(rmp=0.697 run=13.536) chk= 0.002 stat= 0.335 rest= 0.009
  [bmc-incr i=79 repr=43 active=2516/187173 POs=198]
BMC : c =  139781  cl =   9950  lit =  187132  p =   157  d =     0  f =    41  +  T =     0.04 sec
  [bmc-prof  79] wall=  42.134 p=   198 | ifo=  1.208(sd=0.249 nx=0.000 tfo=0.226 cnt=0.734) snap= 0.408 srm= 16.542 sat= 11.237(set=0.257 slv=10.964 max=0.9403 n=198) sim=12.412(rmp=0.639 run=11.772) chk= 0.001 stat= 0.318 rest= 0.008
  [bmc-incr i=80 repr=41 active=2475/187132 POs=200]
BMC : c =  139747  cl =   9949  lit =  187093  p =   161  d =     0  f =    39  +  T =     0.04 sec
  [bmc-prof  80] wall=  44.714 p=   200 | ifo=  1.191(sd=0.249 nx=0.000 tfo=0.221 cnt=0.721) snap= 0.412 srm= 17.650 sat= 11.185(set=0.596 slv=10.571 max=1.0599 n=200) sim=13.961(rmp=0.657 run=13.303) chk= 0.002 stat= 0.307 rest= 0.008
  [bmc-incr i=81 repr=39 active=1948/187093 POs=153]
BMC : c =  139716  cl =   9949  lit =  187057  p =   117  d =     0  f =    36  +  T =     0.04 sec
  [bmc-prof  81] wall=  38.199 p=   153 | ifo=  1.054(sd=0.241 nx=0.000 tfo=0.160 cnt=0.652) snap= 0.403 srm= 14.862 sat=  9.267(set=0.181 slv=9.073 max=0.8909 n=153) sim=12.310(rmp=0.595 run=11.714) chk= 0.002 stat= 0.295 rest= 0.008
  [bmc-incr i=82 repr=36 active=1912/187057 POs=182]
BMC : c =  139676  cl =   9943  lit =  186996  p =   121  d =     0  f =    61  +  T =     0.04 sec
  [bmc-prof  82] wall=  41.243 p=   182 | ifo=  1.046(sd=0.244 nx=0.000 tfo=0.158 cnt=0.644) snap= 0.414 srm= 15.232 sat= 11.991(set=0.174 slv=11.801 max=0.9877 n=182) sim=12.244(rmp=0.623 run=11.620) chk= 0.010 stat= 0.299 rest= 0.007
  [bmc-incr i=83 repr=61 active=1626/186996 POs=263]
BMC : c =  139641  cl =   9943  lit =  186885  p =   152  d =     0  f =   111  +  T =     0.04 sec
  [bmc-prof  83] wall=  43.831 p=   263 | ifo=  1.328(sd=0.515 nx=0.000 tfo=0.106 cnt=0.707) snap= 0.397 srm= 15.153 sat= 14.491(set=0.201 slv=14.268 max=0.5199 n=263) sim=12.115(rmp=0.613 run=11.501) chk= 0.049 stat= 0.291 rest= 0.007
  [bmc-incr i=84 repr=111 active=1510/186885 POs=311]
BMC : c =  139548  cl =   9943  lit =  186727  p =   153  d =     0  f =   158  +  T =     0.05 sec
  [bmc-prof  84] wall=  50.279 p=   311 | ifo=  0.984(sd=0.224 nx=0.000 tfo=0.090 cnt=0.671) snap= 0.394 srm= 16.913 sat= 19.493(set=0.175 slv=19.295 max=2.2886 n=311) sim=12.155(rmp=0.627 run=11.527) chk= 0.033 stat= 0.297 rest= 0.010
  [bmc-incr i=85 repr=158 active=1336/186727 POs=298]
BMC : c =  139525  cl =   9943  lit =  186700  p =   271  d =     0  f =    27  +  T =     0.04 sec
  [bmc-prof  85] wall=  40.361 p=   298 | ifo=  0.978(sd=0.232 nx=0.000 tfo=0.087 cnt=0.658) snap= 0.385 srm= 14.334 sat= 10.739(set=0.174 slv=10.540 max=2.8406 n=298) sim=13.592(rmp=0.680 run=12.911) chk= 0.001 stat= 0.324 rest= 0.007
  [bmc-incr i=86 repr=27 active=1242/186700 POs=249]
BMC : c =  139503  cl =   9943  lit =  186674  p =   223  d =     0  f =    26  +  T =     0.04 sec
  [bmc-prof  86] wall=  40.362 p=   249 | ifo=  1.053(sd=0.257 nx=0.000 tfo=0.091 cnt=0.706) snap= 0.379 srm= 15.126 sat= 10.132(set=0.180 slv=9.934 max=2.5358 n=249) sim=13.348(rmp=0.854 run=12.492) chk= 0.001 stat= 0.314 rest= 0.008
  [bmc-incr i=87 repr=26 active=755/186674 POs=89]
BMC : c =  139487  cl =   9943  lit =  186654  p =    69  d =     0  f =    20  +  T =     0.04 sec
  [bmc-prof  87] wall=  36.515 p=    89 | ifo=  1.013(sd=0.255 nx=0.000 tfo=0.057 cnt=0.702) snap= 0.397 srm= 15.513 sat=  6.845(set=0.173 slv=6.665 max=2.3420 n=89) sim=12.432(rmp=0.585 run=11.845) chk= 0.001 stat= 0.305 rest= 0.008
  [bmc-incr i=88 repr=20 active=718/186654 POs=90]
BMC : c =  139473  cl =   9943  lit =  186636  p =    72  d =     0  f =    18  +  T =     0.04 sec
  [bmc-prof  88] wall=  36.336 p=    90 | ifo=  1.013(sd=0.254 nx=0.000 tfo=0.054 cnt=0.705) snap= 0.389 srm= 15.649 sat=  6.757(set=0.176 slv=6.573 max=2.4552 n=90) sim=12.216(rmp=0.660 run=11.554) chk= 0.001 stat= 0.303 rest= 0.008
  [bmc-incr i=89 repr=18 active=700/186636 POs=93]
BMC : c =  139459  cl =   9943  lit =  186618  p =    75  d =     0  f =    18  +  T =     0.04 sec
  [bmc-prof  89] wall=  36.238 p=    93 | ifo=  0.940(sd=0.246 nx=0.000 tfo=0.051 cnt=0.644) snap= 0.390 srm= 14.417 sat=  6.714(set=0.182 slv=6.525 max=2.3980 n=93) sim=13.448(rmp=0.745 run=12.702) chk= 0.001 stat= 0.320 rest= 0.007
  [bmc-incr i=90 repr=18 active=665/186618 POs=96]
BMC : c =  139445  cl =   9943  lit =  186600  p =    78  d =     0  f =    18  +  T =     0.04 sec
  [bmc-prof  90] wall=  39.120 p=    96 | ifo=  1.030(sd=0.247 nx=0.000 tfo=0.050 cnt=0.732) snap= 0.403 srm= 15.594 sat=  7.933(set=0.184 slv=7.742 max=3.1132 n=96) sim=13.828(rmp=0.661 run=13.167) chk= 0.001 stat= 0.321 rest= 0.010
  [bmc-incr i=91 repr=18 active=647/186600 POs=98]
BMC : c =  139431  cl =   9942  lit =  186582  p =    80  d =     0  f =    18  +  T =     0.04 sec
  [bmc-prof  91] wall=  37.921 p=    98 | ifo=  1.023(sd=0.243 nx=0.000 tfo=0.050 cnt=0.730) snap= 0.398 srm= 14.982 sat=  7.448(set=0.183 slv=7.257 max=2.6990 n=98) sim=13.645(rmp=0.641 run=13.003) chk= 0.001 stat= 0.417 rest= 0.007
  [bmc-incr i=92 repr=18 active=611/186582 POs=80]
BMC : c =  139412  cl =   9939  lit =  186559  p =    57  d =     0  f =    23  +  T =     0.04 sec
  [bmc-prof  92] wall=  39.075 p=    80 | ifo=  0.994(sd=0.243 nx=0.000 tfo=0.048 cnt=0.702) snap= 0.411 srm= 15.282 sat=  8.330(set=0.186 slv=8.135 max=2.8915 n=80) sim=13.735(rmp=0.661 run=13.073) chk= 0.001 stat= 0.314 rest= 0.008
  [bmc-incr i=93 repr=23 active=511/186559 POs=57]
BMC : c =  139391  cl =   9938  lit =  186536  p =    34  d =     0  f =    23  +  T =     0.04 sec
  [bmc-prof  93] wall=  38.856 p=    57 | ifo=  1.080(sd=0.279 nx=0.000 tfo=0.050 cnt=0.751) snap= 0.406 srm= 15.293 sat=  8.061(set=0.184 slv=7.872 max=2.8636 n=57) sim=13.655(rmp=0.642 run=13.012) chk= 0.001 stat= 0.353 rest= 0.007
  [bmc-incr i=94 repr=23 active=469/186536 POs=51]
BMC : c =  139374  cl =   9937  lit =  186518  p =    33  d =     0  f =    18  +  T =     0.04 sec
  [bmc-prof  94] wall=  35.392 p=    51 | ifo=  1.010(sd=0.248 nx=0.000 tfo=0.048 cnt=0.713) snap= 0.382 srm= 15.397 sat=  6.514(set=0.183 slv=6.326 max=2.4342 n=51) sim=11.808(rmp=0.573 run=11.233) chk= 0.000 stat= 0.271 rest= 0.009
  [bmc-incr i=95 repr=18 active=372/186518 POs=26]
BMC : c =  139356  cl =   9935  lit =  186498  p =     6  d =     0  f =    20  +  T =     0.04 sec
  [bmc-prof  95] wall=  45.017 p=    26 | ifo=  0.903(sd=0.220 nx=0.000 tfo=0.046 cnt=0.637) snap= 0.385 srm= 16.580 sat= 12.709(set=0.638 slv=12.066 max=3.7246 n=26) sim=14.106(rmp=0.709 run=13.396) chk= 0.001 stat= 0.324 rest= 0.010
  [bmc-incr i=96 repr=20 active=256/186498 POs=22]
BMC : c =  139339  cl =   9935  lit =  186481  p =     5  d =     0  f =    17  +  T =     0.04 sec
  [bmc-prof  96] wall=  36.538 p=    22 | ifo=  1.296(sd=0.249 nx=0.000 tfo=0.046 cnt=1.001) snap= 0.400 srm= 14.705 sat=  6.499(set=0.132 slv=6.363 max=2.5137 n=22) sim=13.316(rmp=0.635 run=12.680) chk= 0.001 stat= 0.312 rest= 0.010
  [bmc-incr i=97 repr=17 active=238/186481 POs=13]
BMC : c =  139330  cl =   9935  lit =  186472  p =     4  d =     0  f =     9  +  T =     0.04 sec
  [bmc-prof  97] wall=  35.517 p=    13 | ifo=  1.005(sd=0.245 nx=0.000 tfo=0.045 cnt=0.716) snap= 0.406 srm= 15.256 sat=  5.191(set=0.134 slv=5.054 max=2.5028 n=13) sim=13.378(rmp=0.659 run=12.717) chk= 0.000 stat= 0.272 rest= 0.007
  [bmc-incr i=98 repr=9 active=177/186472 POs=10]
BMC : c =  139321  cl =   9935  lit =  186463  p =     1  d =     0  f =     9  +  T =     0.03 sec
  [bmc-prof  98] wall=  34.442 p=    10 | ifo=  0.863(sd=0.229 nx=0.000 tfo=0.015 cnt=0.619) snap= 0.410 srm= 14.298 sat=  4.851(set=0.133 slv=4.714 max=2.3040 n=10) sim=13.681(rmp=0.627 run=13.053) chk= 0.000 stat= 0.330 rest= 0.009
  [bmc-incr i=99 repr=9 active=168/186463 POs=8]
BMC : c =  139314  cl =   9935  lit =  186456  p =     1  d =     0  f =     7  +  T =     0.03 sec
  [bmc-prof  99] wall=  33.028 p=     8 | ifo=  0.996(sd=0.258 nx=0.000 tfo=0.013 cnt=0.724) snap= 0.407 srm= 15.086 sat=  3.983(set=0.130 slv=3.851 max=2.1861 n=8) sim=12.261(rmp=0.558 run=11.702) chk= 0.000 stat= 0.288 rest= 0.007
  [bmc-incr i=100 repr=7 active=143/186456 POs=7]
BMC : c =  139307  cl =   9935  lit =  186449  p =     0  d =     0  f =     7  +  T =     0.03 sec
  [bmc-prof 100] wall=  34.505 p=     7 | ifo=  0.906(sd=0.234 nx=0.000 tfo=0.017 cnt=0.655) snap= 0.388 srm= 14.749 sat=  4.481(set=0.128 slv=4.350 max=2.4818 n=7) sim=13.670(rmp=0.749 run=12.920) chk= 0.000 stat= 0.300 rest= 0.011
  [bmc-incr i=101 repr=7 active=136/186449 POs=5]
BMC : c =  139302  cl =   9935  lit =  186444  p =     0  d =     0  f =     5  +  T =     0.03 sec
  [bmc-prof 101] wall=  34.887 p=     5 | ifo=  0.973(sd=0.240 nx=0.000 tfo=0.011 cnt=0.722) snap= 0.427 srm= 15.308 sat=  4.064(set=0.108 slv=3.952 max=2.3723 n=5) sim=13.818(rmp=0.823 run=12.993) chk= 0.000 stat= 0.289 rest= 0.008
  [bmc-incr i=102 repr=5 active=131/186444 POs=5]
BMC : c =  139297  cl =   9935  lit =  186439  p =     0  d =     0  f =     5  +  T =     0.03 sec
  [bmc-prof 102] wall=  32.050 p=     5 | ifo=  0.907(sd=0.228 nx=0.000 tfo=0.009 cnt=0.669) snap= 0.388 srm= 14.567 sat=  3.634(set=0.107 slv=3.526 max=2.1611 n=5) sim=12.121(rmp=0.567 run=11.553) chk= 0.001 stat= 0.424 rest= 0.008
  [bmc-incr i=103 repr=5 active=126/186439 POs=5]
BMC : c =  139292  cl =   9935  lit =  186434  p =     0  d =     0  f =     5  +  T =     0.03 sec
  [bmc-prof 103] wall=  32.969 p=     5 | ifo=  0.936(sd=0.228 nx=0.000 tfo=0.008 cnt=0.699) snap= 0.396 srm= 14.464 sat=  3.803(set=0.108 slv=3.692 max=2.2759 n=5) sim=13.054(rmp=0.848 run=12.204) chk= 0.000 stat= 0.299 rest= 0.017
  [bmc-incr i=104 repr=5 active=121/186434 POs=5]
BMC : c =  139287  cl =   9935  lit =  186429  p =     0  d =     0  f =     5  +  T =     0.03 sec
  [bmc-prof 104] wall=  33.698 p=     5 | ifo=  0.922(sd=0.237 nx=0.000 tfo=0.008 cnt=0.676) snap= 0.708 srm= 15.741 sat=  3.818(set=0.123 slv=3.692 max=2.3172 n=5) sim=12.212(rmp=0.664 run=11.547) chk= 0.000 stat= 0.290 rest= 0.007
  [bmc-incr i=105 repr=5 active=116/186429 POs=5]
BMC : c =  139282  cl =   9935  lit =  186424  p =     0  d =     0  f =     5  +  T =     0.03 sec
  [bmc-prof 105] wall=  32.763 p=     5 | ifo=  0.905(sd=0.220 nx=0.000 tfo=0.008 cnt=0.676) snap= 0.407 srm= 15.030 sat=  3.658(set=0.107 slv=3.549 max=2.1756 n=5) sim=12.447(rmp=0.559 run=11.887) chk= 0.000 stat= 0.307 rest= 0.008
  [bmc-incr i=106 repr=5 active=111/186424 POs=5]
BMC : c =  139277  cl =   9935  lit =  186419  p =     0  d =     0  f =     5  +  T =     0.03 sec
  [bmc-prof 106] wall=  32.665 p=     5 | ifo=  0.955(sd=0.250 nx=0.000 tfo=0.008 cnt=0.696) snap= 0.400 srm= 14.781 sat=  3.830(set=0.113 slv=3.715 max=2.3141 n=5) sim=12.421(rmp=0.655 run=11.765) chk= 0.000 stat= 0.272 rest= 0.007
  [bmc-incr i=107 repr=5 active=106/186419 POs=5]
BMC : c =  139272  cl =   9935  lit =  186414  p =     0  d =     0  f =     5  +  T =     0.03 sec
  [bmc-prof 107] wall=  33.565 p=     5 | ifo=  0.887(sd=0.234 nx=0.000 tfo=0.010 cnt=0.643) snap= 0.395 srm= 14.488 sat=  4.424(set=0.110 slv=4.311 max=2.8043 n=5) sim=13.046(rmp=0.600 run=12.444) chk= 0.000 stat= 0.319 rest= 0.007
  [bmc-incr i=108 repr=5 active=101/186414 POs=5]
BMC : c =  139267  cl =   9935  lit =  186409  p =     0  d =     0  f =     5  +  T =     0.04 sec
  [bmc-prof 108] wall=  35.515 p=     5 | ifo=  1.005(sd=0.271 nx=0.000 tfo=0.009 cnt=0.724) snap= 0.394 srm= 15.222 sat=  4.139(set=0.118 slv=4.018 max=2.5129 n=5) sim=14.372(rmp=0.699 run=13.672) chk= 0.000 stat= 0.375 rest= 0.008
  [bmc-incr i=109 repr=5 active=96/186409 POs=5]
BMC : c =  139262  cl =   9935  lit =  186404  p =     0  d =     0  f =     5  +  T =     0.03 sec
  [bmc-prof 109] wall=  34.328 p=     5 | ifo=  1.064(sd=0.290 nx=0.000 tfo=0.008 cnt=0.766) snap= 0.389 srm= 14.082 sat=  4.788(set=0.137 slv=4.647 max=2.8495 n=5) sim=13.700(rmp=0.747 run=12.952) chk= 0.000 stat= 0.297 rest= 0.007
  [bmc-incr i=110 repr=5 active=91/186404 POs=5]
BMC : c =  139257  cl =   9935  lit =  186399  p =     0  d =     0  f =     5  +  T =     0.03 sec
  [bmc-prof 110] wall=  32.014 p=     5 | ifo=  0.883(sd=0.233 nx=0.000 tfo=0.008 cnt=0.642) snap= 0.410 srm= 14.394 sat=  3.812(set=0.110 slv=3.700 max=2.2847 n=5) sim=12.235(rmp=0.589 run=11.645) chk= 0.000 stat= 0.271 rest= 0.009
  [bmc-incr i=111 repr=5 active=86/186399 POs=5]
BMC : c =  139252  cl =   9935  lit =  186394  p =     0  d =     0  f =     5  +  T =     0.03 sec
  [bmc-prof 111] wall=  32.752 p=     5 | ifo=  0.862(sd=0.225 nx=0.000 tfo=0.009 cnt=0.629) snap= 0.394 srm= 14.977 sat=  3.829(set=0.126 slv=3.702 max=2.2830 n=5) sim=12.398(rmp=0.578 run=11.818) chk= 0.000 stat= 0.283 rest= 0.008
  [bmc-incr i=112 repr=5 active=81/186394 POs=5]
BMC : c =  139247  cl =   9935  lit =  186389  p =     0  d =     0  f =     5  +  T =     0.03 sec
  [bmc-prof 112] wall=  32.292 p=     5 | ifo=  0.910(sd=0.235 nx=0.000 tfo=0.007 cnt=0.668) snap= 0.392 srm= 14.660 sat=  3.736(set=0.103 slv=3.630 max=2.1923 n=5) sim=12.295(rmp=0.570 run=11.724) chk= 0.000 stat= 0.292 rest= 0.007
  [bmc-incr i=113 repr=5 active=76/186389 POs=5]
BMC : c =  139242  cl =   9935  lit =  186384  p =     0  d =     0  f =     5  +  T =     0.03 sec
  [bmc-prof 113] wall=  34.080 p=     5 | ifo=  0.899(sd=0.228 nx=0.000 tfo=0.008 cnt=0.663) snap= 0.421 srm= 14.366 sat=  4.443(set=0.109 slv=4.330 max=2.8473 n=5) sim=13.541(rmp=0.608 run=12.931) chk= 0.000 stat= 0.401 rest= 0.009
  [bmc-incr i=114 repr=5 active=71/186384 POs=5]
BMC : c =  139237  cl =   9935  lit =  186379  p =     0  d =     0  f =     5  +  T =     0.04 sec
  [bmc-prof 114] wall=  35.837 p=     5 | ifo=  1.115(sd=0.312 nx=0.000 tfo=0.009 cnt=0.794) snap= 0.495 srm= 16.300 sat=  3.871(set=0.125 slv=3.744 max=2.3007 n=5) sim=13.732(rmp=0.621 run=13.110) chk= 0.000 stat= 0.316 rest= 0.008
  [bmc-incr i=115 repr=5 active=66/186379 POs=5]
BMC : c =  139232  cl =   9935  lit =  186374  p =     0  d =     0  f =     5  +  T =     0.03 sec
  [bmc-prof 115] wall=  32.577 p=     5 | ifo=  0.958(sd=0.244 nx=0.000 tfo=0.008 cnt=0.705) snap= 0.396 srm= 14.765 sat=  4.079(set=0.110 slv=3.966 max=2.4541 n=5) sim=12.098(rmp=0.572 run=11.526) chk= 0.000 stat= 0.274 rest= 0.006
  [bmc-incr i=116 repr=5 active=61/186374 POs=5]
BMC : c =  139227  cl =   9935  lit =  186369  p =     0  d =     0  f =     5  +  T =     0.03 sec
  [bmc-prof 116] wall=  34.685 p=     5 | ifo=  0.893(sd=0.250 nx=0.000 tfo=0.008 cnt=0.635) snap= 0.399 srm= 14.822 sat=  4.251(set=0.117 slv=4.132 max=2.6083 n=5) sim=13.946(rmp=0.675 run=13.269) chk= 0.000 stat= 0.362 rest= 0.011
  [bmc-incr i=117 repr=5 active=56/186369 POs=5]
BMC : c =  139222  cl =   9935  lit =  186364  p =     0  d =     0  f =     5  +  T =     0.03 sec
  [bmc-prof 117] wall=  33.700 p=     5 | ifo=  1.017(sd=0.254 nx=0.000 tfo=0.008 cnt=0.755) snap= 0.419 srm= 15.938 sat=  4.020(set=0.107 slv=3.909 max=2.4216 n=5) sim=12.006(rmp=0.622 run=11.384) chk= 0.000 stat= 0.290 rest= 0.010
  [bmc-incr i=118 repr=5 active=51/186364 POs=5]
BMC : c =  139217  cl =   9935  lit =  186359  p =     0  d =     0  f =     5  +  T =     0.03 sec
  [bmc-prof 118] wall=  33.983 p=     5 | ifo=  0.911(sd=0.232 nx=0.000 tfo=0.007 cnt=0.672) snap= 0.379 srm= 14.555 sat=  4.481(set=0.105 slv=4.373 max=2.8121 n=5) sim=13.315(rmp=0.621 run=12.693) chk= 0.000 stat= 0.332 rest= 0.009
  [bmc-incr i=119 repr=5 active=46/186359 POs=5]
BMC : c =  139212  cl =   9935  lit =  186354  p =     0  d =     0  f =     5  +  T =     0.03 sec
  [bmc-prof 119] wall=  35.013 p=     5 | ifo=  0.974(sd=0.247 nx=0.000 tfo=0.008 cnt=0.720) snap= 0.390 srm= 15.254 sat=  4.183(set=0.109 slv=4.072 max=2.5850 n=5) sim=13.881(rmp=0.654 run=13.226) chk= 0.000 stat= 0.321 rest= 0.009
  [bmc-incr i=120 repr=5 active=41/186354 POs=5]
BMC : c =  139207  cl =   9935  lit =  186349  p =     0  d =     0  f =     5  +  T =     0.03 sec
  [bmc-prof 120] wall=  34.662 p=     5 | ifo=  0.999(sd=0.245 nx=0.000 tfo=0.008 cnt=0.745) snap= 0.410 srm= 15.197 sat=  4.284(set=0.185 slv=4.096 max=2.2925 n=5) sim=13.451(rmp=0.586 run=12.865) chk= 0.000 stat= 0.311 rest= 0.008
  [bmc-incr i=121 repr=5 active=36/186349 POs=5]
BMC : c =  139202  cl =   9935  lit =  186344  p =     0  d =     0  f =     5  +  T =     0.03 sec
  [bmc-prof 121] wall=  33.914 p=     5 | ifo=  0.960(sd=0.240 nx=0.000 tfo=0.006 cnt=0.714) snap= 0.406 srm= 15.026 sat=  4.035(set=0.108 slv=3.925 max=2.3746 n=5) sim=13.150(rmp=0.609 run=12.541) chk= 0.000 stat= 0.328 rest= 0.008
  [bmc-incr i=122 repr=5 active=31/186344 POs=5]
BMC : c =  139197  cl =   9935  lit =  186339  p =     0  d =     0  f =     5  +  T =     0.03 sec
  [bmc-prof 122] wall=  35.099 p=     5 | ifo=  1.017(sd=0.253 nx=0.000 tfo=0.007 cnt=0.756) snap= 0.403 srm= 15.268 sat=  4.330(set=0.122 slv=4.205 max=2.5583 n=5) sim=13.748(rmp=0.663 run=13.083) chk= 0.000 stat= 0.325 rest= 0.009
  [bmc-incr i=123 repr=5 active=26/186339 POs=4]
BMC : c =  139193  cl =   9935  lit =  186335  p =     0  d =     0  f =     4  +  T =     0.03 sec
  [bmc-prof 123] wall=  35.302 p=     4 | ifo=  0.992(sd=0.270 nx=0.000 tfo=0.008 cnt=0.714) snap= 0.385 srm= 15.198 sat=  3.640(set=0.099 slv=3.539 max=2.4658 n=4) sim=14.697(rmp=0.733 run=13.962) chk= 0.000 stat= 0.381 rest= 0.008
  [bmc-incr i=124 repr=4 active=22/186335 POs=4]
BMC : c =  139189  cl =   9935  lit =  186331  p =     0  d =     0  f =     4  +  T =     0.03 sec
  [bmc-prof 124] wall=  34.481 p=     4 | ifo=  1.031(sd=0.290 nx=0.000 tfo=0.007 cnt=0.734) snap= 0.383 srm= 14.295 sat=  4.146(set=0.103 slv=4.041 max=2.8890 n=4) sim=14.296(rmp=0.786 run=13.509) chk= 0.000 stat= 0.320 rest= 0.010
  [bmc-incr i=125 repr=4 active=18/186331 POs=4]
BMC : c =  139186  cl =   9935  lit =  186327  p =     0  d =     0  f =     4  +  T =     0.04 sec
  [bmc-prof 125] wall=  39.364 p=     4 | ifo=  0.965(sd=0.236 nx=0.000 tfo=0.007 cnt=0.722) snap= 0.423 srm= 19.133 sat=  5.039(set=0.853 slv=4.183 max=3.0094 n=4) sim=13.442(rmp=0.580 run=12.861) chk= 0.000 stat= 0.354 rest= 0.007
  [bmc-incr i=126 repr=4 active=14/186327 POs=4]
BMC : c =  139183  cl =   9934  lit =  186323  p =     0  d =     0  f =     4  +  T =     0.04 sec
  [bmc-prof 126] wall=  39.751 p=     4 | ifo=  1.013(sd=0.271 nx=0.000 tfo=0.006 cnt=0.736) snap= 0.419 srm= 18.947 sat=  5.605(set=1.057 slv=4.544 max=3.2532 n=4) sim=13.474(rmp=0.664 run=12.809) chk= 0.000 stat= 0.285 rest= 0.007
  [bmc-incr i=127 repr=4 active=10/186323 POs=2]
BMC : c =  139181  cl =   9934  lit =  186321  p =     0  d =     0  f =     2  +  T =     0.03 sec
  [bmc-prof 127] wall=  31.021 p=     2 | ifo=  0.897(sd=0.239 nx=0.000 tfo=0.005 cnt=0.653) snap= 0.420 srm= 14.859 sat=  0.737(set=0.053 slv=0.682 max=0.4458 n=2) sim=13.754(rmp=0.590 run=13.163) chk= 0.000 stat= 0.345 rest= 0.008
  [bmc-incr i=128 repr=2 active=8/186321 POs=2]
BMC : c =  139179  cl =   9934  lit =  186319  p =     0  d =     0  f =     2  +  T =     0.03 sec
  [bmc-prof 128] wall=  30.161 p=     2 | ifo=  0.994(sd=0.252 nx=0.000 tfo=0.007 cnt=0.735) snap= 0.397 srm= 15.594 sat=  0.720(set=0.052 slv=0.667 max=0.4337 n=2) sim=12.166(rmp=0.594 run=11.570) chk= 0.000 stat= 0.279 rest= 0.010
  [bmc-incr i=129 repr=2 active=6/186319 POs=1]
BMC : c =  139178  cl =   9934  lit =  186318  p =     0  d =     0  f =     1  +  T =     0.03 sec
  [bmc-prof 129] wall=  28.886 p=     1 | ifo=  0.902(sd=0.241 nx=0.000 tfo=0.005 cnt=0.656) snap= 0.471 srm= 14.175 sat=  0.276(set=0.032 slv=0.243 max=0.2432 n=1) sim=12.722(rmp=0.569 run=12.153) chk= 0.000 stat= 0.332 rest= 0.007
  [bmc-incr i=130 repr=1 active=5/186318 POs=1]
BMC : c =  139177  cl =   9934  lit =  186317  p =     0  d =     0  f =     1  +  T =     0.03 sec
  [bmc-prof 130] wall=  30.492 p=     1 | ifo=  0.989(sd=0.242 nx=0.000 tfo=0.005 cnt=0.742) snap= 0.395 srm= 14.921 sat=  0.286(set=0.033 slv=0.250 max=0.2503 n=1) sim=13.587(rmp=0.582 run=13.003) chk= 0.000 stat= 0.306 rest= 0.008
  [bmc-incr i=131 repr=1 active=4/186317 POs=1]
BMC : c =  139176  cl =   9934  lit =  186316  p =     0  d =     0  f =     1  +  T =     0.03 sec
  [bmc-prof 131] wall=  28.587 p=     1 | ifo=  0.959(sd=0.237 nx=0.000 tfo=0.004 cnt=0.718) snap= 0.382 srm= 14.744 sat=  0.274(set=0.032 slv=0.241 max=0.2408 n=1) sim=11.922(rmp=0.551 run=11.370) chk= 0.000 stat= 0.296 rest= 0.010
  [bmc-incr i=132 repr=1 active=3/186316 POs=0]
  [bmc-prof ALL] wall=22311.924 p=510343 | ifo=292.522(sd=33.723 nx=0.000 tfo=166.315 cnt=92.483) snap=55.828 srm=2189.373 sat=17938.777(set=54.303 slv=17847.022 max=4.4690 n=510343) sim=1781.226(rmp=89.720 run=1691.357) chk=10.114 stat=42.311 rest= 1.773
  1 : c =  138774  cl =   9902  lit =  185087  p = 23550  d =     0  f =  1236  +  T =     0.16 sec
  [prof   1] wall= 164.510 p= 24786 | ifo=  0.000(sd=0.000 nx=0.000 tfo=0.000 cnt=0.000) snap= 0.408 srm= 26.218 sat=119.280(set=1.964 slv=115.815 max=0.6864 n=24786) sim=17.964(rmp=0.642 run=17.321) chk= 0.076 stat= 0.316 rest= 0.248
  2 : c =  138277  cl =   9871  lit =  183843  p = 24061  d =     0  f =  1246  +  T =     0.17 sec
  [prof   2] wall= 167.661 p= 25307 | ifo=  7.554(sd=0.243 nx=0.200 tfo=6.577 cnt=0.534) snap= 0.381 srm= 25.553 sat=115.710(set=1.701 slv=112.551 max=0.3642 n=25307) sim=17.932(rmp=0.635 run=17.296) chk= 0.081 stat= 0.305 rest= 0.144
  3 : c =  137375  cl =   9852  lit =  182638  p = 24170  d =     0  f =  1206  -  T =     0.19 sec
  [prof   3] wall= 192.785 p= 25376 | ifo=  5.818(sd=0.255 nx=0.194 tfo=4.800 cnt=0.568) snap= 0.404 srm= 48.967 sat=119.233(set=3.320 slv=114.415 max=0.6647 n=25376) sim=17.837(rmp=0.681 run=17.153) chk= 0.070 stat= 0.294 rest= 0.163
  4 : c =  136463  cl =   9841  lit =  180921  p = 24810  d =     0  f =  1717  -  T =     0.19 sec
  [prof   4] wall= 187.192 p= 26527 | ifo=  5.742(sd=0.263 nx=0.320 tfo=4.604 cnt=0.554) snap= 0.412 srm= 21.792 sat=139.292(set=1.526 slv=136.352 max=0.8404 n=26527) sim=19.550(rmp=0.680 run=18.868) chk= 0.104 stat= 0.295 rest= 0.005
  5 : c =  135569  cl =   9831  lit =  179200  p = 25515  d =     0  f =  1721  -  T =     0.19 sec
  [prof   5] wall= 193.464 p= 27236 | ifo=  5.554(sd=0.266 nx=0.196 tfo=4.503 cnt=0.589) snap= 0.399 srm= 19.220 sat=148.279(set=1.613 slv=145.083 max=0.6073 n=27236) sim=19.399(rmp=0.695 run=18.703) chk= 0.108 stat= 0.500 rest= 0.005
  6 : c =  134685  cl =   9815  lit =  177457  p = 26166  d =     0  f =  1744  -  T =     0.19 sec
  [prof   6] wall= 194.720 p= 27910 | ifo=  5.689(sd=0.266 nx=0.209 tfo=4.606 cnt=0.608) snap= 0.404 srm= 18.826 sat=149.434(set=1.536 slv=146.349 max=2.7230 n=27910) sim=19.945(rmp=0.699 run=19.243) chk= 0.108 stat= 0.311 rest= 0.004
  7 : c =  133803  cl =   9787  lit =  175717  p = 26820  d =     0  f =  1740  -  T =     0.19 sec
  [prof   7] wall= 190.446 p= 28560 | ifo=  5.977(sd=0.259 nx=0.206 tfo=4.894 cnt=0.618) snap= 0.548 srm= 20.226 sat=144.364(set=1.622 slv=141.154 max=0.3730 n=28560) sim=18.895(rmp=0.647 run=18.247) chk= 0.122 stat= 0.309 rest= 0.005
  8 : c =  132704  cl =   9747  lit =  173801  p = 27202  d =     0  f =  1916  -  T =     0.20 sec
  [prof   8] wall= 200.204 p= 29118 | ifo=  5.515(sd=0.279 nx=0.202 tfo=4.472 cnt=0.563) snap= 0.413 srm= 19.531 sat=154.097(set=1.844 slv=150.595 max=0.4557 n=29118) sim=20.227(rmp=0.744 run=19.481) chk= 0.105 stat= 0.311 rest= 0.005
  9 : c =  131474  cl =   9709  lit =  171707  p = 27713  d =     0  f =  2094  -  T =     0.21 sec
  [prof   9] wall= 207.636 p= 29807 | ifo=  5.624(sd=0.260 nx=0.201 tfo=4.514 cnt=0.649) snap= 0.434 srm= 19.623 sat=162.052(set=1.714 slv=158.607 max=0.2657 n=29807) sim=19.444(rmp=0.688 run=18.754) chk= 0.109 stat= 0.346 rest= 0.004
 10 : c =  130225  cl =   9651  lit =  169539  p = 28154  d =     0  f =  2168  -  T =     0.22 sec
  [prof  10] wall= 220.229 p= 30322 | ifo=  5.552(sd=0.267 nx=0.232 tfo=4.436 cnt=0.617) snap= 0.525 srm= 20.127 sat=174.638(set=1.964 slv=170.125 max=0.7773 n=30322) sim=18.971(rmp=0.687 run=18.283) chk= 0.112 stat= 0.298 rest= 0.004
 11 : c =  129013  cl =   9586  lit =  167409  p = 28575  d =     0  f =  2139  -  T =     0.22 sec
  [prof  11] wall= 221.813 p= 30714 | ifo=  4.966(sd=0.267 nx=0.196 tfo=3.939 cnt=0.564) snap= 0.419 srm= 19.963 sat=177.404(set=2.096 slv=173.570 max=0.3423 n=30714) sim=18.632(rmp=0.791 run=17.839) chk= 0.110 stat= 0.314 rest= 0.005
  [incr r=11 repr=2132 next=1695 tfo=290062 active=123380/176995 POs=19888]
 12 : c =  127832  cl =   9524  lit =  165369  p = 17846  d =     0  f =  2042  -  T =     0.20 sec
  [prof  12] wall= 204.755 p= 19888 | ifo=  5.613(sd=0.262 nx=0.191 tfo=4.515 cnt=0.645) snap= 0.377 srm= 16.585 sat=163.685(set=1.431 slv=161.074 max=0.3247 n=19888) sim=18.024(rmp=0.619 run=17.404) chk= 0.094 stat= 0.368 rest= 0.008
  [incr r=12 repr=2053 next=1604 tfo=289103 active=120949/174893 POs=20246]
 13 : c =  126583  cl =   9459  lit =  163311  p = 18181  d =     0  f =  2065  -  T =     0.22 sec
  [prof  13] wall= 224.171 p= 20246 | ifo=  5.189(sd=0.264 nx=0.208 tfo=4.134 cnt=0.583) snap= 0.417 srm= 19.026 sat=180.503(set=1.429 slv=177.817 max=0.9384 n=20246) sim=18.572(rmp=0.638 run=17.932) chk= 0.090 stat= 0.366 rest= 0.007
  [incr r=13 repr=2072 next=1492 tfo=287108 active=118358/172770 POs=20398]
 14 : c =  125235  cl =   9392  lit =  161212  p = 18299  d =     0  f =  2099  -  T =     0.23 sec
  [prof  14] wall= 227.591 p= 20398 | ifo=  5.092(sd=0.258 nx=0.215 tfo=4.047 cnt=0.571) snap= 0.387 srm= 16.948 sat=184.715(set=1.399 slv=182.079 max=0.5610 n=20398) sim=20.018(rmp=0.669 run=19.347) chk= 0.093 stat= 0.329 rest= 0.008
  [incr r=14 repr=2130 next=1408 tfo=285511 active=115652/170604 POs=20557]
 15 : c =  123879  cl =   9323  lit =  159077  p = 18422  d =     0  f =  2135  -  T =     0.23 sec
  [prof  15] wall= 232.758 p= 20557 | ifo=  5.212(sd=0.252 nx=0.196 tfo=4.144 cnt=0.620) snap= 0.384 srm= 16.608 sat=191.730(set=1.488 slv=189.025 max=2.6749 n=20557) sim=18.418(rmp=0.638 run=17.778) chk= 0.087 stat= 0.313 rest= 0.007
  [incr r=15 repr=2209 next=1442 tfo=283259 active=112977/168400 POs=20798]
 16 : c =  122427  cl =   9261  lit =  156832  p = 18553  d =     0  f =  2245  -  T =     0.24 sec
  [prof  16] wall= 237.950 p= 20798 | ifo=  4.809(sd=0.246 nx=0.190 tfo=3.825 cnt=0.548) snap= 0.398 srm= 18.645 sat=194.264(set=1.341 slv=191.695 max=0.3773 n=20798) sim=19.347(rmp=0.704 run=18.642) chk= 0.104 stat= 0.339 rest= 0.045
  [incr r=16 repr=2288 next=1476 tfo=281767 active=110214/166093 POs=20758]
 17 : c =  120974  cl =   9170  lit =  154624  p = 18532  d =     0  f =  2226  -  T =     0.23 sec
  [prof  17] wall= 231.936 p= 20758 | ifo=  4.902(sd=0.267 nx=0.205 tfo=3.888 cnt=0.541) snap= 0.378 srm= 16.836 sat=191.219(set=1.381 slv=188.564 max=0.3021 n=20758) sim=18.193(rmp=0.667 run=17.525) chk= 0.082 stat= 0.318 rest= 0.008
  [incr r=17 repr=2306 next=1363 tfo=279861 active=107573/163794 POs=20559]
 18 : c =  119507  cl =   9082  lit =  152433  p = 18362  d =     0  f =  2197  -  T =     0.24 sec
  [prof  18] wall= 240.471 p= 20559 | ifo=  4.887(sd=0.255 nx=0.201 tfo=3.879 cnt=0.551) snap= 0.401 srm= 17.476 sat=198.767(set=1.409 slv=196.145 max=0.9128 n=20559) sim=18.528(rmp=0.703 run=17.823) chk= 0.078 stat= 0.329 rest= 0.007
  [incr r=18 repr=2306 next=1303 tfo=277483 active=104453/161515 POs=20201]
 19 : c =  117953  cl =   8984  lit =  150202  p = 17966  d =     0  f =  2235  -  T =     0.26 sec
  [prof  19] wall= 258.883 p= 20201 | ifo=  5.259(sd=0.245 nx=0.191 tfo=4.046 cnt=0.777) snap= 0.397 srm= 17.317 sat=216.832(set=1.371 slv=214.230 max=1.4786 n=20201) sim=18.637(rmp=0.639 run=17.997) chk= 0.089 stat= 0.344 rest= 0.008
  [incr r=19 repr=2435 next=1199 tfo=280086 active=102439/159186 POs=20075]
 20 : c =  116333  cl =   8868  lit =  147883  p = 17745  d =     0  f =  2330  -  T =     0.27 sec
  [prof  20] wall= 270.250 p= 20075 | ifo=  5.003(sd=0.262 nx=0.200 tfo=3.967 cnt=0.575) snap= 0.367 srm= 17.258 sat=228.268(set=1.404 slv=225.698 max=0.7848 n=20075) sim=18.911(rmp=0.683 run=18.226) chk= 0.088 stat= 0.349 rest= 0.007
  [incr r=20 repr=2499 next=1219 tfo=277823 active=99295/156751 POs=19279]
 21 : c =  114714  cl =   8739  lit =  145591  p = 16977  d =     0  f =  2302  -  T =     0.27 sec
  [prof  21] wall= 272.287 p= 19279 | ifo=  4.941(sd=0.260 nx=0.206 tfo=3.912 cnt=0.562) snap= 0.377 srm= 18.247 sat=230.318(set=1.457 slv=227.721 max=0.3480 n=19279) sim=17.930(rmp=0.618 run=17.310) chk= 0.091 stat= 0.375 rest= 0.008
  [incr r=21 repr=2374 next=1132 tfo=274566 active=96075/154330 POs=18469]
 22 : c =  113012  cl =   8595  lit =  143245  p = 16114  d =     0  f =  2355  -  T =     0.30 sec
  [prof  22] wall= 295.539 p= 18469 | ifo=  5.495(sd=0.272 nx=0.214 tfo=4.405 cnt=0.604) snap= 0.424 srm= 17.472 sat=247.664(set=2.233 slv=244.290 max=0.4721 n=18469) sim=24.031(rmp=0.743 run=23.287) chk= 0.096 stat= 0.350 rest= 0.008
  [incr r=22 repr=2469 next=1039 tfo=265980 active=91674/151840 POs=17108]
 23 : c =  111258  cl =   8475  lit =  140997  p = 14849  d =     0  f =  2259  -  T =     0.29 sec
  [prof  23] wall= 292.669 p= 17108 | ifo=  5.537(sd=0.277 nx=0.247 tfo=4.405 cnt=0.608) snap= 0.447 srm= 18.898 sat=249.577(set=1.570 slv=246.943 max=0.4319 n=17108) sim=17.793(rmp=0.669 run=17.123) chk= 0.079 stat= 0.332 rest= 0.007
  [incr r=23 repr=2380 next=813 tfo=256489 active=88392/149472 POs=15968]
 24 : c =  109501  cl =   8339  lit =  138790  p = 13738  d =     0  f =  2230  -  T =     0.30 sec
  [prof  24] wall= 301.820 p= 15968 | ifo=  4.667(sd=0.251 nx=0.197 tfo=3.663 cnt=0.557) snap= 0.386 srm= 17.998 sat=258.859(set=1.487 slv=256.351 max=0.4634 n=15968) sim=19.256(rmp=0.705 run=18.549) chk= 0.232 stat= 0.416 rest= 0.007
  [incr r=24 repr=2283 next=712 tfo=252895 active=84836/147129 POs=14904]
 25 : c =  107689  cl =   8192  lit =  136578  p = 12654  d =     0  f =  2250  -  T =     0.31 sec
  [prof  25] wall= 307.348 p= 14904 | ifo=  5.361(sd=0.266 nx=0.226 tfo=4.234 cnt=0.636) snap= 0.408 srm= 18.552 sat=263.546(set=1.493 slv=261.093 max=0.4852 n=14904) sim=19.055(rmp=0.703 run=18.350) chk= 0.066 stat= 0.351 rest= 0.008
  [incr r=25 repr=2384 next=592 tfo=252404 active=82317/144770 POs=13845]
 26 : c =  105845  cl =   8061  lit =  134392  p = 11628  d =     0  f =  2217  -  T =     0.33 sec
  [prof  26] wall= 331.815 p= 13845 | ifo=  4.844(sd=0.273 nx=0.226 tfo=3.770 cnt=0.575) snap= 0.401 srm= 18.473 sat=287.830(set=1.524 slv=285.411 max=0.4179 n=13845) sim=19.801(rmp=0.748 run=19.051) chk= 0.050 stat= 0.375 rest= 0.041
  [incr r=26 repr=2332 next=505 tfo=242883 active=78630/142453 POs=12577]
 27 : c =  103935  cl =   7935  lit =  132181  p = 10337  d =     0  f =  2240  -  T =     0.32 sec
  [prof  27] wall= 321.890 p= 12577 | ifo=  5.084(sd=0.272 nx=0.215 tfo=3.555 cnt=1.042) snap= 0.387 srm= 17.673 sat=280.822(set=1.855 slv=278.146 max=0.4714 n=12577) sim=17.465(rmp=0.732 run=16.731) chk= 0.052 stat= 0.401 rest= 0.007
  [incr r=27 repr=2270 next=429 tfo=239795 active=75361/140116 POs=11468]
 28 : c =  102055  cl =   7814  lit =  130016  p =  9265  d =     0  f =  2203  -  T =     0.30 sec
  [prof  28] wall= 303.811 p= 11468 | ifo=  4.747(sd=0.285 nx=0.229 tfo=3.634 cnt=0.599) snap= 0.557 srm= 17.551 sat=262.353(set=1.368 slv=260.229 max=0.5504 n=11468) sim=18.204(rmp=0.871 run=17.332) chk= 0.046 stat= 0.346 rest= 0.007
  [incr r=28 repr=2236 next=391 tfo=237909 active=73124/137830 POs=10705]
 29 : c =  100421  cl =   7708  lit =  128055  p =  8701  d =     0  f =  2004  -  T =     0.27 sec
  [prof  29] wall= 273.059 p= 10705 | ifo=  4.545(sd=0.252 nx=0.209 tfo=3.473 cnt=0.611) snap= 0.396 srm= 17.369 sat=231.620(set=1.441 slv=229.470 max=0.5684 n=10705) sim=18.715(rmp=0.949 run=17.764) chk= 0.048 stat= 0.357 rest= 0.009
  [incr r=29 repr=2110 next=449 tfo=240731 active=73284/135763 POs=10139]
 30 : c =   99081  cl =   7583  lit =  126353  p =  8383  d =     0  f =  1756  -  T =     0.23 sec
  [prof  30] wall= 229.986 p= 10139 | ifo=  4.448(sd=0.258 nx=0.221 tfo=3.423 cnt=0.547) snap= 0.395 srm= 16.643 sat=190.316(set=1.451 slv=188.208 max=0.5305 n=10139) sim=17.778(rmp=0.653 run=17.123) chk= 0.058 stat= 0.340 rest= 0.007
  [incr r=30 repr=1846 next=493 tfo=242404 active=73258/133936 POs=9900]
 31 : c =   97813  cl =   7511  lit =  124816  p =  8322  d =     0  f =  1578  -  T =     0.23 sec
  [prof  31] wall= 228.604 p=  9900 | ifo=  4.754(sd=0.263 nx=0.238 tfo=3.698 cnt=0.555) snap= 0.420 srm= 17.740 sat=186.779(set=1.496 slv=184.628 max=0.9378 n=9900) sim=18.542(rmp=0.728 run=17.812) chk= 0.043 stat= 0.317 rest= 0.008
  [incr r=31 repr=1652 next=380 tfo=255799 active=87461/132327 POs=10073]
 32 : c =   96653  cl =   7432  lit =  123423  p =  8649  d =     0  f =  1424  -  T =     0.22 sec
  [prof  32] wall= 222.312 p= 10073 | ifo=  4.353(sd=0.270 nx=0.213 tfo=3.351 cnt=0.519) snap= 0.415 srm= 17.933 sat=181.339(set=1.582 slv=179.092 max=0.6043 n=10073) sim=17.915(rmp=0.655 run=17.258) chk= 0.040 stat= 0.308 rest= 0.007
  [incr r=32 repr=1506 next=329 tfo=231162 active=65577/130855 POs=9088]
 33 : c =   95528  cl =   7376  lit =  122079  p =  7713  d =     0  f =  1375  -  T =     0.21 sec
  [prof  33] wall= 212.527 p=  9088 | ifo=  4.124(sd=0.242 nx=0.193 tfo=3.131 cnt=0.558) snap= 0.406 srm= 17.047 sat=171.767(set=1.417 slv=169.754 max=0.4977 n=9088) sim=18.689(rmp=0.665 run=18.023) chk= 0.052 stat= 0.434 rest= 0.007
  [incr r=33 repr=1452 next=327 tfo=229208 active=63633/129455 POs=8818]
 34 : c =   94477  cl =   7328  lit =  120848  p =  7565  d =     0  f =  1253  -  T =     0.21 sec
  [prof  34] wall= 213.574 p=  8818 | ifo=  4.855(sd=0.325 nx=0.271 tfo=3.685 cnt=0.573) snap= 0.410 srm= 18.123 sat=172.306(set=1.763 slv=169.952 max=0.7106 n=8818) sim=17.513(rmp=0.765 run=16.747) chk= 0.037 stat= 0.322 rest= 0.008
  [incr r=34 repr=1328 next=247 tfo=226276 active=62018/128176 POs=8514]
 35 : c =   93457  cl =   7291  lit =  119694  p =  7337  d =     0  f =  1177  -  T =     0.20 sec
  [prof  35] wall= 198.391 p=  8514 | ifo=  4.202(sd=0.251 nx=0.197 tfo=3.204 cnt=0.550) snap= 0.382 srm= 17.610 sat=156.492(set=1.432 slv=154.499 max=0.5159 n=8514) sim=19.318(rmp=1.111 run=18.205) chk= 0.030 stat= 0.346 rest= 0.011
  [incr r=35 repr=1213 next=194 tfo=204004 active=55327/126985 POs=7393]
 36 : c =   92504  cl =   7258  lit =  118624  p =  6310  d =     0  f =  1083  -  T =     0.19 sec
  [prof  36] wall= 188.923 p=  7393 | ifo=  3.877(sd=0.300 nx=0.207 tfo=2.774 cnt=0.596) snap= 0.396 srm= 17.664 sat=149.287(set=1.649 slv=147.147 max=0.4738 n=7393) sim=17.280(rmp=0.857 run=16.421) chk= 0.033 stat= 0.343 rest= 0.042
  [incr r=36 repr=1128 next=170 tfo=200644 active=53697/125882 POs=7148]
 37 : c =   91607  cl =   7244  lit =  117646  p =  6165  d =     0  f =   983  -  T =     0.17 sec
  [prof  37] wall= 174.120 p=  7148 | ifo=  4.264(sd=0.247 nx=0.204 tfo=3.169 cnt=0.645) snap= 0.412 srm= 16.095 sat=135.029(set=1.843 slv=132.707 max=0.3625 n=7148) sim=17.932(rmp=0.657 run=17.273) chk= 0.028 stat= 0.351 rest= 0.008
  [incr r=37 repr=1034 next=125 tfo=198442 active=52365/124890 POs=7026]
 38 : c =   90643  cl =   7237  lit =  116599  p =  5979  d =     0  f =  1047  -  T =     0.20 sec
  [prof  38] wall= 198.547 p=  7026 | ifo=  3.846(sd=0.261 nx=0.213 tfo=2.807 cnt=0.566) snap= 0.389 srm= 17.480 sat=157.980(set=1.684 slv=155.794 max=0.5060 n=7026) sim=18.426(rmp=0.805 run=17.620) chk= 0.030 stat= 0.387 rest= 0.008
  [incr r=38 repr=1091 next=140 tfo=190993 active=50107/123836 POs=6607]
 39 : c =   89816  cl =   7215  lit =  115683  p =  5680  d =     0  f =   927  -  T =     0.19 sec
  [prof  39] wall= 187.306 p=  6607 | ifo=  3.851(sd=0.325 nx=0.255 tfo=2.716 cnt=0.555) snap= 0.520 srm= 18.450 sat=145.632(set=1.577 slv=143.549 max=0.5198 n=6607) sim=18.455(rmp=0.702 run=17.752) chk= 0.029 stat= 0.360 rest= 0.008
  [incr r=39 repr=972 next=131 tfo=189466 active=48906/122898 POs=6449]
 40 : c =   89026  cl =   7204  lit =  114829  p =  5594  d =     0  f =   855  -  T =     0.17 sec
  [prof  40] wall= 167.432 p=  6449 | ifo=  3.936(sd=0.280 nx=0.222 tfo=2.841 cnt=0.593) snap= 0.407 srm= 16.571 sat=127.906(set=1.586 slv=125.896 max=1.0677 n=6449) sim=18.229(rmp=0.680 run=17.548) chk= 0.025 stat= 0.350 rest= 0.008
  [incr r=40 repr=905 next=96 tfo=212392 active=59698/122033 POs=7743]
 41 : c =   88250  cl =   7197  lit =  114005  p =  6919  d =     0  f =   824  -  T =     0.17 sec
  [prof  41] wall= 167.265 p=  7743 | ifo=  4.177(sd=0.256 nx=0.213 tfo=2.969 cnt=0.738) snap= 0.386 srm= 17.215 sat=127.830(set=1.444 slv=125.875 max=0.3934 n=7743) sim=17.266(rmp=0.669 run=16.595) chk= 0.027 stat= 0.343 rest= 0.020
  [incr r=41 repr=869 next=74 tfo=186152 active=47229/121202 POs=6128]
 42 : c =   87577  cl =   7190  lit =  113291  p =  5414  d =     0  f =   714  -  T =     0.14 sec
  [prof  42] wall= 143.851 p=  6128 | ifo=  3.914(sd=0.254 nx=0.212 tfo=2.749 cnt=0.698) snap= 0.441 srm= 17.907 sat=103.468(set=1.392 slv=101.648 max=0.5140 n=6128) sim=17.698(rmp=0.660 run=17.037) chk= 0.028 stat= 0.384 rest= 0.009
  [incr r=42 repr=756 next=62 tfo=176941 active=45237/120481 POs=5810]
 43 : c =   86932  cl =   7184  lit =  112609  p =  5127  d =     0  f =   683  -  T =     0.14 sec
  [prof  43] wall= 137.657 p=  5810 | ifo=  3.999(sd=0.287 nx=0.267 tfo=2.837 cnt=0.608) snap= 0.422 srm= 17.362 sat= 98.084(set=1.364 slv=96.332 max=0.4407 n=5810) sim=17.436(rmp=0.714 run=16.721) chk= 0.018 stat= 0.326 rest= 0.009
  [incr r=43 repr=725 next=54 tfo=175109 active=44296/119793 POs=5643]
 44 : c =   86344  cl =   7178  lit =  111989  p =  5019  d =     0  f =   624  -  T =     0.12 sec
  [prof  44] wall= 124.470 p=  5643 | ifo=  3.367(sd=0.240 nx=0.213 tfo=2.368 cnt=0.546) snap= 0.429 srm= 14.896 sat= 88.350(set=1.214 slv=86.738 max=0.8172 n=5643) sim=17.076(rmp=0.660 run=16.415) chk= 0.014 stat= 0.329 rest= 0.008
  [incr r=44 repr=632 next=50 tfo=166559 active=41882/119167 POs=5196]
 45 : c =   85806  cl =   7173  lit =  111416  p =  4622  d =     0  f =   574  -  T =     0.12 sec
  [prof  45] wall= 117.834 p=  5196 | ifo=  3.206(sd=0.240 nx=0.199 tfo=2.243 cnt=0.524) snap= 0.411 srm= 13.701 sat= 81.636(set=1.440 slv=79.845 max=0.7011 n=5196) sim=18.499(rmp=0.701 run=17.796) chk= 0.020 stat= 0.351 rest= 0.008
  [incr r=45 repr=593 next=51 tfo=163091 active=41055/118589 POs=5072]
 46 : c =   85280  cl =   7170  lit =  110851  p =  4507  d =     0  f =   565  -  T =     0.11 sec
  [prof  46] wall= 113.346 p=  5072 | ifo=  3.470(sd=0.258 nx=0.234 tfo=2.403 cnt=0.575) snap= 0.379 srm= 13.490 sat= 75.346(set=1.159 slv=73.870 max=0.6249 n=5072) sim=20.269(rmp=3.055 run=17.212) chk= 0.020 stat= 0.364 rest= 0.008
  [incr r=46 repr=592 next=65 tfo=160011 active=40186/118021 POs=4852]
 47 : c =   84795  cl =   7166  lit =  110332  p =  4333  d =     0  f =   519  -  T =     0.11 sec
  [prof  47] wall= 106.817 p=  4852 | ifo=  3.085(sd=0.271 nx=0.204 tfo=2.078 cnt=0.532) snap= 0.407 srm= 16.968 sat= 67.891(set=1.183 slv=66.412 max=0.4486 n=4852) sim=18.085(rmp=0.655 run=17.428) chk= 0.017 stat= 0.356 rest= 0.007
  [incr r=47 repr=562 next=50 tfo=158272 active=39426/117498 POs=4734]
 48 : c =   84341  cl =   7164  lit =  109832  p =  4234  d =     0  f =   500  -  T =     0.11 sec
  [prof  48] wall= 105.661 p=  4734 | ifo=  3.145(sd=0.260 nx=0.211 tfo=2.004 cnt=0.670) snap= 0.432 srm= 12.313 sat= 70.785(set=1.206 slv=69.271 max=0.5254 n=4734) sim=18.607(rmp=0.648 run=17.957) chk= 0.023 stat= 0.346 rest= 0.008
  [incr r=48 repr=513 next=75 tfo=151380 active=38463/116996 POs=4560]
 49 : c =   83903  cl =   7163  lit =  109357  p =  4085  d =     0  f =   475  -  T =     0.11 sec
  [prof  49] wall= 106.221 p=  4560 | ifo=  2.923(sd=0.265 nx=0.268 tfo=1.871 cnt=0.519) snap= 0.400 srm= 12.364 sat= 71.489(set=1.006 slv=69.863 max=0.4764 n=4560) sim=18.681(rmp=0.777 run=17.903) chk= 0.019 stat= 0.337 rest= 0.008
  [incr r=49 repr=648 next=61 tfo=150060 active=37813/116520 POs=4486]
 50 : c =   83482  cl =   7163  lit =  108891  p =  4020  d =     0  f =   466  -  T =     0.10 sec
  [prof  50] wall= 102.271 p=  4486 | ifo=  3.404(sd=0.266 nx=0.212 tfo=2.341 cnt=0.584) snap= 0.369 srm= 12.328 sat= 67.402(set=1.001 slv=66.120 max=0.9739 n=4486) sim=18.422(rmp=0.699 run=17.721) chk= 0.021 stat= 0.317 rest= 0.008
  [incr r=50 repr=622 next=68 tfo=149193 active=37185/116054 POs=4405]
 51 : c =   83108  cl =   7163  lit =  108485  p =  3999  d =     0  f =   406  -  T =     0.09 sec
  [prof  51] wall=  94.135 p=  4405 | ifo=  3.006(sd=0.315 nx=0.209 tfo=1.892 cnt=0.590) snap= 0.390 srm= 12.591 sat= 60.830(set=0.992 slv=59.557 max=0.5918 n=4405) sim=16.958(rmp=0.679 run=16.277) chk= 0.016 stat= 0.337 rest= 0.008
  [incr r=51 repr=428 next=51 tfo=147461 active=36529/115648 POs=4370]
 52 : c =   82706  cl =   7161  lit =  108040  p =  3925  d =     0  f =   445  -  T =     0.10 sec
  [prof  52] wall=  99.268 p=  4370 | ifo=  2.805(sd=0.263 nx=0.209 tfo=1.745 cnt=0.589) snap= 0.420 srm= 12.194 sat= 66.844(set=0.959 slv=65.604 max=0.4491 n=4370) sim=16.665(rmp=0.668 run=15.995) chk= 0.014 stat= 0.319 rest= 0.008
  [incr r=52 repr=460 next=68 tfo=144995 active=35449/115201 POs=4284]
 53 : c =   82337  cl =   7157  lit =  107641  p =  3885  d =     0  f =   399  -  T =     0.09 sec
  [prof  53] wall=  90.256 p=  4284 | ifo=  2.712(sd=0.238 nx=0.211 tfo=1.712 cnt=0.551) snap= 0.375 srm= 11.747 sat= 58.362(set=1.093 slv=56.977 max=0.5493 n=4284) sim=16.670(rmp=0.640 run=16.029) chk= 0.015 stat= 0.368 rest= 0.007
  [incr r=53 repr=403 next=51 tfo=144085 active=34877/114798 POs=4250]
 54 : c =   81977  cl =   7156  lit =  107246  p =  3855  d =     0  f =   395  -  T =     0.09 sec
  [prof  54] wall=  88.118 p=  4250 | ifo=  3.029(sd=0.304 nx=0.238 tfo=1.890 cnt=0.597) snap= 0.478 srm= 12.657 sat= 53.968(set=1.101 slv=52.590 max=0.4322 n=4250) sim=17.650(rmp=0.701 run=16.947) chk= 0.014 stat= 0.315 rest= 0.007
  [incr r=54 repr=396 next=58 tfo=143462 active=34384/114402 POs=4222]
 55 : c =   81648  cl =   7155  lit =  106888  p =  3864  d =     0  f =   358  -  T =     0.08 sec
  [prof  55] wall=  79.455 p=  4222 | ifo=  2.576(sd=0.235 nx=0.201 tfo=1.611 cnt=0.529) snap= 0.393 srm= 12.548 sat= 47.334(set=0.978 slv=46.091 max=0.4262 n=4222) sim=16.277(rmp=0.653 run=15.623) chk= 0.012 stat= 0.310 rest= 0.006
  [incr r=55 repr=369 next=51 tfo=142204 active=33773/114043 POs=4207]
 56 : c =   81315  cl =   7152  lit =  106525  p =  3844  d =     0  f =   363  -  T =     0.08 sec
  [prof  56] wall=  81.750 p=  4207 | ifo=  2.643(sd=0.242 nx=0.189 tfo=1.593 cnt=0.619) snap= 0.441 srm= 14.172 sat= 47.057(set=0.928 slv=45.862 max=0.4872 n=4207) sim=17.087(rmp=0.710 run=16.375) chk= 0.011 stat= 0.331 rest= 0.008
  [incr r=56 repr=363 next=51 tfo=141462 active=33274/113677 POs=4166]
 57 : c =   81019  cl =   7148  lit =  106201  p =  3842  d =     0  f =   324  -  T =     0.08 sec
  [prof  57] wall=  78.531 p=  4166 | ifo=  2.655(sd=0.261 nx=0.196 tfo=1.659 cnt=0.539) snap= 0.379 srm= 11.588 sat= 46.913(set=1.028 slv=45.612 max=0.4586 n=4166) sim=16.658(rmp=0.652 run=16.005) chk= 0.012 stat= 0.318 rest= 0.007
  [incr r=57 repr=331 next=45 tfo=139850 active=32689/113349 POs=4106]
 58 : c =   80761  cl =   7147  lit =  105920  p =  3825  d =     0  f =   281  -  T =     0.06 sec
  [prof  58] wall=  64.385 p=  4106 | ifo=  2.541(sd=0.235 nx=0.202 tfo=1.585 cnt=0.520) snap= 0.383 srm= 11.391 sat= 32.160(set=1.072 slv=30.844 max=0.2465 n=4106) sim=17.568(rmp=0.670 run=16.897) chk= 0.011 stat= 0.326 rest= 0.006
  [incr r=58 repr=281 next=41 tfo=137462 active=31893/113067 POs=4098]
 59 : c =   80498  cl =   7146  lit =  105629  p =  3807  d =     0  f =   291  -  T =     0.07 sec
  [prof  59] wall=  66.956 p=  4098 | ifo=  2.734(sd=0.235 nx=0.217 tfo=1.550 cnt=0.732) snap= 0.375 srm= 11.674 sat= 34.624(set=0.936 slv=33.436 max=0.3715 n=4098) sim=17.163(rmp=0.742 run=16.419) chk= 0.012 stat= 0.368 rest= 0.007
  [incr r=59 repr=291 next=48 tfo=133302 active=30291/112775 POs=3990]
 60 : c =   80240  cl =   7144  lit =  105327  p =  3688  d =     0  f =   302  -  T =     0.07 sec
  [prof  60] wall=  65.723 p=  3990 | ifo=  2.412(sd=0.232 nx=0.194 tfo=1.478 cnt=0.508) snap= 0.366 srm= 11.141 sat= 34.689(set=0.912 slv=33.539 max=0.4968 n=3990) sim=16.688(rmp=0.662 run=16.024) chk= 0.012 stat= 0.407 rest= 0.007
  [incr r=60 repr=305 next=75 tfo=132168 active=29750/112471 POs=3967]
 61 : c =   80003  cl =   7142  lit =  105037  p =  3677  d =     0  f =   290  -  T =     0.06 sec
  [prof  61] wall=  63.610 p=  3967 | ifo=  2.555(sd=0.300 nx=0.253 tfo=1.468 cnt=0.534) snap= 0.397 srm= 11.219 sat= 31.398(set=0.952 slv=30.214 max=0.3236 n=3967) sim=17.688(rmp=0.658 run=17.028) chk= 0.013 stat= 0.332 rest= 0.008
  [incr r=61 repr=290 next=84 tfo=131024 active=29285/112179 POs=3901]
 62 : c =   79783  cl =   7139  lit =  104766  p =  3630  d =     0  f =   271  -  T =     0.06 sec
  [prof  62] wall=  61.706 p=  3901 | ifo=  2.489(sd=0.240 nx=0.203 tfo=1.443 cnt=0.604) snap= 0.381 srm= 11.373 sat= 30.434(set=0.883 slv=29.309 max=0.2362 n=3901) sim=16.702(rmp=0.638 run=16.062) chk= 0.012 stat= 0.308 rest= 0.008
  [incr r=62 repr=271 next=82 tfo=129998 active=28823/111905 POs=3933]
 63 : c =   79526  cl =   7138  lit =  104474  p =  3641  d =     0  f =   292  -  T =     0.06 sec
  [prof  63] wall=  62.302 p=  3933 | ifo=  2.441(sd=0.257 nx=0.194 tfo=1.456 cnt=0.534) snap= 0.357 srm= 10.848 sat= 30.096(set=0.881 slv=28.975 max=0.2580 n=3933) sim=18.236(rmp=0.931 run=17.304) chk= 0.011 stat= 0.306 rest= 0.008
  [incr r=63 repr=292 next=59 tfo=128881 active=28390/111612 POs=3940]
 64 : c =   79286  cl =   7138  lit =  104198  p =  3664  d =     0  f =   276  -  T =     0.06 sec
  [prof  64] wall=  62.290 p=  3940 | ifo=  2.496(sd=0.253 nx=0.199 tfo=1.446 cnt=0.598) snap= 0.363 srm= 10.727 sat= 31.326(set=0.862 slv=30.238 max=0.2425 n=3940) sim=17.003(rmp=0.635 run=16.367) chk= 0.022 stat= 0.347 rest= 0.007
  [incr r=64 repr=276 next=60 tfo=127785 active=27927/111336 POs=3914]
 65 : c =   79056  cl =   7134  lit =  103930  p =  3646  d =     0  f =   268  -  T =     0.06 sec
  [prof  65] wall=  59.274 p=  3914 | ifo=  2.414(sd=0.234 nx=0.214 tfo=1.432 cnt=0.534) snap= 0.416 srm= 10.837 sat= 28.182(set=0.908 slv=27.051 max=0.2738 n=3914) sim=17.117(rmp=0.633 run=16.483) chk= 0.010 stat= 0.290 rest= 0.007
  [incr r=65 repr=268 next=62 tfo=126679 active=27544/111064 POs=3859]
 66 : c =   78825  cl =   7131  lit =  103660  p =  3589  d =     0  f =   270  -  T =     0.06 sec
  [prof  66] wall=  63.940 p=  3859 | ifo=  2.514(sd=0.250 nx=0.207 tfo=1.523 cnt=0.533) snap= 0.384 srm= 11.310 sat= 31.072(set=1.125 slv=29.709 max=0.2816 n=3859) sim=18.312(rmp=0.679 run=17.632) chk= 0.011 stat= 0.329 rest= 0.008
  [incr r=66 repr=270 next=63 tfo=125439 active=27075/110791 POs=3821]
 67 : c =   78617  cl =   7129  lit =  103416  p =  3577  d =     0  f =   244  -  T =     0.06 sec
  [prof  67] wall=  61.989 p=  3821 | ifo=  2.575(sd=0.274 nx=0.242 tfo=1.464 cnt=0.595) snap= 0.377 srm= 11.695 sat= 30.501(set=0.892 slv=29.375 max=0.3023 n=3821) sim=16.495(rmp=0.648 run=15.845) chk= 0.021 stat= 0.319 rest= 0.007
  [incr r=67 repr=244 next=57 tfo=123954 active=26711/110545 POs=3764]
 68 : c =   78426  cl =   7127  lit =  103193  p =  3541  d =     0  f =   223  -  T =     0.06 sec
  [prof  68] wall=  61.808 p=  3764 | ifo=  2.356(sd=0.230 nx=0.214 tfo=1.386 cnt=0.526) snap= 0.358 srm= 10.706 sat= 30.127(set=0.872 slv=28.994 max=0.2583 n=3764) sim=17.879(rmp=0.686 run=17.191) chk= 0.011 stat= 0.364 rest= 0.007
  [incr r=68 repr=223 next=53 tfo=122526 active=26281/110320 POs=3718]
 69 : c =   78242  cl =   7124  lit =  102979  p =  3504  d =     0  f =   214  -  T =     0.06 sec
  [prof  69] wall=  59.623 p=  3718 | ifo=  2.561(sd=0.276 nx=0.222 tfo=1.466 cnt=0.597) snap= 0.371 srm= 11.542 sat= 27.781(set=0.877 slv=26.699 max=0.3767 n=3718) sim=17.007(rmp=0.752 run=16.254) chk= 0.009 stat= 0.345 rest= 0.007
  [incr r=69 repr=214 next=46 tfo=121544 active=25972/110103 POs=3639]
 70 : c =   78084  cl =   7121  lit =  102799  p =  3459  d =     0  f =   180  -  T =     0.06 sec
  [prof  70] wall=  56.866 p=  3639 | ifo=  2.446(sd=0.252 nx=0.210 tfo=1.407 cnt=0.577) snap= 0.371 srm= 11.532 sat= 24.403(set=0.880 slv=23.316 max=0.2500 n=3639) sim=17.789(rmp=0.678 run=17.110) chk= 0.008 stat= 0.311 rest= 0.007
  [incr r=70 repr=190 next=33 tfo=95978 active=21908/109920 POs=2792]
 71 : c =   77936  cl =   7116  lit =  102629  p =  2622  d =     0  f =   170  -  T =     0.05 sec
  [prof  71] wall=  50.781 p=  2792 | ifo=  2.130(sd=0.241 nx=0.191 tfo=1.154 cnt=0.544) snap= 0.391 srm=  9.719 sat= 22.069(set=0.820 slv=21.084 max=0.6270 n=2792) sim=16.147(rmp=0.611 run=15.534) chk= 0.007 stat= 0.312 rest= 0.007
  [incr r=71 repr=170 next=31 tfo=94504 active=21569/109745 POs=2752]
 72 : c =   77792  cl =   7113  lit =  102474  p =  2597  d =     0  f =   155  -  T =     0.05 sec
  [prof  72] wall=  50.217 p=  2752 | ifo=  1.909(sd=0.226 nx=0.194 tfo=0.989 cnt=0.500) snap= 0.354 srm=  9.819 sat= 21.380(set=0.766 slv=20.460 max=0.3218 n=2752) sim=16.446(rmp=0.607 run=15.837) chk= 0.005 stat= 0.299 rest= 0.006
  [incr r=72 repr=155 next=14 tfo=93172 active=21248/109587 POs=2699]
 73 : c =   77648  cl =   7111  lit =  102322  p =  2547  d =     0  f =   152  -  T =     0.05 sec
  [prof  73] wall=  52.061 p=  2699 | ifo=  1.920(sd=0.233 nx=0.194 tfo=0.964 cnt=0.529) snap= 0.378 srm=  9.710 sat= 21.729(set=0.925 slv=20.638 max=0.3550 n=2699) sim=18.014(rmp=0.876 run=17.137) chk= 0.007 stat= 0.296 rest= 0.007
  [incr r=73 repr=152 next=10 tfo=91685 active=20982/109433 POs=2676]
 74 : c =   77515  cl =   7107  lit =  102176  p =  2530  d =     0  f =   146  -  T =     0.05 sec
  [prof  74] wall=  50.165 p=  2676 | ifo=  1.884(sd=0.243 nx=0.190 tfo=0.945 cnt=0.505) snap= 0.372 srm= 10.097 sat= 20.086(set=0.766 slv=19.159 max=0.4120 n=2676) sim=17.437(rmp=0.628 run=16.807) chk= 0.005 stat= 0.278 rest= 0.006
  [incr r=74 repr=146 next=17 tfo=89755 active=20631/109283 POs=2624]
 75 : c =   77409  cl =   7105  lit =  102059  p =  2506  d =     0  f =   118  -  T =     0.04 sec
  [prof  75] wall=  44.835 p=  2624 | ifo=  1.876(sd=0.237 nx=0.189 tfo=0.931 cnt=0.519) snap= 0.378 srm=  9.323 sat= 16.638(set=0.714 slv=15.774 max=0.3211 n=2624) sim=16.305(rmp=0.613 run=15.690) chk= 0.006 stat= 0.302 rest= 0.008
  [incr r=75 repr=117 next=17 tfo=87764 active=20334/109164 POs=2578]
 76 : c =   77321  cl =   7104  lit =  101959  p =  2478  d =     0  f =   100  -  T =     0.04 sec
  [prof  76] wall=  43.655 p=  2578 | ifo=  1.896(sd=0.234 nx=0.199 tfo=0.927 cnt=0.535) snap= 0.453 srm=  9.315 sat= 15.109(set=0.807 slv=14.169 max=0.2280 n=2578) sim=16.565(rmp=0.622 run=15.942) chk= 0.005 stat= 0.303 rest= 0.008
  [incr r=76 repr=100 next=16 tfo=45700 active=4035/109063 POs=544]
 77 : c =   77241  cl =   7103  lit =  101871  p =   456  d =     0  f =    88  -  T =     0.04 sec
  [prof  77] wall=  36.769 p=   544 | ifo=  1.741(sd=0.306 nx=0.253 tfo=0.580 cnt=0.603) snap= 0.344 srm=  7.513 sat=  8.961(set=0.549 slv=8.372 max=0.1766 n=544) sim=17.862(rmp=0.593 run=17.267) chk= 0.003 stat= 0.340 rest= 0.006
  [incr r=77 repr=89 next=9 tfo=43690 active=3856/108974 POs=517]
 78 : c =   77167  cl =   7102  lit =  101796  p =   442  d =     0  f =    75  -  T =     0.04 sec
  [prof  78] wall=  36.057 p=   517 | ifo=  1.441(sd=0.246 nx=0.206 tfo=0.453 cnt=0.535) snap= 0.375 srm=  7.317 sat=  9.025(set=0.512 slv=8.475 max=0.2124 n=517) sim=17.560(rmp=0.795 run=16.764) chk= 0.002 stat= 0.332 rest= 0.005
  [incr r=78 repr=75 next=1 tfo=41405 active=3556/108898 POs=481]
 79 : c =   77101  cl =   7102  lit =  101730  p =   415  d =     0  f =    66  -  T =     0.03 sec
  [prof  79] wall=  35.018 p=   481 | ifo=  1.432(sd=0.246 nx=0.203 tfo=0.445 cnt=0.538) snap= 0.408 srm=  9.239 sat=  7.037(set=0.512 slv=6.490 max=0.2096 n=481) sim=16.591(rmp=0.619 run=15.971) chk= 0.002 stat= 0.303 rest= 0.006
  [incr r=79 repr=66 next=0 tfo=40453 active=3432/108832 POs=471]
 80 : c =   77043  cl =   7102  lit =  101672  p =   413  d =     0  f =    58  -  T =     0.03 sec
  [prof  80] wall=  31.766 p=   471 | ifo=  1.470(sd=0.228 nx=0.185 tfo=0.397 cnt=0.660) snap= 0.346 srm=  7.402 sat=  5.859(set=0.472 slv=5.360 max=0.2167 n=471) sim=16.383(rmp=0.602 run=15.780) chk= 0.002 stat= 0.298 rest= 0.006
  [incr r=80 repr=58 next=0 tfo=38814 active=3169/108774 POs=458]
 81 : c =   76986  cl =   7102  lit =  101615  p =   401  d =     0  f =    57  -  T =     0.03 sec
  [prof  81] wall=  33.379 p=   458 | ifo=  1.440(sd=0.257 nx=0.197 tfo=0.414 cnt=0.572) snap= 0.351 srm=  7.070 sat=  6.212(set=0.474 slv=5.711 max=0.2257 n=458) sim=17.925(rmp=0.682 run=17.241) chk= 0.002 stat= 0.372 rest= 0.008
  [incr r=81 repr=57 next=0 tfo=38205 active=3055/108717 POs=464]
 82 : c =   76919  cl =   7101  lit =  101547  p =   396  d =     0  f =    68  -  T =     0.03 sec
  [prof  82] wall=  34.114 p=   464 | ifo=  1.554(sd=0.265 nx=0.222 tfo=0.432 cnt=0.634) snap= 0.359 srm=  7.199 sat=  7.608(set=0.487 slv=7.094 max=0.2462 n=464) sim=17.048(rmp=0.576 run=16.470) chk= 0.002 stat= 0.338 rest= 0.006
  [incr r=82 repr=68 next=1 tfo=36850 active=2890/108648 POs=445]
 83 : c =   76863  cl =   7101  lit =  101491  p =   389  d =     0  f =    56  -  T =     0.03 sec
  [prof  83] wall=  35.293 p=   445 | ifo=  1.408(sd=0.248 nx=0.208 tfo=0.416 cnt=0.536) snap= 0.376 srm=  7.397 sat=  7.884(set=0.516 slv=7.340 max=0.2277 n=445) sim=17.909(rmp=0.895 run=17.012) chk= 0.001 stat= 0.311 rest= 0.006
  [incr r=83 repr=56 next=0 tfo=35284 active=2708/108592 POs=423]
 84 : c =   76817  cl =   7101  lit =  101445  p =   377  d =     0  f =    46  -  T =     0.04 sec
  [prof  84] wall=  35.718 p=   423 | ifo=  1.320(sd=0.229 nx=0.209 tfo=0.355 cnt=0.526) snap= 0.360 srm=  6.655 sat=  8.180(set=0.443 slv=7.700 max=0.3443 n=423) sim=18.828(rmp=0.746 run=18.080) chk= 0.002 stat= 0.366 rest= 0.007
  [incr r=84 repr=46 next=0 tfo=32095 active=2379/108546 POs=383]
 85 : c =   76775  cl =   7101  lit =  101403  p =   341  d =     0  f =    42  -  T =     0.03 sec
  [prof  85] wall=  34.508 p=   383 | ifo=  1.608(sd=0.255 nx=0.230 tfo=0.384 cnt=0.740) snap= 0.394 srm=  7.415 sat=  6.805(set=0.461 slv=6.319 max=0.2579 n=383) sim=17.984(rmp=0.716 run=17.267) chk= 0.001 stat= 0.294 rest= 0.006
  [incr r=85 repr=42 next=0 tfo=29165 active=1636/108504 POs=345]
 86 : c =   76739  cl =   7101  lit =  101367  p =   309  d =     0  f =    36  -  T =     0.03 sec
  [prof  86] wall=  32.738 p=   345 | ifo=  1.263(sd=0.234 nx=0.213 tfo=0.299 cnt=0.517) snap= 0.347 srm=  6.785 sat=  5.879(set=0.437 slv=5.414 max=0.2988 n=345) sim=18.099(rmp=0.605 run=17.492) chk= 0.001 stat= 0.343 rest= 0.021
  [incr r=86 repr=36 next=0 tfo=21713 active=1340/108468 POs=282]
 87 : c =   76711  cl =   7101  lit =  101339  p =   254  d =     0  f =    28  -  T =     0.03 sec
  [prof  87] wall=  29.543 p=   282 | ifo=  1.249(sd=0.250 nx=0.208 tfo=0.247 cnt=0.543) snap= 0.379 srm=  6.556 sat=  4.711(set=0.423 slv=4.265 max=0.3309 n=282) sim=16.300(rmp=0.599 run=15.699) chk= 0.002 stat= 0.341 rest= 0.006
  [incr r=87 repr=28 next=0 tfo=20168 active=1101/108440 POs=158]
 88 : c =   76683  cl =   7101  lit =  101311  p =   130  d =     0  f =    28  -  T =     0.03 sec
  [prof  88] wall=  30.697 p=   158 | ifo=  1.209(sd=0.251 nx=0.206 tfo=0.232 cnt=0.521) snap= 0.347 srm=  5.417 sat=  5.416(set=0.297 slv=5.102 max=0.5336 n=158) sim=17.869(rmp=1.091 run=16.776) chk= 0.001 stat= 0.433 rest= 0.005
  [incr r=88 repr=28 next=0 tfo=19215 active=988/108412 POs=149]
 89 : c =   76656  cl =   7101  lit =  101284  p =   122  d =     0  f =    27  -  T =     0.03 sec
  [prof  89] wall=  27.592 p=   149 | ifo=  1.126(sd=0.250 nx=0.191 tfo=0.194 cnt=0.491) snap= 0.362 srm=  5.263 sat=  4.196(set=0.307 slv=3.877 max=0.3775 n=149) sim=16.349(rmp=0.585 run=15.762) chk= 0.001 stat= 0.291 rest= 0.005
  [incr r=89 repr=27 next=0 tfo=18626 active=920/108385 POs=137]
 90 : c =   76635  cl =   7101  lit =  101263  p =   116  d =     0  f =    21  -  T =     0.03 sec
  [prof  90] wall=  26.827 p=   137 | ifo=  1.122(sd=0.238 nx=0.190 tfo=0.193 cnt=0.502) snap= 0.364 srm=  5.458 sat=  3.110(set=0.297 slv=2.803 max=0.2064 n=137) sim=16.444(rmp=0.580 run=15.863) chk= 0.001 stat= 0.321 rest= 0.006
  [incr r=90 repr=21 next=0 tfo=17571 active=826/108364 POs=122]
 91 : c =   76617  cl =   7101  lit =  101245  p =   104  d =     0  f =    18  -  T =     0.03 sec
  [prof  91] wall=  27.834 p=   122 | ifo=  1.147(sd=0.227 nx=0.191 tfo=0.192 cnt=0.536) snap= 0.361 srm=  5.465 sat=  2.954(set=0.330 slv=2.615 max=0.2330 n=122) sim=17.582(rmp=0.590 run=16.991) chk= 0.001 stat= 0.319 rest= 0.006
  [incr r=91 repr=18 next=0 tfo=16915 active=766/108346 POs=112]
 92 : c =   76601  cl =   7101  lit =  101229  p =    96  d =     0  f =    16  -  T =     0.03 sec
  [prof  92] wall=  28.404 p=   112 | ifo=  1.171(sd=0.240 nx=0.202 tfo=0.190 cnt=0.538) snap= 0.498 srm=  5.258 sat=  2.821(set=0.261 slv=2.551 max=0.2197 n=112) sim=18.286(rmp=0.669 run=17.616) chk= 0.001 stat= 0.362 rest= 0.006
  [incr r=92 repr=16 next=0 tfo=15538 active=682/108330 POs=100]
 93 : c =   76588  cl =   7101  lit =  101216  p =    87  d =     0  f =    13  -  T =     0.03 sec
  [prof  93] wall=  26.855 p=   100 | ifo=  1.277(sd=0.391 nx=0.204 tfo=0.175 cnt=0.507) snap= 0.363 srm=  4.904 sat=  2.536(set=0.227 slv=2.299 max=0.3185 n=100) sim=17.453(rmp=0.589 run=16.862) chk= 0.001 stat= 0.314 rest= 0.006
  [incr r=93 repr=13 next=0 tfo=8981 active=417/108317 POs=68]
 94 : c =   76576  cl =   7101  lit =  101204  p =    56  d =     0  f =    12  -  T =     0.03 sec
  [prof  94] wall=  26.235 p=    68 | ifo=  1.107(sd=0.242 nx=0.205 tfo=0.116 cnt=0.545) snap= 0.410 srm=  4.547 sat=  1.969(set=0.174 slv=1.790 max=0.2726 n=68) sim=17.895(rmp=0.610 run=17.284) chk= 0.001 stat= 0.301 rest= 0.005
  [incr r=94 repr=12 next=0 tfo=8546 active=355/108305 POs=58]
 95 : c =   76570  cl =   7101  lit =  101198  p =    52  d =     0  f =     6  -  T =     0.02 sec
  [prof  95] wall=  22.848 p=    58 | ifo=  1.062(sd=0.227 nx=0.193 tfo=0.104 cnt=0.538) snap= 0.380 srm=  3.880 sat=  0.999(set=0.144 slv=0.850 max=0.1969 n=58) sim=16.237(rmp=0.556 run=15.679) chk= 0.001 stat= 0.284 rest= 0.005
  [incr r=95 repr=6 next=0 tfo=8204 active=348/108299 POs=58]
 96 : c =   76564  cl =   7101  lit =  101192  p =    52  d =     0  f =     6  -  T =     0.02 sec
  [prof  96] wall=  24.987 p=    58 | ifo=  1.055(sd=0.226 nx=0.192 tfo=0.097 cnt=0.540) snap= 0.385 srm=  4.146 sat=  1.268(set=0.137 slv=1.126 max=0.2381 n=58) sim=17.839(rmp=0.597 run=17.240) chk= 0.001 stat= 0.288 rest= 0.006
  [incr r=96 repr=6 next=0 tfo=7773 active=315/108293 POs=53]
 97 : c =   76559  cl =   7101  lit =  101187  p =    48  d =     0  f =     5  -  T =     0.02 sec
  [prof  97] wall=  22.913 p=    53 | ifo=  1.031(sd=0.236 nx=0.192 tfo=0.094 cnt=0.509) snap= 0.356 srm=  3.797 sat=  0.990(set=0.131 slv=0.855 max=0.2412 n=53) sim=16.393(rmp=0.547 run=15.844) chk= 0.000 stat= 0.341 rest= 0.004
  [incr r=97 repr=5 next=0 tfo=7622 active=288/108288 POs=48]
 98 : c =   76557  cl =   7101  lit =  101185  p =    46  d =     0  f =     2  -  T =     0.02 sec
  [prof  98] wall=  23.369 p=    48 | ifo=  1.025(sd=0.228 nx=0.202 tfo=0.096 cnt=0.499) snap= 0.401 srm=  4.052 sat=  0.589(set=0.140 slv=0.445 max=0.1895 n=48) sim=16.995(rmp=0.710 run=16.283) chk= 0.000 stat= 0.303 rest= 0.004
  [incr r=98 repr=2 next=0 tfo=716 active=19/108286 POs=4]
 99 : c =   76555  cl =   7101  lit =  101183  p =     2  d =     0  f =     2  -  T =     0.02 sec
  [prof  99] wall=  22.618 p=     4 | ifo=  1.041(sd=0.233 nx=0.189 tfo=0.044 cnt=0.574) snap= 0.348 srm=  2.984 sat=  0.364(set=0.039 slv=0.322 max=0.2468 n=4) sim=17.539(rmp=0.553 run=16.985) chk= 0.000 stat= 0.337 rest= 0.004
  [incr r=99 repr=2 next=0 tfo=714 active=17/108284 POs=4]
100 : c =   76553  cl =   7101  lit =  101181  p =     2  d =     0  f =     2  -  T =     0.02 sec
  [prof 100] wall=  23.297 p=     4 | ifo=  1.086(sd=0.270 nx=0.204 tfo=0.056 cnt=0.556) snap= 0.405 srm=  3.132 sat=  0.360(set=0.043 slv=0.314 max=0.2266 n=4) sim=17.982(rmp=0.603 run=17.377) chk= 0.000 stat= 0.327 rest= 0.004
  [incr r=100 repr=2 next=0 tfo=564 active=4/108282 POs=2]
101 : c =   76551  cl =   7101  lit =  101179  p =     0  d =     0  f =     2  -  T =     0.02 sec
  [prof 101] wall=  22.753 p=     2 | ifo=  1.136(sd=0.289 nx=0.211 tfo=0.041 cnt=0.595) snap= 0.390 srm=  3.080 sat=  0.371(set=0.042 slv=0.326 max=0.2149 n=2) sim=17.475(rmp=0.609 run=16.865) chk= 0.000 stat= 0.296 rest= 0.005
  [incr r=101 repr=2 next=0 tfo=562 active=2/108280 POs=0]
102 : c =   76551  cl =   7101  lit =  101179  p =     0  d =     0  f =     0  -  T =     0.00 sec
  [prof ALL] wall=12862.604 p=871406 | ifo=325.474(sd=25.819 nx=21.073 tfo=220.866 cnt=57.716) snap=40.176 srm=1352.285 sat=9294.688(set=109.656 slv=9130.887 max=2.7230 n=871406) sim=1811.167(rmp=71.792 run=1739.214) chk= 3.602 stat=33.858 rest= 1.354
Srm   =     1.72 sec (  4.86 %)
Sat   =     9.30 sec ( 26.22 %)
Sim   =     1.81 sec (  5.11 %)
Other =    22.63 sec ( 63.82 %)
Incr  =     0.33 sec (  0.92 %)
Incr: fallback rounds = 10, skipped candidate pairs = 7487148
TOTAL =    35.46 sec
NBeg = 400072. NEnd = 283645. (Gain =  29.10 %).  RBeg = 262. REnd = 261. (Gain =   0.38 %).
Flop output names are not available. Use command "&get -n".
[1;37m/home/zxr_wsl/benchmarks/incre_spec//Problem11_label08[0m : i/o =    742/      1  ff =    261  [1;36mand =  283645[0m  [1;35mlev = 2025[0m [1;35m(7.75)[0m  mem = 3.27 MB
