### benchmark: /home/zxr_wsl/benchmarks/incre_spec//ILA_Flute_BLT_problem.aig
### opts:      &scorr -v -w -i -s
### timeout:   1800s
### date:      Tue Jun  9 11:44:04 CST 2026

======== ABC command line "&r /home/zxr_wsl/benchmarks/incre_spec//ILA_Flute_BLT_problem.aig; &ps; &scorr -v -w -i -s; &ps"
Warning: The last output is interpreted as a constraint.
Converted 548 1-valued FFs and 173794 DC-valued FFs.
Warning: The number of inputs does not match the number of input names.
[1;37m/home/zxr_wsl/benchmarks/incre_spec//ILA_Flute_BLT_problem[0m : i/o = 180287/      2(c=1)  ff = 174678  [1;36mand = 1613164[0m  [1;35mlev =  284[0m [1;35m(219.18)[0m  mem =26.54 MB
cst = 1787842  cls =      0  lit = 1787842  unused =  180287  proof =     0
cst =  354535  cls = 351142  lit = 1207493  unused =  409494  proof =     0
cst =  352697  cls = 350226  lit = 1200785  unused =  417118  proof =     0
cst =  352082  cls = 350095  lit = 1199310  unused =  418724  proof =     0
cst =  351177  cls = 350153  lit = 1197321  unused =  420655  proof =     0
cst =  350619  cls = 350038  lit = 1196192  unused =  421899  proof =     0
cst =  350115  cls = 349838  lit = 1194993  unused =  423298  proof =     0
cst =  349680  cls = 349504  lit = 1193743  unused =  424882  proof =     0
cst =  349426  cls = 349245  lit = 1192924  unused =  425960  proof =     0
cst =  349321  cls = 348956  lit = 1192275  unused =  426898  proof =     0
Obj = 2142810. And = 1613164. Conf =   100. Fr = 1. Lcorr = 0. Ring = 1. CSat = 1.
  0 : c =  349321  cl = 348956  lit = 1192275  p =     0  d =     0  f =     0  +  T =     2.23 sec
BMC : c =  349088  cl = 348866  lit = 1191047  p =  3585  d =  3008  f =     0  +  T =     0.23 sec
  [bmc-prof   0] wall= 232.126 p=  6593 | ifo=  0.000(sd=0.000 nx=0.000 tfo=0.000 cnt=0.000) snap= 2.185 srm= 73.867 sat= 20.731(set=2.740 slv=17.551 max=0.0452 n=6593) cex=R/T/F=3008/0/0 trsplit=0 sim=131.729(rmp=5.461 run=126.107 n=1 d=1228) incr=loc/full/maxdirty/keys=0/0/0/0 chk= 0.026(d=0) stat= 0.987 rest= 2.602
BMC : c =  348881  cl = 348818  lit = 1190351  p =  3429  d =  2739  f =     0  +  T =     0.24 sec
  [bmc-prof   1] wall= 245.688 p=  6168 | ifo= 25.545(sd=1.247 nx=0.000 tfo=21.558 cnt=2.740) snap= 2.157 srm= 57.781 sat= 22.599(set=1.894 slv=20.313 max=0.1370 n=6168) cex=R/T/F=2739/0/0 trsplit=0 sim=133.941(rmp=4.491 run=129.305 n=1 d=696) incr=loc/full/maxdirty/keys=0/0/0/0 chk= 0.024(d=0) stat= 0.981 rest= 2.660
BMC : c =  348663  cl = 348864  lit = 1189808  p =  3421  d =  2695  f =     0  +  T =     0.26 sec
  [bmc-prof   2] wall= 263.161 p=  6116 | ifo= 22.268(sd=1.158 nx=0.000 tfo=18.332 cnt=2.778) snap= 2.025 srm= 59.717 sat= 24.086(set=1.661 slv=22.042 max=0.2664 n=6116) cex=R/T/F=2695/0/0 trsplit=0 sim=151.444(rmp=4.390 run=146.898 n=1 d=543) incr=loc/full/maxdirty/keys=0/0/0/0 chk= 0.021(d=0) stat= 0.963 rest= 2.637
BMC : c =  348633  cl = 348851  lit = 1189499  p =  3436  d =  2434  f =     0  +  T =     0.27 sec
  [bmc-prof   3] wall= 268.444 p=  5870 | ifo= 20.165(sd=1.138 nx=0.000 tfo=16.500 cnt=2.526) snap= 1.955 srm= 59.563 sat= 25.954(set=2.019 slv=23.505 max=0.0768 n=5870) cex=R/T/F=2434/0/0 trsplit=0 sim=157.134(rmp=4.340 run=152.653 n=1 d=309) incr=loc/full/maxdirty/keys=0/0/0/0 chk= 0.019(d=0) stat= 1.049 rest= 2.606
BMC : c =  348432  cl = 348811  lit = 1189082  p =  3417  d =  2229  f =     6  +  T =     0.28 sec
  [bmc-prof   4] wall= 280.685 p=  5652 | ifo= 22.123(sd=1.139 nx=0.000 tfo=18.326 cnt=2.659) snap= 2.025 srm= 58.301 sat= 23.436(set=1.708 slv=21.359 max=0.0947 n=5652) cex=R/T/F=2229/0/6 trsplit=0 sim=171.028(rmp=4.438 run=166.434 n=1 d=411) incr=loc/full/maxdirty/keys=0/0/0/0 chk= 0.018(d=6) stat= 1.032 rest= 2.721
BMC : c =  347710  cl = 348640  lit = 1188150  p =  3373  d =  2475  f =     0  +  T =     0.28 sec
  [bmc-prof   5] wall= 285.574 p=  5848 | ifo= 23.108(sd=1.141 nx=0.000 tfo=19.310 cnt=2.657) snap= 2.065 srm= 61.434 sat= 26.697(set=1.886 slv=24.388 max=0.0953 n=5848) cex=R/T/F=2475/0/0 trsplit=0 sim=168.652(rmp=4.613 run=163.897 n=1 d=932) incr=loc/full/maxdirty/keys=0/0/0/0 chk= 0.021(d=0) stat= 0.996 rest= 2.601
BMC : c =  347432  cl = 348497  lit = 1187454  p =  3396  d =  2447  f =     0  +  T =     0.29 sec
  [bmc-prof   6] wall= 291.246 p=  5843 | ifo= 26.537(sd=1.172 nx=0.000 tfo=22.651 cnt=2.713) snap= 2.228 srm= 58.508 sat= 26.363(set=1.918 slv=24.030 max=0.1210 n=5843) cex=R/T/F=2447/0/0 trsplit=0 sim=173.932(rmp=4.816 run=168.975 n=1 d=696) incr=loc/full/maxdirty/keys=0/0/0/0 chk= 0.023(d=0) stat= 0.980 rest= 2.675
BMC : c =  347090  cl = 348420  lit = 1186903  p =  3482  d =  2063  f =     0  +  T =     0.29 sec
  [bmc-prof   7] wall= 288.573 p=  5545 | ifo= 23.115(sd=1.190 nx=0.000 tfo=19.252 cnt=2.673) snap= 2.052 srm= 60.934 sat= 25.332(set=1.585 slv=23.368 max=0.1129 n=5545) cex=R/T/F=2063/0/0 trsplit=0 sim=173.335(rmp=4.625 run=168.541 n=1 d=551) incr=loc/full/maxdirty/keys=0/0/0/0 chk= 0.020(d=0) stat= 1.057 rest= 2.728
BMC : c =  346778  cl = 348306  lit = 1185705  p =  3463  d =  2320  f =     0  +  T =     0.31 sec
  [bmc-prof   8] wall= 315.079 p=  5783 | ifo= 24.129(sd=1.187 nx=0.000 tfo=20.186 cnt=2.756) snap= 2.073 srm= 62.563 sat= 39.058(set=1.894 slv=36.730 max=0.1646 n=5783) cex=R/T/F=2320/0/0 trsplit=0 sim=183.584(rmp=4.225 run=179.200 n=1 d=1198) incr=loc/full/maxdirty/keys=0/0/0/0 chk= 0.022(d=0) stat= 0.975 rest= 2.676
BMC : c =  346735  cl = 348192  lit = 1185374  p =  3500  d =  1614  f =     0  +  T =     0.34 sec
  [bmc-prof   9] wall= 344.570 p=  5114 | ifo= 28.285(sd=1.148 nx=0.000 tfo=24.289 cnt=2.848) snap= 2.063 srm= 61.039 sat= 37.428(set=1.894 slv=35.156 max=0.1699 n=5114) cex=R/T/F=1614/0/0 trsplit=0 sim=210.915(rmp=4.646 run=206.092 n=1 d=331) incr=loc/full/maxdirty/keys=0/0/0/0 chk= 0.039(d=0) stat= 1.309 rest= 3.491
BMC : c =  346574  cl = 348198  lit = 1185174  p =  3478  d =  1393  f =     0  +  T =     0.29 sec
  [bmc-prof  10] wall= 288.143 p=  4871 | ifo= 25.644(sd=1.430 nx=0.000 tfo=21.616 cnt=2.598) snap= 2.051 srm= 60.101 sat= 24.470(set=1.971 slv=22.176 max=0.2265 n=4871) cex=R/T/F=1393/0/0 trsplit=0 sim=172.214(rmp=4.569 run=167.488 n=1 d=200) incr=loc/full/maxdirty/keys=0/0/0/0 chk= 0.013(d=0) stat= 0.960 rest= 2.691
BMC : c =  346564  cl = 348215  lit = 1184977  p =  3528  d =  1318  f =     0  +  T =     0.30 sec
  [bmc-prof  11] wall= 299.162 p=  4846 | ifo= 22.068(sd=1.133 nx=0.000 tfo=18.184 cnt=2.752) snap= 2.715 srm= 62.768 sat= 23.654(set=1.901 slv=21.435 max=0.1079 n=4846) cex=R/T/F=1318/0/0 trsplit=0 sim=184.337(rmp=4.636 run=179.515 n=1 d=197) incr=loc/full/maxdirty/keys=0/0/0/0 chk= 0.016(d=0) stat= 0.965 rest= 2.638
BMC : c =  346564  cl = 348204  lit = 1184851  p =  3523  d =  1168  f =     0  +  T =     0.29 sec
  [bmc-prof  12] wall= 289.318 p=  4691 | ifo= 22.304(sd=1.156 nx=0.000 tfo=18.602 cnt=2.546) snap= 2.051 srm= 61.953 sat= 23.722(set=1.912 slv=21.488 max=0.1119 n=4691) cex=R/T/F=1168/0/0 trsplit=0 sim=175.394(rmp=4.769 run=170.481 n=1 d=126) incr=loc/full/maxdirty/keys=0/0/0/0 chk= 0.015(d=0) stat= 1.075 rest= 2.803
BMC : c =  346553  cl = 348211  lit = 1184742  p =  3522  d =  1043  f =     0  +  T =     0.29 sec
  [bmc-prof  13] wall= 292.073 p=  4565 | ifo= 23.409(sd=1.194 nx=0.000 tfo=19.570 cnt=2.645) snap= 2.021 srm= 61.943 sat= 23.472(set=2.021 slv=21.147 max=0.1285 n=4565) cex=R/T/F=1043/0/0 trsplit=0 sim=177.572(rmp=4.566 run=172.853 n=1 d=109) incr=loc/full/maxdirty/keys=0/0/0/0 chk= 0.013(d=0) stat= 0.988 rest= 2.656
BMC : c =  346548  cl = 348204  lit = 1184630  p =  3518  d =   957  f =     0  +  T =     0.29 sec
  [bmc-prof  14] wall= 292.591 p=  4475 | ifo= 23.144(sd=1.172 nx=0.000 tfo=19.237 cnt=2.735) snap= 2.092 srm= 63.055 sat= 23.799(set=2.161 slv=21.339 max=0.1308 n=4475) cex=R/T/F=957/0/0 trsplit=0 sim=176.834(rmp=4.823 run=171.832 n=1 d=112) incr=loc/full/maxdirty/keys=0/0/0/0 chk= 0.011(d=0) stat= 0.990 rest= 2.665
BMC : c =  346547  cl = 348202  lit = 1184536  p =  3515  d =   852  f =     0  +  T =     0.32 sec
  [bmc-prof  15] wall= 320.517 p=  4367 | ifo= 21.713(sd=1.232 nx=0.000 tfo=17.906 cnt=2.575) snap= 2.113 srm= 62.067 sat= 22.792(set=1.959 slv=20.545 max=0.1511 n=4367) cex=R/T/F=852/0/0 trsplit=0 sim=207.817(rmp=4.409 run=203.228 n=1 d=94) incr=loc/full/maxdirty/keys=0/0/0/0 chk= 0.014(d=0) stat= 1.089 rest= 2.912
BMC : c =  346544  cl = 348204  lit = 1184443  p =  3518  d =   762  f =     0  +  T =     0.30 sec
  [bmc-prof  16] wall= 296.661 p=  4280 | ifo= 21.507(sd=1.203 nx=0.000 tfo=17.672 cnt=2.632) snap= 1.969 srm= 60.915 sat= 22.538(set=1.944 slv=20.309 max=0.1434 n=4280) cex=R/T/F=762/0/0 trsplit=0 sim=185.939(rmp=4.448 run=181.338 n=1 d=93) incr=loc/full/maxdirty/keys=0/0/0/0 chk= 0.014(d=0) stat= 1.083 rest= 2.695
BMC : c =  346543  cl = 348212  lit = 1184353  p =  3519  d =   675  f =     0  +  T =     0.30 sec
  [bmc-prof  17] wall= 299.332 p=  4194 | ifo= 22.817(sd=1.266 nx=0.000 tfo=18.865 cnt=2.687) snap= 2.631 srm= 63.108 sat= 24.033(set=2.011 slv=21.704 max=0.1489 n=4194) cex=R/T/F=675/0/0 trsplit=0 sim=182.566(rmp=5.884 run=176.509 n=1 d=90) incr=loc/full/maxdirty/keys=0/0/0/0 chk= 0.013(d=0) stat= 1.061 rest= 3.104
BMC : c =  346540  cl = 348216  lit = 1184259  p =  3519  d =   590  f =     0  +  T =     0.31 sec
  [bmc-prof  18] wall= 310.324 p=  4109 | ifo= 23.992(sd=1.333 nx=0.000 tfo=19.833 cnt=2.827) snap= 2.449 srm= 66.966 sat= 20.860(set=1.871 slv=18.724 max=0.1559 n=4109) cex=R/T/F=590/0/0 trsplit=0 sim=192.042(rmp=4.974 run=186.900 n=1 d=94) incr=loc/full/maxdirty/keys=0/0/0/0 chk= 0.025(d=0) stat= 1.106 rest= 2.885
BMC : c =  346539  cl = 348212  lit = 1184180  p =  3521  d =   502  f =     0  +  T =     0.31 sec
  [bmc-prof  19] wall= 307.092 p=  4023 | ifo= 25.721(sd=1.319 nx=0.000 tfo=21.658 cnt=2.744) snap= 2.666 srm= 69.185 sat= 19.936(set=1.907 slv=17.754 max=0.1807 n=4023) cex=R/T/F=502/0/0 trsplit=0 sim=185.680(rmp=6.283 run=179.237 n=1 d=79) incr=loc/full/maxdirty/keys=0/0/0/0 chk= 0.008(d=0) stat= 1.101 rest= 2.795
BMC : c =  346539  cl = 348213  lit = 1184098  p =  3516  d =   428  f =     1  +  T =     0.28 sec
  [bmc-prof  20] wall= 283.945 p=  3945 | ifo= 23.639(sd=1.262 nx=0.000 tfo=19.685 cnt=2.693) snap= 2.087 srm= 59.670 sat= 19.199(set=1.853 slv=17.095 max=0.3179 n=3945) cex=R/T/F=428/0/1 trsplit=0 sim=175.661(rmp=4.242 run=171.250 n=1 d=81) incr=loc/full/maxdirty/keys=0/0/0/0 chk= 0.008(d=1) stat= 0.989 rest= 2.692
BMC : c =  346539  cl = 348204  lit = 1184031  p =  3520  d =   345  f =     0  +  T =     0.27 sec
  [bmc-prof  21] wall= 273.473 p=  3865 | ifo= 14.137(sd=1.143 nx=0.000 tfo=10.248 cnt=2.746) snap= 2.060 srm= 60.456 sat= 18.863(set=1.762 slv=16.872 max=0.0703 n=3865) cex=R/T/F=345/0/0 trsplit=0 sim=174.007(rmp=4.528 run=169.267 n=1 d=67) incr=loc/full/maxdirty/keys=0/0/0/0 chk= 0.008(d=0) stat= 1.169 rest= 2.773
BMC : c =  346539  cl = 348199  lit = 1183979  p =  3521  d =   278  f =     0  +  T =     0.28 sec
  [bmc-prof  22] wall= 284.499 p=  3799 | ifo= 14.035(sd=1.165 nx=0.000 tfo=10.133 cnt=2.736) snap= 2.096 srm= 60.710 sat= 17.629(set=1.693 slv=15.709 max=0.0926 n=3799) cex=R/T/F=278/0/0 trsplit=0 sim=186.547(rmp=4.907 run=181.474 n=1 d=52) incr=loc/full/maxdirty/keys=0/0/0/0 chk= 0.007(d=0) stat= 0.902 rest= 2.575
BMC : c =  346539  cl = 348193  lit = 1183933  p =  3523  d =   227  f =     0  +  T =     0.24 sec
  [bmc-prof  23] wall= 245.262 p=  3750 | ifo= 11.661(sd=1.094 nx=0.000 tfo=7.978 cnt=2.589) snap= 2.133 srm= 58.345 sat= 17.855(set=1.690 slv=15.949 max=0.0670 n=3750) cex=R/T/F=227/0/0 trsplit=0 sim=151.715(rmp=4.388 run=147.159 n=1 d=46) incr=loc/full/maxdirty/keys=0/0/0/0 chk= 0.006(d=0) stat= 0.904 rest= 2.643
BMC : c =  346539  cl = 348196  lit = 1183903  p =  3523  d =   182  f =     0  +  T =     0.25 sec
  [bmc-prof  24] wall= 246.971 p=  3705 | ifo= 12.071(sd=1.095 nx=0.000 tfo=8.423 cnt=2.553) snap= 1.941 srm= 64.065 sat= 16.693(set=2.170 slv=14.325 max=0.1028 n=3705) cex=R/T/F=182/0/0 trsplit=0 sim=148.305(rmp=4.986 run=143.138 n=1 d=30) incr=loc/full/maxdirty/keys=0/0/0/0 chk= 0.006(d=0) stat= 0.896 rest= 2.995
BMC : c =  346539  cl = 348196  lit = 1183870  p =  3523  d =   153  f =     0  +  T =     0.24 sec
  [bmc-prof  25] wall= 239.886 p=  3676 | ifo= 11.851(sd=1.064 nx=0.000 tfo=8.182 cnt=2.605) snap= 2.137 srm= 54.616 sat= 16.867(set=1.676 slv=14.994 max=0.0687 n=3676) cex=R/T/F=153/0/0 trsplit=0 sim=150.896(rmp=4.252 run=146.474 n=1 d=33) incr=loc/full/maxdirty/keys=0/0/0/0 chk= 0.005(d=0) stat= 0.917 rest= 2.596
BMC : c =  346539  cl = 348196  lit = 1183846  p =  3525  d =   121  f =     0  +  T =     0.24 sec
  [bmc-prof  26] wall= 238.393 p=  3646 | ifo= 12.005(sd=1.390 nx=0.000 tfo=8.039 cnt=2.576) snap= 1.924 srm= 57.638 sat= 16.235(set=1.662 slv=14.380 max=0.0642 n=3646) cex=R/T/F=121/0/0 trsplit=0 sim=146.759(rmp=4.142 run=142.416 n=1 d=24) incr=loc/full/maxdirty/keys=0/0/0/0 chk= 0.006(d=0) stat= 1.023 rest= 2.802
BMC : c =  346539  cl = 348198  lit = 1183822  p =  3525  d =    98  f =     0  +  T =     0.24 sec
  [bmc-prof  27] wall= 237.921 p=  3623 | ifo= 11.887(sd=1.087 nx=0.000 tfo=8.200 cnt=2.601) snap= 1.935 srm= 54.472 sat= 16.222(set=1.678 slv=14.347 max=0.0746 n=3623) cex=R/T/F=98/0/0 trsplit=0 sim=149.924(rmp=4.352 run=145.394 n=1 d=24) incr=loc/full/maxdirty/keys=0/0/0/0 chk= 0.005(d=0) stat= 0.900 rest= 2.576
BMC : c =  346539  cl = 348194  lit = 1183802  p =  3518  d =    81  f =     0  +  T =     0.27 sec
  [bmc-prof  28] wall= 266.051 p=  3599 | ifo= 11.955(sd=1.161 nx=0.000 tfo=8.220 cnt=2.574) snap= 2.019 srm= 59.123 sat= 15.236(set=1.807 slv=13.249 max=0.0672 n=3599) cex=R/T/F=81/0/0 trsplit=0 sim=174.081(rmp=4.405 run=169.471 n=1 d=20) incr=loc/full/maxdirty/keys=0/0/0/0 chk= 0.005(d=0) stat= 0.996 rest= 2.637
BMC : c =  346539  cl = 348190  lit = 1183783  p =  3518  d =    61  f =     0  +  T =     0.27 sec
  [bmc-prof  29] wall= 270.378 p=  3579 | ifo= 13.765(sd=1.151 nx=0.000 tfo=9.685 cnt=2.929) snap= 1.942 srm= 53.702 sat= 15.085(set=1.733 slv=13.169 max=0.0682 n=3579) cex=R/T/F=61/0/0 trsplit=0 sim=181.891(rmp=4.997 run=176.715 n=1 d=19) incr=loc/full/maxdirty/keys=0/0/0/0 chk= 0.006(d=0) stat= 1.106 rest= 2.881
BMC : c =  346539  cl = 348189  lit = 1183770  p =  3520  d =    42  f =     0  +  T =     0.26 sec
  [bmc-prof  30] wall= 259.073 p=  3562 | ifo= 14.735(sd=1.418 nx=0.000 tfo=10.204 cnt=3.113) snap= 2.120 srm= 68.281 sat= 16.096(set=1.744 slv=14.163 max=0.5388 n=3562) cex=R/T/F=42/0/0 trsplit=0 sim=154.208(rmp=4.278 run=149.767 n=1 d=13) incr=loc/full/maxdirty/keys=0/0/0/0 chk= 0.005(d=0) stat= 0.912 rest= 2.716
BMC : c =  346539  cl = 348188  lit = 1183760  p =  3520  d =    29  f =     0  +  T =     0.24 sec
  [bmc-prof  31] wall= 235.963 p=  3549 | ifo= 12.842(sd=1.106 nx=0.000 tfo=9.161 cnt=2.575) snap= 1.964 srm= 52.934 sat= 14.752(set=1.658 slv=12.920 max=0.0649 n=3549) cex=R/T/F=29/0/0 trsplit=0 sim=150.035(rmp=4.093 run=145.774 n=1 d=10) incr=loc/full/maxdirty/keys=0/0/0/0 chk= 0.004(d=0) stat= 0.922 rest= 2.510
BMC : c =  346539  cl = 348186  lit = 1183750  p =  3520  d =    19  f =     0  +  T =     0.24 sec
  [bmc-prof  32] wall= 241.320 p=  3539 | ifo= 13.191(sd=1.131 nx=0.000 tfo=9.479 cnt=2.582) snap= 1.965 srm= 53.714 sat= 14.795(set=1.676 slv=12.941 max=0.0645 n=3539) cex=R/T/F=19/0/0 trsplit=0 sim=154.068(rmp=4.098 run=149.778 n=1 d=10) incr=loc/full/maxdirty/keys=0/0/0/0 chk= 0.004(d=0) stat= 0.904 rest= 2.679
BMC : c =  346539  cl = 348182  lit = 1183744  p =  3520  d =     9  f =     0  +  T =     0.25 sec
  [bmc-prof  33] wall= 247.255 p=  3529 | ifo= 12.343(sd=1.124 nx=0.000 tfo=8.595 cnt=2.625) snap= 1.979 srm= 54.163 sat= 14.871(set=1.705 slv=12.991 max=0.0713 n=3529) cex=R/T/F=9/0/0 trsplit=0 sim=160.426(rmp=4.083 run=156.159 n=1 d=6) incr=loc/full/maxdirty/keys=0/0/0/0 chk= 0.005(d=0) stat= 0.980 rest= 2.489
BMC : c =  346539  cl = 348181  lit = 1183741  p =  3520  d =     3  f =     0  +  T =     0.25 sec
  [bmc-prof  34] wall= 246.060 p=  3523 | ifo= 11.640(sd=1.097 nx=0.000 tfo=8.002 cnt=2.541) snap= 1.954 srm= 53.619 sat= 15.777(set=1.344 slv=14.247 max=0.1456 n=3523) cex=R/T/F=3/0/0 trsplit=0 sim=158.683(rmp=4.150 run=154.351 n=1 d=3) incr=loc/full/maxdirty/keys=0/0/0/0 chk= 0.004(d=0) stat= 1.022 rest= 3.361
BMC : c =  346539  cl = 348182  lit = 1183740  p =  3519  d =     1  f =     0  +  T =     0.23 sec
  [bmc-prof  35] wall= 235.265 p=  3520 | ifo= 11.588(sd=1.093 nx=0.000 tfo=7.913 cnt=2.582) snap= 1.921 srm= 54.830 sat= 15.431(set=1.374 slv=13.872 max=0.0676 n=3520) cex=R/T/F=1/0/0 trsplit=0 sim=148.149(rmp=4.298 run=143.682 n=1 d=1) incr=loc/full/maxdirty/keys=0/0/0/0 chk= 0.004(d=0) stat= 0.922 rest= 2.421
BMC : c =  346539  cl = 348182  lit = 1183739  p =  3518  d =     3  f =     0  +  T =     0.25 sec
  [bmc-prof  36] wall= 251.914 p=  3521 | ifo= 18.029(sd=1.206 nx=0.000 tfo=14.025 cnt=2.798) snap= 2.036 srm= 58.540 sat= 15.818(set=1.583 slv=14.053 max=0.4563 n=3521) cex=R/T/F=3/0/0 trsplit=0 sim=153.802(rmp=4.371 run=149.237 n=1 d=1) incr=loc/full/maxdirty/keys=0/0/0/0 chk= 0.004(d=0) stat= 0.908 rest= 2.778
BMC : c =  346539  cl = 348182  lit = 1183738  p =  3518  d =     2  f =     0  +  T =     0.25 sec
  [bmc-prof  37] wall= 246.903 p=  3520 | ifo= 11.558(sd=1.062 nx=0.000 tfo=7.931 cnt=2.566) snap= 1.953 srm= 59.133 sat= 15.440(set=1.385 slv=13.869 max=0.0668 n=3520) cex=R/T/F=2/0/0 trsplit=0 sim=153.906(rmp=4.247 run=149.184 n=1 d=1) incr=loc/full/maxdirty/keys=0/0/0/0 chk= 0.004(d=0) stat= 0.981 rest= 3.928
BMC : c =  346539  cl = 348181  lit = 1183737  p =  3518  d =     1  f =     0  +  T =     0.25 sec
  [bmc-prof  38] wall= 248.123 p=  3519 | ifo= 11.803(sd=1.377 nx=0.000 tfo=7.846 cnt=2.580) snap= 1.966 srm= 54.038 sat= 15.658(set=1.328 slv=14.147 max=0.0973 n=3519) cex=R/T/F=1/0/0 trsplit=0 sim=160.941(rmp=4.280 run=156.483 n=1 d=1) incr=loc/full/maxdirty/keys=0/0/0/0 chk= 0.004(d=0) stat= 0.923 rest= 2.791
BMC : c =  346539  cl = 348181  lit = 1183737  p =  3518  d =     0  f =     0  +  T =     0.08 sec
  [bmc-prof  39] wall=  85.253 p=  3518 | ifo= 12.676(sd=1.089 nx=0.000 tfo=9.034 cnt=2.553) snap= 1.981 srm= 53.860 sat= 15.543(set=1.532 slv=13.831 max=0.0667 n=3518) cex=R/T/F=0/0/0 trsplit=0 sim= 0.000(rmp=0.000 run=0.000 n=0 d=0) incr=loc/full/maxdirty/keys=0/0/0/0 chk= 0.000(d=0) stat= 1.187 rest= 0.005
  [bmc-prof ALL] wall=10694.267 p=175440 | ifo=715.006(sd=46.270 nx=0.000 tfo=564.527 cnt=104.208) snap=83.699 srm=2391.676 sat=825.023(set=71.908 slv=742.188 max=0.5388 n=175440) cex=R/T/F=35367/0/7 trsplit=0 sim=6530.090(rmp=178.504 run=6344.658 n=39 d=8531) incr=loc/full/maxdirty/keys=0/0/0/0 chk= 0.475(d=7) stat=40.209 rest=108.089
  1 : c =  346096  cl = 347209  lit = 1181620  p = 13317  d =  1848  f =     1  +  T =     0.39 sec
  [prof   1] wall= 387.737 p= 15166 | ifo=  0.000(sd=0.000 nx=0.000 tfo=0.000 cnt=0.000) snap= 1.923 srm=103.774 sat= 16.325(set=2.437 slv=13.122 max=0.0837 n=15166) cex=R/T/F=1848/0/1 trsplit=0 sim=262.157(rmp=4.259 run=257.792 n=1 d=2116) incr=loc/full/maxdirty/keys=0/0/0/0 chk= 0.042(d=1) stat= 0.959 rest= 2.557
  2 : c =  345883  cl = 347265  lit = 1180943  p = 12362  d =   349  f =     0  +  T =     0.40 sec
  [prof   2] wall= 404.554 p= 12711 | ifo= 30.006(sd=1.105 nx=1.042 tfo=24.623 cnt=3.237) snap= 1.992 srm=106.923 sat= 14.894(set=2.339 slv=11.963 max=0.0421 n=12711) cex=R/T/F=349/0/0 trsplit=0 sim=246.913(rmp=4.326 run=242.477 n=1 d=677) incr=loc/full/maxdirty/keys=0/0/0/0 chk= 0.030(d=0) stat= 0.928 rest= 2.867
  3 : c =  345109  cl = 347453  lit = 1179606  p = 12267  d =   494  f =     0  +  T =     0.36 sec
  [prof   3] wall= 363.730 p= 12761 | ifo= 18.349(sd=1.088 nx=0.995 tfo=13.127 cnt=3.140) snap= 1.931 srm=102.097 sat= 15.010(set=2.244 slv=12.081 max=0.0417 n=12761) cex=R/T/F=494/0/0 trsplit=0 sim=222.444(rmp=4.225 run=218.108 n=1 d=1337) incr=loc/full/maxdirty/keys=0/0/0/0 chk= 0.018(d=0) stat= 0.893 rest= 2.988
  4 : c =  335878  cl = 353724  lit = 1165553  p = 12750  d =  1334  f =     0  +  T =     0.39 sec
  [prof   4] wall= 387.243 p= 14084 | ifo= 18.419(sd=1.086 nx=1.039 tfo=13.080 cnt=3.215) snap= 1.956 srm=100.768 sat= 19.426(set=2.259 slv=16.463 max=0.0417 n=14084) cex=R/T/F=1334/0/0 trsplit=0 sim=242.146(rmp=4.269 run=237.765 n=1 d=14053) incr=loc/full/maxdirty/keys=0/0/0/0 chk= 0.031(d=0) stat= 1.226 rest= 3.271
  5 : c =  274284  cl = 384606  lit = 1071696  p = 27159  d = 30775  f =     0  +  T =     0.45 sec
  [prof   5] wall= 452.810 p= 57934 | ifo= 25.827(sd=1.625 nx=1.444 tfo=19.256 cnt=3.502) snap= 2.021 srm=116.846 sat= 48.385(set=3.634 slv=41.751 max=0.2860 n=57934) cex=R/T/F=30775/0/0 trsplit=0 sim=254.242(rmp=4.244 run=249.896 n=1 d=93857) incr=loc/full/maxdirty/keys=0/0/0/0 chk= 0.331(d=0) stat= 1.492 rest= 3.666
  6 : c =  210152  cl = 370855  lit =  817406  p =139297  d =154896  f =  1082  +  T =     2.54 sec
  [prof   6] wall=2542.849 p=295275 | ifo= 24.959(sd=1.716 nx=1.005 tfo=18.058 cnt=4.181) snap= 1.976 srm=186.644 sat=1768.072(set=13.116 slv=1733.297 max=5.1393 n=295275) cex=R/T/F=154896/0/1082 trsplit=0 sim=554.366(rmp=5.078 run=549.184 n=1 d=253625) incr=loc/full/maxdirty/keys=0/0/0/0 chk= 1.122(d=665) stat= 1.687 rest= 4.022
  7 : c =  110158  cl = 309739  lit =  580607  p = 90856  d =142603  f = 43308  +  T =    35.89 sec
  [prof   7] wall=35888.312 p=276767 | ifo= 22.203(sd=1.941 nx=0.959 tfo=16.138 cnt=3.165) snap= 1.956 srm=194.649 sat=34000.899(set=13.479 slv=33946.909 max=10.9653 n=276767) cex=R/T/F=142603/0/43308 trsplit=0 sim=1656.538(rmp=12.151 run=1644.274 n=1 d=195043) incr=loc/full/maxdirty/keys=0/0/0/0 chk= 3.799(d=41756) stat= 1.905 rest= 6.364
  8 : c =   73023  cl = 229190  lit =  407529  p = 57555  d =171979  f = 34053  +  T =    18.27 sec
  [prof   8] wall=18266.975 p=263587 | ifo= 25.964(sd=2.406 nx=1.453 tfo=18.979 cnt=3.127) snap= 2.053 srm=219.821 sat=14573.478(set=13.495 slv=14513.122 max=6.9058 n=263587) cex=R/T/F=171979/0/34053 trsplit=0 sim=3433.785(rmp=7.652 run=3426.131 n=1 d=166626) incr=loc/full/maxdirty/keys=0/0/0/0 chk= 1.125(d=6452) stat= 1.529 rest= 9.221
  9 : c =   71787  cl = 216357  lit =  371720  p =  9102  d = 44395  f =  6647  +  T =     5.23 sec
  [prof   9] wall=5235.659 p= 60144 | ifo= 27.709(sd=2.199 nx=1.528 tfo=21.351 cnt=2.631) snap= 2.206 srm=173.077 sat=2913.601(set=8.997 slv=2896.458 max=14.5189 n=60144) cex=R/T/F=44395/0/6647 trsplit=0 sim=2110.261(rmp=5.642 run=2104.510 n=1 d=35217) incr=loc/full/maxdirty/keys=0/0/0/0 chk= 0.667(d=592) stat= 1.691 rest= 6.447
 10 : c =   70883  cl = 216784  lit =  362903  p =  7832  d =  5184  f =  1345  +  T =     1.09 sec
  [prof  10] wall=1095.786 p= 14361 | ifo= 34.336(sd=1.927 nx=2.144 tfo=28.315 cnt=1.951) snap= 2.211 srm=167.657 sat=479.127(set=8.255 slv=469.685 max=0.9572 n=14361) cex=R/T/F=5184/0/1345 trsplit=0 sim=407.469(rmp=4.231 run=403.118 n=1 d=8712) incr=loc/full/maxdirty/keys=0/0/0/0 chk= 0.079(d=105) stat= 1.097 rest= 3.809
 11 : c =   70050  cl = 221653  lit =  352963  p =  9643  d =  3402  f =    57  +  T =     0.41 sec
  [prof  11] wall= 410.830 p= 13102 | ifo= 19.154(sd=1.360 nx=1.105 tfo=14.218 cnt=2.472) snap= 1.983 srm=154.961 sat= 38.322(set=7.893 slv=29.731 max=0.4074 n=13102) cex=R/T/F=3402/0/57 trsplit=0 sim=192.135(rmp=4.311 run=187.704 n=1 d=9916) incr=loc/full/maxdirty/keys=0/0/0/0 chk= 0.049(d=24) stat= 1.019 rest= 3.206
 12 : c =   69373  cl = 224192  lit =  347299  p = 22750  d =  2659  f =    16  +  T =     0.40 sec
  [prof  12] wall= 399.509 p= 25425 | ifo= 28.078(sd=1.122 nx=1.015 tfo=24.125 cnt=1.816) snap= 1.980 srm=146.752 sat= 30.171(set=7.968 slv=20.929 max=0.4473 n=25425) cex=R/T/F=2659/0/16 trsplit=0 sim=188.363(rmp=4.283 run=183.957 n=1 d=5648) incr=loc/full/maxdirty/keys=0/0/0/0 chk= 0.042(d=16) stat= 0.984 rest= 3.139
 13 : c =   50787  cl = 223817  lit =  314511  p = 30553  d = 64500  f =     0  +  T =     0.74 sec
  [prof  13] wall= 740.681 p= 95053 | ifo= 20.512(sd=1.111 nx=0.986 tfo=16.526 cnt=1.888) snap= 2.000 srm=158.330 sat=110.067(set=9.847 slv=93.317 max=0.1577 n=95053) cex=R/T/F=64500/0/0 trsplit=0 sim=444.871(rmp=5.281 run=439.495 n=1 d=32788) incr=loc/full/maxdirty/keys=0/0/0/0 chk= 0.244(d=0) stat= 1.061 rest= 3.598
 14 : c =   50737  cl = 228447  lit =  304173  p = 45016  d = 20048  f =     0  +  T =     0.53 sec
  [prof  14] wall= 527.064 p= 65064 | ifo= 26.820(sd=1.182 nx=0.991 tfo=22.750 cnt=1.897) snap= 1.999 srm=194.366 sat= 87.796(set=9.457 slv=74.125 max=0.3950 n=65064) cex=R/T/F=20048/0/0 trsplit=0 sim=211.324(rmp=4.247 run=206.939 n=1 d=10338) incr=loc/full/maxdirty/keys=0/0/0/0 chk= 0.213(d=0) stat= 1.138 rest= 3.406
 15 : c =   49651  cl = 227043  lit =  298837  p = 50597  d =  8906  f =     0  +  T =     0.45 sec
  [prof  15] wall= 453.693 p= 59503 | ifo= 18.363(sd=1.129 nx=1.027 tfo=14.208 cnt=1.998) snap= 1.965 srm=173.948 sat= 57.836(set=10.303 slv=44.352 max=0.1202 n=59503) cex=R/T/F=8906/0/0 trsplit=0 sim=194.297(rmp=5.028 run=189.146 n=1 d=5336) incr=loc/full/maxdirty/keys=0/0/0/0 chk= 0.375(d=0) stat= 2.920 rest= 3.991
 16 : c =   39720  cl = 211059  lit =  269541  p = 59958  d = 14816  f =     0  +  T =     0.51 sec
  [prof  16] wall= 508.297 p= 74774 | ifo= 25.003(sd=1.976 nx=1.028 tfo=19.441 cnt=2.558) snap= 1.974 srm=169.850 sat=102.915(set=10.264 slv=88.053 max=0.3069 n=74774) cex=R/T/F=14816/0/0 trsplit=0 sim=204.188(rmp=4.119 run=199.950 n=1 d=29296) incr=loc/full/maxdirty/keys=0/0/0/0 chk= 0.087(d=0) stat= 1.029 rest= 3.251
 17 : c =   39660  cl = 210484  lit =  260389  p = 36744  d =  1642  f =  8236  +  T =     0.63 sec
  [prof  17] wall= 626.661 p= 46622 | ifo= 17.477(sd=1.101 nx=0.983 tfo=13.361 cnt=2.032) snap= 2.747 srm=188.196 sat=205.529(set=11.231 slv=191.747 max=0.5396 n=46622) cex=R/T/F=1642/0/8236 trsplit=0 sim=207.618(rmp=4.501 run=203.010 n=1 d=9079) incr=loc/full/maxdirty/keys=0/0/0/0 chk= 0.183(d=73) stat= 0.998 rest= 3.912
 18 : c =   37535  cl = 210157  lit =  257743  p = 36900  d =   519  f =   274  +  T =     0.46 sec
  [prof  18] wall= 458.850 p= 37693 | ifo= 21.796(sd=1.201 nx=0.985 tfo=17.450 cnt=2.160) snap= 1.976 srm=161.952 sat= 64.304(set=9.492 slv=53.009 max=8.8837 n=37693) cex=R/T/F=519/0/274 trsplit=0 sim=204.452(rmp=4.216 run=200.134 n=1 d=2539) incr=loc/full/maxdirty/keys=0/0/0/0 chk= 0.049(d=107) stat= 1.043 rest= 3.277
 19 : c =   27169  cl = 208469  lit =  243424  p = 19894  d = 11779  f =  8783  +  T =     4.48 sec
  [prof  19] wall=4480.799 p= 40456 | ifo= 22.142(sd=1.134 nx=1.019 tfo=18.164 cnt=1.825) snap= 1.964 srm=169.098 sat=3503.187(set=9.782 slv=3489.391 max=9.3415 n=40456) cex=R/T/F=11779/0/8783 trsplit=0 sim=777.748(rmp=4.231 run=773.515 n=1 d=5795) incr=loc/full/maxdirty/keys=0/0/0/0 chk= 0.197(d=8524) stat= 1.122 rest= 5.343
 20 : c =   12711  cl = 201950  lit =  221576  p = 16224  d =  9602  f = 20644  +  T =     7.75 sec
  [prof  20] wall=7748.490 p= 46470 | ifo= 19.796(sd=1.268 nx=1.041 tfo=15.687 cnt=1.801) snap= 1.942 srm=168.393 sat=5153.846(set=10.287 slv=5136.880 max=9.5964 n=46470) cex=R/T/F=9602/0/20644 trsplit=0 sim=2398.821(rmp=8.058 run=2390.666 n=1 d=1288) incr=loc/full/maxdirty/keys=0/0/0/0 chk= 0.326(d=20560) stat= 1.080 rest= 4.286
 21 : c =    6533  cl = 180485  lit =  193704  p = 24162  d =  9209  f = 14161  +  T =     4.88 sec
  [prof  21] wall=4882.189 p= 47532 | ifo= 19.331(sd=1.420 nx=1.412 tfo=14.728 cnt=1.772) snap= 2.677 srm=199.838 sat=1886.971(set=12.904 slv=1869.433 max=11.8397 n=47532) cex=R/T/F=9209/0/14161 trsplit=0 sim=2768.445(rmp=5.370 run=2762.965 n=1 d=21974) incr=loc/full/maxdirty/keys=0/0/0/0 chk= 0.166(d=5898) stat= 1.008 rest= 3.752
  [incr r=21 repr=28666 next=22931 tfo=1363199 active=220893/374189 POs=6732]
 22 : c =    6081  cl = 179319  lit =  191435  p =  4364  d =  1246  f =  1122  +  T =     0.56 sec
  [prof  22] wall= 559.504 p=  6732 | ifo= 17.813(sd=1.157 nx=1.033 tfo=13.802 cnt=1.821) snap= 2.627 srm=149.217 sat=201.619(set=10.721 slv=190.391 max=0.5092 n=6732) cex=R/T/F=1246/0/1122 trsplit=0 sim=183.991(rmp=4.224 run=179.654 n=1 d=1360) incr=loc/full/maxdirty/keys=0/0/0/0 chk= 0.049(d=909) stat= 0.989 rest= 3.199
 23 : c =    5033  cl = 179176  lit =  190017  p =  7877  d =   515  f =   218  -  T =     0.46 sec
  [prof  23] wall= 459.572 p=  8610 | ifo= 17.022(sd=1.120 nx=1.046 tfo=13.178 cnt=1.679) snap= 1.979 srm=164.027 sat= 86.190(set=9.390 slv=76.319 max=0.4476 n=8610) cex=R/T/F=515/0/218 trsplit=0 sim=186.026(rmp=4.014 run=181.903 n=1 d=1258) incr=loc/full/maxdirty/keys=0/0/0/0 chk= 0.022(d=160) stat= 0.993 rest= 3.312
  [incr r=23 repr=2776 next=2615 tfo=1357151 active=216242/369193 POs=6084]
 24 : c =    4211  cl = 178098  lit =  187307  p =  3661  d =  2259  f =   164  -  T =     0.44 sec
  [prof  24] wall= 444.593 p=  6084 | ifo= 16.598(sd=1.115 nx=1.006 tfo=12.604 cnt=1.873) snap= 2.541 srm=153.556 sat= 61.526(set=12.094 slv=48.988 max=0.3159 n=6084) cex=R/T/F=2259/0/164 trsplit=0 sim=205.917(rmp=4.888 run=200.928 n=1 d=2583) incr=loc/full/maxdirty/keys=0/0/0/0 chk= 0.035(d=127) stat= 1.003 rest= 3.417
 25 : c =    4117  cl = 178082  lit =  186991  p =  7779  d =   210  f =   227  -  T =     0.44 sec
  [prof  25] wall= 439.689 p=  8216 | ifo= 16.821(sd=1.098 nx=1.001 tfo=12.970 cnt=1.752) snap= 1.991 srm=163.899 sat= 66.659(set=9.498 slv=56.735 max=0.2679 n=8216) cex=R/T/F=210/0/227 trsplit=0 sim=186.093(rmp=4.255 run=181.695 n=1 d=108) incr=loc/full/maxdirty/keys=0/0/0/0 chk= 0.025(d=208) stat= 0.983 rest= 3.218
  [incr r=25 repr=710 next=508 tfo=1049883 active=14935/365073 POs=2989]
 26 : c =    4016  cl = 178098  lit =  186780  p =  2737  d =   127  f =   125  -  T =     0.35 sec
  [prof  26] wall= 347.917 p=  2989 | ifo= 12.321(sd=1.087 nx=1.002 tfo=8.354 cnt=1.878) snap= 1.952 srm=114.167 sat= 35.155(set=6.948 slv=28.048 max=0.2394 n=2989) cex=R/T/F=127/0/125 trsplit=0 sim=180.163(rmp=4.089 run=175.955 n=1 d=97) incr=loc/full/maxdirty/keys=0/0/0/0 chk= 0.017(d=114) stat= 1.046 rest= 3.098
 27 : c =    3935  cl = 178106  lit =  186534  p =  7735  d =   107  f =   158  -  T =     0.41 sec
  [prof  27] wall= 410.498 p=  8000 | ifo= 17.017(sd=1.103 nx=1.004 tfo=13.248 cnt=1.662) snap= 1.982 srm=160.425 sat= 52.576(set=9.521 slv=42.644 max=0.2726 n=8000) cex=R/T/F=107/0/158 trsplit=0 sim=174.177(rmp=4.129 run=169.901 n=1 d=111) incr=loc/full/maxdirty/keys=0/0/0/0 chk= 0.060(d=135) stat= 1.025 rest= 3.237
 28 : c =    3677  cl = 178088  lit =  186347  p =  7697  d =   122  f =    62  -  T =     0.45 sec
  [prof  28] wall= 455.501 p=  7881 | ifo= 19.072(sd=1.127 nx=1.014 tfo=13.701 cnt=3.229) snap= 2.755 srm=199.242 sat= 36.052(set=9.639 slv=26.019 max=0.2671 n=7881) cex=R/T/F=122/0/62 trsplit=0 sim=193.344(rmp=4.106 run=189.099 n=1 d=129) incr=loc/full/maxdirty/keys=0/0/0/0 chk= 0.015(d=58) stat= 1.204 rest= 3.817
 29 : c =    3532  cl = 178074  lit =  186133  p =  7739  d =   217  f =    88  -  T =     0.44 sec
  [prof  29] wall= 440.305 p=  8044 | ifo= 22.704(sd=1.396 nx=1.477 tfo=18.101 cnt=1.731) snap= 2.569 srm=176.123 sat= 49.301(set=10.596 slv=38.294 max=2.5154 n=8044) cex=R/T/F=217/0/88 trsplit=0 sim=184.897(rmp=4.974 run=179.801 n=1 d=140) incr=loc/full/maxdirty/keys=0/0/0/0 chk= 0.035(d=74) stat= 1.014 rest= 3.663
  [incr r=29 repr=508 next=505 tfo=1054607 active=13018/364207 POs=2967]
 30 : c =    3438  cl = 178094  lit =  185960  p =  2715  d =   143  f =   109  -  T =     0.33 sec
  [prof  30] wall= 333.756 p=  2967 | ifo= 12.469(sd=1.077 nx=1.000 tfo=8.509 cnt=1.883) snap= 1.965 srm=104.044 sat= 31.783(set=6.542 slv=25.078 max=0.2628 n=2967) cex=R/T/F=143/0/109 trsplit=0 sim=179.490(rmp=4.211 run=175.136 n=1 d=76) incr=loc/full/maxdirty/keys=0/0/0/0 chk= 0.051(d=97) stat= 0.973 rest= 2.982
  [incr r=30 repr=420 next=359 tfo=1043266 active=8469/364054 POs=2188]
 31 : c =    3380  cl = 178111  lit =  185797  p =  2010  d =   137  f =    41  -  T =     0.35 sec
  [prof  31] wall= 349.190 p=  2188 | ifo= 14.410(sd=1.079 nx=0.992 tfo=9.479 cnt=2.859) snap= 1.978 srm=108.242 sat= 21.624(set=6.569 slv=14.931 max=0.2591 n=2188) cex=R/T/F=137/0/41 trsplit=0 sim=198.743(rmp=4.243 run=194.376 n=1 d=126) incr=loc/full/maxdirty/keys=0/0/0/0 chk= 0.024(d=37) stat= 1.011 rest= 3.157
  [incr r=31 repr=1100 next=322 tfo=1039508 active=10644/363908 POs=2083]
 32 : c =    3322  cl = 178116  lit =  185688  p =  1921  d =   136  f =    26  -  T =     0.35 sec
  [prof  32] wall= 353.273 p=  2083 | ifo= 12.170(sd=1.226 nx=0.988 tfo=8.077 cnt=1.879) snap= 2.559 srm=121.782 sat= 18.128(set=7.325 slv=10.693 max=0.2494 n=2083) cex=R/T/F=136/0/26 trsplit=0 sim=193.794(rmp=4.886 run=188.792 n=1 d=90) incr=loc/full/maxdirty/keys=0/0/0/0 chk= 0.012(d=19) stat= 1.218 rest= 3.609
  [incr r=32 repr=259 next=279 tfo=1027092 active=6036/363804 POs=2020]
 33 : c =    3297  cl = 178106  lit =  185604  p =  1892  d =   108  f =    20  -  T =     0.34 sec
  [prof  33] wall= 340.813 p=  2020 | ifo= 16.862(sd=1.431 nx=1.473 tfo=11.381 cnt=2.576) snap= 1.984 srm=111.199 sat= 17.127(set=6.834 slv=10.176 max=0.2580 n=2020) cex=R/T/F=108/0/20 trsplit=0 sim=189.113(rmp=4.315 run=184.682 n=1 d=65) incr=loc/full/maxdirty/keys=0/0/0/0 chk= 0.021(d=19) stat= 0.996 rest= 3.511
  [incr r=33 repr=206 next=218 tfo=1021453 active=5391/363710 POs=1968]
 34 : c =    3263  cl = 178130  lit =  185521  p =  1881  d =    47  f =    40  -  T =     0.33 sec
  [prof  34] wall= 326.256 p=  1968 | ifo= 13.965(sd=1.268 nx=1.555 tfo=9.147 cnt=1.995) snap= 2.004 srm=109.921 sat= 17.816(set=6.800 slv=10.917 max=0.2784 n=1968) cex=R/T/F=47/0/40 trsplit=0 sim=178.492(rmp=4.091 run=174.184 n=1 d=44) incr=loc/full/maxdirty/keys=0/0/0/0 chk= 0.038(d=39) stat= 0.987 rest= 3.032
  [incr r=34 repr=933 next=247 tfo=11135 active=6183/363651 POs=140]
 35 : c =    3234  cl = 178139  lit =  185417  p =    50  d =    51  f =    39  -  T =     0.27 sec
  [prof  35] wall= 270.810 p=   140 | ifo=  4.522(sd=1.071 nx=0.999 tfo=0.762 cnt=1.689) snap= 2.058 srm= 59.600 sat= 11.619(set=5.343 slv=6.262 max=0.2286 n=140) cex=R/T/F=51/0/39 trsplit=0 sim=187.656(rmp=4.669 run=182.864 n=1 d=68) incr=loc/full/maxdirty/keys=0/0/0/0 chk= 0.019(d=36) stat= 1.014 rest= 4.322
  [incr r=35 repr=172 next=173 tfo=1021418 active=5291/363556 POs=1965]
 36 : c =    3217  cl = 178137  lit =  185360  p =  1901  d =    18  f =    46  -  T =     0.34 sec
  [prof  36] wall= 342.662 p=  1965 | ifo= 14.920(sd=1.097 nx=1.013 tfo=10.047 cnt=2.763) snap= 1.946 srm=115.766 sat= 18.943(set=6.725 slv=12.120 max=0.2602 n=1965) cex=R/T/F=18/0/46 trsplit=0 sim=186.357(rmp=4.262 run=181.953 n=1 d=14) incr=loc/full/maxdirty/keys=0/0/0/0 chk= 0.029(d=43) stat= 1.230 rest= 3.471
  [incr r=36 repr=70 next=62 tfo=6164 active=1446/363497 POs=60]
 37 : c =    3170  cl = 178134  lit =  185316  p =    20  d =     8  f =    32  -  T =     0.29 sec
  [prof  37] wall= 292.858 p=    60 | ifo=  6.126(sd=1.440 nx=1.494 tfo=0.976 cnt=2.216) snap= 2.143 srm= 78.389 sat= 10.048(set=5.467 slv=4.574 max=0.2738 n=60) cex=R/T/F=8/0/32 trsplit=0 sim=191.811(rmp=4.921 run=186.779 n=1 d=14) incr=loc/full/maxdirty/keys=0/0/0/0 chk= 0.002(d=30) stat= 1.106 rest= 3.234
  [incr r=37 repr=69 next=45 tfo=1020665 active=5071/363450 POs=1930]
 38 : c =    3093  cl = 178148  lit =  185267  p =  1878  d =    36  f =    16  -  T =     0.34 sec
  [prof  38] wall= 343.635 p=  1930 | ifo= 15.380(sd=1.292 nx=1.259 tfo=10.672 cnt=2.157) snap= 2.471 srm=109.459 sat= 16.702(set=7.114 slv=9.477 max=0.2693 n=1930) cex=R/T/F=36/0/16 trsplit=0 sim=195.491(rmp=5.116 run=190.269 n=1 d=33) incr=loc/full/maxdirty/keys=0/0/0/0 chk= 0.004(d=16) stat= 0.983 rest= 3.145
  [incr r=38 repr=180 next=205 tfo=6448 active=1656/363415 POs=177]
 39 : c =    3045  cl = 178158  lit =  185210  p =    70  d =    87  f =    20  -  T =     0.28 sec
  [prof  39] wall= 276.879 p=   177 | ifo=  5.396(sd=1.195 nx=1.188 tfo=1.065 cnt=1.949) snap= 2.633 srm= 65.790 sat= 10.440(set=5.831 slv=4.592 max=0.1738 n=177) cex=R/T/F=87/0/20 trsplit=0 sim=187.858(rmp=4.939 run=182.799 n=1 d=42) incr=loc/full/maxdirty/keys=0/0/0/0 chk= 0.013(d=15) stat= 1.202 rest= 3.546
  [incr r=39 repr=263 next=297 tfo=1020455 active=5285/363368 POs=2015]
 40 : c =    3035  cl = 178193  lit =  185108  p =  1887  d =    87  f =    41  -  T =     0.33 sec
  [prof  40] wall= 327.161 p=  2015 | ifo= 16.654(sd=1.470 nx=1.456 tfo=11.183 cnt=2.544) snap= 2.810 srm=112.914 sat= 19.497(set=7.072 slv=12.319 max=0.2885 n=2015) cex=R/T/F=87/0/41 trsplit=0 sim=171.127(rmp=4.200 run=166.791 n=1 d=65) incr=loc/full/maxdirty/keys=0/0/0/0 chk= 0.036(d=37) stat= 0.996 rest= 3.127
  [incr r=40 repr=938 next=288 tfo=1023381 active=8078/363301 POs=1959]
 41 : c =    3011  cl = 178210  lit =  185001  p =  1852  d =    67  f =    40  -  T =     0.33 sec
  [prof  41] wall= 329.919 p=  1959 | ifo= 15.048(sd=1.138 nx=1.018 tfo=11.018 cnt=1.874) snap= 2.045 srm=108.929 sat= 18.393(set=6.600 slv=11.690 max=0.2606 n=1959) cex=R/T/F=67/0/40 trsplit=0 sim=181.467(rmp=4.071 run=177.288 n=1 d=70) incr=loc/full/maxdirty/keys=0/0/0/0 chk= 0.014(d=37) stat= 0.979 rest= 3.045
  [incr r=41 repr=179 next=189 tfo=1020966 active=5152/363211 POs=1939]
 42 : c =    2996  cl = 178202  lit =  184922  p =  1854  d =    45  f =    40  -  T =     0.36 sec
  [prof  42] wall= 359.732 p=  1939 | ifo= 12.785(sd=1.075 nx=0.994 tfo=8.798 cnt=1.918) snap= 2.008 srm=111.328 sat= 21.661(set=7.731 slv=13.817 max=0.2627 n=1939) cex=R/T/F=45/0/40 trsplit=0 sim=207.195(rmp=17.078 run=190.011 n=1 d=44) incr=loc/full/maxdirty/keys=0/0/0/0 chk= 0.028(d=35) stat= 0.991 rest= 3.737
  [incr r=42 repr=101 next=121 tfo=6368 active=1579/363124 POs=91]
 43 : c =    2980  cl = 178200  lit =  184872  p =    40  d =    12  f =    39  -  T =     0.27 sec
  [prof  43] wall= 275.547 p=    91 | ifo=  4.767(sd=1.092 nx=1.006 tfo=0.749 cnt=1.921) snap= 1.938 srm= 63.552 sat= 10.621(set=5.307 slv=5.305 max=0.2144 n=91) cex=R/T/F=12/0/39 trsplit=0 sim=190.638(rmp=4.219 run=186.301 n=1 d=16) incr=loc/full/maxdirty/keys=0/0/0/0 chk= 0.038(d=34) stat= 1.080 rest= 2.913
  [incr r=43 repr=59 next=68 tfo=1020396 active=4746/363072 POs=1891]
 44 : c =    2956  cl = 178202  lit =  184829  p =  1850  d =    12  f =    29  -  T =     0.32 sec
  [prof  44] wall= 323.394 p=  1891 | ifo= 12.247(sd=1.074 nx=1.013 tfo=8.298 cnt=1.862) snap= 2.574 srm=108.980 sat= 17.075(set=6.887 slv=10.092 max=0.2625 n=1891) cex=R/T/F=12/0/29 trsplit=0 sim=177.925(rmp=5.074 run=172.732 n=1 d=15) incr=loc/full/maxdirty/keys=0/0/0/0 chk= 0.031(d=28) stat= 1.018 rest= 3.544
  [incr r=44 repr=688 next=79 tfo=9982 active=5249/363031 POs=92]
 45 : c =    2935  cl = 178208  lit =  184776  p =    44  d =    20  f =    28  -  T =     0.26 sec
  [prof  45] wall= 259.302 p=    92 | ifo=  4.634(sd=1.091 nx=1.011 tfo=0.828 cnt=1.704) snap= 2.080 srm= 62.680 sat=  9.962(set=5.612 slv=4.340 max=0.4360 n=92) cex=R/T/F=20/0/28 trsplit=0 sim=175.922(rmp=4.321 run=171.439 n=1 d=25) incr=loc/full/maxdirty/keys=0/0/0/0 chk= 0.022(d=28) stat= 0.995 rest= 3.005
  [incr r=45 repr=74 next=76 tfo=1019833 active=4711/362984 POs=1887]
 46 : c =    2894  cl = 178213  lit =  184731  p =  1840  d =    17  f =    30  -  T =     0.33 sec
  [prof  46] wall= 331.475 p=  1887 | ifo= 15.382(sd=1.090 nx=1.024 tfo=10.315 cnt=2.953) snap= 2.759 srm=106.069 sat= 16.999(set=6.819 slv=10.084 max=0.2671 n=1887) cex=R/T/F=17/0/30 trsplit=0 sim=185.710(rmp=5.012 run=180.571 n=1 d=15) incr=loc/full/maxdirty/keys=0/0/0/0 chk= 0.010(d=30) stat= 1.049 rest= 3.497
  [incr r=46 repr=79 next=71 tfo=1019914 active=4735/362944 POs=1904]
 47 : c =    2851  cl = 178221  lit =  184687  p =  1848  d =    34  f =    22  -  T =     0.35 sec
  [prof  47] wall= 356.183 p=  1904 | ifo= 14.084(sd=1.124 nx=1.058 tfo=9.930 cnt=1.972) snap= 3.990 srm=106.552 sat= 25.113(set=13.722 slv=11.263 max=0.2624 n=1904) cex=R/T/F=34/0/22 trsplit=0 sim=201.378(rmp=4.913 run=196.354 n=1 d=23) incr=loc/full/maxdirty/keys=0/0/0/0 chk= 0.004(d=21) stat= 1.235 rest= 3.827
  [incr r=47 repr=106 next=110 tfo=6159 active=1421/362908 POs=113]
 48 : c =    2789  cl = 178230  lit =  184645  p =    45  d =    52  f =    16  -  T =     0.29 sec
  [prof  48] wall= 292.630 p=   113 | ifo=  6.123(sd=1.406 nx=1.480 tfo=0.908 cnt=2.329) snap= 2.178 srm= 63.083 sat=  8.314(set=5.126 slv=3.174 max=0.2585 n=113) cex=R/T/F=52/0/16 trsplit=0 sim=207.019(rmp=5.419 run=201.479 n=1 d=27) incr=loc/full/maxdirty/keys=0/0/0/0 chk= 0.011(d=15) stat= 1.039 rest= 4.864
  [incr r=48 repr=184 next=236 tfo=1020234 active=4933/362875 POs=1987]
 49 : c =    2769  cl = 178251  lit =  184569  p =  1879  d =    82  f =    26  -  T =     0.34 sec
  [prof  49] wall= 342.041 p=  1987 | ifo= 12.113(sd=1.077 nx=1.028 tfo=8.075 cnt=1.933) snap= 1.954 srm=114.556 sat= 18.580(set=6.647 slv=11.827 max=0.2604 n=1987) cex=R/T/F=82/0/26 trsplit=0 sim=190.562(rmp=4.531 run=185.900 n=1 d=52) incr=loc/full/maxdirty/keys=0/0/0/0 chk= 0.011(d=24) stat= 0.990 rest= 3.275
  [incr r=49 repr=199 next=223 tfo=1020173 active=4872/362820 POs=1949]
 50 : c =    2744  cl = 178258  lit =  184487  p =  1856  d =    46  f =    47  -  T =     0.33 sec
  [prof  50] wall= 333.369 p=  1949 | ifo= 18.343(sd=1.111 nx=1.001 tfo=13.163 cnt=3.069) snap= 2.584 srm=111.873 sat= 19.432(set=7.595 slv=11.726 max=0.2634 n=1949) cex=R/T/F=46/0/47 trsplit=0 sim=176.907(rmp=5.545 run=171.224 n=1 d=38) incr=loc/full/maxdirty/keys=0/0/0/0 chk= 0.025(d=44) stat= 0.980 rest= 3.223
  [incr r=50 repr=150 next=191 tfo=1020116 active=4791/362745 POs=1915]
 51 : c =    2709  cl = 178275  lit =  184401  p =  1844  d =    41  f =    30  -  T =     0.34 sec
  [prof  51] wall= 343.109 p=  1915 | ifo= 12.751(sd=1.086 nx=1.000 tfo=8.790 cnt=1.875) snap= 2.531 srm=120.294 sat= 18.105(set=7.314 slv=10.693 max=0.2649 n=1915) cex=R/T/F=41/0/30 trsplit=0 sim=185.180(rmp=5.031 run=180.016 n=1 d=57) incr=loc/full/maxdirty/keys=0/0/0/0 chk= 0.007(d=29) stat= 0.963 rest= 3.277
  [incr r=51 repr=132 next=133 tfo=1020005 active=4704/362676 POs=1915]
 52 : c =    2674  cl = 178276  lit =  184346  p =  1856  d =    29  f =    30  -  T =     0.35 sec
  [prof  52] wall= 349.725 p=  1915 | ifo= 12.158(sd=1.078 nx=1.003 tfo=8.187 cnt=1.890) snap= 2.650 srm=111.498 sat= 19.895(set=7.177 slv=12.615 max=0.5746 n=1915) cex=R/T/F=29/0/30 trsplit=0 sim=198.601(rmp=7.526 run=190.953 n=1 d=27) incr=loc/full/maxdirty/keys=0/0/0/0 chk= 0.022(d=28) stat= 1.216 rest= 3.685
  [incr r=52 repr=109 next=134 tfo=1019972 active=4672/362622 POs=1929]
 53 : c =    2645  cl = 178294  lit =  184284  p =  1863  d =    36  f =    30  -  T =     0.33 sec
  [prof  53] wall= 334.786 p=  1929 | ifo= 16.914(sd=1.427 nx=1.468 tfo=10.998 cnt=3.021) snap= 2.011 srm=119.640 sat= 17.480(set=6.704 slv=10.676 max=0.2796 n=1929) cex=R/T/F=36/0/30 trsplit=0 sim=174.580(rmp=4.262 run=170.208 n=1 d=33) incr=loc/full/maxdirty/keys=0/0/0/0 chk= 0.016(d=29) stat= 1.084 rest= 3.061
  [incr r=53 repr=121 next=127 tfo=1019904 active=4620/362578 POs=1914]
 54 : c =    2614  cl = 178297  lit =  184211  p =  1850  d =    29  f =    35  -  T =     0.36 sec
  [prof  54] wall= 360.457 p=  1914 | ifo= 12.329(sd=1.103 nx=1.083 tfo=8.258 cnt=1.884) snap= 2.720 srm=128.877 sat= 18.448(set=7.715 slv=10.636 max=0.2644 n=1914) cex=R/T/F=29/0/35 trsplit=0 sim=193.904(rmp=4.915 run=188.866 n=1 d=39) incr=loc/full/maxdirty/keys=0/0/0/0 chk= 0.013(d=34) stat= 0.965 rest= 3.201
  [incr r=54 repr=107 next=110 tfo=1019878 active=4551/362508 POs=1894]
 55 : c =    2562  cl = 178301  lit =  184169  p =  1843  d =    28  f =    23  -  T =     0.36 sec
  [prof  55] wall= 362.869 p=  1894 | ifo= 12.396(sd=1.078 nx=1.068 tfo=8.359 cnt=1.891) snap= 1.981 srm=112.968 sat= 25.577(set=16.393 slv=9.088 max=0.2582 n=1894) cex=R/T/F=28/0/23 trsplit=0 sim=204.872(rmp=5.053 run=199.682 n=1 d=20) incr=loc/full/maxdirty/keys=0/0/0/0 chk= 0.010(d=22) stat= 1.224 rest= 3.840
  [incr r=55 repr=129 next=146 tfo=6291 active=1561/362470 POs=125]
 56 : c =    2525  cl = 178314  lit =  184128  p =    58  d =    51  f =    16  -  T =     0.29 sec
  [prof  56] wall= 286.119 p=   125 | ifo=  6.010(sd=1.402 nx=1.511 tfo=0.928 cnt=2.169) snap= 2.483 srm= 69.446 sat=  8.660(set=5.787 slv=2.861 max=0.1856 n=125) cex=R/T/F=51/0/16 trsplit=0 sim=195.377(rmp=4.556 run=190.714 n=1 d=25) incr=loc/full/maxdirty/keys=0/0/0/0 chk= 0.010(d=16) stat= 1.078 rest= 3.055
  [incr r=56 repr=163 next=212 tfo=1020000 active=4638/362442 POs=1951]
 57 : c =    2475  cl = 178346  lit =  184041  p =  1857  d =    60  f =    34  -  T =     0.34 sec
  [prof  57] wall= 343.277 p=  1951 | ifo= 15.287(sd=1.101 nx=0.996 tfo=10.474 cnt=2.716) snap= 2.010 srm=118.035 sat= 20.480(set=6.488 slv=13.879 max=0.5280 n=1951) cex=R/T/F=60/0/34 trsplit=0 sim=182.321(rmp=5.298 run=176.916 n=1 d=54) incr=loc/full/maxdirty/keys=0/0/0/0 chk= 0.019(d=33) stat= 1.126 rest= 3.998
  [incr r=57 repr=219 next=281 tfo=6107 active=1544/362387 POs=158]
 58 : c =    2435  cl = 178352  lit =  183926  p =    38  d =    77  f =    43  -  T =     0.27 sec
  [prof  58] wall= 266.832 p=   158 | ifo=  4.546(sd=1.087 nx=0.998 tfo=0.748 cnt=1.713) snap= 1.968 srm= 59.126 sat= 14.326(set=5.271 slv=9.035 max=0.5137 n=158) cex=R/T/F=77/0/43 trsplit=0 sim=181.820(rmp=4.777 run=176.926 n=1 d=77) incr=loc/full/maxdirty/keys=0/0/0/0 chk= 0.006(d=38) stat= 1.398 rest= 3.643
  [incr r=58 repr=212 next=205 tfo=1020004 active=4549/362278 POs=1933]
 59 : c =    2397  cl = 178350  lit =  183842  p =  1843  d =    39  f =    51  -  T =     0.35 sec
  [prof  59] wall= 351.728 p=  1933 | ifo= 16.554(sd=1.402 nx=1.581 tfo=10.977 cnt=2.594) snap= 2.622 srm=120.196 sat= 21.033(set=7.716 slv=13.216 max=0.2611 n=1933) cex=R/T/F=39/0/51 trsplit=0 sim=186.845(rmp=4.954 run=181.759 n=1 d=41) incr=loc/full/maxdirty/keys=0/0/0/0 chk= 0.015(d=43) stat= 1.016 rest= 3.447
  [incr r=59 repr=156 next=162 tfo=6303 active=1533/362192 POs=104]
 60 : c =    2336  cl = 178365  lit =  183797  p =    34  d =    51  f =    19  -  T =     0.27 sec
  [prof  60] wall= 267.091 p=   104 | ifo=  4.511(sd=1.070 nx=1.006 tfo=0.742 cnt=1.692) snap= 1.997 srm= 62.984 sat=  9.476(set=5.194 slv=4.268 max=0.3003 n=104) cex=R/T/F=51/0/19 trsplit=0 sim=184.061(rmp=4.972 run=178.985 n=1 d=28) incr=loc/full/maxdirty/keys=0/0/0/0 chk= 0.005(d=17) stat= 1.006 rest= 3.051
  [incr r=60 repr=192 next=227 tfo=1020102 active=4631/362162 POs=1976]
 61 : c =    2238  cl = 178391  lit =  183713  p =  1875  d =    76  f =    25  -  T =     0.36 sec
  [prof  61] wall= 356.641 p=  1976 | ifo= 12.123(sd=1.101 nx=0.997 tfo=8.129 cnt=1.895) snap= 2.016 srm=125.152 sat= 17.634(set=6.524 slv=11.008 max=0.2515 n=1976) cex=R/T/F=76/0/25 trsplit=0 sim=195.601(rmp=4.235 run=191.255 n=1 d=61) incr=loc/full/maxdirty/keys=0/0/0/0 chk= 0.011(d=23) stat= 1.036 rest= 3.067
  [incr r=61 repr=369 next=428 tfo=5783 active=1690/362104 POs=217]
 62 : c =    2192  cl = 178408  lit =  183608  p =    51  d =   123  f =    43  -  T =     0.28 sec
  [prof  62] wall= 277.361 p=   217 | ifo=  4.610(sd=1.091 nx=1.017 tfo=0.755 cnt=1.748) snap= 2.557 srm= 58.159 sat= 16.740(set=6.166 slv=10.547 max=0.5290 n=217) cex=R/T/F=123/0/43 trsplit=0 sim=190.526(rmp=4.989 run=185.432 n=1 d=66) incr=loc/full/maxdirty/keys=0/0/0/0 chk= 0.006(d=39) stat= 0.996 rest= 3.767
  [incr r=62 repr=396 next=343 tfo=1020206 active=4648/362016 POs=1990]
 63 : c =    2174  cl = 178429  lit =  183479  p =  1867  d =    68  f =    55  -  T =     0.34 sec
  [prof  63] wall= 336.703 p=  1990 | ifo= 14.751(sd=1.097 nx=1.056 tfo=9.968 cnt=2.630) snap= 1.980 srm=117.347 sat= 21.474(set=6.522 slv=14.849 max=0.2627 n=1990) cex=R/T/F=68/0/55 trsplit=0 sim=176.639(rmp=4.276 run=172.249 n=1 d=78) incr=loc/full/maxdirty/keys=0/0/0/0 chk= 0.019(d=51) stat= 1.285 rest= 3.209
  [incr r=63 repr=243 next=238 tfo=1020802 active=4519/361908 POs=1951]
 64 : c =    2124  cl = 178418  lit =  183387  p =  1849  d =    44  f =    58  -  T =     0.33 sec
  [prof  64] wall= 326.169 p=  1951 | ifo= 13.695(sd=1.479 nx=1.817 tfo=8.512 cnt=1.888) snap= 1.993 srm=102.897 sat= 20.732(set=6.671 slv=13.962 max=0.2613 n=1951) cex=R/T/F=44/0/58 trsplit=0 sim=182.812(rmp=4.207 run=178.507 n=1 d=49) incr=loc/full/maxdirty/keys=0/0/0/0 chk= 0.009(d=43) stat= 0.991 rest= 3.039
  [incr r=64 repr=165 next=157 tfo=1021431 active=4504/361805 POs=1941]
 65 : c =    2054  cl = 178442  lit =  183318  p =  1860  d =    53  f =    28  -  T =     0.36 sec
  [prof  65] wall= 357.116 p=  1941 | ifo= 13.334(sd=1.091 nx=1.031 tfo=9.304 cnt=1.909) snap= 2.512 srm=116.891 sat= 18.540(set=7.379 slv=11.060 max=0.2488 n=1941) cex=R/T/F=53/0/28 trsplit=0 sim=200.920(rmp=6.741 run=194.058 n=1 d=44) incr=loc/full/maxdirty/keys=0/0/0/0 chk= 0.010(d=25) stat= 1.223 rest= 3.686
  [incr r=65 repr=252 next=280 tfo=5141 active=1517/361760 POs=184]
 66 : c =    2019  cl = 178474  lit =  183195  p =    41  d =    97  f =    46  -  T =     0.26 sec
  [prof  66] wall= 265.618 p=   184 | ifo=  5.202(sd=1.390 nx=1.232 tfo=0.736 cnt=1.844) snap= 1.956 srm= 65.775 sat= 11.835(set=5.090 slv=6.727 max=0.1869 n=184) cex=R/T/F=97/0/46 trsplit=0 sim=177.042(rmp=4.149 run=172.772 n=1 d=80) incr=loc/full/maxdirty/keys=0/0/0/0 chk= 0.010(d=43) stat= 0.985 rest= 2.814
  [incr r=66 repr=694 next=305 tfo=1022956 active=5871/361669 POs=1999]
 67 : c =    1998  cl = 178477  lit =  183073  p =  1867  d =    81  f =    51  -  T =     0.36 sec
  [prof  67] wall= 360.374 p=  1999 | ifo= 11.804(sd=1.088 nx=1.058 tfo=7.755 cnt=1.903) snap= 2.604 srm=121.925 sat= 40.233(set=12.013 slv=27.932 max=0.9466 n=1999) cex=R/T/F=81/0/51 trsplit=0 sim=179.393(rmp=5.204 run=174.084 n=1 d=79) incr=loc/full/maxdirty/keys=0/0/0/0 chk= 0.015(d=43) stat= 0.979 rest= 3.419
  [incr r=67 repr=247 next=257 tfo=1019913 active=4190/361550 POs=1949]
 68 : c =    1962  cl = 178479  lit =  182988  p =  1847  d =    52  f =    50  -  T =     0.35 sec
  [prof  68] wall= 348.330 p=  1949 | ifo= 13.844(sd=1.151 nx=1.034 tfo=9.758 cnt=1.901) snap= 2.013 srm=101.251 sat= 25.114(set=6.680 slv=18.290 max=2.3385 n=1949) cex=R/T/F=52/0/50 trsplit=0 sim=202.034(rmp=4.543 run=197.381 n=1 d=45) incr=loc/full/maxdirty/keys=0/0/0/0 chk= 0.009(d=40) stat= 1.043 rest= 3.021
  [incr r=68 repr=157 next=169 tfo=6034 active=1481/361467 POs=128]
 69 : c =    1943  cl = 178496  lit =  182912  p =    48  d =    50  f =    30  -  T =     0.30 sec
  [prof  69] wall= 296.826 p=   128 | ifo=  4.602(sd=1.125 nx=1.009 tfo=0.751 cnt=1.718) snap= 2.760 srm= 71.784 sat= 11.698(set=5.178 slv=6.507 max=0.2815 n=128) cex=R/T/F=50/0/30 trsplit=0 sim=201.920(rmp=4.287 run=197.514 n=1 d=52) incr=loc/full/maxdirty/keys=0/0/0/0 chk= 0.016(d=24) stat= 1.031 rest= 3.015
  [incr r=69 repr=159 next=196 tfo=5918 active=1452/361408 POs=116]
 70 : c =    1923  cl = 178505  lit =  182840  p =    35  d =    45  f =    36  -  T =     0.30 sec
  [prof  70] wall= 296.178 p=   116 | ifo=  4.621(sd=1.093 nx=1.006 tfo=0.070 cnt=2.452) snap= 2.813 srm= 74.001 sat= 12.096(set=5.781 slv=6.302 max=0.4570 n=116) cex=R/T/F=45/0/36 trsplit=0 sim=198.600(rmp=4.541 run=193.949 n=1 d=42) incr=loc/full/maxdirty/keys=0/0/0/0 chk= 0.014(d=30) stat= 1.146 rest= 2.887
  [incr r=70 repr=453 next=146 tfo=1021418 active=5343/361345 POs=1920]
 71 : c =    1907  cl = 178502  lit =  182762  p =  1850  d =    24  f =    46  -  T =     0.34 sec
  [prof  71] wall= 339.183 p=  1920 | ifo= 11.473(sd=1.107 nx=0.990 tfo=7.486 cnt=1.890) snap= 1.966 srm=109.334 sat= 18.836(set=6.936 slv=11.797 max=0.2541 n=1920) cex=R/T/F=24/0/46 trsplit=0 sim=193.543(rmp=4.054 run=189.362 n=1 d=36) incr=loc/full/maxdirty/keys=0/0/0/0 chk= 0.019(d=42) stat= 1.016 rest= 2.995
  [incr r=71 repr=96 next=117 tfo=1019947 active=3983/361264 POs=1883]
 72 : c =    1870  cl = 178502  lit =  182710  p =  1832  d =    17  f =    34  -  T =     0.34 sec
  [prof  72] wall= 342.825 p=  1883 | ifo= 12.213(sd=1.116 nx=1.057 tfo=8.135 cnt=1.905) snap= 1.999 srm=112.400 sat= 17.583(set=6.777 slv=10.712 max=0.3197 n=1883) cex=R/T/F=17/0/34 trsplit=0 sim=193.971(rmp=4.308 run=189.547 n=1 d=19) incr=loc/full/maxdirty/keys=0/0/0/0 chk= 0.004(d=33) stat= 1.198 rest= 3.457
  [incr r=72 repr=60 next=30 tfo=1019611 active=3834/361212 POs=1865]
 73 : c =    1826  cl = 178504  lit =  182674  p =  1825  d =    15  f =    25  -  T =     0.32 sec
  [prof  73] wall= 316.108 p=  1865 | ifo= 14.342(sd=1.293 nx=1.101 tfo=10.047 cnt=1.902) snap= 2.004 srm=105.267 sat= 15.965(set=6.552 slv=9.321 max=0.2482 n=1865) cex=R/T/F=15/0/25 trsplit=0 sim=174.464(rmp=4.172 run=170.185 n=1 d=11) incr=loc/full/maxdirty/keys=0/0/0/0 chk= 0.005(d=25) stat= 1.007 rest= 3.053
  [incr r=73 repr=72 next=61 tfo=3472 active=1038/361178 POs=78]
 74 : c =    1747  cl = 178515  lit =  182642  p =    24  d =    49  f =     5  -  T =     0.25 sec
  [prof  74] wall= 252.127 p=    78 | ifo=  4.614(sd=1.097 nx=1.075 tfo=0.740 cnt=1.702) snap= 1.973 srm= 58.311 sat=  6.715(set=5.162 slv=1.542 max=0.1414 n=78) cex=R/T/F=49/0/5 trsplit=0 sim=176.711(rmp=4.205 run=172.398 n=1 d=27) incr=loc/full/maxdirty/keys=0/0/0/0 chk= 0.005(d=5) stat= 1.009 rest= 2.789
  [incr r=74 repr=208 next=253 tfo=1020030 active=4165/361157 POs=1997]
 75 : c =    1740  cl = 178529  lit =  182588  p =  1885  d =    95  f =    17  -  T =     0.36 sec
  [prof  75] wall= 358.730 p=  1997 | ifo= 11.628(sd=1.083 nx=0.984 tfo=7.657 cnt=1.903) snap= 2.466 srm=129.083 sat= 20.091(set=9.437 slv=10.539 max=0.3304 n=1997) cex=R/T/F=95/0/17 trsplit=0 sim=191.398(rmp=4.084 run=187.198 n=1 d=38) incr=loc/full/maxdirty/keys=0/0/0/0 chk= 0.010(d=16) stat= 1.031 rest= 3.024
  [incr r=75 repr=525 next=248 tfo=1020757 active=5023/361117 POs=1946]
 76 : c =    1721  cl = 178553  lit =  182512  p =  1843  d =    73  f =    30  -  T =     0.36 sec
  [prof  76] wall= 365.536 p=  1946 | ifo= 12.501(sd=1.206 nx=1.052 tfo=8.282 cnt=1.960) snap= 1.994 srm=125.682 sat= 17.828(set=7.560 slv=10.165 max=0.2811 n=1946) cex=R/T/F=73/0/30 trsplit=0 sim=202.724(rmp=4.554 run=198.049 n=1 d=47) incr=loc/full/maxdirty/keys=0/0/0/0 chk= 0.007(d=29) stat= 1.447 rest= 3.351
  [incr r=76 repr=206 next=198 tfo=1020329 active=4116/361065 POs=1939]
 77 : c =    1710  cl = 178568  lit =  182423  p =  1850  d =    56  f =    33  -  T =     0.35 sec
  [prof  77] wall= 348.885 p=  1939 | ifo= 13.924(sd=1.788 nx=1.349 tfo=8.874 cnt=1.913) snap= 2.000 srm=108.572 sat= 18.229(set=6.998 slv=11.129 max=0.2705 n=1939) cex=R/T/F=56/0/33 trsplit=0 sim=201.810(rmp=4.456 run=197.245 n=1 d=60) incr=loc/full/maxdirty/keys=0/0/0/0 chk= 0.014(d=29) stat= 1.035 rest= 3.301
  [incr r=77 repr=149 next=169 tfo=3215 active=1203/360991 POs=96]
 78 : c =    1692  cl = 178563  lit =  182349  p =    27  d =    28  f =    41  -  T =     0.26 sec
  [prof  78] wall= 265.365 p=    96 | ifo=  4.789(sd=1.154 nx=1.104 tfo=0.775 cnt=1.757) snap= 2.018 srm= 59.513 sat= 11.294(set=5.462 slv=5.822 max=0.1917 n=96) cex=R/T/F=28/0/41 trsplit=0 sim=183.612(rmp=4.400 run=179.098 n=1 d=37) incr=loc/full/maxdirty/keys=0/0/0/0 chk= 0.015(d=37) stat= 1.035 rest= 3.088
  [incr r=78 repr=96 next=109 tfo=1019209 active=3762/360912 POs=1885]
 79 : c =    1671  cl = 178565  lit =  182300  p =  1837  d =    14  f =    34  -  T =     0.33 sec
  [prof  79] wall= 326.532 p=  1885 | ifo= 13.741(sd=1.134 nx=1.072 tfo=9.583 cnt=1.953) snap= 2.017 srm=105.965 sat= 17.178(set=6.850 slv=10.233 max=0.2665 n=1885) cex=R/T/F=14/0/34 trsplit=0 sim=183.462(rmp=4.438 run=178.919 n=1 d=18) incr=loc/full/maxdirty/keys=0/0/0/0 chk= 0.014(d=31) stat= 0.999 rest= 3.156
  [incr r=79 repr=62 next=68 tfo=1019098 active=3702/360865 POs=1891]
 80 : c =    1654  cl = 178565  lit =  182253  p =  1850  d =    11  f =    30  -  T =     0.33 sec
  [prof  80] wall= 333.188 p=  1891 | ifo= 13.620(sd=1.104 nx=1.089 tfo=9.439 cnt=1.989) snap= 1.978 srm=103.669 sat= 17.145(set=6.757 slv=10.292 max=0.2732 n=1891) cex=R/T/F=11/0/30 trsplit=0 sim=192.101(rmp=4.114 run=187.856 n=1 d=17) incr=loc/full/maxdirty/keys=0/0/0/0 chk= 0.014(d=30) stat= 1.229 rest= 3.432
  [incr r=80 repr=272 next=62 tfo=1020729 active=4575/360818 POs=1878]
 81 : c =    1632  cl = 178565  lit =  182210  p =  1838  d =     7  f =    33  -  T =     0.35 sec
  [prof  81] wall= 352.213 p=  1878 | ifo= 15.971(sd=1.425 nx=1.481 tfo=10.574 cnt=2.491) snap= 2.163 srm=108.708 sat= 17.265(set=6.899 slv=10.273 max=0.2623 n=1878) cex=R/T/F=7/0/33 trsplit=0 sim=203.770(rmp=4.149 run=199.506 n=1 d=11) incr=loc/full/maxdirty/keys=0/0/0/0 chk= 0.024(d=32) stat= 1.041 rest= 3.271
  [incr r=81 repr=51 next=46 tfo=1018941 active=3566/360775 POs=1864]
 82 : c =    1582  cl = 178568  lit =  182174  p =  1822  d =    19  f =    23  -  T =     0.33 sec
  [prof  82] wall= 332.174 p=  1864 | ifo= 14.100(sd=1.114 nx=1.089 tfo=9.951 cnt=1.945) snap= 1.996 srm=107.864 sat= 16.473(set=6.941 slv=9.436 max=0.2723 n=1864) cex=R/T/F=19/0/23 trsplit=0 sim=187.558(rmp=4.376 run=183.074 n=1 d=13) incr=loc/full/maxdirty/keys=0/0/0/0 chk= 0.003(d=23) stat= 1.029 rest= 3.151
  [incr r=82 repr=86 next=77 tfo=1018025 active=3538/360742 POs=1901]
 83 : c =    1541  cl = 178580  lit =  182124  p =  1843  d =    38  f =    20  -  T =     0.33 sec
  [prof  83] wall= 327.345 p=  1901 | ifo= 14.141(sd=1.097 nx=1.081 tfo=10.019 cnt=1.944) snap= 2.068 srm=104.545 sat= 17.079(set=7.044 slv=9.933 max=0.2696 n=1901) cex=R/T/F=38/0/20 trsplit=0 sim=185.320(rmp=4.419 run=180.788 n=1 d=30) incr=loc/full/maxdirty/keys=0/0/0/0 chk= 0.005(d=20) stat= 0.990 rest= 3.197
  [incr r=83 repr=322 next=127 tfo=1020574 active=4432/360704 POs=1917]
 84 : c =    1457  cl = 178601  lit =  182063  p =  1842  d =    58  f =    17  -  T =     0.31 sec
  [prof  84] wall= 311.842 p=  1917 | ifo= 14.098(sd=1.113 nx=1.081 tfo=9.944 cnt=1.960) snap= 2.036 srm=102.298 sat= 16.223(set=7.058 slv=9.060 max=0.2867 n=1917) cex=R/T/F=58/0/17 trsplit=0 sim=173.047(rmp=4.535 run=168.409 n=1 d=45) incr=loc/full/maxdirty/keys=0/0/0/0 chk= 0.008(d=16) stat= 0.980 rest= 3.152
  [incr r=84 repr=248 next=302 tfo=2534 active=1323/360664 POs=196]
 85 : c =    1423  cl = 178612  lit =  181988  p =    67  d =    96  f =    33  -  T =     0.26 sec
  [prof  85] wall= 257.818 p=   196 | ifo=  5.303(sd=1.117 nx=1.043 tfo=1.118 cnt=2.024) snap= 2.633 srm= 56.924 sat= 11.737(set=5.576 slv=6.140 max=0.1897 n=196) cex=R/T/F=96/0/33 trsplit=0 sim=177.065(rmp=4.273 run=172.687 n=1 d=46) incr=loc/full/maxdirty/keys=0/0/0/0 chk= 0.021(d=29) stat= 1.038 rest= 3.097
  [incr r=85 repr=245 next=276 tfo=1019292 active=3797/360600 POs=1967]
 86 : c =    1415  cl = 178625  lit =  181903  p =  1853  d =    61  f =    53  -  T =     0.35 sec
  [prof  86] wall= 346.410 p=  1967 | ifo= 13.548(sd=1.085 nx=1.048 tfo=9.461 cnt=1.953) snap= 2.439 srm=105.947 sat= 23.159(set=8.675 slv=14.364 max=0.2772 n=1967) cex=R/T/F=61/0/53 trsplit=0 sim=196.619(rmp=4.202 run=192.285 n=1 d=34) incr=loc/full/maxdirty/keys=0/0/0/0 chk= 0.018(d=51) stat= 1.208 rest= 3.473
  [incr r=86 repr=164 next=216 tfo=4489 active=1246/360528 POs=119]
 87 : c =    1403  cl = 178644  lit =  181831  p =    27  d =    58  f =    34  -  T =     0.27 sec
  [prof  87] wall= 268.931 p=   119 | ifo=  5.973(sd=1.419 nx=1.527 tfo=0.871 cnt=2.156) snap= 2.000 srm= 63.688 sat= 13.410(set=5.431 slv=7.966 max=0.3103 n=119) cex=R/T/F=58/0/34 trsplit=0 sim=179.967(rmp=4.210 run=175.638 n=1 d=40) incr=loc/full/maxdirty/keys=0/0/0/0 chk= 0.018(d=32) stat= 0.983 rest= 2.892
  [incr r=87 repr=268 next=163 tfo=1019597 active=4094/360475 POs=1918]
 88 : c =    1375  cl = 178647  lit =  181743  p =  1838  d =    39  f =    41  -  T =     0.32 sec
  [prof  88] wall= 324.440 p=  1918 | ifo= 11.792(sd=1.088 nx=0.982 tfo=7.852 cnt=1.870) snap= 1.980 srm=102.674 sat= 18.837(set=6.574 slv=12.156 max=0.2726 n=1918) cex=R/T/F=39/0/41 trsplit=0 sim=184.996(rmp=4.197 run=180.692 n=1 d=51) incr=loc/full/maxdirty/keys=0/0/0/0 chk= 0.010(d=37) stat= 1.054 rest= 3.097
  [incr r=88 repr=126 next=132 tfo=1019753 active=3618/360390 POs=1903]
 89 : c =    1343  cl = 178645  lit =  181675  p =  1836  d =    32  f =    35  -  T =     0.36 sec
  [prof  89] wall= 362.509 p=  1903 | ifo= 12.213(sd=1.088 nx=1.060 tfo=8.135 cnt=1.930) snap= 2.554 srm=116.836 sat= 18.606(set=7.265 slv=11.244 max=0.2794 n=1903) cex=R/T/F=32/0/35 trsplit=0 sim=207.777(rmp=5.534 run=202.048 n=1 d=37) incr=loc/full/maxdirty/keys=0/0/0/0 chk= 0.004(d=31) stat= 1.055 rest= 3.465
  [incr r=89 repr=87 next=67 tfo=1300 active=806/360320 POs=56]
 90 : c =    1286  cl = 178645  lit =  181637  p =     9  d =    22  f =    25  -  T =     0.26 sec
  [prof  90] wall= 257.388 p=    56 | ifo=  4.590(sd=1.132 nx=1.033 tfo=0.723 cnt=1.702) snap= 1.935 srm= 59.643 sat=  7.575(set=5.110 slv=2.459 max=0.1899 n=56) cex=R/T/F=22/0/25 trsplit=0 sim=179.672(rmp=4.550 run=175.014 n=1 d=16) incr=loc/full/maxdirty/keys=0/0/0/0 chk= 0.003(d=22) stat= 1.168 rest= 2.802
  [incr r=90 repr=107 next=106 tfo=1019648 active=3526/360282 POs=1905]
 91 : c =    1231  cl = 178659  lit =  181611  p =  1844  d =    57  f =     4  -  T =     0.32 sec
  [prof  91] wall= 320.586 p=  1905 | ifo= 11.693(sd=1.073 nx=1.003 tfo=7.746 cnt=1.872) snap= 1.985 srm=111.433 sat= 14.096(set=6.603 slv=7.396 max=0.2588 n=1905) cex=R/T/F=57/0/4 trsplit=0 sim=177.196(rmp=4.168 run=172.895 n=1 d=22) incr=loc/full/maxdirty/keys=0/0/0/0 chk= 0.003(d=4) stat= 0.982 rest= 3.196
  [incr r=91 repr=195 next=236 tfo=1774 active=1126/360270 POs=170]
 92 : c =    1202  cl = 178680  lit =  181552  p =    59  d =    85  f =    26  -  T =     0.25 sec
  [prof  92] wall= 251.748 p=   170 | ifo=  4.523(sd=1.077 nx=1.039 tfo=0.699 cnt=1.708) snap= 1.966 srm= 57.230 sat=  9.694(set=5.356 slv=4.320 max=0.1884 n=170) cex=R/T/F=85/0/26 trsplit=0 sim=174.463(rmp=4.245 run=170.100 n=1 d=34) incr=loc/full/maxdirty/keys=0/0/0/0 chk= 0.005(d=25) stat= 0.980 rest= 2.887
  [incr r=92 repr=213 next=296 tfo=1019792 active=3654/360232 POs=1959]
 93 : c =    1183  cl = 178696  lit =  181458  p =  1842  d =    69  f =    48  -  T =     0.33 sec
  [prof  93] wall= 326.827 p=  1959 | ifo= 11.712(sd=1.098 nx=0.997 tfo=7.737 cnt=1.881) snap= 2.309 srm=113.989 sat= 19.948(set=7.102 slv=12.739 max=0.2620 n=1959) cex=R/T/F=69/0/48 trsplit=0 sim=174.694(rmp=4.200 run=170.388 n=1 d=48) incr=loc/full/maxdirty/keys=0/0/0/0 chk= 0.009(d=46) stat= 1.008 rest= 3.159
  [incr r=93 repr=289 next=217 tfo=1018088 active=3543/360154 POs=1909]
 94 : c =    1154  cl = 178718  lit =  181383  p =  1830  d =    41  f =    38  -  T =     0.34 sec
  [prof  94] wall= 344.884 p=  1909 | ifo= 13.886(sd=1.152 nx=1.037 tfo=9.806 cnt=1.892) snap= 2.196 srm=106.174 sat= 18.402(set=6.887 slv=11.418 max=0.2702 n=1909) cex=R/T/F=41/0/38 trsplit=0 sim=200.239(rmp=4.293 run=195.819 n=1 d=39) incr=loc/full/maxdirty/keys=0/0/0/0 chk= 0.007(d=36) stat= 0.990 rest= 2.989
  [incr r=94 repr=131 next=152 tfo=1400 active=885/360101 POs=92]
 95 : c =    1125  cl = 178717  lit =  181302  p =    16  d =    39  f =    37  -  T =     0.29 sec
  [prof  95] wall= 292.245 p=    92 | ifo=  7.690(sd=1.550 nx=2.251 tfo=1.421 cnt=2.468) snap= 3.359 srm= 70.038 sat= 14.154(set=6.522 slv=7.621 max=0.3228 n=92) cex=R/T/F=39/0/37 trsplit=0 sim=192.976(rmp=4.298 run=188.547 n=1 d=48) incr=loc/full/maxdirty/keys=0/0/0/0 chk= 0.005(d=33) stat= 1.027 rest= 2.995
  [incr r=95 repr=196 next=108 tfo=1018878 active=3388/360019 POs=1883]
 96 : c =    1073  cl = 178716  lit =  181262  p =  1827  d =    38  f =    18  -  T =     0.33 sec
  [prof  96] wall= 334.149 p=  1883 | ifo= 14.094(sd=1.138 nx=1.123 tfo=9.793 cnt=2.040) snap= 2.064 srm=105.076 sat= 16.294(set=7.210 slv=8.977 max=0.2728 n=1883) cex=R/T/F=38/0/18 trsplit=0 sim=192.361(rmp=4.423 run=187.832 n=1 d=25) incr=loc/full/maxdirty/keys=0/0/0/0 chk= 0.006(d=15) stat= 1.059 rest= 3.195
  [incr r=96 repr=137 next=170 tfo=1394 active=798/359978 POs=121]
 97 : c =    1037  cl = 178731  lit =  181226  p =    48  d =    59  f =    14  -  T =     0.26 sec
  [prof  97] wall= 263.315 p=   121 | ifo=  4.698(sd=1.098 nx=1.092 tfo=0.715 cnt=1.793) snap= 2.045 srm= 57.259 sat=  7.454(set=5.649 slv=1.790 max=0.1907 n=121) cex=R/T/F=59/0/14 trsplit=0 sim=187.342(rmp=4.313 run=182.918 n=1 d=23) incr=loc/full/maxdirty/keys=0/0/0/0 chk= 0.003(d=13) stat= 1.041 rest= 3.473
  [incr r=97 repr=153 next=198 tfo=1019355 active=3278/359957 POs=1937]
 98 : c =    1006  cl = 178751  lit =  181154  p =  1843  d =    62  f =    32  -  T =     0.37 sec
  [prof  98] wall= 375.164 p=  1937 | ifo= 13.753(sd=1.092 nx=1.076 tfo=9.546 cnt=2.039) snap= 2.227 srm=135.922 sat= 19.172(set=7.488 slv=11.575 max=0.2851 n=1937) cex=R/T/F=62/0/32 trsplit=0 sim=199.793(rmp=4.994 run=194.682 n=1 d=42) incr=loc/full/maxdirty/keys=0/0/0/0 chk= 0.007(d=30) stat= 1.066 rest= 3.224
  [incr r=98 repr=218 next=217 tfo=1017792 active=3173/359905 POs=1932]
 99 : c =     974  cl = 178763  lit =  181072  p =  1842  d =    62  f =    28  -  T =     0.36 sec
  [prof  99] wall= 358.145 p=  1932 | ifo= 15.304(sd=1.323 nx=1.274 tfo=10.640 cnt=2.067) snap= 2.198 srm=103.649 sat= 18.196(set=7.249 slv=10.843 max=0.2836 n=1932) cex=R/T/F=62/0/28 trsplit=0 sim=214.693(rmp=4.648 run=209.939 n=1 d=58) incr=loc/full/maxdirty/keys=0/0/0/0 chk= 0.005(d=24) stat= 1.008 rest= 3.092
  [incr r=99 repr=162 next=193 tfo=1018682 active=3168/359835 POs=1930]
100 : c =     949  cl = 178766  lit =  180989  p =  1844  d =    54  f =    32  -  T =     0.33 sec
  [prof 100] wall= 329.525 p=  1930 | ifo= 14.466(sd=1.178 nx=1.146 tfo=10.147 cnt=1.995) snap= 2.049 srm=105.837 sat= 18.003(set=6.914 slv=10.985 max=0.2867 n=1930) cex=R/T/F=54/0/32 trsplit=0 sim=184.998(rmp=4.445 run=180.449 n=1 d=56) incr=loc/full/maxdirty/keys=0/0/0/0 chk= 0.008(d=27) stat= 0.995 rest= 3.169
  [incr r=100 repr=189 next=157 tfo=1017662 active=2987/359755 POs=1898]
101 : c =     924  cl = 178770  lit =  180942  p =  1837  d =    38  f =    23  -  T =     0.32 sec
  [prof 101] wall= 325.759 p=  1898 | ifo= 14.140(sd=1.092 nx=1.069 tfo=10.012 cnt=1.967) snap= 2.027 srm=103.688 sat= 16.736(set=7.110 slv=9.524 max=0.2746 n=1898) cex=R/T/F=38/0/23 trsplit=0 sim=184.969(rmp=4.516 run=180.342 n=1 d=27) incr=loc/full/maxdirty/keys=0/0/0/0 chk= 0.006(d=20) stat= 0.994 rest= 3.200
  [incr r=101 repr=98 next=106 tfo=3099 active=693/359712 POs=104]
102 : c =     916  cl = 178780  lit =  180896  p =    40  d =    46  f =    18  -  T =     0.29 sec
  [prof 102] wall= 288.962 p=   104 | ifo=  4.711(sd=1.142 nx=1.059 tfo=0.758 cnt=1.752) snap= 2.056 srm= 57.445 sat=  8.779(set=5.517 slv=3.249 max=0.3451 n=104) cex=R/T/F=46/0/18 trsplit=0 sim=212.012(rmp=18.284 run=193.621 n=1 d=29) incr=loc/full/maxdirty/keys=0/0/0/0 chk= 0.004(d=17) stat= 0.959 rest= 2.995
  [incr r=102 repr=117 next=110 tfo=1018310 active=2892/359676 POs=1884]
103 : c =     902  cl = 178769  lit =  180838  p =  1829  d =    19  f =    36  -  T =     0.32 sec
  [prof 103] wall= 317.501 p=  1884 | ifo= 13.581(sd=1.112 nx=1.105 tfo=9.427 cnt=1.937) snap= 1.992 srm= 99.124 sat= 17.427(set=6.811 slv=10.522 max=0.2809 n=1884) cex=R/T/F=19/0/36 trsplit=0 sim=181.292(rmp=4.238 run=176.934 n=1 d=27) incr=loc/full/maxdirty/keys=0/0/0/0 chk= 0.006(d=31) stat= 0.972 rest= 3.108
  [incr r=103 repr=80 next=61 tfo=1018118 active=2777/359607 POs=1843]
104 : c =     886  cl = 178769  lit =  180815  p =  1820  d =     3  f =    20  -  T =     0.34 sec
  [prof 104] wall= 338.564 p=  1843 | ifo= 13.736(sd=1.126 nx=1.049 tfo=9.670 cnt=1.891) snap= 1.998 srm=108.706 sat= 15.108(set=6.676 slv=8.342 max=0.2799 n=1843) cex=R/T/F=3/0/20 trsplit=0 sim=194.390(rmp=4.440 run=189.845 n=1 d=4) incr=loc/full/maxdirty/keys=0/0/0/0 chk= 0.004(d=19) stat= 1.224 rest= 3.398
  [incr r=104 repr=24 next=10 tfo=1017902 active=2699/359584 POs=1838]
105 : c =     853  cl = 178770  lit =  180801  p =  1820  d =    10  f =     8  -  T =     0.34 sec
  [prof 105] wall= 338.649 p=  1838 | ifo= 15.415(sd=1.420 nx=2.016 tfo=10.057 cnt=1.922) snap= 2.005 srm=102.420 sat= 14.108(set=6.580 slv=7.436 max=0.4482 n=1838) cex=R/T/F=10/0/8 trsplit=0 sim=200.603(rmp=4.337 run=196.152 n=1 d=6) incr=loc/full/maxdirty/keys=0/0/0/0 chk= 0.003(d=8) stat= 0.983 rest= 3.112
  [incr r=105 repr=59 next=66 tfo=1017948 active=2708/359571 POs=1879]
106 : c =     837  cl = 178783  lit =  180778  p =  1842  d =    35  f =     2  -  T =     0.37 sec
  [prof 106] wall= 374.526 p=  1879 | ifo= 12.497(sd=1.110 nx=1.045 tfo=8.467 cnt=1.876) snap= 1.952 srm=107.080 sat= 13.700(set=6.625 slv=6.981 max=0.2608 n=1879) cex=R/T/F=35/0/2 trsplit=0 sim=234.127(rmp=4.212 run=229.794 n=1 d=21) incr=loc/full/maxdirty/keys=0/0/0/0 chk= 0.005(d=2) stat= 1.255 rest= 3.909
  [incr r=106 repr=95 next=100 tfo=1019187 active=2795/359561 POs=1915]
107 : c =     831  cl = 178793  lit =  180723  p =  1867  d =    30  f =    18  -  T =     0.40 sec
  [prof 107] wall= 398.139 p=  1915 | ifo= 16.521(sd=1.082 nx=0.993 tfo=11.487 cnt=2.959) snap= 2.095 srm=146.297 sat= 16.563(set=7.641 slv=8.812 max=0.3111 n=1915) cex=R/T/F=30/0/18 trsplit=0 sim=212.290(rmp=5.764 run=206.401 n=1 d=38) incr=loc/full/maxdirty/keys=0/0/0/0 chk= 0.005(d=17) stat= 1.031 rest= 3.337
  [incr r=107 repr=91 next=100 tfo=1019921 active=2870/359516 POs=1917]
108 : c =     816  cl = 178787  lit =  180687  p =  1882  d =    14  f =    21  -  T =     0.37 sec
  [prof 108] wall= 368.533 p=  1917 | ifo= 14.555(sd=1.137 nx=1.067 tfo=10.368 cnt=1.982) snap= 2.160 srm=134.195 sat= 16.566(set=7.558 slv=8.906 max=0.2904 n=1917) cex=R/T/F=14/0/21 trsplit=0 sim=196.862(rmp=4.405 run=192.350 n=1 d=16) incr=loc/full/maxdirty/keys=0/0/0/0 chk= 0.005(d=20) stat= 1.014 rest= 3.177
  [incr r=108 repr=41 next=31 tfo=1018569 active=2726/359474 POs=1875]
109 : c =     808  cl = 178786  lit =  180673  p =  1857  d =     5  f =    13  -  T =     0.35 sec
  [prof 109] wall= 351.938 p=  1875 | ifo= 14.326(sd=1.078 nx=1.114 tfo=10.180 cnt=1.954) snap= 2.014 srm=109.937 sat= 14.945(set=7.183 slv=7.670 max=0.2798 n=1875) cex=R/T/F=5/0/13 trsplit=0 sim=206.348(rmp=4.383 run=201.848 n=1 d=2) incr=loc/full/maxdirty/keys=0/0/0/0 chk= 0.004(d=12) stat= 1.005 rest= 3.359
  [incr r=109 repr=14 next=10 tfo=420 active=163/359459 POs=15]
110 : c =     789  cl = 178788  lit =  180656  p =     2  d =     4  f =     9  -  T =     0.26 sec
  [prof 110] wall= 257.324 p=    15 | ifo=  4.888(sd=1.133 nx=1.124 tfo=0.804 cnt=1.827) snap= 2.046 srm= 60.410 sat=  6.118(set=5.430 slv=0.683 max=0.1453 n=15) cex=R/T/F=4/0/9 trsplit=0 sim=179.923(rmp=4.514 run=175.290 n=1 d=8) incr=loc/full/maxdirty/keys=0/0/0/0 chk= 0.002(d=9) stat= 1.005 rest= 2.934
  [incr r=110 repr=26 next=18 tfo=1018306 active=2605/359444 POs=1850]
111 : c =     776  cl = 178790  lit =  180642  p =  1829  d =    17  f =     4  -  T =     0.32 sec
  [prof 111] wall= 316.867 p=  1850 | ifo= 13.857(sd=1.118 nx=1.060 tfo=9.615 cnt=2.064) snap= 2.008 srm=102.309 sat= 14.111(set=7.325 slv=6.694 max=0.2643 n=1850) cex=R/T/F=17/0/4 trsplit=0 sim=180.402(rmp=4.423 run=175.877 n=1 d=10) incr=loc/full/maxdirty/keys=0/0/0/0 chk= 0.004(d=4) stat= 0.993 rest= 3.183
  [incr r=111 repr=35 next=30 tfo=482 active=166/359432 POs=28]
112 : c =     764  cl = 178797  lit =  180621  p =     7  d =    16  f =     5  -  T =     0.27 sec
  [prof 112] wall= 269.508 p=    28 | ifo=  4.625(sd=1.102 nx=1.062 tfo=0.712 cnt=1.750) snap= 1.965 srm= 56.896 sat=  6.121(set=5.327 slv=0.789 max=0.1454 n=28) cex=R/T/F=16/0/5 trsplit=0 sim=195.934(rmp=4.524 run=191.306 n=1 d=17) incr=loc/full/maxdirty/keys=0/0/0/0 chk= 0.001(d=4) stat= 1.018 rest= 2.947
  [incr r=112 repr=43 next=41 tfo=1018301 active=2609/359418 POs=1853]
113 : c =     760  cl = 178789  lit =  180596  p =  1825  d =    20  f =     8  -  T =     0.31 sec
  [prof 113] wall= 310.796 p=  1853 | ifo= 13.566(sd=1.106 nx=1.061 tfo=9.500 cnt=1.899) snap= 1.996 srm=100.002 sat= 14.036(set=6.894 slv=7.050 max=0.2595 n=1853) cex=R/T/F=20/0/8 trsplit=0 sim=177.088(rmp=4.215 run=172.760 n=1 d=18) incr=loc/full/maxdirty/keys=0/0/0/0 chk= 0.003(d=7) stat= 1.011 rest= 3.095
  [incr r=113 repr=30 next=32 tfo=428 active=111/359385 POs=19]
114 : c =     753  cl = 178788  lit =  180584  p =     4  d =    10  f =     5  -  T =     0.25 sec
  [prof 114] wall= 254.321 p=    19 | ifo=  4.572(sd=1.080 nx=1.065 tfo=0.698 cnt=1.729) snap= 1.977 srm= 57.120 sat=  6.102(set=5.430 slv=0.667 max=0.1078 n=19) cex=R/T/F=10/0/5 trsplit=0 sim=180.576(rmp=4.338 run=176.118 n=1 d=9) incr=loc/full/maxdirty/keys=0/0/0/0 chk= 0.002(d=3) stat= 0.976 rest= 2.996
  [incr r=114 repr=17 next=17 tfo=1017391 active=2440/359372 POs=1829]
115 : c =     750  cl = 178789  lit =  180577  p =  1822  d =     6  f =     1  -  T =     0.33 sec
  [prof 115] wall= 326.519 p=  1829 | ifo= 13.700(sd=1.110 nx=1.103 tfo=9.498 cnt=1.989) snap= 1.992 srm=110.976 sat= 13.001(set=6.845 slv=6.066 max=0.2600 n=1829) cex=R/T/F=6/0/1 trsplit=0 sim=182.639(rmp=4.493 run=178.031 n=1 d=6) incr=loc/full/maxdirty/keys=0/0/0/0 chk= 0.003(d=1) stat= 0.996 rest= 3.211
  [incr r=115 repr=9 next=6 tfo=1017326 active=2410/359366 POs=1822]
116 : c =     744  cl = 178787  lit =  180572  p =  1819  d =     3  f =     0  -  T =     0.31 sec
  [prof 116] wall= 315.670 p=  1822 | ifo= 13.968(sd=1.091 nx=1.089 tfo=9.874 cnt=1.914) snap= 2.056 srm=104.538 sat= 12.816(set=6.931 slv=5.796 max=0.2642 n=1822) cex=R/T/F=3/0/0 trsplit=0 sim=177.915(rmp=4.336 run=173.457 n=1 d=5) incr=loc/full/maxdirty/keys=0/0/0/0 chk= 0.002(d=0) stat= 1.154 rest= 3.219
  [incr r=116 repr=9 next=7 tfo=1017248 active=2399/359359 POs=1825]
117 : c =     744  cl = 178788  lit =  180569  p =  1820  d =     5  f =     0  -  T =     0.30 sec
  [prof 117] wall= 305.585 p=  1825 | ifo= 13.880(sd=1.109 nx=1.032 tfo=9.772 cnt=1.967) snap= 2.014 srm= 97.271 sat= 12.813(set=6.840 slv=5.883 max=0.2607 n=1825) cex=R/T/F=5/0/0 trsplit=0 sim=175.503(rmp=4.295 run=171.092 n=1 d=3) incr=loc/full/maxdirty/keys=0/0/0/0 chk= 0.003(d=0) stat= 0.991 rest= 3.109
  [incr r=117 repr=6 next=3 tfo=1010 active=98/359357 POs=5]
118 : c =     742  cl = 178788  lit =  180566  p =     4  d =     1  f =     0  -  T =     0.24 sec
  [prof 118] wall= 243.893 p=     5 | ifo=  4.693(sd=1.115 nx=1.083 tfo=0.720 cnt=1.775) snap= 1.963 srm= 55.261 sat=  5.302(set=5.268 slv=0.031 max=0.0204 n=5) cex=R/T/F=1/0/0 trsplit=0 sim=172.675(rmp=4.609 run=167.966 n=1 d=3) incr=loc/full/maxdirty/keys=0/0/0/0 chk= 0.001(d=0) stat= 1.015 rest= 2.983
  [incr r=118 repr=4 next=1 tfo=1017158 active=2381/359354 POs=1820]
119 : c =     736  cl = 178788  lit =  180560  p =  1818  d =     2  f =     0  -  T =     0.31 sec
  [prof 119] wall= 307.041 p=  1820 | ifo= 14.347(sd=1.104 nx=1.052 tfo=10.262 cnt=1.930) snap= 1.953 srm= 95.738 sat= 12.682(set=6.706 slv=5.886 max=0.2811 n=1820) cex=R/T/F=2/0/0 trsplit=0 sim=178.230(rmp=4.261 run=173.866 n=1 d=6) incr=loc/full/maxdirty/keys=0/0/0/0 chk= 0.002(d=0) stat= 0.962 rest= 3.125
  [incr r=119 repr=8 next=4 tfo=1017876 active=2456/359348 POs=1822]
120 : c =     736  cl = 178787  lit =  180559  p =  1819  d =     3  f =     0  -  T =     0.31 sec
  [prof 120] wall= 310.464 p=  1822 | ifo= 13.977(sd=1.110 nx=1.070 tfo=9.836 cnt=1.961) snap= 2.002 srm= 99.142 sat= 12.563(set=6.616 slv=5.858 max=0.2617 n=1822) cex=R/T/F=3/0/0 trsplit=0 sim=178.656(rmp=4.313 run=174.219 n=1 d=1) incr=loc/full/maxdirty/keys=0/0/0/0 chk= 0.002(d=0) stat= 1.004 rest= 3.116
  [incr r=120 repr=1 next=1 tfo=156 active=27/359346 POs=2]
121 : c =     732  cl = 178786  lit =  180555  p =     0  d =     2  f =     0  -  T =     0.23 sec
  [prof 121] wall= 231.342 p=     2 | ifo=  5.519(sd=1.866 nx=1.139 tfo=0.726 cnt=1.787) snap= 1.963 srm= 30.200 sat=  1.962(set=1.936 slv=0.024 max=0.0176 n=2) cex=R/T/F=2/0/0 trsplit=0 sim=188.053(rmp=4.386 run=183.556 n=1 d=4) incr=loc/full/maxdirty/keys=0/0/0/0 chk= 0.001(d=0) stat= 1.025 rest= 2.620
  [incr r=121 repr=6 next=4 tfo=1017089 active=2366/359341 POs=1819]
122 : c =     730  cl = 178786  lit =  180552  p =  1818  d =     1  f =     0  -  T =     0.33 sec
  [prof 122] wall= 330.100 p=  1819 | ifo= 14.157(sd=1.176 nx=1.125 tfo=9.810 cnt=2.047) snap= 2.012 srm=100.727 sat= 12.861(set=7.059 slv=5.713 max=0.2834 n=1819) cex=R/T/F=1/0/0 trsplit=0 sim=196.101(rmp=4.397 run=191.585 n=1 d=3) incr=loc/full/maxdirty/keys=0/0/0/0 chk= 0.002(d=0) stat= 1.010 rest= 3.229
  [incr r=122 repr=4 next=1 tfo=1017014 active=2359/359338 POs=1820]
123 : c =     724  cl = 178785  lit =  180546  p =  1818  d =     2  f =     0  -  T =     0.33 sec
  [prof 123] wall= 328.155 p=  1820 | ifo= 14.135(sd=1.137 nx=1.071 tfo=9.965 cnt=1.962) snap= 2.012 srm=103.559 sat= 12.874(set=7.000 slv=5.784 max=0.2649 n=1820) cex=R/T/F=2/0/0 trsplit=0 sim=191.313(rmp=4.355 run=186.839 n=1 d=6) incr=loc/full/maxdirty/keys=0/0/0/0 chk= 0.002(d=0) stat= 0.996 rest= 3.264
  [incr r=123 repr=8 next=4 tfo=1017723 active=2431/359331 POs=1822]
124 : c =     720  cl = 178784  lit =  180541  p =  1819  d =     3  f =     0  -  T =     0.32 sec
  [prof 124] wall= 321.922 p=  1822 | ifo= 14.346(sd=1.119 nx=1.071 tfo=10.130 cnt=2.027) snap= 2.001 srm=104.359 sat= 12.807(set=6.942 slv=5.777 max=0.2617 n=1822) cex=R/T/F=3/0/0 trsplit=0 sim=184.157(rmp=4.328 run=179.718 n=1 d=5) incr=loc/full/maxdirty/keys=0/0/0/0 chk= 0.003(d=0) stat= 1.034 rest= 3.213
  [incr r=124 repr=7 next=5 tfo=1016944 active=2344/359325 POs=1819]
125 : c =     718  cl = 178784  lit =  180538  p =  1818  d =     1  f =     0  -  T =     0.33 sec
  [prof 125] wall= 326.890 p=  1819 | ifo= 15.110(sd=1.157 nx=1.867 tfo=10.098 cnt=1.988) snap= 2.008 srm=102.941 sat= 12.830(set=7.036 slv=5.696 max=0.2621 n=1819) cex=R/T/F=1/0/0 trsplit=0 sim=189.740(rmp=4.417 run=185.218 n=1 d=3) incr=loc/full/maxdirty/keys=0/0/0/0 chk= 0.002(d=0) stat= 1.049 rest= 3.210
  [incr r=125 repr=4 next=1 tfo=1016873 active=2339/359322 POs=1820]
126 : c =     714  cl = 178783  lit =  180534  p =  1818  d =     2  f =     0  -  T =     0.37 sec
  [prof 126] wall= 369.569 p=  1820 | ifo= 14.252(sd=1.104 nx=1.067 tfo=10.082 cnt=1.998) snap= 2.049 srm=102.815 sat= 13.053(set=7.250 slv=5.714 max=0.2633 n=1820) cex=R/T/F=2/0/0 trsplit=0 sim=233.243(rmp=4.429 run=228.698 n=1 d=4) incr=loc/full/maxdirty/keys=0/0/0/0 chk= 0.002(d=0) stat= 1.014 rest= 3.141
  [incr r=126 repr=6 next=4 tfo=1016873 active=2334/359317 POs=1819]
127 : c =     712  cl = 178783  lit =  180531  p =  1818  d =     1  f =     0  -  T =     0.33 sec
  [prof 127] wall= 326.478 p=  1819 | ifo= 14.155(sd=1.111 nx=1.061 tfo=10.012 cnt=1.971) snap= 2.053 srm=103.420 sat= 12.978(set=7.040 slv=5.847 max=0.2718 n=1819) cex=R/T/F=1/0/0 trsplit=0 sim=189.492(rmp=4.388 run=185.004 n=1 d=3) incr=loc/full/maxdirty/keys=0/0/0/0 chk= 0.002(d=0) stat= 1.021 rest= 3.356
  [incr r=127 repr=4 next=1 tfo=1016786 active=2352/359314 POs=1830]
128 : c =     710  cl = 178781  lit =  180527  p =  1828  d =     2  f =     0  -  T =     0.31 sec
  [prof 128] wall= 314.814 p=  1830 | ifo= 14.259(sd=1.119 nx=1.071 tfo=10.116 cnt=1.953) snap= 2.073 srm=105.445 sat= 13.569(set=7.320 slv=6.152 max=0.2683 n=1830) cex=R/T/F=2/0/0 trsplit=0 sim=175.342(rmp=4.514 run=170.735 n=1 d=4) incr=loc/full/maxdirty/keys=0/0/0/0 chk= 0.002(d=0) stat= 0.989 rest= 3.134
  [incr r=128 repr=4 next=2 tfo=1016786 active=2346/359308 POs=1828]
  [prof 129] wall= 159.167 p=  1828 | ifo= 24.052(sd=1.095 nx=1.044 tfo=9.736 cnt=12.177) snap= 2.013 srm=119.760 sat= 12.826(set=7.071 slv=5.666 max=0.2582 n=1828) cex=R/T/F=0/0/0 trsplit=0 sim= 0.000(rmp=0.000 run=0.000 n=0 d=0) incr=loc/full/maxdirty/keys=0/0/0/0 chk= 0.000(d=0) stat= 0.000 rest= 0.517
129 : c =     710  cl = 178781  lit =  180527  p =     0  d =     0  f =     0  -  T =     0.16 sec
  [prof ALL] wall=121683.619 p=1774331 | ifo=1767.994(sd=155.659 nx=145.974 tfo=1187.432 cnt=278.929) snap=279.741 srm=14366.859 sat=67240.692(set=937.537 slv=66127.328 max=14.5189 n=1774331) cex=R/T/F=709796/0/143328 trsplit=0 sim=37443.108(rmp=622.325 run=36806.017 n=128 d=914321) incr=loc/full/maxdirty/keys=0/0/0/0 chk=10.477(d=88889) stat=139.341 rest=435.406
Srm   =    16.42 sec ( 12.19 %)
Sat   =    67.30 sec ( 49.97 %)
Sim   =    37.59 sec ( 27.91 %)
Other =    13.38 sec (  9.94 %)
Incr  =     1.77 sec (  1.31 %)
Incr: fallback rounds = 25, skipped candidate pairs = 36432351
TOTAL =   134.69 sec
NBeg = 1613164. NEnd = 1406690. (Gain =  12.80 %).  RBeg = 174678. REnd = 171129. (Gain =   2.03 %).
Flop output names are not available. Use command "&get -n".
[1;37m/home/zxr_wsl/benchmarks/incre_spec//ILA_Flute_BLT_problem[0m : i/o = 180287/      2  ff = 171129  [1;36mand = 1406690[0m  [1;35mlev =  276[0m [1;35m(220.73)[0m  mem =24.07 MB
