### benchmark: /home/zxr_wsl/benchmarks/incre_spec//Problem11_label08.aig
### opts:      &scorr -v -w
### timeout:   1800s
### date:      Wed May 27 23:06:38 CST 2026

======== ABC command line "&r /home/zxr_wsl/benchmarks/incre_spec//Problem11_label08.aig; &ps; &scorr -v -w; &ps"
Converted 0 1-valued FFs and 259 DC-valued FFs.
Warning: The number of inputs does not match the number of input names.
[1;37m/home/zxr_wsl/benchmarks/incre_spec//Problem11_label08[0m : i/o =    742/      1  ff =    262  [1;36mand =  400072[0m  [1;35mlev = 2250[0m [1;35m(8.57)[0m  mem = 4.60 MB
cst =  400334  cls =      0  lit =  400334  unused =     742  proof =     0
cst =  207945  cls =  16110  lit =  296630  unused =   88336  proof =     0
cst =  207263  cls =  15337  lit =  292197  unused =   93542  proof =     0
cst =  206953  cls =  15170  lit =  289613  unused =   96293  proof =     0
cst =  206658  cls =  14979  lit =  287728  unused =   98369  proof =     0
cst =  206341  cls =  14852  lit =  286625  unused =   99599  proof =     0
cst =  206236  cls =  14726  lit =  285905  unused =  100445  proof =     0
cst =  206148  cls =  14690  lit =  285507  unused =  100879  proof =     0
cst =  206079  cls =  14641  lit =  285128  unused =  101307  proof =     0
cst =  206040  cls =  14600  lit =  284784  unused =  101692  proof =     0
Obj =  401340. And =  400072. Conf =   100. Fr = 1. Lcorr = 0. Ring = 1. CSat = 1.
  0 : c =  206040  cl =  14600  lit =  284784  p =     0  d =     0  f =     0  +  T =     0.25 sec
BMC : c =  205448  cl =  13509  lit =  279866  p =  8907  d =  3462  f =  2741  +  T =     0.89 sec
  [bmc-prof   0] wall= 889.204 p= 15110 | ifo=  0.000(sd=0.000 nx=0.000 tfo=0.000 cnt=0.000) snap= 0.000 srm= 21.568 sat=847.843(set=0.720 slv=845.765 max=2.3906 n=15110) sim=18.931(rmp=0.665 run=18.266) chk= 0.518 stat= 0.340 rest= 0.004
BMC : c =  205071  cl =  13007  lit =  277392  p =  9469  d =  2696  f =  1500  +  T =     0.43 sec
  [bmc-prof   1] wall= 429.864 p= 13665 | ifo=  0.000(sd=0.000 nx=0.000 tfo=0.000 cnt=0.000) snap= 0.000 srm= 17.737 sat=395.660(set=0.745 slv=393.834 max=1.2508 n=13665) sim=15.981(rmp=0.694 run=15.285) chk= 0.170 stat= 0.312 rest= 0.004
BMC : c =  204271  cl =  12692  lit =  275454  p =  9682  d =  2198  f =  1143  +  T =     0.36 sec
  [bmc-prof   2] wall= 355.559 p= 13023 | ifo=  0.000(sd=0.000 nx=0.000 tfo=0.000 cnt=0.000) snap= 0.000 srm= 17.484 sat=322.564(set=0.701 slv=320.936 max=2.5342 n=13023) sim=14.904(rmp=0.621 run=14.282) chk= 0.237 stat= 0.365 rest= 0.005
BMC : c =  203462  cl =  12438  lit =  273314  p =  9759  d =  2046  f =  1449  +  T =     0.39 sec
  [bmc-prof   3] wall= 386.722 p= 13254 | ifo=  0.000(sd=0.000 nx=0.000 tfo=0.000 cnt=0.000) snap= 0.000 srm= 17.398 sat=351.423(set=0.787 slv=349.617 max=1.2679 n=13254) sim=17.349(rmp=0.940 run=16.409) chk= 0.224 stat= 0.323 rest= 0.004
BMC : c =  202653  cl =  12218  lit =  271228  p = 10115  d =  1656  f =  1554  +  T =     0.43 sec
  [bmc-prof   4] wall= 431.212 p= 13325 | ifo=  0.000(sd=0.000 nx=0.000 tfo=0.000 cnt=0.000) snap= 0.000 srm= 17.483 sat=398.305(set=0.799 slv=396.523 max=1.1502 n=13325) sim=14.903(rmp=0.656 run=14.247) chk= 0.217 stat= 0.298 rest= 0.005
BMC : c =  201710  cl =  12040  lit =  269066  p = 10362  d =  1418  f =  1658  +  T =     0.48 sec
  [bmc-prof   5] wall= 477.219 p= 13438 | ifo=  0.000(sd=0.000 nx=0.000 tfo=0.000 cnt=0.000) snap= 0.000 srm= 18.310 sat=443.586(set=0.777 slv=441.857 max=2.9040 n=13438) sim=14.847(rmp=0.881 run=13.964) chk= 0.170 stat= 0.303 rest= 0.003
BMC : c =  200886  cl =  11873  lit =  267093  p = 10671  d =  1228  f =  1536  +  T =     0.39 sec
  [bmc-prof   6] wall= 386.672 p= 13435 | ifo=  0.000(sd=0.000 nx=0.000 tfo=0.000 cnt=0.000) snap= 0.000 srm= 19.118 sat=351.584(set=0.791 slv=349.793 max=1.7633 n=13435) sim=15.343(rmp=0.631 run=14.711) chk= 0.266 stat= 0.357 rest= 0.004
BMC : c =  199968  cl =  11805  lit =  265135  p = 11045  d =  1027  f =  1524  +  T =     0.37 sec
  [bmc-prof   7] wall= 374.206 p= 13596 | ifo=  0.000(sd=0.000 nx=0.000 tfo=0.000 cnt=0.000) snap= 0.000 srm= 18.220 sat=340.357(set=0.742 slv=338.664 max=2.2316 n=13596) sim=15.059(rmp=0.683 run=14.375) chk= 0.245 stat= 0.320 rest= 0.004
BMC : c =  199157  cl =  11685  lit =  263340  p = 11407  d =   956  f =  1418  +  T =     0.38 sec
  [bmc-prof   8] wall= 377.056 p= 13781 | ifo=  0.000(sd=0.000 nx=0.000 tfo=0.000 cnt=0.000) snap= 0.000 srm= 17.333 sat=343.596(set=0.809 slv=341.828 max=2.1656 n=13781) sim=15.571(rmp=0.682 run=14.888) chk= 0.167 stat= 0.385 rest= 0.004
BMC : c =  198296  cl =  11609  lit =  261449  p = 11715  d =   762  f =  1568  +  T =     0.40 sec
  [bmc-prof   9] wall= 397.182 p= 14045 | ifo=  0.000(sd=0.000 nx=0.000 tfo=0.000 cnt=0.000) snap= 0.000 srm= 18.281 sat=364.218(set=0.807 slv=362.443 max=1.8764 n=14045) sim=14.171(rmp=0.638 run=13.532) chk= 0.182 stat= 0.325 rest= 0.005
BMC : c =  197268  cl =  11577  lit =  259531  p = 12004  d =   576  f =  1542  +  T =     0.37 sec
  [bmc-prof  10] wall= 366.972 p= 14122 | ifo=  0.000(sd=0.000 nx=0.000 tfo=0.000 cnt=0.000) snap= 0.000 srm= 17.784 sat=333.971(set=0.731 slv=332.275 max=2.2793 n=14122) sim=14.696(rmp=0.765 run=13.930) chk= 0.177 stat= 0.340 rest= 0.004
BMC : c =  196159  cl =  11503  lit =  257340  p = 12316  d =   513  f =  1885  +  T =     0.44 sec
  [bmc-prof  11] wall= 441.181 p= 14714 | ifo=  0.000(sd=0.000 nx=0.000 tfo=0.000 cnt=0.000) snap= 0.000 srm= 18.597 sat=407.115(set=0.819 slv=405.309 max=1.7674 n=14714) sim=14.928(rmp=0.620 run=14.307) chk= 0.200 stat= 0.337 rest= 0.004
BMC : c =  195104  cl =  11377  lit =  255188  p = 12476  d =   425  f =  1858  +  T =     0.42 sec
  [bmc-prof  12] wall= 415.949 p= 14759 | ifo=  0.000(sd=0.000 nx=0.000 tfo=0.000 cnt=0.000) snap= 0.000 srm= 18.120 sat=383.548(set=0.778 slv=381.693 max=1.7562 n=14759) sim=13.760(rmp=0.649 run=13.110) chk= 0.184 stat= 0.333 rest= 0.005
BMC : c =  194044  cl =  11292  lit =  253136  p = 12685  d =   346  f =  1825  +  T =     0.42 sec
  [bmc-prof  13] wall= 416.454 p= 14856 | ifo=  0.000(sd=0.000 nx=0.000 tfo=0.000 cnt=0.000) snap= 0.000 srm= 18.338 sat=384.176(set=0.851 slv=382.320 max=4.5075 n=14856) sim=13.435(rmp=0.630 run=12.804) chk= 0.184 stat= 0.318 rest= 0.004
BMC : c =  193004  cl =  11204  lit =  251064  p = 12946  d =   305  f =  1864  +  T =     0.42 sec
  [bmc-prof  14] wall= 416.087 p= 15115 | ifo=  0.000(sd=0.000 nx=0.000 tfo=0.000 cnt=0.000) snap= 0.000 srm= 16.794 sat=383.841(set=0.707 slv=382.125 max=1.2056 n=15115) sim=14.878(rmp=0.690 run=14.187) chk= 0.198 stat= 0.371 rest= 0.005
BMC : c =  190511  cl =  11163  lit =  248788  p = 13069  d =   298  f =  1998  +  T =     0.45 sec
  [bmc-prof  15] wall= 446.343 p= 15365 | ifo=  0.000(sd=0.000 nx=0.000 tfo=0.000 cnt=0.000) snap= 0.000 srm= 18.351 sat=413.279(set=0.722 slv=411.488 max=1.3596 n=15365) sim=14.099(rmp=0.699 run=13.399) chk= 0.223 stat= 0.386 rest= 0.004
BMC : c =  188086  cl =  11123  lit =  246641  p = 13426  d =   395  f =  1850  +  T =     0.42 sec
  [bmc-prof  16] wall= 418.317 p= 15671 | ifo=  0.000(sd=0.000 nx=0.000 tfo=0.000 cnt=0.000) snap= 0.000 srm= 19.200 sat=382.967(set=0.745 slv=381.168 max=1.7941 n=15671) sim=15.585(rmp=0.673 run=14.910) chk= 0.209 stat= 0.352 rest= 0.005
BMC : c =  185593  cl =  11066  lit =  244705  p = 14358  d =   281  f =  1695  +  T =     0.39 sec
  [bmc-prof  17] wall= 388.119 p= 16334 | ifo=  0.000(sd=0.000 nx=0.000 tfo=0.000 cnt=0.000) snap= 0.000 srm= 18.634 sat=353.122(set=0.795 slv=351.194 max=1.3904 n=16334) sim=15.727(rmp=0.700 run=15.026) chk= 0.230 stat= 0.401 rest= 0.005
BMC : c =  183105  cl =  11009  lit =  242883  p = 16608  d =   160  f =  1653  +  T =     0.37 sec
  [bmc-prof  18] wall= 370.542 p= 18421 | ifo=  0.000(sd=0.000 nx=0.000 tfo=0.000 cnt=0.000) snap= 0.000 srm= 18.539 sat=334.929(set=0.987 slv=332.766 max=1.2479 n=18421) sim=16.432(rmp=0.760 run=15.671) chk= 0.218 stat= 0.419 rest= 0.005
BMC : c =  181659  cl =  10956  lit =  241112  p = 18758  d =   141  f =  1650  +  T =     0.39 sec
  [bmc-prof  19] wall= 390.423 p= 20549 | ifo=  0.000(sd=0.000 nx=0.000 tfo=0.000 cnt=0.000) snap= 0.000 srm= 25.334 sat=350.282(set=0.894 slv=348.118 max=1.4933 n=20549) sim=14.238(rmp=0.634 run=13.603) chk= 0.193 stat= 0.372 rest= 0.004
BMC : c =  180626  cl =  10916  lit =  239332  p = 19629  d =    96  f =  1681  +  T =     0.38 sec
  [bmc-prof  20] wall= 377.171 p= 21406 | ifo=  0.000(sd=0.000 nx=0.000 tfo=0.000 cnt=0.000) snap= 0.000 srm= 19.948 sat=342.510(set=0.943 slv=340.243 max=1.4237 n=21406) sim=14.153(rmp=0.699 run=13.453) chk= 0.172 stat= 0.385 rest= 0.004
BMC : c =  179275  cl =  10884  lit =  237551  p = 19830  d =    79  f =  1703  +  T =     0.40 sec
  [bmc-prof  21] wall= 395.886 p= 21612 | ifo=  0.000(sd=0.000 nx=0.000 tfo=0.000 cnt=0.000) snap= 0.000 srm= 20.433 sat=360.282(set=1.013 slv=357.854 max=2.4164 n=21612) sim=14.709(rmp=1.017 run=13.691) chk= 0.148 stat= 0.309 rest= 0.004
BMC : c =  178266  cl =  10854  lit =  235781  p = 19925  d =    69  f =  1727  +  T =     0.54 sec
  [bmc-prof  22] wall= 544.838 p= 21721 | ifo=  0.000(sd=0.000 nx=0.000 tfo=0.000 cnt=0.000) snap= 0.000 srm= 21.333 sat=509.007(set=0.978 slv=506.618 max=3.4971 n=21721) sim=13.982(rmp=0.818 run=13.164) chk= 0.159 stat= 0.352 rest= 0.004
BMC : c =  177223  cl =  10812  lit =  233939  p = 19766  d =    16  f =  1814  +  T =     0.44 sec
  [bmc-prof  23] wall= 436.398 p= 21596 | ifo=  0.000(sd=0.000 nx=0.000 tfo=0.000 cnt=0.000) snap= 0.000 srm= 20.758 sat=399.990(set=1.091 slv=397.515 max=1.6106 n=21596) sim=15.127(rmp=0.719 run=14.407) chk= 0.156 stat= 0.363 rest= 0.004
BMC : c =  176103  cl =  10754  lit =  232104  p = 19656  d =     3  f =  1831  +  T =     0.44 sec
  [bmc-prof  24] wall= 439.386 p= 21490 | ifo=  0.000(sd=0.000 nx=0.000 tfo=0.000 cnt=0.000) snap= 0.000 srm= 21.559 sat=402.815(set=1.099 slv=400.314 max=2.0383 n=21490) sim=14.509(rmp=0.711 run=13.797) chk= 0.143 stat= 0.356 rest= 0.004
BMC : c =  174849  cl =  10699  lit =  230174  p = 19449  d =     1  f =  1929  +  T =     0.44 sec
  [bmc-prof  25] wall= 440.873 p= 21379 | ifo=  0.000(sd=0.000 nx=0.000 tfo=0.000 cnt=0.000) snap= 0.000 srm= 21.469 sat=403.525(set=1.321 slv=400.880 max=1.8643 n=21379) sim=15.354(rmp=0.721 run=14.633) chk= 0.142 stat= 0.379 rest= 0.004
BMC : c =  173573  cl =  10644  lit =  228228  p = 19157  d =     1  f =  1945  +  T =     0.45 sec
  [bmc-prof  26] wall= 453.113 p= 21103 | ifo=  0.000(sd=0.000 nx=0.000 tfo=0.000 cnt=0.000) snap= 0.000 srm= 22.174 sat=415.947(set=1.173 slv=413.436 max=1.2813 n=21103) sim=14.485(rmp=0.679 run=13.805) chk= 0.143 stat= 0.360 rest= 0.004
BMC : c =  172278  cl =  10592  lit =  226283  p = 18979  d =     1  f =  1944  +  T =     0.44 sec
  [bmc-prof  27] wall= 435.980 p= 20924 | ifo=  0.000(sd=0.000 nx=0.000 tfo=0.000 cnt=0.000) snap= 0.000 srm= 19.835 sat=401.189(set=1.005 slv=398.874 max=1.5364 n=20924) sim=14.460(rmp=0.685 run=13.774) chk= 0.121 stat= 0.371 rest= 0.004
BMC : c =  171040  cl =  10525  lit =  224435  p = 18842  d =     0  f =  1848  +  T =     0.41 sec
  [bmc-prof  28] wall= 410.346 p= 20690 | ifo=  0.000(sd=0.000 nx=0.000 tfo=0.000 cnt=0.000) snap= 0.000 srm= 21.353 sat=388.451(set=1.030 slv=386.170 max=1.3988 n=20690) sim= 0.000(rmp=0.000 run=0.000) chk= 0.170 stat= 0.367 rest= 0.005
BMC : c =  169988  cl =  10465  lit =  222884  p = 18829  d =     0  f =  1551  +  T =     0.35 sec
  [bmc-prof  29] wall= 350.126 p= 20380 | ifo=  0.000(sd=0.000 nx=0.000 tfo=0.000 cnt=0.000) snap= 0.000 srm= 21.024 sat=328.533(set=0.942 slv=326.329 max=1.2762 n=20380) sim= 0.000(rmp=0.000 run=0.000) chk= 0.168 stat= 0.394 rest= 0.006
BMC : c =  168789  cl =  10392  lit =  221190  p = 18440  d =     0  f =  1694  +  T =     0.36 sec
  [bmc-prof  30] wall= 358.813 p= 20134 | ifo=  0.000(sd=0.000 nx=0.000 tfo=0.000 cnt=0.000) snap= 0.000 srm= 20.964 sat=337.323(set=1.027 slv=335.042 max=1.1487 n=20134) sim= 0.000(rmp=0.000 run=0.000) chk= 0.147 stat= 0.373 rest= 0.005
BMC : c =  167250  cl =  10343  lit =  219202  p = 18493  d =     0  f =  1988  +  T =     0.38 sec
  [bmc-prof  31] wall= 380.835 p= 20481 | ifo=  0.000(sd=0.000 nx=0.000 tfo=0.000 cnt=0.000) snap= 0.000 srm= 20.338 sat=359.950(set=0.926 slv=357.735 max=1.1227 n=20481) sim= 0.000(rmp=0.000 run=0.000) chk= 0.148 stat= 0.394 rest= 0.005
BMC : c =  165788  cl =  10315  lit =  217336  p = 18502  d =     0  f =  1866  +  T =     0.37 sec
  [bmc-prof  32] wall= 367.790 p= 20368 | ifo=  0.000(sd=0.000 nx=0.000 tfo=0.000 cnt=0.000) snap= 0.000 srm= 21.161 sat=346.088(set=0.947 slv=343.538 max=1.4080 n=20368) sim= 0.000(rmp=0.000 run=0.000) chk= 0.139 stat= 0.396 rest= 0.005
BMC : c =  163765  cl =  10287  lit =  214907  p = 18509  d =     0  f =  2429  +  T =     0.43 sec
  [bmc-prof  33] wall= 428.277 p= 20938 | ifo=  0.000(sd=0.000 nx=0.000 tfo=0.000 cnt=0.000) snap= 0.000 srm= 20.944 sat=406.821(set=0.949 slv=404.550 max=0.5861 n=20938) sim= 0.000(rmp=0.000 run=0.000) chk= 0.134 stat= 0.371 rest= 0.006
BMC : c =  161875  cl =  10258  lit =  212648  p = 18734  d =     0  f =  2259  +  T =     0.44 sec
  [bmc-prof  34] wall= 440.066 p= 20993 | ifo=  0.000(sd=0.000 nx=0.000 tfo=0.000 cnt=0.000) snap= 0.000 srm= 20.129 sat=419.415(set=1.011 slv=417.124 max=0.8954 n=20993) sim= 0.000(rmp=0.000 run=0.000) chk= 0.138 stat= 0.379 rest= 0.005
BMC : c =  160364  cl =  10218  lit =  210797  p = 18512  d =     0  f =  1851  +  T =     0.37 sec
  [bmc-prof  35] wall= 367.125 p= 20363 | ifo=  0.000(sd=0.000 nx=0.000 tfo=0.000 cnt=0.000) snap= 0.000 srm= 19.373 sat=347.187(set=0.892 slv=345.014 max=0.8114 n=20363) sim= 0.000(rmp=0.000 run=0.000) chk= 0.151 stat= 0.409 rest= 0.005
BMC : c =  158545  cl =  10181  lit =  208656  p = 18540  d =     0  f =  2141  +  T =     0.44 sec
  [bmc-prof  36] wall= 438.380 p= 20681 | ifo=  0.000(sd=0.000 nx=0.000 tfo=0.000 cnt=0.000) snap= 0.000 srm= 21.491 sat=416.364(set=1.051 slv=414.039 max=0.7703 n=20681) sim= 0.000(rmp=0.000 run=0.000) chk= 0.138 stat= 0.381 rest= 0.005
BMC : c =  156870  cl =  10142  lit =  206667  p = 18408  d =     0  f =  1989  +  T =     0.43 sec
  [bmc-prof  37] wall= 427.313 p= 20397 | ifo=  0.000(sd=0.000 nx=0.000 tfo=0.000 cnt=0.000) snap= 0.000 srm= 21.854 sat=404.867(set=1.014 slv=402.577 max=0.6523 n=20397) sim= 0.000(rmp=0.000 run=0.000) chk= 0.218 stat= 0.368 rest= 0.005
BMC : c =  155098  cl =  10116  lit =  204574  p = 18448  d =     0  f =  2093  +  T =     0.48 sec
  [bmc-prof  38] wall= 480.408 p= 20541 | ifo=  0.000(sd=0.000 nx=0.000 tfo=0.000 cnt=0.000) snap= 0.000 srm= 20.733 sat=459.056(set=0.979 slv=456.758 max=1.1141 n=20541) sim= 0.000(rmp=0.000 run=0.000) chk= 0.222 stat= 0.393 rest= 0.005
BMC : c =  153813  cl =  10083  lit =  202968  p = 18452  d =     0  f =  1606  +  T =     0.41 sec
  [bmc-prof  39] wall= 413.420 p= 20058 | ifo=  0.000(sd=0.000 nx=0.000 tfo=0.000 cnt=0.000) snap= 0.000 srm= 20.290 sat=392.517(set=0.991 slv=390.282 max=1.3199 n=20058) sim= 0.000(rmp=0.000 run=0.000) chk= 0.216 stat= 0.392 rest= 0.005
BMC : c =  152531  cl =  10053  lit =  201345  p = 18546  d =     0  f =  1623  +  T =     0.40 sec
  [bmc-prof  40] wall= 402.630 p= 20169 | ifo=  0.000(sd=0.000 nx=0.000 tfo=0.000 cnt=0.000) snap= 0.000 srm= 21.304 sat=380.497(set=1.009 slv=378.235 max=1.4693 n=20169) sim= 0.000(rmp=0.000 run=0.000) chk= 0.363 stat= 0.461 rest= 0.006
BMC : c =  151158  cl =  10026  lit =  199562  p = 18199  d =     0  f =  1783  +  T =     0.44 sec
  [bmc-prof  41] wall= 444.901 p= 19982 | ifo=  0.000(sd=0.000 nx=0.000 tfo=0.000 cnt=0.000) snap= 0.000 srm= 21.482 sat=422.551(set=1.090 slv=420.255 max=1.5690 n=19982) sim= 0.000(rmp=0.000 run=0.000) chk= 0.493 stat= 0.369 rest= 0.005
BMC : c =  150005  cl =   9996  lit =  197993  p = 18111  d =     0  f =  1569  +  T =     0.40 sec
  [bmc-prof  42] wall= 396.086 p= 19680 | ifo=  0.000(sd=0.000 nx=0.000 tfo=0.000 cnt=0.000) snap= 0.000 srm= 19.592 sat=375.587(set=0.908 slv=373.486 max=1.6969 n=19680) sim= 0.000(rmp=0.000 run=0.000) chk= 0.492 stat= 0.410 rest= 0.005
BMC : c =  148893  cl =   9969  lit =  196366  p = 18154  d =     0  f =  1627  +  T =     0.40 sec
  [bmc-prof  43] wall= 400.862 p= 19781 | ifo=  0.000(sd=0.000 nx=0.000 tfo=0.000 cnt=0.000) snap= 0.000 srm= 20.996 sat=378.510(set=0.970 slv=376.270 max=1.5577 n=19781) sim= 0.000(rmp=0.000 run=0.000) chk= 0.936 stat= 0.414 rest= 0.006
BMC : c =  147841  cl =   9924  lit =  194829  p = 17999  d =     0  f =  1537  +  T =     0.39 sec
  [bmc-prof  44] wall= 391.405 p= 19536 | ifo=  0.000(sd=0.000 nx=0.000 tfo=0.000 cnt=0.000) snap= 0.000 srm= 21.541 sat=368.863(set=0.966 slv=366.680 max=2.0543 n=19536) sim= 0.000(rmp=0.000 run=0.000) chk= 0.622 stat= 0.373 rest= 0.005
BMC : c =  146780  cl =   9902  lit =  193372  p = 17941  d =     0  f =  1457  +  T =     0.39 sec
  [bmc-prof  45] wall= 389.429 p= 19398 | ifo=  0.000(sd=0.000 nx=0.000 tfo=0.000 cnt=0.000) snap= 0.000 srm= 21.463 sat=367.187(set=1.014 slv=364.948 max=2.2479 n=19398) sim= 0.000(rmp=0.000 run=0.000) chk= 0.413 stat= 0.361 rest= 0.005
BMC : c =  145918  cl =   9879  lit =  192171  p = 17739  d =     0  f =  1201  +  T =     0.36 sec
  [bmc-prof  46] wall= 359.997 p= 18940 | ifo=  0.000(sd=0.000 nx=0.000 tfo=0.000 cnt=0.000) snap= 0.000 srm= 21.627 sat=337.700(set=1.006 slv=335.527 max=1.9890 n=18940) sim= 0.000(rmp=0.000 run=0.000) chk= 0.303 stat= 0.363 rest= 0.005
BMC : c =  145053  cl =   9862  lit =  190996  p = 17490  d =     0  f =  1175  +  T =     0.34 sec
  [bmc-prof  47] wall= 339.982 p= 18665 | ifo=  0.000(sd=0.000 nx=0.000 tfo=0.000 cnt=0.000) snap= 0.000 srm= 21.650 sat=317.771(set=1.030 slv=315.556 max=2.4563 n=18665) sim= 0.000(rmp=0.000 run=0.000) chk= 0.198 stat= 0.358 rest= 0.005
BMC : c =  144291  cl =   9842  lit =  190035  p = 17417  d =     0  f =   961  +  T =     0.32 sec
  [bmc-prof  48] wall= 323.341 p= 18378 | ifo=  0.000(sd=0.000 nx=0.000 tfo=0.000 cnt=0.000) snap= 0.000 srm= 20.997 sat=301.838(set=0.945 slv=299.750 max=2.6915 n=18378) sim= 0.000(rmp=0.000 run=0.000) chk= 0.097 stat= 0.404 rest= 0.005
BMC : c =  143554  cl =   9825  lit =  189132  p = 17330  d =     0  f =   903  +  T =     0.31 sec
  [bmc-prof  49] wall= 309.289 p= 18233 | ifo=  0.000(sd=0.000 nx=0.000 tfo=0.000 cnt=0.000) snap= 0.000 srm= 22.141 sat=286.671(set=1.172 slv=284.353 max=1.8130 n=18233) sim= 0.000(rmp=0.000 run=0.000) chk= 0.076 stat= 0.397 rest= 0.005
BMC : c =  142870  cl =   9806  lit =  188357  p = 17198  d =     0  f =   775  +  T =     0.29 sec
  [bmc-prof  50] wall= 289.258 p= 17973 | ifo=  0.000(sd=0.000 nx=0.000 tfo=0.000 cnt=0.000) snap= 0.000 srm= 21.900 sat=266.905(set=1.054 slv=264.758 max=0.9488 n=17973) sim= 0.000(rmp=0.000 run=0.000) chk= 0.063 stat= 0.385 rest= 0.005
BMC : c =  142177  cl =   9795  lit =  187588  p = 17100  d =     0  f =   769  +  T =     0.29 sec
  [bmc-prof  51] wall= 293.675 p= 17869 | ifo=  0.000(sd=0.000 nx=0.000 tfo=0.000 cnt=0.000) snap= 0.000 srm= 21.935 sat=271.292(set=1.091 slv=269.088 max=2.2089 n=17869) sim= 0.000(rmp=0.000 run=0.000) chk= 0.060 stat= 0.384 rest= 0.004
BMC : c =  141580  cl =   9789  lit =  186917  p = 17100  d =     0  f =   671  +  T =     0.27 sec
  [bmc-prof  52] wall= 268.012 p= 17771 | ifo=  0.000(sd=0.000 nx=0.000 tfo=0.000 cnt=0.000) snap= 0.000 srm= 21.418 sat=246.128(set=0.988 slv=244.015 max=1.0096 n=17771) sim= 0.000(rmp=0.000 run=0.000) chk= 0.062 stat= 0.399 rest= 0.005
BMC : c =  141060  cl =   9781  lit =  186341  p = 17046  d =     0  f =   576  +  T =     0.25 sec
  [bmc-prof  53] wall= 246.576 p= 17622 | ifo=  0.000(sd=0.000 nx=0.000 tfo=0.000 cnt=0.000) snap= 0.000 srm= 22.933 sat=223.211(set=1.048 slv=221.093 max=1.2569 n=17622) sim= 0.000(rmp=0.000 run=0.000) chk= 0.049 stat= 0.379 rest= 0.004
BMC : c =  140587  cl =   9777  lit =  185814  p = 17048  d =     0  f =   527  +  T =     0.24 sec
  [bmc-prof  54] wall= 244.894 p= 17575 | ifo=  0.000(sd=0.000 nx=0.000 tfo=0.000 cnt=0.000) snap= 0.000 srm= 21.631 sat=222.808(set=1.154 slv=220.561 max=1.3784 n=17575) sim= 0.000(rmp=0.000 run=0.000) chk= 0.046 stat= 0.403 rest= 0.005
BMC : c =  140147  cl =   9771  lit =  185331  p = 17052  d =     0  f =   483  +  T =     0.23 sec
  [bmc-prof  55] wall= 232.666 p= 17535 | ifo=  0.000(sd=0.000 nx=0.000 tfo=0.000 cnt=0.000) snap= 0.000 srm= 21.540 sat=210.677(set=1.115 slv=208.402 max=1.6435 n=17535) sim= 0.000(rmp=0.000 run=0.000) chk= 0.045 stat= 0.400 rest= 0.004
BMC : c =  139727  cl =   9767  lit =  184875  p = 17007  d =     0  f =   456  +  T =     0.22 sec
  [bmc-prof  56] wall= 221.679 p= 17463 | ifo=  0.000(sd=0.000 nx=0.000 tfo=0.000 cnt=0.000) snap= 0.000 srm= 21.913 sat=199.333(set=1.093 slv=197.196 max=1.8900 n=17463) sim= 0.000(rmp=0.000 run=0.000) chk= 0.040 stat= 0.388 rest= 0.005
BMC : c =  139318  cl =   9763  lit =  184428  p = 16940  d =     0  f =   447  +  T =     0.22 sec
  [bmc-prof  57] wall= 216.373 p= 17387 | ifo=  0.000(sd=0.000 nx=0.000 tfo=0.000 cnt=0.000) snap= 0.000 srm= 21.856 sat=194.055(set=0.990 slv=192.019 max=1.3540 n=17387) sim= 0.000(rmp=0.000 run=0.000) chk= 0.042 stat= 0.416 rest= 0.004
BMC : c =  138936  cl =   9760  lit =  184014  p = 16937  d =     0  f =   414  +  T =     0.22 sec
  [bmc-prof  58] wall= 218.341 p= 17351 | ifo=  0.000(sd=0.000 nx=0.000 tfo=0.000 cnt=0.000) snap= 0.000 srm= 22.874 sat=195.025(set=1.138 slv=192.604 max=1.8594 n=17351) sim= 0.000(rmp=0.000 run=0.000) chk= 0.040 stat= 0.398 rest= 0.004
BMC : c =  138536  cl =   9757  lit =  183584  p = 16889  d =     0  f =   430  +  T =     0.22 sec
  [bmc-prof  59] wall= 218.196 p= 17319 | ifo=  0.000(sd=0.000 nx=0.000 tfo=0.000 cnt=0.000) snap= 0.000 srm= 22.365 sat=195.393(set=1.088 slv=193.208 max=1.9260 n=17319) sim= 0.000(rmp=0.000 run=0.000) chk= 0.038 stat= 0.396 rest= 0.004
BMC : c =  138158  cl =   9753  lit =  183178  p = 16901  d =     0  f =   406  +  T =     0.22 sec
  [bmc-prof  60] wall= 217.919 p= 17307 | ifo=  0.000(sd=0.000 nx=0.000 tfo=0.000 cnt=0.000) snap= 0.000 srm= 23.749 sat=193.663(set=1.053 slv=191.517 max=1.0495 n=17307) sim= 0.000(rmp=0.000 run=0.000) chk= 0.043 stat= 0.459 rest= 0.004
BMC : c =  137800  cl =   9751  lit =  182794  p = 16861  d =     0  f =   384  +  T =     0.22 sec
  [bmc-prof  61] wall= 218.365 p= 17245 | ifo=  0.000(sd=0.000 nx=0.000 tfo=0.000 cnt=0.000) snap= 0.000 srm= 21.483 sat=196.392(set=1.093 slv=194.184 max=1.5850 n=17245) sim= 0.000(rmp=0.000 run=0.000) chk= 0.036 stat= 0.451 rest= 0.004
BMC : c =  137469  cl =   9748  lit =  182442  p = 16866  d =     0  f =   352  +  T =     0.21 sec
  [bmc-prof  62] wall= 205.515 p= 17218 | ifo=  0.000(sd=0.000 nx=0.000 tfo=0.000 cnt=0.000) snap= 0.000 srm= 21.496 sat=183.601(set=0.992 slv=181.585 max=1.1445 n=17218) sim= 0.000(rmp=0.000 run=0.000) chk= 0.035 stat= 0.379 rest= 0.004
BMC : c =  137183  cl =   9745  lit =  182138  p = 16858  d =     0  f =   304  +  T =     0.19 sec
  [bmc-prof  63] wall= 195.199 p= 17162 | ifo=  0.000(sd=0.000 nx=0.000 tfo=0.000 cnt=0.000) snap= 0.000 srm= 21.459 sat=173.240(set=1.057 slv=171.126 max=0.7849 n=17162) sim= 0.000(rmp=0.000 run=0.000) chk= 0.036 stat= 0.460 rest= 0.004
BMC : c =  136895  cl =   9742  lit =  181830  p = 16837  d =     0  f =   308  +  T =     0.19 sec
  [bmc-prof  64] wall= 195.329 p= 17145 | ifo=  0.000(sd=0.000 nx=0.000 tfo=0.000 cnt=0.000) snap= 0.000 srm= 22.569 sat=172.357(set=1.042 slv=170.219 max=0.8014 n=17145) sim= 0.000(rmp=0.000 run=0.000) chk= 0.037 stat= 0.363 rest= 0.004
BMC : c =  136651  cl =   9740  lit =  181566  p = 16866  d =     0  f =   264  +  T =     0.18 sec
  [bmc-prof  65] wall= 184.971 p= 17130 | ifo=  0.000(sd=0.000 nx=0.000 tfo=0.000 cnt=0.000) snap= 0.000 srm= 21.251 sat=163.329(set=1.487 slv=160.610 max=0.6974 n=17130) sim= 0.000(rmp=0.000 run=0.000) chk= 0.032 stat= 0.355 rest= 0.004
BMC : c =  136417  cl =   9738  lit =  181312  p = 16859  d =     0  f =   254  +  T =     0.18 sec
  [bmc-prof  66] wall= 184.454 p= 17113 | ifo=  0.000(sd=0.000 nx=0.000 tfo=0.000 cnt=0.000) snap= 0.000 srm= 21.095 sat=162.946(set=1.142 slv=160.798 max=0.6676 n=17113) sim= 0.000(rmp=0.000 run=0.000) chk= 0.033 stat= 0.377 rest= 0.004
BMC : c =  136204  cl =   9736  lit =  181080  p = 16834  d =     0  f =   232  +  T =     0.18 sec
  [bmc-prof  67] wall= 180.027 p= 17066 | ifo=  0.000(sd=0.000 nx=0.000 tfo=0.000 cnt=0.000) snap= 0.000 srm= 22.202 sat=157.442(set=1.063 slv=155.359 max=0.6711 n=17066) sim= 0.000(rmp=0.000 run=0.000) chk= 0.033 stat= 0.347 rest= 0.004
BMC : c =  136025  cl =   9735  lit =  180885  p = 16859  d =     0  f =   195  +  T =     0.18 sec
  [bmc-prof  68] wall= 178.279 p= 17054 | ifo=  0.000(sd=0.000 nx=0.000 tfo=0.000 cnt=0.000) snap= 0.000 srm= 23.159 sat=154.698(set=1.000 slv=152.685 max=1.2389 n=17054) sim= 0.000(rmp=0.000 run=0.000) chk= 0.031 stat= 0.387 rest= 0.004
BMC : c =  135867  cl =   9734  lit =  180710  p = 16841  d =     0  f =   175  +  T =     0.17 sec
  [bmc-prof  69] wall= 168.390 p= 17016 | ifo=  0.000(sd=0.000 nx=0.000 tfo=0.000 cnt=0.000) snap= 0.000 srm= 22.199 sat=145.814(set=1.504 slv=143.256 max=0.6704 n=17016) sim= 0.000(rmp=0.000 run=0.000) chk= 0.030 stat= 0.343 rest= 0.004
BMC : c =  135729  cl =   9733  lit =  180561  p = 16856  d =     0  f =   149  +  T =     0.16 sec
  [bmc-prof  70] wall= 163.841 p= 17005 | ifo=  0.000(sd=0.000 nx=0.000 tfo=0.000 cnt=0.000) snap= 0.000 srm= 21.352 sat=142.087(set=0.987 slv=140.129 max=0.7555 n=17005) sim= 0.000(rmp=0.000 run=0.000) chk= 0.028 stat= 0.371 rest= 0.004
BMC : c =  135610  cl =   9732  lit =  180433  p = 16862  d =     0  f =   128  +  T =     0.17 sec
  [bmc-prof  71] wall= 165.973 p= 16990 | ifo=  0.000(sd=0.000 nx=0.000 tfo=0.000 cnt=0.000) snap= 0.000 srm= 21.582 sat=143.975(set=1.262 slv=141.719 max=0.9798 n=16990) sim= 0.000(rmp=0.000 run=0.000) chk= 0.022 stat= 0.390 rest= 0.004
BMC : c =  135480  cl =   9730  lit =  180294  p = 16870  d =     0  f =   139  +  T =     0.17 sec
  [bmc-prof  72] wall= 168.280 p= 17009 | ifo=  0.000(sd=0.000 nx=0.000 tfo=0.000 cnt=0.000) snap= 0.000 srm= 22.530 sat=145.327(set=1.048 slv=143.280 max=0.6698 n=17009) sim= 0.000(rmp=0.000 run=0.000) chk= 0.023 stat= 0.396 rest= 0.004
BMC : c =  135344  cl =   9729  lit =  180148  p = 16880  d =     0  f =   146  +  T =     0.17 sec
  [bmc-prof  73] wall= 173.775 p= 17026 | ifo=  0.000(sd=0.000 nx=0.000 tfo=0.000 cnt=0.000) snap= 0.000 srm= 22.211 sat=151.170(set=1.037 slv=149.056 max=0.8451 n=17026) sim= 0.000(rmp=0.000 run=0.000) chk= 0.024 stat= 0.367 rest= 0.004
BMC : c =  135224  cl =   9729  lit =  180019  p = 16870  d =     0  f =   129  +  T =     0.17 sec
  [bmc-prof  74] wall= 165.439 p= 16999 | ifo=  0.000(sd=0.000 nx=0.000 tfo=0.000 cnt=0.000) snap= 0.000 srm= 20.805 sat=144.222(set=0.977 slv=142.218 max=0.8383 n=16999) sim= 0.000(rmp=0.000 run=0.000) chk= 0.020 stat= 0.387 rest= 0.004
BMC : c =  135108  cl =   9729  lit =  179895  p = 16836  d =     0  f =   124  +  T =     0.16 sec
  [bmc-prof  75] wall= 163.581 p= 16960 | ifo=  0.000(sd=0.000 nx=0.000 tfo=0.000 cnt=0.000) snap= 0.000 srm= 22.239 sat=140.875(set=1.943 slv=137.965 max=0.8164 n=16960) sim= 0.000(rmp=0.000 run=0.000) chk= 0.026 stat= 0.437 rest= 0.004
BMC : c =  135042  cl =   9729  lit =  179822  p = 16841  d =     0  f =    73  +  T =     0.15 sec
  [bmc-prof  76] wall= 154.817 p= 16914 | ifo=  0.000(sd=0.000 nx=0.000 tfo=0.000 cnt=0.000) snap= 0.000 srm= 20.627 sat=133.802(set=1.040 slv=131.717 max=0.8652 n=16914) sim= 0.000(rmp=0.000 run=0.000) chk= 0.020 stat= 0.365 rest= 0.004
BMC : c =  134992  cl =   9728  lit =  179766  p = 16838  d =     0  f =    56  +  T =     0.15 sec
  [bmc-prof  77] wall= 154.991 p= 16894 | ifo=  0.000(sd=0.000 nx=0.000 tfo=0.000 cnt=0.000) snap= 0.000 srm= 22.779 sat=131.828(set=0.994 slv=129.742 max=0.7443 n=16894) sim= 0.000(rmp=0.000 run=0.000) chk= 0.020 stat= 0.361 rest= 0.004
BMC : c =  134941  cl =   9728  lit =  179710  p = 16822  d =     0  f =    56  +  T =     0.15 sec
  [bmc-prof  78] wall= 152.654 p= 16878 | ifo=  0.000(sd=0.000 nx=0.000 tfo=0.000 cnt=0.000) snap= 0.000 srm= 21.408 sat=130.851(set=1.043 slv=128.763 max=0.7624 n=16878) sim= 0.000(rmp=0.000 run=0.000) chk= 0.018 stat= 0.372 rest= 0.004
BMC : c =  134898  cl =   9728  lit =  179662  p = 16826  d =     0  f =    48  +  T =     0.15 sec
  [bmc-prof  79] wall= 155.322 p= 16874 | ifo=  0.000(sd=0.000 nx=0.000 tfo=0.000 cnt=0.000) snap= 0.000 srm= 21.448 sat=133.475(set=1.286 slv=131.199 max=0.7124 n=16874) sim= 0.000(rmp=0.000 run=0.000) chk= 0.017 stat= 0.377 rest= 0.004
BMC : c =  134864  cl =   9726  lit =  179622  p = 16830  d =     0  f =    40  +  T =     0.15 sec
  [bmc-prof  80] wall= 154.357 p= 16870 | ifo=  0.000(sd=0.000 nx=0.000 tfo=0.000 cnt=0.000) snap= 0.000 srm= 22.812 sat=131.135(set=1.272 slv=128.832 max=1.0858 n=16870) sim= 0.000(rmp=0.000 run=0.000) chk= 0.019 stat= 0.388 rest= 0.004
BMC : c =  134828  cl =   9726  lit =  179581  p = 16816  d =     0  f =    41  +  T =     0.15 sec
  [bmc-prof  81] wall= 151.410 p= 16857 | ifo=  0.000(sd=0.000 nx=0.000 tfo=0.000 cnt=0.000) snap= 0.000 srm= 21.753 sat=129.268(set=1.278 slv=126.992 max=0.5681 n=16857) sim= 0.000(rmp=0.000 run=0.000) chk= 0.019 stat= 0.366 rest= 0.004
BMC : c =  134782  cl =   9719  lit =  179514  p = 16819  d =     0  f =    67  +  T =     0.15 sec
  [bmc-prof  82] wall= 155.336 p= 16886 | ifo=  0.000(sd=0.000 nx=0.000 tfo=0.000 cnt=0.000) snap= 0.000 srm= 21.436 sat=133.325(set=1.186 slv=131.135 max=0.5382 n=16886) sim= 0.000(rmp=0.000 run=0.000) chk= 0.034 stat= 0.538 rest= 0.004
BMC : c =  134744  cl =   9718  lit =  179400  p = 16865  d =     0  f =   114  +  T =     0.16 sec
  [bmc-prof  83] wall= 159.798 p= 16979 | ifo=  0.000(sd=0.000 nx=0.000 tfo=0.000 cnt=0.000) snap= 0.000 srm= 21.789 sat=137.569(set=1.064 slv=135.519 max=0.5693 n=16979) sim= 0.000(rmp=0.000 run=0.000) chk= 0.070 stat= 0.366 rest= 0.004
BMC : c =  134648  cl =   9718  lit =  179240  p = 16870  d =     0  f =   160  +  T =     0.16 sec
  [bmc-prof  84] wall= 163.268 p= 17030 | ifo=  0.000(sd=0.000 nx=0.000 tfo=0.000 cnt=0.000) snap= 0.000 srm= 21.960 sat=140.881(set=1.200 slv=138.649 max=1.6829 n=17030) sim= 0.000(rmp=0.000 run=0.000) chk= 0.052 stat= 0.372 rest= 0.004
BMC : c =  134624  cl =   9717  lit =  179213  p = 16990  d =     0  f =    27  +  T =     0.15 sec
  [bmc-prof  85] wall= 153.328 p= 17017 | ifo=  0.000(sd=0.000 nx=0.000 tfo=0.000 cnt=0.000) snap= 0.000 srm= 22.000 sat=130.834(set=1.269 slv=128.497 max=1.5797 n=17017) sim= 0.000(rmp=0.000 run=0.000) chk= 0.022 stat= 0.469 rest= 0.004
BMC : c =  134598  cl =   9716  lit =  179184  p = 16969  d =     0  f =    29  +  T =     0.16 sec
  [bmc-prof  86] wall= 155.807 p= 16998 | ifo=  0.000(sd=0.000 nx=0.000 tfo=0.000 cnt=0.000) snap= 0.000 srm= 22.077 sat=133.277(set=1.015 slv=131.254 max=1.5376 n=16998) sim= 0.000(rmp=0.000 run=0.000) chk= 0.018 stat= 0.432 rest= 0.004
BMC : c =  134578  cl =   9715  lit =  179162  p = 16970  d =     0  f =    22  +  T =     0.16 sec
  [bmc-prof  87] wall= 156.741 p= 16992 | ifo=  0.000(sd=0.000 nx=0.000 tfo=0.000 cnt=0.000) snap= 0.000 srm= 23.317 sat=133.012(set=1.341 slv=130.622 max=1.7680 n=16992) sim= 0.000(rmp=0.000 run=0.000) chk= 0.017 stat= 0.392 rest= 0.004
BMC : c =  134563  cl =   9715  lit =  179146  p = 16971  d =     0  f =    16  +  T =     0.15 sec
  [bmc-prof  88] wall= 152.967 p= 16987 | ifo=  0.000(sd=0.000 nx=0.000 tfo=0.000 cnt=0.000) snap= 0.000 srm= 20.820 sat=131.729(set=1.071 slv=129.518 max=1.5576 n=16987) sim= 0.000(rmp=0.000 run=0.000) chk= 0.017 stat= 0.397 rest= 0.004
BMC : c =  134548  cl =   9714  lit =  179130  p = 16971  d =     0  f =    16  +  T =     0.15 sec
  [bmc-prof  89] wall= 155.269 p= 16987 | ifo=  0.000(sd=0.000 nx=0.000 tfo=0.000 cnt=0.000) snap= 0.000 srm= 23.277 sat=131.567(set=1.126 slv=129.420 max=1.6420 n=16987) sim= 0.000(rmp=0.000 run=0.000) chk= 0.017 stat= 0.404 rest= 0.004
BMC : c =  134530  cl =   9712  lit =  179110  p = 16946  d =     0  f =    20  +  T =     0.16 sec
  [bmc-prof  90] wall= 156.387 p= 16966 | ifo=  0.000(sd=0.000 nx=0.000 tfo=0.000 cnt=0.000) snap= 0.000 srm= 24.048 sat=131.683(set=1.147 slv=129.543 max=3.2437 n=16966) sim= 0.000(rmp=0.000 run=0.000) chk= 0.017 stat= 0.423 rest= 0.216
BMC : c =  134513  cl =   9712  lit =  179093  p = 16947  d =     0  f =    17  +  T =     0.16 sec
  [bmc-prof  91] wall= 155.703 p= 16964 | ifo=  0.000(sd=0.000 nx=0.000 tfo=0.000 cnt=0.000) snap= 0.000 srm= 25.900 sat=129.404(set=1.008 slv=127.399 max=1.7082 n=16964) sim= 0.000(rmp=0.000 run=0.000) chk= 0.016 stat= 0.378 rest= 0.004
BMC : c =  134499  cl =   9712  lit =  179079  p = 16947  d =     0  f =    14  +  T =     0.15 sec
  [bmc-prof  92] wall= 151.963 p= 16961 | ifo=  0.000(sd=0.000 nx=0.000 tfo=0.000 cnt=0.000) snap= 0.000 srm= 22.099 sat=129.465(set=1.137 slv=127.297 max=1.6884 n=16961) sim= 0.000(rmp=0.000 run=0.000) chk= 0.015 stat= 0.378 rest= 0.005
BMC : c =  134487  cl =   9712  lit =  179067  p = 16947  d =     0  f =    12  +  T =     0.15 sec
  [bmc-prof  93] wall= 152.580 p= 16959 | ifo=  0.000(sd=0.000 nx=0.000 tfo=0.000 cnt=0.000) snap= 0.000 srm= 22.379 sat=129.773(set=1.022 slv=127.754 max=1.9021 n=16959) sim= 0.000(rmp=0.000 run=0.000) chk= 0.026 stat= 0.397 rest= 0.004
BMC : c =  134475  cl =   9712  lit =  179055  p = 16947  d =     0  f =    12  +  T =     0.15 sec
  [bmc-prof  94] wall= 155.384 p= 16959 | ifo=  0.000(sd=0.000 nx=0.000 tfo=0.000 cnt=0.000) snap= 0.000 srm= 24.405 sat=130.471(set=1.015 slv=128.406 max=1.7460 n=16959) sim= 0.000(rmp=0.000 run=0.000) chk= 0.020 stat= 0.484 rest= 0.004
BMC : c =  134464  cl =   9711  lit =  179043  p = 16947  d =     0  f =    12  +  T =     0.15 sec
  [bmc-prof  95] wall= 151.236 p= 16959 | ifo=  0.000(sd=0.000 nx=0.000 tfo=0.000 cnt=0.000) snap= 0.000 srm= 23.827 sat=126.991(set=1.235 slv=124.712 max=2.2543 n=16959) sim= 0.000(rmp=0.000 run=0.000) chk= 0.017 stat= 0.397 rest= 0.004
BMC : c =  134453  cl =   9711  lit =  179032  p = 16947  d =     0  f =    11  +  T =     0.15 sec
  [bmc-prof  96] wall= 152.735 p= 16958 | ifo=  0.000(sd=0.000 nx=0.000 tfo=0.000 cnt=0.000) snap= 0.000 srm= 22.819 sat=129.502(set=1.191 slv=127.303 max=1.5393 n=16958) sim= 0.000(rmp=0.000 run=0.000) chk= 0.015 stat= 0.394 rest= 0.004
BMC : c =  134444  cl =   9711  lit =  179023  p = 16947  d =     0  f =     9  +  T =     0.15 sec
  [bmc-prof  97] wall= 148.565 p= 16956 | ifo=  0.000(sd=0.000 nx=0.000 tfo=0.000 cnt=0.000) snap= 0.000 srm= 20.919 sat=127.255(set=1.291 slv=124.976 max=1.7818 n=16956) sim= 0.000(rmp=0.000 run=0.000) chk= 0.016 stat= 0.371 rest= 0.004
BMC : c =  134435  cl =   9711  lit =  179014  p = 16947  d =     0  f =     9  +  T =     0.15 sec
  [bmc-prof  98] wall= 153.769 p= 16956 | ifo=  0.000(sd=0.000 nx=0.000 tfo=0.000 cnt=0.000) snap= 0.000 srm= 21.703 sat=131.538(set=1.143 slv=129.366 max=1.7255 n=16956) sim= 0.000(rmp=0.000 run=0.000) chk= 0.016 stat= 0.508 rest= 0.004
BMC : c =  134428  cl =   9711  lit =  179007  p = 16947  d =     0  f =     7  +  T =     0.15 sec
  [bmc-prof  99] wall= 153.226 p= 16954 | ifo=  0.000(sd=0.000 nx=0.000 tfo=0.000 cnt=0.000) snap= 0.000 srm= 24.184 sat=128.613(set=1.215 slv=126.390 max=1.8565 n=16954) sim= 0.000(rmp=0.000 run=0.000) chk= 0.016 stat= 0.409 rest= 0.004
BMC : c =  134421  cl =   9711  lit =  179000  p = 16947  d =     0  f =     7  +  T =     0.15 sec
  [bmc-prof 100] wall= 151.820 p= 16954 | ifo=  0.000(sd=0.000 nx=0.000 tfo=0.000 cnt=0.000) snap= 0.000 srm= 22.515 sat=128.889(set=1.010 slv=126.873 max=1.7855 n=16954) sim= 0.000(rmp=0.000 run=0.000) chk= 0.016 stat= 0.396 rest= 0.004
BMC : c =  134416  cl =   9711  lit =  178995  p = 16947  d =     0  f =     5  +  T =     0.15 sec
  [bmc-prof 101] wall= 152.414 p= 16952 | ifo=  0.000(sd=0.000 nx=0.000 tfo=0.000 cnt=0.000) snap= 0.000 srm= 22.591 sat=129.398(set=1.016 slv=127.381 max=1.7401 n=16952) sim= 0.000(rmp=0.000 run=0.000) chk= 0.016 stat= 0.405 rest= 0.004
BMC : c =  134411  cl =   9711  lit =  178990  p = 16947  d =     0  f =     5  +  T =     0.15 sec
  [bmc-prof 102] wall= 151.926 p= 16952 | ifo=  0.000(sd=0.000 nx=0.000 tfo=0.000 cnt=0.000) snap= 0.000 srm= 23.068 sat=128.430(set=1.123 slv=126.280 max=1.8541 n=16952) sim= 0.000(rmp=0.000 run=0.000) chk= 0.016 stat= 0.408 rest= 0.004
BMC : c =  134406  cl =   9711  lit =  178985  p = 16947  d =     0  f =     5  +  T =     0.15 sec
  [bmc-prof 103] wall= 152.423 p= 16952 | ifo=  0.000(sd=0.000 nx=0.000 tfo=0.000 cnt=0.000) snap= 0.000 srm= 22.563 sat=129.330(set=1.026 slv=127.034 max=2.0523 n=16952) sim= 0.000(rmp=0.000 run=0.000) chk= 0.020 stat= 0.504 rest= 0.005
BMC : c =  134401  cl =   9711  lit =  178980  p = 16947  d =     0  f =     5  +  T =     0.15 sec
  [bmc-prof 104] wall= 151.115 p= 16952 | ifo=  0.000(sd=0.000 nx=0.000 tfo=0.000 cnt=0.000) snap= 0.000 srm= 22.146 sat=128.559(set=1.202 slv=126.297 max=1.6817 n=16952) sim= 0.000(rmp=0.000 run=0.000) chk= 0.017 stat= 0.389 rest= 0.004
BMC : c =  134396  cl =   9711  lit =  178975  p = 16947  d =     0  f =     5  +  T =     0.15 sec
  [bmc-prof 105] wall= 151.074 p= 16952 | ifo=  0.000(sd=0.000 nx=0.000 tfo=0.000 cnt=0.000) snap= 0.000 srm= 22.674 sat=127.992(set=1.082 slv=125.902 max=1.7952 n=16952) sim= 0.000(rmp=0.000 run=0.000) chk= 0.015 stat= 0.389 rest= 0.004
BMC : c =  134391  cl =   9711  lit =  178970  p = 16947  d =     0  f =     5  +  T =     0.15 sec
  [bmc-prof 106] wall= 150.491 p= 16952 | ifo=  0.000(sd=0.000 nx=0.000 tfo=0.000 cnt=0.000) snap= 0.000 srm= 21.757 sat=128.292(set=1.027 slv=126.244 max=1.7083 n=16952) sim= 0.000(rmp=0.000 run=0.000) chk= 0.025 stat= 0.414 rest= 0.004
BMC : c =  134386  cl =   9711  lit =  178965  p = 16947  d =     0  f =     5  +  T =     0.15 sec
  [bmc-prof 107] wall= 147.976 p= 16952 | ifo=  0.000(sd=0.000 nx=0.000 tfo=0.000 cnt=0.000) snap= 0.000 srm= 22.707 sat=124.895(set=1.037 slv=122.871 max=1.6201 n=16952) sim= 0.000(rmp=0.000 run=0.000) chk= 0.014 stat= 0.355 rest= 0.003
BMC : c =  134381  cl =   9711  lit =  178960  p = 16947  d =     0  f =     5  +  T =     0.15 sec
  [bmc-prof 108] wall= 152.254 p= 16952 | ifo=  0.000(sd=0.000 nx=0.000 tfo=0.000 cnt=0.000) snap= 0.000 srm= 22.201 sat=129.636(set=1.016 slv=127.600 max=1.7495 n=16952) sim= 0.000(rmp=0.000 run=0.000) chk= 0.015 stat= 0.398 rest= 0.004
BMC : c =  134376  cl =   9711  lit =  178955  p = 16947  d =     0  f =     5  +  T =     0.15 sec
  [bmc-prof 109] wall= 150.287 p= 16952 | ifo=  0.000(sd=0.000 nx=0.000 tfo=0.000 cnt=0.000) snap= 0.000 srm= 22.071 sat=127.794(set=1.070 slv=125.620 max=1.9372 n=16952) sim= 0.000(rmp=0.000 run=0.000) chk= 0.016 stat= 0.402 rest= 0.004
BMC : c =  134371  cl =   9711  lit =  178950  p = 16947  d =     0  f =     5  +  T =     0.15 sec
  [bmc-prof 110] wall= 153.893 p= 16952 | ifo=  0.000(sd=0.000 nx=0.000 tfo=0.000 cnt=0.000) snap= 0.000 srm= 22.791 sat=130.670(set=1.104 slv=128.502 max=1.8400 n=16952) sim= 0.000(rmp=0.000 run=0.000) chk= 0.015 stat= 0.411 rest= 0.004
BMC : c =  134366  cl =   9711  lit =  178945  p = 16947  d =     0  f =     5  +  T =     0.15 sec
  [bmc-prof 111] wall= 153.082 p= 16952 | ifo=  0.000(sd=0.000 nx=0.000 tfo=0.000 cnt=0.000) snap= 0.000 srm= 22.996 sat=129.699(set=1.103 slv=127.239 max=1.9268 n=16952) sim= 0.000(rmp=0.000 run=0.000) chk= 0.016 stat= 0.367 rest= 0.005
BMC : c =  134361  cl =   9711  lit =  178940  p = 16947  d =     0  f =     5  +  T =     0.15 sec
  [bmc-prof 112] wall= 149.783 p= 16952 | ifo=  0.000(sd=0.000 nx=0.000 tfo=0.000 cnt=0.000) snap= 0.000 srm= 23.108 sat=126.283(set=1.128 slv=124.174 max=1.6697 n=16952) sim= 0.000(rmp=0.000 run=0.000) chk= 0.015 stat= 0.374 rest= 0.003
BMC : c =  134356  cl =   9711  lit =  178935  p = 16947  d =     0  f =     5  +  T =     0.15 sec
  [bmc-prof 113] wall= 149.809 p= 16952 | ifo=  0.000(sd=0.000 nx=0.000 tfo=0.000 cnt=0.000) snap= 0.000 srm= 22.133 sat=127.264(set=1.416 slv=124.835 max=1.5465 n=16952) sim= 0.000(rmp=0.000 run=0.000) chk= 0.017 stat= 0.391 rest= 0.004
BMC : c =  134351  cl =   9711  lit =  178930  p = 16947  d =     0  f =     5  +  T =     0.15 sec
  [bmc-prof 114] wall= 150.911 p= 16952 | ifo=  0.000(sd=0.000 nx=0.000 tfo=0.000 cnt=0.000) snap= 0.000 srm= 22.372 sat=128.111(set=1.188 slv=125.917 max=1.7079 n=16952) sim= 0.000(rmp=0.000 run=0.000) chk= 0.028 stat= 0.396 rest= 0.004
BMC : c =  134346  cl =   9711  lit =  178925  p = 16947  d =     0  f =     5  +  T =     0.15 sec
  [bmc-prof 115] wall= 149.147 p= 16952 | ifo=  0.000(sd=0.000 nx=0.000 tfo=0.000 cnt=0.000) snap= 0.000 srm= 21.239 sat=127.374(set=1.212 slv=125.104 max=1.6935 n=16952) sim= 0.000(rmp=0.000 run=0.000) chk= 0.020 stat= 0.509 rest= 0.004
BMC : c =  134341  cl =   9711  lit =  178920  p = 16947  d =     0  f =     5  +  T =     0.15 sec
  [bmc-prof 116] wall= 152.791 p= 16952 | ifo=  0.000(sd=0.000 nx=0.000 tfo=0.000 cnt=0.000) snap= 0.000 srm= 22.130 sat=130.265(set=1.094 slv=128.108 max=1.9492 n=16952) sim= 0.000(rmp=0.000 run=0.000) chk= 0.015 stat= 0.377 rest= 0.004
BMC : c =  134336  cl =   9711  lit =  178915  p = 16947  d =     0  f =     5  +  T =     0.15 sec
  [bmc-prof 117] wall= 149.985 p= 16952 | ifo=  0.000(sd=0.000 nx=0.000 tfo=0.000 cnt=0.000) snap= 0.000 srm= 22.238 sat=127.288(set=1.032 slv=125.191 max=1.7204 n=16952) sim= 0.000(rmp=0.000 run=0.000) chk= 0.019 stat= 0.436 rest= 0.004
BMC : c =  134331  cl =   9711  lit =  178910  p = 16947  d =     0  f =     5  +  T =     0.15 sec
  [bmc-prof 118] wall= 147.488 p= 16952 | ifo=  0.000(sd=0.000 nx=0.000 tfo=0.000 cnt=0.000) snap= 0.000 srm= 22.896 sat=124.203(set=1.113 slv=122.040 max=1.7118 n=16952) sim= 0.000(rmp=0.000 run=0.000) chk= 0.015 stat= 0.370 rest= 0.004
BMC : c =  134326  cl =   9711  lit =  178905  p = 16947  d =     0  f =     5  +  T =     0.15 sec
  [bmc-prof 119] wall= 150.802 p= 16952 | ifo=  0.000(sd=0.000 nx=0.000 tfo=0.000 cnt=0.000) snap= 0.000 srm= 21.480 sat=128.793(set=1.465 slv=126.321 max=1.8160 n=16952) sim= 0.000(rmp=0.000 run=0.000) chk= 0.016 stat= 0.508 rest= 0.005
BMC : c =  134321  cl =   9711  lit =  178900  p = 16947  d =     0  f =     5  +  T =     0.15 sec
  [bmc-prof 120] wall= 145.706 p= 16952 | ifo=  0.000(sd=0.000 nx=0.000 tfo=0.000 cnt=0.000) snap= 0.000 srm= 22.050 sat=123.243(set=1.036 slv=121.175 max=1.9325 n=16952) sim= 0.000(rmp=0.000 run=0.000) chk= 0.015 stat= 0.394 rest= 0.004
BMC : c =  134316  cl =   9711  lit =  178895  p = 16947  d =     0  f =     5  +  T =     0.15 sec
  [bmc-prof 121] wall= 150.434 p= 16952 | ifo=  0.000(sd=0.000 nx=0.000 tfo=0.000 cnt=0.000) snap= 0.000 srm= 22.397 sat=127.628(set=1.078 slv=125.553 max=1.8049 n=16952) sim= 0.000(rmp=0.000 run=0.000) chk= 0.015 stat= 0.390 rest= 0.004
BMC : c =  134311  cl =   9711  lit =  178890  p = 16947  d =     0  f =     5  +  T =     0.15 sec
  [bmc-prof 122] wall= 147.993 p= 16952 | ifo=  0.000(sd=0.000 nx=0.000 tfo=0.000 cnt=0.000) snap= 0.000 srm= 23.880 sat=123.728(set=1.128 slv=121.530 max=1.9116 n=16952) sim= 0.000(rmp=0.000 run=0.000) chk= 0.015 stat= 0.366 rest= 0.004
BMC : c =  134307  cl =   9711  lit =  178886  p = 16947  d =     0  f =     4  +  T =     0.15 sec
  [bmc-prof 123] wall= 145.856 p= 16951 | ifo=  0.000(sd=0.000 nx=0.000 tfo=0.000 cnt=0.000) snap= 0.000 srm= 20.948 sat=124.516(set=1.286 slv=122.250 max=1.8325 n=16951) sim= 0.000(rmp=0.000 run=0.000) chk= 0.014 stat= 0.373 rest= 0.004
BMC : c =  134303  cl =   9711  lit =  178882  p = 16947  d =     0  f =     4  +  T =     0.15 sec
  [bmc-prof 124] wall= 148.335 p= 16951 | ifo=  0.000(sd=0.000 nx=0.000 tfo=0.000 cnt=0.000) snap= 0.000 srm= 21.442 sat=126.461(set=1.749 slv=123.675 max=1.9792 n=16951) sim= 0.000(rmp=0.000 run=0.000) chk= 0.014 stat= 0.413 rest= 0.004
BMC : c =  134300  cl =   9711  lit =  178878  p = 16947  d =     0  f =     4  +  T =     0.15 sec
  [bmc-prof 125] wall= 150.529 p= 16951 | ifo=  0.000(sd=0.000 nx=0.000 tfo=0.000 cnt=0.000) snap= 0.000 srm= 23.236 sat=126.859(set=1.166 slv=124.682 max=1.7187 n=16951) sim= 0.000(rmp=0.000 run=0.000) chk= 0.019 stat= 0.411 rest= 0.004
BMC : c =  134297  cl =   9710  lit =  178874  p = 16947  d =     0  f =     4  +  T =     0.15 sec
  [bmc-prof 126] wall= 146.766 p= 16951 | ifo=  0.000(sd=0.000 nx=0.000 tfo=0.000 cnt=0.000) snap= 0.000 srm= 21.810 sat=124.564(set=1.156 slv=122.409 max=1.6479 n=16951) sim= 0.000(rmp=0.000 run=0.000) chk= 0.016 stat= 0.371 rest= 0.004
BMC : c =  134294  cl =   9710  lit =  178870  p = 16945  d =     0  f =     4  +  T =     0.14 sec
  [bmc-prof 127] wall= 144.671 p= 16949 | ifo=  0.000(sd=0.000 nx=0.000 tfo=0.000 cnt=0.000) snap= 0.000 srm= 21.441 sat=122.849(set=1.051 slv=120.821 max=0.7293 n=16949) sim= 0.000(rmp=0.000 run=0.000) chk= 0.014 stat= 0.363 rest= 0.004
BMC : c =  134290  cl =   9710  lit =  178865  p = 16945  d =     0  f =     5  +  T =     0.15 sec
  [bmc-prof 128] wall= 145.693 p= 16950 | ifo=  0.000(sd=0.000 nx=0.000 tfo=0.000 cnt=0.000) snap= 0.000 srm= 21.793 sat=123.446(set=0.986 slv=121.326 max=0.4458 n=16950) sim= 0.000(rmp=0.000 run=0.000) chk= 0.020 stat= 0.430 rest= 0.004
BMC : c =  134287  cl =   9710  lit =  178860  p = 16946  d =     0  f =     5  +  T =     0.15 sec
  [bmc-prof 129] wall= 148.182 p= 16951 | ifo=  0.000(sd=0.000 nx=0.000 tfo=0.000 cnt=0.000) snap= 0.000 srm= 22.252 sat=125.488(set=1.154 slv=123.332 max=0.5026 n=16951) sim= 0.000(rmp=0.000 run=0.000) chk= 0.014 stat= 0.423 rest= 0.004
BMC : c =  134284  cl =   9710  lit =  178854  p = 16948  d =     0  f =     6  +  T =     0.15 sec
  [bmc-prof 130] wall= 147.692 p= 16954 | ifo=  0.000(sd=0.000 nx=0.000 tfo=0.000 cnt=0.000) snap= 0.000 srm= 22.803 sat=124.501(set=1.269 slv=122.244 max=0.3565 n=16954) sim= 0.000(rmp=0.000 run=0.000) chk= 0.014 stat= 0.371 rest= 0.004
BMC : c =  134281  cl =   9710  lit =  178848  p = 16951  d =     0  f =     6  +  T =     0.15 sec
  [bmc-prof 131] wall= 148.390 p= 16957 | ifo=  0.000(sd=0.000 nx=0.000 tfo=0.000 cnt=0.000) snap= 0.000 srm= 23.192 sat=124.786(set=0.963 slv=122.419 max=0.3244 n=16957) sim= 0.000(rmp=0.000 run=0.000) chk= 0.014 stat= 0.394 rest= 0.004
BMC : c =  134278  cl =   9710  lit =  178842  p = 16954  d =     0  f =     6  +  T =     0.15 sec
  [bmc-prof 132] wall= 148.684 p= 16960 | ifo=  0.000(sd=0.000 nx=0.000 tfo=0.000 cnt=0.000) snap= 0.000 srm= 22.278 sat=126.023(set=1.478 slv=123.450 max=0.3801 n=16960) sim= 0.000(rmp=0.000 run=0.000) chk= 0.014 stat= 0.365 rest= 0.004
BMC : c =  134275  cl =   9710  lit =  178836  p = 16957  d =     0  f =     6  +  T =     0.14 sec
  [bmc-prof 133] wall= 144.826 p= 16963 | ifo=  0.000(sd=0.000 nx=0.000 tfo=0.000 cnt=0.000) snap= 0.000 srm= 22.778 sat=121.611(set=1.191 slv=119.392 max=0.3178 n=16963) sim= 0.000(rmp=0.000 run=0.000) chk= 0.015 stat= 0.419 rest= 0.005
BMC : c =  134274  cl =   9710  lit =  178832  p = 16960  d =     0  f =     4  +  T =     0.14 sec
  [bmc-prof 134] wall= 144.687 p= 16964 | ifo=  0.000(sd=0.000 nx=0.000 tfo=0.000 cnt=0.000) snap= 0.000 srm= 23.028 sat=121.265(set=1.072 slv=119.178 max=0.4521 n=16964) sim= 0.000(rmp=0.000 run=0.000) chk= 0.015 stat= 0.376 rest= 0.004
BMC : c =  134272  cl =   9710  lit =  178827  p = 16963  d =     0  f =     5  +  T =     0.14 sec
  [bmc-prof 135] wall= 144.318 p= 16968 | ifo=  0.000(sd=0.000 nx=0.000 tfo=0.000 cnt=0.000) snap= 0.000 srm= 21.448 sat=122.483(set=1.283 slv=120.197 max=0.4073 n=16968) sim= 0.000(rmp=0.000 run=0.000) chk= 0.015 stat= 0.367 rest= 0.005
BMC : c =  134270  cl =   9710  lit =  178822  p = 16966  d =     0  f =     5  +  T =     0.15 sec
  [bmc-prof 136] wall= 146.776 p= 16971 | ifo=  0.000(sd=0.000 nx=0.000 tfo=0.000 cnt=0.000) snap= 0.000 srm= 22.050 sat=124.332(set=1.091 slv=122.236 max=0.6183 n=16971) sim= 0.000(rmp=0.000 run=0.000) chk= 0.015 stat= 0.376 rest= 0.004
BMC : c =  134270  cl =   9710  lit =  178819  p = 16969  d =     0  f =     3  +  T =     0.14 sec
  [bmc-prof 137] wall= 145.052 p= 16972 | ifo=  0.000(sd=0.000 nx=0.000 tfo=0.000 cnt=0.000) snap= 0.000 srm= 20.907 sat=123.726(set=1.000 slv=121.736 max=0.3567 n=16972) sim= 0.000(rmp=0.000 run=0.000) chk= 0.016 stat= 0.399 rest= 0.004
BMC : c =  134270  cl =   9710  lit =  178816  p = 16972  d =     0  f =     3  +  T =     0.14 sec
  [bmc-prof 138] wall= 143.009 p= 16975 | ifo=  0.000(sd=0.000 nx=0.000 tfo=0.000 cnt=0.000) snap= 0.000 srm= 22.479 sat=120.163(set=1.073 slv=118.091 max=0.2738 n=16975) sim= 0.000(rmp=0.000 run=0.000) chk= 0.015 stat= 0.348 rest= 0.004
BMC : c =  134270  cl =   9710  lit =  178813  p = 16975  d =     0  f =     3  +  T =     0.15 sec
  [bmc-prof 139] wall= 145.497 p= 16978 | ifo=  0.000(sd=0.000 nx=0.000 tfo=0.000 cnt=0.000) snap= 0.000 srm= 22.328 sat=122.746(set=0.990 slv=120.765 max=0.3522 n=16978) sim= 0.000(rmp=0.000 run=0.000) chk= 0.016 stat= 0.403 rest= 0.004
BMC : c =  134270  cl =   9710  lit =  178810  p = 16978  d =     0  f =     3  +  T =     0.15 sec
  [bmc-prof 140] wall= 147.184 p= 16981 | ifo=  0.000(sd=0.000 nx=0.000 tfo=0.000 cnt=0.000) snap= 0.000 srm= 22.516 sat=124.239(set=1.495 slv=121.755 max=0.2983 n=16981) sim= 0.000(rmp=0.000 run=0.000) chk= 0.016 stat= 0.408 rest= 0.004
BMC : c =  134270  cl =   9710  lit =  178807  p = 16981  d =     0  f =     3  +  T =     0.15 sec
  [bmc-prof 141] wall= 147.105 p= 16984 | ifo=  0.000(sd=0.000 nx=0.000 tfo=0.000 cnt=0.000) snap= 0.000 srm= 22.804 sat=123.885(set=1.106 slv=121.779 max=0.3699 n=16984) sim= 0.000(rmp=0.000 run=0.000) chk= 0.016 stat= 0.396 rest= 0.004
BMC : c =  134270  cl =   9710  lit =  178804  p = 16984  d =     0  f =     3  +  T =     0.14 sec
  [bmc-prof 142] wall= 144.845 p= 16987 | ifo=  0.000(sd=0.000 nx=0.000 tfo=0.000 cnt=0.000) snap= 0.000 srm= 22.287 sat=122.170(set=1.125 slv=120.003 max=0.3875 n=16987) sim= 0.000(rmp=0.000 run=0.000) chk= 0.016 stat= 0.369 rest= 0.003
BMC : c =  134270  cl =   9710  lit =  178801  p = 16987  d =     0  f =     3  +  T =     0.15 sec
  [bmc-prof 143] wall= 146.808 p= 16990 | ifo=  0.000(sd=0.000 nx=0.000 tfo=0.000 cnt=0.000) snap= 0.000 srm= 23.425 sat=122.992(set=1.902 slv=119.932 max=0.3507 n=16990) sim= 0.000(rmp=0.000 run=0.000) chk= 0.015 stat= 0.373 rest= 0.004
BMC : c =  134270  cl =   9710  lit =  178798  p = 16990  d =     0  f =     3  +  T =     0.15 sec
  [bmc-prof 144] wall= 148.367 p= 16993 | ifo=  0.000(sd=0.000 nx=0.000 tfo=0.000 cnt=0.000) snap= 0.000 srm= 22.119 sat=125.853(set=1.110 slv=123.720 max=0.3707 n=16993) sim= 0.000(rmp=0.000 run=0.000) chk= 0.016 stat= 0.375 rest= 0.004
BMC : c =  134270  cl =   9710  lit =  178795  p = 16993  d =     0  f =     3  +  T =     0.15 sec
  [bmc-prof 145] wall= 147.269 p= 16996 | ifo=  0.000(sd=0.000 nx=0.000 tfo=0.000 cnt=0.000) snap= 0.000 srm= 21.934 sat=124.851(set=1.130 slv=122.698 max=0.3381 n=16996) sim= 0.000(rmp=0.000 run=0.000) chk= 0.020 stat= 0.460 rest= 0.004
BMC : c =  134270  cl =   9710  lit =  178792  p = 16996  d =     0  f =     3  +  T =     0.15 sec
  [bmc-prof 146] wall= 146.953 p= 16999 | ifo=  0.000(sd=0.000 nx=0.000 tfo=0.000 cnt=0.000) snap= 0.000 srm= 20.722 sat=125.806(set=0.970 slv=123.774 max=0.4245 n=16999) sim= 0.000(rmp=0.000 run=0.000) chk= 0.015 stat= 0.405 rest= 0.004
BMC : c =  134270  cl =   9710  lit =  178789  p = 16999  d =     0  f =     3  +  T =     0.14 sec
  [bmc-prof 147] wall= 141.480 p= 17002 | ifo=  0.000(sd=0.000 nx=0.000 tfo=0.000 cnt=0.000) snap= 0.000 srm= 21.987 sat=119.062(set=0.987 slv=117.107 max=0.9563 n=17002) sim= 0.000(rmp=0.000 run=0.000) chk= 0.016 stat= 0.412 rest= 0.004
BMC : c =  134270  cl =   9710  lit =  178786  p = 17002  d =     0  f =     3  +  T =     0.15 sec
  [bmc-prof 148] wall= 147.646 p= 17005 | ifo=  0.000(sd=0.000 nx=0.000 tfo=0.000 cnt=0.000) snap= 0.000 srm= 23.854 sat=123.298(set=1.174 slv=121.089 max=0.4794 n=17005) sim= 0.000(rmp=0.000 run=0.000) chk= 0.021 stat= 0.469 rest= 0.004
BMC : c =  134270  cl =   9710  lit =  178783  p = 17005  d =     0  f =     3  +  T =     0.15 sec
  [bmc-prof 149] wall= 149.869 p= 17008 | ifo=  0.000(sd=0.000 nx=0.000 tfo=0.000 cnt=0.000) snap= 0.000 srm= 22.121 sat=127.310(set=1.692 slv=124.506 max=0.5073 n=17008) sim= 0.000(rmp=0.000 run=0.000) chk= 0.017 stat= 0.418 rest= 0.004
BMC : c =  134270  cl =   9710  lit =  178780  p = 17008  d =     0  f =     3  +  T =     0.15 sec
  [bmc-prof 150] wall= 149.132 p= 17011 | ifo=  0.000(sd=0.000 nx=0.000 tfo=0.000 cnt=0.000) snap= 0.000 srm= 22.468 sat=126.264(set=1.330 slv=123.900 max=0.5247 n=17011) sim= 0.000(rmp=0.000 run=0.000) chk= 0.015 stat= 0.382 rest= 0.004
BMC : c =  134270  cl =   9710  lit =  178777  p = 17011  d =     0  f =     3  +  T =     0.15 sec
  [bmc-prof 151] wall= 146.110 p= 17014 | ifo=  0.000(sd=0.000 nx=0.000 tfo=0.000 cnt=0.000) snap= 0.000 srm= 23.715 sat=121.976(set=1.104 slv=119.829 max=0.2743 n=17014) sim= 0.000(rmp=0.000 run=0.000) chk= 0.015 stat= 0.400 rest= 0.004
BMC : c =  134270  cl =   9708  lit =  178774  p = 17012  d =     0  f =     3  +  T =     0.14 sec
  [bmc-prof 152] wall= 142.149 p= 17015 | ifo=  0.000(sd=0.000 nx=0.000 tfo=0.000 cnt=0.000) snap= 0.000 srm= 22.751 sat=118.983(set=1.076 slv=116.908 max=0.5098 n=17015) sim= 0.000(rmp=0.000 run=0.000) chk= 0.015 stat= 0.395 rest= 0.005
BMC : c =  134267  cl =   9706  lit =  178768  p = 16966  d =     0  f =     6  +  T =     0.14 sec
  [bmc-prof 153] wall= 145.079 p= 16972 | ifo=  0.000(sd=0.000 nx=0.000 tfo=0.000 cnt=0.000) snap= 0.000 srm= 22.680 sat=122.010(set=1.020 slv=119.962 max=0.3971 n=16972) sim= 0.000(rmp=0.000 run=0.000) chk= 0.015 stat= 0.370 rest= 0.004
BMC : c =  134264  cl =   9705  lit =  178764  p = 16966  d =     0  f =     4  +  T =     0.14 sec
  [bmc-prof 154] wall= 141.230 p= 16970 | ifo=  0.000(sd=0.000 nx=0.000 tfo=0.000 cnt=0.000) snap= 0.000 srm= 21.408 sat=119.444(set=1.082 slv=117.296 max=0.4967 n=16970) sim= 0.000(rmp=0.000 run=0.000) chk= 0.014 stat= 0.360 rest= 0.004
BMC : c =  134263  cl =   9705  lit =  178763  p = 16944  d =     0  f =     1  +  T =     0.15 sec
  [bmc-prof 155] wall= 149.160 p= 16945 | ifo=  0.000(sd=0.000 nx=0.000 tfo=0.000 cnt=0.000) snap= 0.000 srm= 23.352 sat=125.373(set=1.242 slv=123.100 max=0.3263 n=16945) sim= 0.000(rmp=0.000 run=0.000) chk= 0.016 stat= 0.414 rest= 0.004
BMC : c =  134262  cl =   9705  lit =  178762  p = 16944  d =     0  f =     1  +  T =     0.15 sec
  [bmc-prof 156] wall= 149.658 p= 16945 | ifo=  0.000(sd=0.000 nx=0.000 tfo=0.000 cnt=0.000) snap= 0.000 srm= 23.956 sat=125.197(set=1.052 slv=123.079 max=0.3848 n=16945) sim= 0.000(rmp=0.000 run=0.000) chk= 0.020 stat= 0.482 rest= 0.004
BMC : c =  134262  cl =   9705  lit =  178762  p = 16944  d =     0  f =     0  +  T =     0.14 sec
  [bmc-prof 157] wall= 144.719 p= 16944 | ifo=  0.000(sd=0.000 nx=0.000 tfo=0.000 cnt=0.000) snap= 0.000 srm= 21.666 sat=122.662(set=1.124 slv=120.514 max=0.3542 n=16944) sim= 0.000(rmp=0.000 run=0.000) chk= 0.000 stat= 0.387 rest= 0.004
  [bmc-prof ALL] wall=38393.691 p=2746635 | ifo=  0.000(sd=0.000 nx=0.000 tfo=0.000 cnt=0.000) snap= 0.000 srm=3412.090 sat=34483.546(set=170.620 slv=34140.272 max=4.5075 n=2746635) sim=421.616(rmp=19.959 run=401.629) chk=14.015 stat=61.540 rest= 0.884
  1 : c =  133751  cl =   9678  lit =  177514  p = 23125  d =     0  f =  1254  +  T =     0.15 sec
  [prof   1] wall= 152.397 p= 24379 | ifo=  0.000(sd=0.000 nx=0.000 tfo=0.000 cnt=0.000) snap= 0.000 srm= 22.863 sat=129.037(set=1.841 slv=125.802 max=0.6307 n=24379) sim= 0.000(rmp=0.000 run=0.000) chk= 0.118 stat= 0.376 rest= 0.004
  2 : c =  133222  cl =   9646  lit =  176311  p = 23564  d =     0  f =  1206  +  T =     0.15 sec
  [prof   2] wall= 153.250 p= 24770 | ifo=  0.000(sd=0.000 nx=0.000 tfo=0.000 cnt=0.000) snap= 0.000 srm= 22.986 sat=129.768(set=1.954 slv=126.397 max=0.5030 n=24770) sim= 0.000(rmp=0.000 run=0.000) chk= 0.126 stat= 0.364 rest= 0.005
  3 : c =  132353  cl =   9637  lit =  175195  p = 23626  d =     0  f =  1117  -  T =     0.16 sec
  [prof   3] wall= 165.366 p= 24743 | ifo=  0.000(sd=0.000 nx=0.000 tfo=0.000 cnt=0.000) snap= 0.000 srm= 39.766 sat=125.117(set=3.624 slv=120.051 max=0.6766 n=24743) sim= 0.000(rmp=0.000 run=0.000) chk= 0.104 stat= 0.373 rest= 0.005
  4 : c =  131480  cl =   9626  lit =  173570  p = 24234  d =     0  f =  1625  -  T =     0.17 sec
  [prof   4] wall= 165.928 p= 25859 | ifo=  0.000(sd=0.000 nx=0.000 tfo=0.000 cnt=0.000) snap= 0.000 srm= 19.914 sat=145.521(set=1.686 slv=142.302 max=0.5650 n=25859) sim= 0.000(rmp=0.000 run=0.000) chk= 0.141 stat= 0.347 rest= 0.005
  5 : c =  130618  cl =   9616  lit =  171994  p = 24843  d =     0  f =  1576  -  T =     0.17 sec
  [prof   5] wall= 165.746 p= 26419 | ifo=  0.000(sd=0.000 nx=0.000 tfo=0.000 cnt=0.000) snap= 0.000 srm= 20.920 sat=144.334(set=1.658 slv=141.185 max=0.3406 n=26419) sim= 0.000(rmp=0.000 run=0.000) chk= 0.136 stat= 0.352 rest= 0.005
  6 : c =  129554  cl =   9607  lit =  170121  p = 25189  d =     0  f =  1874  -  T =     0.19 sec
  [prof   6] wall= 190.114 p= 27063 | ifo=  0.000(sd=0.000 nx=0.000 tfo=0.000 cnt=0.000) snap= 0.000 srm= 21.034 sat=168.508(set=1.557 slv=165.301 max=0.7960 n=27063) sim= 0.000(rmp=0.000 run=0.000) chk= 0.164 stat= 0.403 rest= 0.006
  7 : c =  128566  cl =   9583  lit =  168243  p = 25721  d =     0  f =  1878  -  T =     0.18 sec
  [prof   7] wall= 183.900 p= 27599 | ifo=  0.000(sd=0.000 nx=0.000 tfo=0.000 cnt=0.000) snap= 0.000 srm= 21.176 sat=162.153(set=1.887 slv=158.613 max=0.3300 n=27599) sim= 0.000(rmp=0.000 run=0.000) chk= 0.175 stat= 0.390 rest= 0.005
  8 : c =  127529  cl =   9548  lit =  166316  p = 26281  d =     0  f =  1927  -  T =     0.18 sec
  [prof   8] wall= 184.967 p= 28208 | ifo=  0.000(sd=0.000 nx=0.000 tfo=0.000 cnt=0.000) snap= 0.000 srm= 22.046 sat=162.217(set=1.955 slv=158.583 max=0.4055 n=28208) sim= 0.000(rmp=0.000 run=0.000) chk= 0.203 stat= 0.489 rest= 0.011
  9 : c =  126435  cl =   9519  lit =  164492  p = 26739  d =     0  f =  1824  -  T =     0.18 sec
  [prof   9] wall= 180.792 p= 28563 | ifo=  0.000(sd=0.000 nx=0.000 tfo=0.000 cnt=0.000) snap= 0.000 srm= 19.813 sat=160.443(set=1.566 slv=157.203 max=0.3878 n=28563) sim= 0.000(rmp=0.000 run=0.000) chk= 0.144 stat= 0.386 rest= 0.005
 10 : c =  125346  cl =   9469  lit =  162669  p = 27301  d =     0  f =  1823  -  T =     0.19 sec
  [prof  10] wall= 189.584 p= 29124 | ifo=  0.000(sd=0.000 nx=0.000 tfo=0.000 cnt=0.000) snap= 0.000 srm= 21.335 sat=167.687(set=1.799 slv=164.149 max=0.3220 n=29124) sim= 0.000(rmp=0.000 run=0.000) chk= 0.149 stat= 0.406 rest= 0.006
 11 : c =  124200  cl =   9417  lit =  160821  p = 27672  d =     0  f =  1851  -  T =     0.19 sec
  [prof  11] wall= 192.939 p= 29523 | ifo=  0.000(sd=0.000 nx=0.000 tfo=0.000 cnt=0.000) snap= 0.000 srm= 20.941 sat=171.449(set=1.864 slv=167.677 max=0.3589 n=29523) sim= 0.000(rmp=0.000 run=0.000) chk= 0.140 stat= 0.404 rest= 0.005
 12 : c =  123088  cl =   9368  lit =  158992  p = 27986  d =     0  f =  1829  -  T =     0.20 sec
  [prof  12] wall= 197.553 p= 29815 | ifo=  0.000(sd=0.000 nx=0.000 tfo=0.000 cnt=0.000) snap= 0.000 srm= 21.112 sat=175.901(set=1.712 slv=172.414 max=0.8503 n=29815) sim= 0.000(rmp=0.000 run=0.000) chk= 0.138 stat= 0.398 rest= 0.005
 13 : c =  121990  cl =   9308  lit =  157204  p = 28376  d =     0  f =  1788  -  T =     0.20 sec
  [prof  13] wall= 195.707 p= 30164 | ifo=  0.000(sd=0.000 nx=0.000 tfo=0.000 cnt=0.000) snap= 0.000 srm= 19.752 sat=175.423(set=1.574 slv=172.070 max=0.5505 n=30164) sim= 0.000(rmp=0.000 run=0.000) chk= 0.128 stat= 0.399 rest= 0.005
 14 : c =  120806  cl =   9245  lit =  155372  p = 28573  d =     0  f =  1832  -  T =     0.20 sec
  [prof  14] wall= 201.687 p= 30405 | ifo=  0.000(sd=0.000 nx=0.000 tfo=0.000 cnt=0.000) snap= 0.000 srm= 20.099 sat=181.105(set=2.167 slv=177.174 max=1.1098 n=30405) sim= 0.000(rmp=0.000 run=0.000) chk= 0.126 stat= 0.352 rest= 0.005
 15 : c =  119575  cl =   9186  lit =  153453  p = 28764  d =     0  f =  1919  -  T =     0.20 sec
  [prof  15] wall= 205.106 p= 30683 | ifo=  0.000(sd=0.000 nx=0.000 tfo=0.000 cnt=0.000) snap= 0.000 srm= 20.497 sat=184.009(set=1.734 slv=180.576 max=0.7661 n=30683) sim= 0.000(rmp=0.000 run=0.000) chk= 0.168 stat= 0.426 rest= 0.006
 16 : c =  118345  cl =   9134  lit =  151550  p = 28904  d =     0  f =  1903  -  T =     0.22 sec
  [prof  16] wall= 217.782 p= 30807 | ifo=  0.000(sd=0.000 nx=0.000 tfo=0.000 cnt=0.000) snap= 0.000 srm= 21.467 sat=195.785(set=1.799 slv=192.160 max=2.3118 n=30807) sim= 0.000(rmp=0.000 run=0.000) chk= 0.133 stat= 0.391 rest= 0.005
 17 : c =  117109  cl =   9074  lit =  149707  p = 29013  d =     0  f =  1843  -  T =     0.22 sec
  [prof  17] wall= 216.811 p= 30856 | ifo=  0.000(sd=0.000 nx=0.000 tfo=0.000 cnt=0.000) snap= 0.000 srm= 20.843 sat=195.359(set=1.816 slv=191.761 max=0.3189 n=30856) sim= 0.000(rmp=0.000 run=0.000) chk= 0.147 stat= 0.457 rest= 0.005
 18 : c =  115864  cl =   8995  lit =  147893  p = 28940  d =     0  f =  1816  -  T =     0.22 sec
  [prof  18] wall= 223.991 p= 30756 | ifo=  0.000(sd=0.000 nx=0.000 tfo=0.000 cnt=0.000) snap= 0.000 srm= 20.944 sat=202.418(set=1.772 slv=198.783 max=0.7714 n=30756) sim= 0.000(rmp=0.000 run=0.000) chk= 0.148 stat= 0.475 rest= 0.006
 19 : c =  114515  cl =   8895  lit =  145995  p = 28636  d =     0  f =  1899  -  T =     0.24 sec
  [prof  19] wall= 239.812 p= 30535 | ifo=  0.000(sd=0.000 nx=0.000 tfo=0.000 cnt=0.000) snap= 0.000 srm= 21.153 sat=218.110(set=1.616 slv=214.653 max=0.3463 n=30535) sim= 0.000(rmp=0.000 run=0.000) chk= 0.136 stat= 0.407 rest= 0.005
 20 : c =  113076  cl =   8777  lit =  144036  p = 28140  d =     0  f =  1970  -  T =     0.25 sec
  [prof  20] wall= 252.002 p= 30110 | ifo=  0.000(sd=0.000 nx=0.000 tfo=0.000 cnt=0.000) snap= 0.000 srm= 21.081 sat=230.355(set=1.679 slv=226.783 max=0.8390 n=30110) sim= 0.000(rmp=0.000 run=0.000) chk= 0.118 stat= 0.443 rest= 0.005
 21 : c =  111590  cl =   8659  lit =  142060  p = 27534  d =     0  f =  1986  -  T =     0.26 sec
  [prof  21] wall= 259.217 p= 29520 | ifo=  0.000(sd=0.000 nx=0.000 tfo=0.000 cnt=0.000) snap= 0.000 srm= 20.971 sat=237.725(set=2.001 slv=233.975 max=0.4235 n=29520) sim= 0.000(rmp=0.000 run=0.000) chk= 0.118 stat= 0.397 rest= 0.006
 22 : c =  110062  cl =   8523  lit =  140057  p = 26820  d =     0  f =  2017  -  T =     0.27 sec
  [prof  22] wall= 268.420 p= 28837 | ifo=  0.000(sd=0.000 nx=0.000 tfo=0.000 cnt=0.000) snap= 0.000 srm= 20.813 sat=247.079(set=1.849 slv=243.460 max=0.7402 n=28837) sim= 0.000(rmp=0.000 run=0.000) chk= 0.110 stat= 0.413 rest= 0.005
 23 : c =  108516  cl =   8397  lit =  138078  p = 26050  d =     0  f =  1999  -  T =     0.28 sec
  [prof  23] wall= 277.786 p= 28049 | ifo=  0.000(sd=0.000 nx=0.000 tfo=0.000 cnt=0.000) snap= 0.000 srm= 22.412 sat=254.830(set=1.867 slv=251.285 max=0.4517 n=28049) sim= 0.000(rmp=0.000 run=0.000) chk= 0.126 stat= 0.412 rest= 0.006
 24 : c =  106939  cl =   8276  lit =  136108  p = 25210  d =     0  f =  1992  -  T =     0.29 sec
  [prof  24] wall= 293.264 p= 27202 | ifo=  0.000(sd=0.000 nx=0.000 tfo=0.000 cnt=0.000) snap= 0.000 srm= 21.932 sat=270.722(set=1.835 slv=267.147 max=1.1227 n=27202) sim= 0.000(rmp=0.000 run=0.000) chk= 0.117 stat= 0.487 rest= 0.006
 25 : c =  105320  cl =   8151  lit =  134155  p = 24383  d =     0  f =  1980  -  T =     0.30 sec
  [prof  25] wall= 297.314 p= 26363 | ifo=  0.000(sd=0.000 nx=0.000 tfo=0.000 cnt=0.000) snap= 0.000 srm= 22.565 sat=274.177(set=2.448 slv=270.136 max=0.5850 n=26363) sim= 0.000(rmp=0.000 run=0.000) chk= 0.098 stat= 0.469 rest= 0.006
 26 : c =  103647  cl =   8032  lit =  132190  p = 23419  d =     0  f =  1993  -  T =     0.32 sec
  [prof  26] wall= 316.112 p= 25412 | ifo=  0.000(sd=0.000 nx=0.000 tfo=0.000 cnt=0.000) snap= 0.000 srm= 22.302 sat=293.197(set=1.834 slv=289.848 max=0.5254 n=25412) sim= 0.000(rmp=0.000 run=0.000) chk= 0.106 stat= 0.502 rest= 0.005
 27 : c =  101880  cl =   7914  lit =  130155  p = 22412  d =     0  f =  2063  -  T =     0.32 sec
  [prof  27] wall= 319.233 p= 24475 | ifo=  0.000(sd=0.000 nx=0.000 tfo=0.000 cnt=0.000) snap= 0.000 srm= 22.494 sat=296.223(set=1.907 slv=292.800 max=0.8631 n=24475) sim= 0.000(rmp=0.000 run=0.000) chk= 0.094 stat= 0.415 rest= 0.006
 28 : c =  100148  cl =   7803  lit =  128156  p = 21475  d =     0  f =  2034  -  T =     0.31 sec
  [prof  28] wall= 308.397 p= 23509 | ifo=  0.000(sd=0.000 nx=0.000 tfo=0.000 cnt=0.000) snap= 0.000 srm= 21.227 sat=286.685(set=2.442 slv=282.801 max=0.5303 n=23509) sim= 0.000(rmp=0.000 run=0.000) chk= 0.091 stat= 0.389 rest= 0.005
 29 : c =   98650  cl =   7687  lit =  126350  p = 20871  d =     0  f =  1849  -  T =     0.28 sec
  [prof  29] wall= 284.382 p= 22720 | ifo=  0.000(sd=0.000 nx=0.000 tfo=0.000 cnt=0.000) snap= 0.000 srm= 22.170 sat=261.671(set=2.002 slv=258.258 max=1.0676 n=22720) sim= 0.000(rmp=0.000 run=0.000) chk= 0.094 stat= 0.442 rest= 0.005
 30 : c =   97457  cl =   7545  lit =  124756  p = 20426  d =     0  f =  1656  -  T =     0.24 sec
  [prof  30] wall= 236.559 p= 22082 | ifo=  0.000(sd=0.000 nx=0.000 tfo=0.000 cnt=0.000) snap= 0.000 srm= 21.965 sat=214.077(set=1.814 slv=210.921 max=0.4876 n=22082) sim= 0.000(rmp=0.000 run=0.000) chk= 0.100 stat= 0.412 rest= 0.005
 31 : c =   96330  cl =   7467  lit =  123338  p = 20230  d =     0  f =  1460  -  T =     0.24 sec
  [prof  31] wall= 235.513 p= 21690 | ifo=  0.000(sd=0.000 nx=0.000 tfo=0.000 cnt=0.000) snap= 0.000 srm= 22.416 sat=212.532(set=1.765 slv=209.454 max=0.5770 n=21690) sim= 0.000(rmp=0.000 run=0.000) chk= 0.100 stat= 0.461 rest= 0.005
 32 : c =   95318  cl =   7396  lit =  122131  p = 20254  d =     0  f =  1235  -  T =     0.22 sec
  [prof  32] wall= 218.034 p= 21489 | ifo=  0.000(sd=0.000 nx=0.000 tfo=0.000 cnt=0.000) snap= 0.000 srm= 21.450 sat=196.143(set=1.920 slv=192.945 max=0.6434 n=21489) sim= 0.000(rmp=0.000 run=0.000) chk= 0.072 stat= 0.363 rest= 0.005
 33 : c =   94321  cl =   7355  lit =  120959  p = 20094  d =     0  f =  1201  -  T =     0.22 sec
  [prof  33] wall= 217.833 p= 21295 | ifo=  0.000(sd=0.000 nx=0.000 tfo=0.000 cnt=0.000) snap= 0.000 srm= 21.523 sat=195.827(set=1.965 slv=192.593 max=0.7671 n=21295) sim= 0.000(rmp=0.000 run=0.000) chk= 0.075 stat= 0.402 rest= 0.005
 34 : c =   93384  cl =   7315  lit =  119855  p = 19907  d =     0  f =  1124  -  T =     0.21 sec
  [prof  34] wall= 212.519 p= 21031 | ifo=  0.000(sd=0.000 nx=0.000 tfo=0.000 cnt=0.000) snap= 0.000 srm= 21.818 sat=190.270(set=2.147 slv=186.877 max=0.9142 n=21031) sim= 0.000(rmp=0.000 run=0.000) chk= 0.065 stat= 0.362 rest= 0.004
 35 : c =   92435  cl =   7279  lit =  118777  p = 19877  d =     0  f =  1101  -  T =     0.22 sec
  [prof  35] wall= 223.277 p= 20978 | ifo=  0.000(sd=0.000 nx=0.000 tfo=0.000 cnt=0.000) snap= 0.000 srm= 21.915 sat=200.933(set=1.815 slv=197.854 max=0.6039 n=20978) sim= 0.000(rmp=0.000 run=0.000) chk= 0.063 stat= 0.362 rest= 0.004
 36 : c =   91605  cl =   7243  lit =  117822  p = 19805  d =     0  f =   976  -  T =     0.21 sec
  [prof  36] wall= 205.800 p= 20781 | ifo=  0.000(sd=0.000 nx=0.000 tfo=0.000 cnt=0.000) snap= 0.000 srm= 21.966 sat=183.239(set=2.167 slv=179.828 max=0.4071 n=20781) sim= 0.000(rmp=0.000 run=0.000) chk= 0.190 stat= 0.401 rest= 0.004
 37 : c =   90805  cl =   7224  lit =  116935  p = 19711  d =     0  f =   895  -  T =     0.20 sec
  [prof  37] wall= 202.561 p= 20606 | ifo=  0.000(sd=0.000 nx=0.000 tfo=0.000 cnt=0.000) snap= 0.000 srm= 21.557 sat=180.524(set=1.866 slv=177.418 max=0.5614 n=20606) sim= 0.000(rmp=0.000 run=0.000) chk= 0.065 stat= 0.410 rest= 0.004
 38 : c =   90063  cl =   7219  lit =  116129  p = 19687  d =     0  f =   806  -  T =     0.18 sec
  [prof  38] wall= 184.572 p= 20493 | ifo=  0.000(sd=0.000 nx=0.000 tfo=0.000 cnt=0.000) snap= 0.000 srm= 22.208 sat=161.825(set=2.176 slv=158.433 max=0.5463 n=20493) sim= 0.000(rmp=0.000 run=0.000) chk= 0.066 stat= 0.465 rest= 0.009
 39 : c =   89341  cl =   7209  lit =  115342  p = 19668  d =     0  f =   789  -  T =     0.17 sec
  [prof  39] wall= 170.706 p= 20457 | ifo=  0.000(sd=0.000 nx=0.000 tfo=0.000 cnt=0.000) snap= 0.000 srm= 21.831 sat=148.358(set=2.301 slv=144.864 max=0.4318 n=20457) sim= 0.000(rmp=0.000 run=0.000) chk= 0.062 stat= 0.451 rest= 0.004
 40 : c =   88615  cl =   7200  lit =  114562  p = 19620  d =     0  f =   780  -  T =     0.18 sec
  [prof  40] wall= 178.399 p= 20400 | ifo=  0.000(sd=0.000 nx=0.000 tfo=0.000 cnt=0.000) snap= 0.000 srm= 21.465 sat=156.341(set=2.081 slv=153.001 max=0.6500 n=20400) sim= 0.000(rmp=0.000 run=0.000) chk= 0.067 stat= 0.521 rest= 0.005
 41 : c =   87926  cl =   7190  lit =  113835  p = 19532  d =     0  f =   728  -  T =     0.17 sec
  [prof  41] wall= 168.622 p= 20260 | ifo=  0.000(sd=0.000 nx=0.000 tfo=0.000 cnt=0.000) snap= 0.000 srm= 22.765 sat=145.421(set=2.122 slv=142.126 max=0.5708 n=20260) sim= 0.000(rmp=0.000 run=0.000) chk= 0.046 stat= 0.386 rest= 0.004
 42 : c =   87296  cl =   7181  lit =  113168  p = 19410  d =     0  f =   667  -  T =     0.15 sec
  [prof  42] wall= 148.620 p= 20077 | ifo=  0.000(sd=0.000 nx=0.000 tfo=0.000 cnt=0.000) snap= 0.000 srm= 22.101 sat=125.975(set=1.862 slv=122.953 max=0.6577 n=20077) sim= 0.000(rmp=0.000 run=0.000) chk= 0.055 stat= 0.485 rest= 0.004
 43 : c =   86675  cl =   7176  lit =  112515  p = 19325  d =     0  f =   654  -  T =     0.15 sec
  [prof  43] wall= 153.338 p= 19979 | ifo=  0.000(sd=0.000 nx=0.000 tfo=0.000 cnt=0.000) snap= 0.000 srm= 23.042 sat=129.789(set=2.387 slv=126.218 max=0.5075 n=19979) sim= 0.000(rmp=0.000 run=0.000) chk= 0.055 stat= 0.446 rest= 0.005
 44 : c =   86115  cl =   7172  lit =  111928  p = 19296  d =     0  f =   590  -  T =     0.14 sec
  [prof  44] wall= 143.925 p= 19886 | ifo=  0.000(sd=0.000 nx=0.000 tfo=0.000 cnt=0.000) snap= 0.000 srm= 22.183 sat=121.288(set=2.294 slv=117.803 max=1.0858 n=19886) sim= 0.000(rmp=0.000 run=0.000) chk= 0.044 stat= 0.405 rest= 0.005
 45 : c =   85603  cl =   7171  lit =  111388  p = 19263  d =     0  f =   541  -  T =     0.14 sec
  [prof  45] wall= 135.449 p= 19804 | ifo=  0.000(sd=0.000 nx=0.000 tfo=0.000 cnt=0.000) snap= 0.000 srm= 22.407 sat=112.589(set=1.964 slv=109.443 max=0.6992 n=19804) sim= 0.000(rmp=0.000 run=0.000) chk= 0.042 stat= 0.407 rest= 0.004
 46 : c =   85104  cl =   7169  lit =  110855  p = 19237  d =     0  f =   534  -  T =     0.13 sec
  [prof  46] wall= 133.064 p= 19771 | ifo=  0.000(sd=0.000 nx=0.000 tfo=0.000 cnt=0.000) snap= 0.000 srm= 22.005 sat=110.634(set=2.016 slv=107.450 max=0.6578 n=19771) sim= 0.000(rmp=0.000 run=0.000) chk= 0.042 stat= 0.378 rest= 0.005
 47 : c =   84623  cl =   7168  lit =  110340  p = 19212  d =     0  f =   515  -  T =     0.13 sec
  [prof  47] wall= 131.090 p= 19727 | ifo=  0.000(sd=0.000 nx=0.000 tfo=0.000 cnt=0.000) snap= 0.000 srm= 23.191 sat=107.450(set=2.525 slv=103.752 max=0.4151 n=19727) sim= 0.000(rmp=0.000 run=0.000) chk= 0.040 stat= 0.405 rest= 0.005
 48 : c =   84165  cl =   7168  lit =  109835  p = 19202  d =     0  f =   505  -  T =     0.13 sec
  [prof  48] wall= 128.597 p= 19707 | ifo=  0.000(sd=0.000 nx=0.000 tfo=0.000 cnt=0.000) snap= 0.000 srm= 22.673 sat=105.400(set=1.858 slv=102.365 max=0.4992 n=19707) sim= 0.000(rmp=0.000 run=0.000) chk= 0.050 stat= 0.470 rest= 0.005
 49 : c =   83712  cl =   7168  lit =  109341  p = 19183  d =     0  f =   494  -  T =     0.13 sec
  [prof  49] wall= 131.419 p= 19677 | ifo=  0.000(sd=0.000 nx=0.000 tfo=0.000 cnt=0.000) snap= 0.000 srm= 22.881 sat=108.098(set=2.013 slv=104.921 max=0.4897 n=19677) sim= 0.000(rmp=0.000 run=0.000) chk= 0.040 stat= 0.395 rest= 0.004
 50 : c =   83302  cl =   7165  lit =  108882  p = 19162  d =     0  f =   459  -  T =     0.13 sec
  [prof  50] wall= 128.119 p= 19621 | ifo=  0.000(sd=0.000 nx=0.000 tfo=0.000 cnt=0.000) snap= 0.000 srm= 23.061 sat=104.625(set=2.006 slv=101.496 max=0.6267 n=19621) sim= 0.000(rmp=0.000 run=0.000) chk= 0.039 stat= 0.388 rest= 0.005
 51 : c =   82913  cl =   7162  lit =  108460  p = 19162  d =     0  f =   422  -  T =     0.12 sec
  [prof  51] wall= 121.192 p= 19584 | ifo=  0.000(sd=0.000 nx=0.000 tfo=0.000 cnt=0.000) snap= 0.000 srm= 22.112 sat= 98.512(set=2.064 slv=95.318 max=0.5032 n=19584) sim= 0.000(rmp=0.000 run=0.000) chk= 0.034 stat= 0.530 rest= 0.004
 52 : c =   82517  cl =   7160  lit =  108031  p = 19141  d =     0  f =   429  -  T =     0.12 sec
  [prof  52] wall= 121.197 p= 19570 | ifo=  0.000(sd=0.000 nx=0.000 tfo=0.000 cnt=0.000) snap= 0.000 srm= 23.126 sat= 97.604(set=1.964 slv=94.482 max=0.6478 n=19570) sim= 0.000(rmp=0.000 run=0.000) chk= 0.039 stat= 0.423 rest= 0.005
 53 : c =   82159  cl =   7158  lit =  107648  p = 19148  d =     0  f =   385  -  T =     0.11 sec
  [prof  53] wall= 115.309 p= 19533 | ifo=  0.000(sd=0.000 nx=0.000 tfo=0.000 cnt=0.000) snap= 0.000 srm= 23.665 sat= 91.220(set=1.955 slv=88.100 max=0.5049 n=19533) sim= 0.000(rmp=0.000 run=0.000) chk= 0.032 stat= 0.387 rest= 0.005
 54 : c =   81849  cl =   7156  lit =  107308  p = 19138  d =     0  f =   340  -  T =     0.11 sec
  [prof  54] wall= 110.547 p= 19478 | ifo=  0.000(sd=0.000 nx=0.000 tfo=0.000 cnt=0.000) snap= 0.000 srm= 22.292 sat= 87.844(set=2.652 slv=84.053 max=0.4996 n=19478) sim= 0.000(rmp=0.000 run=0.000) chk= 0.035 stat= 0.370 rest= 0.005
 55 : c =   81559  cl =   7155  lit =  106988  p = 19138  d =     0  f =   320  -  T =     0.10 sec
  [prof  55] wall=  98.160 p= 19458 | ifo=  0.000(sd=0.000 nx=0.000 tfo=0.000 cnt=0.000) snap= 0.000 srm= 23.809 sat= 73.921(set=2.154 slv=70.626 max=0.5184 n=19458) sim= 0.000(rmp=0.000 run=0.000) chk= 0.036 stat= 0.389 rest= 0.004
 56 : c =   81271  cl =   7154  lit =  106669  p = 19143  d =     0  f =   319  -  T =     0.10 sec
  [prof  56] wall=  96.410 p= 19462 | ifo=  0.000(sd=0.000 nx=0.000 tfo=0.000 cnt=0.000) snap= 0.000 srm= 23.322 sat= 72.521(set=2.026 slv=69.334 max=0.4890 n=19462) sim= 0.000(rmp=0.000 run=0.000) chk= 0.041 stat= 0.523 rest= 0.004
 57 : c =   80982  cl =   7151  lit =  106356  p = 19141  d =     0  f =   313  -  T =     0.09 sec
  [prof  57] wall=  91.877 p= 19454 | ifo=  0.000(sd=0.000 nx=0.000 tfo=0.000 cnt=0.000) snap= 0.000 srm= 22.217 sat= 69.136(set=1.893 slv=66.034 max=0.4387 n=19454) sim= 0.000(rmp=0.000 run=0.000) chk= 0.032 stat= 0.487 rest= 0.004
 58 : c =   80707  cl =   7151  lit =  106064  p = 19131  d =     0  f =   292  -  T =     0.09 sec
  [prof  58] wall=  90.169 p= 19423 | ifo=  0.000(sd=0.000 nx=0.000 tfo=0.000 cnt=0.000) snap= 0.000 srm= 21.821 sat= 67.952(set=2.289 slv=64.519 max=0.4349 n=19423) sim= 0.000(rmp=0.000 run=0.000) chk= 0.027 stat= 0.364 rest= 0.004
 59 : c =   80441  cl =   7149  lit =  105762  p = 19166  d =     0  f =   302  -  T =     0.09 sec
  [prof  59] wall=  91.451 p= 19468 | ifo=  0.000(sd=0.000 nx=0.000 tfo=0.000 cnt=0.000) snap= 0.000 srm= 23.575 sat= 67.471(set=1.949 slv=64.390 max=0.5002 n=19468) sim= 0.000(rmp=0.000 run=0.000) chk= 0.038 stat= 0.365 rest= 0.003
 60 : c =   80203  cl =   7148  lit =  105475  p = 19162  d =     0  f =   287  -  T =     0.09 sec
  [prof  60] wall=  90.669 p= 19449 | ifo=  0.000(sd=0.000 nx=0.000 tfo=0.000 cnt=0.000) snap= 0.000 srm= 24.727 sat= 65.453(set=2.360 slv=61.950 max=0.5038 n=19449) sim= 0.000(rmp=0.000 run=0.000) chk= 0.041 stat= 0.445 rest= 0.004
 61 : c =   79975  cl =   7144  lit =  105191  p = 19168  d =     0  f =   285  -  T =     0.09 sec
  [prof  61] wall=  90.479 p= 19453 | ifo=  0.000(sd=0.000 nx=0.000 tfo=0.000 cnt=0.000) snap= 0.000 srm= 24.397 sat= 65.657(set=2.142 slv=62.346 max=0.6865 n=19453) sim= 0.000(rmp=0.000 run=0.000) chk= 0.037 stat= 0.384 rest= 0.004
 62 : c =   79703  cl =   7142  lit =  104889  p = 19195  d =     0  f =   302  -  T =     0.09 sec
  [prof  62] wall=  89.990 p= 19497 | ifo=  0.000(sd=0.000 nx=0.000 tfo=0.000 cnt=0.000) snap= 0.000 srm= 21.713 sat= 67.842(set=2.343 slv=64.346 max=0.5469 n=19497) sim= 0.000(rmp=0.000 run=0.000) chk= 0.035 stat= 0.396 rest= 0.004
 63 : c =   79434  cl =   7138  lit =  104591  p = 19212  d =     0  f =   298  -  T =     0.09 sec
  [prof  63] wall=  91.767 p= 19510 | ifo=  0.000(sd=0.000 nx=0.000 tfo=0.000 cnt=0.000) snap= 0.000 srm= 21.782 sat= 69.560(set=1.920 slv=66.511 max=0.5208 n=19510) sim= 0.000(rmp=0.000 run=0.000) chk= 0.036 stat= 0.385 rest= 0.003
 64 : c =   79177  cl =   7134  lit =  104310  p = 19149  d =     0  f =   281  -  T =     0.09 sec
  [prof  64] wall=  86.453 p= 19430 | ifo=  0.000(sd=0.000 nx=0.000 tfo=0.000 cnt=0.000) snap= 0.000 srm= 22.452 sat= 63.555(set=2.239 slv=60.189 max=0.5134 n=19430) sim= 0.000(rmp=0.000 run=0.000) chk= 0.032 stat= 0.410 rest= 0.004
 65 : c =   78932  cl =   7129  lit =  104040  p = 19083  d =     0  f =   270  -  T =     0.08 sec
  [prof  65] wall=  83.267 p= 19353 | ifo=  0.000(sd=0.000 nx=0.000 tfo=0.000 cnt=0.000) snap= 0.000 srm= 23.038 sat= 59.774(set=2.065 slv=56.573 max=0.4700 n=19353) sim= 0.000(rmp=0.000 run=0.000) chk= 0.033 stat= 0.418 rest= 0.004
 66 : c =   78715  cl =   7126  lit =  103805  p = 19043  d =     0  f =   235  -  T =     0.09 sec
  [prof  66] wall=  89.044 p= 19278 | ifo=  0.000(sd=0.000 nx=0.000 tfo=0.000 cnt=0.000) snap= 0.000 srm= 26.696 sat= 61.918(set=2.046 slv=58.706 max=0.5347 n=19278) sim= 0.000(rmp=0.000 run=0.000) chk= 0.033 stat= 0.393 rest= 0.004
 67 : c =   78512  cl =   7124  lit =  103584  p = 18994  d =     0  f =   221  -  T =     0.08 sec
  [prof  67] wall=  83.771 p= 19215 | ifo=  0.000(sd=0.000 nx=0.000 tfo=0.000 cnt=0.000) snap= 0.000 srm= 22.117 sat= 61.240(set=1.943 slv=58.125 max=0.2695 n=19215) sim= 0.000(rmp=0.000 run=0.000) chk= 0.032 stat= 0.378 rest= 0.004
 68 : c =   78340  cl =   7120  lit =  103389  p = 18978  d =     0  f =   195  -  T =     0.08 sec
  [prof  68] wall=  82.889 p= 19173 | ifo=  0.000(sd=0.000 nx=0.000 tfo=0.000 cnt=0.000) snap= 0.000 srm= 22.667 sat= 59.707(set=2.140 slv=56.445 max=0.2953 n=19173) sim= 0.000(rmp=0.000 run=0.000) chk= 0.032 stat= 0.480 rest= 0.004
 69 : c =   78195  cl =   7118  lit =  103221  p = 18939  d =     0  f =   168  -  T =     0.08 sec
  [prof  69] wall=  81.053 p= 19107 | ifo=  0.000(sd=0.000 nx=0.000 tfo=0.000 cnt=0.000) snap= 0.000 srm= 22.832 sat= 57.763(set=1.864 slv=54.753 max=0.4637 n=19107) sim= 0.000(rmp=0.000 run=0.000) chk= 0.028 stat= 0.428 rest= 0.003
 70 : c =   78053  cl =   7117  lit =  103069  p = 18922  d =     0  f =   152  -  T =     0.08 sec
  [prof  70] wall=  76.654 p= 19074 | ifo=  0.000(sd=0.000 nx=0.000 tfo=0.000 cnt=0.000) snap= 0.000 srm= 22.582 sat= 53.583(set=1.905 slv=50.598 max=0.4264 n=19074) sim= 0.000(rmp=0.000 run=0.000) chk= 0.031 stat= 0.454 rest= 0.004
 71 : c =   77906  cl =   7116  lit =  102914  p = 18918  d =     0  f =   155  -  T =     0.08 sec
  [prof  71] wall=  81.694 p= 19073 | ifo=  0.000(sd=0.000 nx=0.000 tfo=0.000 cnt=0.000) snap= 0.000 srm= 22.574 sat= 58.679(set=3.257 slv=54.261 max=0.4945 n=19073) sim= 0.000(rmp=0.000 run=0.000) chk= 0.024 stat= 0.412 rest= 0.004
 72 : c =   77766  cl =   7115  lit =  102769  p = 18914  d =     0  f =   145  -  T =     0.08 sec
  [prof  72] wall=  78.850 p= 19059 | ifo=  0.000(sd=0.000 nx=0.000 tfo=0.000 cnt=0.000) snap= 0.000 srm= 23.153 sat= 55.291(set=1.976 slv=52.208 max=0.3690 n=19059) sim= 0.000(rmp=0.000 run=0.000) chk= 0.023 stat= 0.381 rest= 0.003
 73 : c =   77647  cl =   7115  lit =  102645  p = 18914  d =     0  f =   124  -  T =     0.07 sec
  [prof  73] wall=  73.296 p= 19038 | ifo=  0.000(sd=0.000 nx=0.000 tfo=0.000 cnt=0.000) snap= 0.000 srm= 23.775 sat= 49.055(set=1.924 slv=46.070 max=0.2759 n=19038) sim= 0.000(rmp=0.000 run=0.000) chk= 0.026 stat= 0.437 rest= 0.003
 74 : c =   77538  cl =   7114  lit =  102530  p = 18911  d =     0  f =   115  -  T =     0.08 sec
  [prof  74] wall=  76.546 p= 19026 | ifo=  0.000(sd=0.000 nx=0.000 tfo=0.000 cnt=0.000) snap= 0.000 srm= 22.498 sat= 53.634(set=2.261 slv=50.241 max=0.4093 n=19026) sim= 0.000(rmp=0.000 run=0.000) chk= 0.022 stat= 0.389 rest= 0.003
 75 : c =   77436  cl =   7114  lit =  102426  p = 18911  d =     0  f =   104  -  T =     0.07 sec
  [prof  75] wall=  74.863 p= 19015 | ifo=  0.000(sd=0.000 nx=0.000 tfo=0.000 cnt=0.000) snap= 0.000 srm= 21.995 sat= 52.372(set=2.704 slv=48.570 max=0.3309 n=19015) sim= 0.000(rmp=0.000 run=0.000) chk= 0.026 stat= 0.467 rest= 0.003
 76 : c =   77333  cl =   7114  lit =  102321  p = 18910  d =     0  f =   105  -  T =     0.07 sec
  [prof  76] wall=  73.648 p= 19015 | ifo=  0.000(sd=0.000 nx=0.000 tfo=0.000 cnt=0.000) snap= 0.000 srm= 22.214 sat= 51.028(set=1.906 slv=48.028 max=0.4687 n=19015) sim= 0.000(rmp=0.000 run=0.000) chk= 0.020 stat= 0.383 rest= 0.003
 77 : c =   77240  cl =   7114  lit =  102226  p = 18911  d =     0  f =    95  -  T =     0.07 sec
  [prof  77] wall=  71.548 p= 19006 | ifo=  0.000(sd=0.000 nx=0.000 tfo=0.000 cnt=0.000) snap= 0.000 srm= 22.295 sat= 48.777(set=2.226 slv=45.482 max=0.2606 n=19006) sim= 0.000(rmp=0.000 run=0.000) chk= 0.026 stat= 0.447 rest= 0.003
 78 : c =   77153  cl =   7113  lit =  102136  p = 18909  d =     0  f =    90  -  T =     0.07 sec
  [prof  78] wall=  68.154 p= 18999 | ifo=  0.000(sd=0.000 nx=0.000 tfo=0.000 cnt=0.000) snap= 0.000 srm= 21.994 sat= 45.665(set=1.881 slv=42.708 max=0.2563 n=18999) sim= 0.000(rmp=0.000 run=0.000) chk= 0.022 stat= 0.469 rest= 0.004
 79 : c =   77061  cl =   7112  lit =  102041  p = 18908  d =     0  f =    95  -  T =     0.08 sec
  [prof  79] wall=  75.555 p= 19003 | ifo=  0.000(sd=0.000 nx=0.000 tfo=0.000 cnt=0.000) snap= 0.000 srm= 23.481 sat= 51.646(set=1.860 slv=48.646 max=0.6279 n=19003) sim= 0.000(rmp=0.000 run=0.000) chk= 0.021 stat= 0.403 rest= 0.004
 80 : c =   76970  cl =   7112  lit =  101948  p = 18906  d =     0  f =    93  -  T =     0.08 sec
  [prof  80] wall=  79.462 p= 18999 | ifo=  0.000(sd=0.000 nx=0.000 tfo=0.000 cnt=0.000) snap= 0.000 srm= 24.619 sat= 54.448(set=1.999 slv=51.272 max=1.5070 n=18999) sim= 0.000(rmp=0.000 run=0.000) chk= 0.020 stat= 0.371 rest= 0.004
 81 : c =   76878  cl =   7112  lit =  101855  p = 18917  d =     0  f =    93  -  T =     0.07 sec
  [prof  81] wall=  71.630 p= 19010 | ifo=  0.000(sd=0.000 nx=0.000 tfo=0.000 cnt=0.000) snap= 0.000 srm= 23.226 sat= 47.823(set=1.964 slv=44.777 max=0.6062 n=19010) sim= 0.000(rmp=0.000 run=0.000) chk= 0.027 stat= 0.551 rest= 0.004
 82 : c =   76798  cl =   7112  lit =  101760  p = 18931  d =     0  f =    95  -  T =     0.07 sec
  [prof  82] wall=  71.239 p= 19026 | ifo=  0.000(sd=0.000 nx=0.000 tfo=0.000 cnt=0.000) snap= 0.000 srm= 23.275 sat= 47.561(set=2.032 slv=44.485 max=0.3215 n=19026) sim= 0.000(rmp=0.000 run=0.000) chk= 0.028 stat= 0.372 rest= 0.003
 83 : c =   76736  cl =   7112  lit =  101669  p = 18915  d =     0  f =    91  -  T =     0.07 sec
  [prof  83] wall=  71.348 p= 19006 | ifo=  0.000(sd=0.000 nx=0.000 tfo=0.000 cnt=0.000) snap= 0.000 srm= 23.116 sat= 47.780(set=1.908 slv=44.787 max=0.3399 n=19006) sim= 0.000(rmp=0.000 run=0.000) chk= 0.031 stat= 0.417 rest= 0.004
 84 : c =   76683  cl =   7112  lit =  101590  p = 18910  d =     0  f =    79  -  T =     0.07 sec
  [prof  84] wall=  68.154 p= 18989 | ifo=  0.000(sd=0.000 nx=0.000 tfo=0.000 cnt=0.000) snap= 0.000 srm= 23.158 sat= 44.549(set=2.021 slv=41.497 max=0.2789 n=18989) sim= 0.000(rmp=0.000 run=0.000) chk= 0.024 stat= 0.419 rest= 0.003
 85 : c =   76636  cl =   7112  lit =  101539  p = 18909  d =     0  f =    51  -  T =     0.07 sec
  [prof  85] wall=  67.797 p= 18960 | ifo=  0.000(sd=0.000 nx=0.000 tfo=0.000 cnt=0.000) snap= 0.000 srm= 23.649 sat= 43.728(set=2.150 slv=40.546 max=0.2855 n=18960) sim= 0.000(rmp=0.000 run=0.000) chk= 0.019 stat= 0.398 rest= 0.004
 86 : c =   76597  cl =   7112  lit =  101495  p = 18905  d =     0  f =    44  -  T =     0.07 sec
  [prof  86] wall=  70.127 p= 18949 | ifo=  0.000(sd=0.000 nx=0.000 tfo=0.000 cnt=0.000) snap= 0.000 srm= 23.264 sat= 46.251(set=2.315 slv=42.838 max=0.4175 n=18949) sim= 0.000(rmp=0.000 run=0.000) chk= 0.028 stat= 0.580 rest= 0.004
 87 : c =   76559  cl =   7112  lit =  101455  p = 18902  d =     0  f =    40  -  T =     0.07 sec
  [prof  87] wall=  67.629 p= 18942 | ifo=  0.000(sd=0.000 nx=0.000 tfo=0.000 cnt=0.000) snap= 0.000 srm= 23.945 sat= 43.264(set=2.054 slv=40.142 max=0.2427 n=18942) sim= 0.000(rmp=0.000 run=0.000) chk= 0.018 stat= 0.398 rest= 0.004
 88 : c =   76521  cl =   7112  lit =  101416  p = 18901  d =     0  f =    39  -  T =     0.07 sec
  [prof  88] wall=  68.331 p= 18940 | ifo=  0.000(sd=0.000 nx=0.000 tfo=0.000 cnt=0.000) snap= 0.000 srm= 23.252 sat= 44.680(set=2.002 slv=41.551 max=0.3179 n=18940) sim= 0.000(rmp=0.000 run=0.000) chk= 0.018 stat= 0.378 rest= 0.003
 89 : c =   76487  cl =   7112  lit =  101381  p = 18900  d =     0  f =    35  -  T =     0.07 sec
  [prof  89] wall=  66.422 p= 18935 | ifo=  0.000(sd=0.000 nx=0.000 tfo=0.000 cnt=0.000) snap= 0.000 srm= 21.689 sat= 44.315(set=1.987 slv=41.105 max=0.5663 n=18935) sim= 0.000(rmp=0.000 run=0.000) chk= 0.018 stat= 0.396 rest= 0.003
 90 : c =   76461  cl =   7112  lit =  101354  p = 18899  d =     0  f =    27  -  T =     0.06 sec
  [prof  90] wall=  64.596 p= 18926 | ifo=  0.000(sd=0.000 nx=0.000 tfo=0.000 cnt=0.000) snap= 0.000 srm= 22.802 sat= 41.416(set=2.033 slv=38.325 max=0.4272 n=18926) sim= 0.000(rmp=0.000 run=0.000) chk= 0.017 stat= 0.358 rest= 0.003
 91 : c =   76438  cl =   7112  lit =  101330  p = 18898  d =     0  f =    24  -  T =     0.06 sec
  [prof  91] wall=  63.437 p= 18922 | ifo=  0.000(sd=0.000 nx=0.000 tfo=0.000 cnt=0.000) snap= 0.000 srm= 23.036 sat= 39.930(set=2.245 slv=36.679 max=0.2296 n=18922) sim= 0.000(rmp=0.000 run=0.000) chk= 0.024 stat= 0.444 rest= 0.003
 92 : c =   76417  cl =   7112  lit =  101308  p = 18897  d =     0  f =    22  -  T =     0.07 sec
  [prof  92] wall=  65.659 p= 18919 | ifo=  0.000(sd=0.000 nx=0.000 tfo=0.000 cnt=0.000) snap= 0.000 srm= 22.084 sat= 43.099(set=2.310 slv=39.702 max=0.2331 n=18919) sim= 0.000(rmp=0.000 run=0.000) chk= 0.022 stat= 0.451 rest= 0.003
 93 : c =   76405  cl =   7112  lit =  101295  p = 18897  d =     0  f =    13  -  T =     0.06 sec
  [prof  93] wall=  61.288 p= 18910 | ifo=  0.000(sd=0.000 nx=0.000 tfo=0.000 cnt=0.000) snap= 0.000 srm= 23.290 sat= 37.562(set=2.041 slv=34.353 max=0.6957 n=18910) sim= 0.000(rmp=0.000 run=0.000) chk= 0.016 stat= 0.417 rest= 0.003
 94 : c =   76394  cl =   7112  lit =  101284  p = 18896  d =     0  f =    11  -  T =     0.06 sec
  [prof  94] wall=  64.164 p= 18907 | ifo=  0.000(sd=0.000 nx=0.000 tfo=0.000 cnt=0.000) snap= 0.000 srm= 22.514 sat= 41.251(set=2.131 slv=38.039 max=0.4135 n=18907) sim= 0.000(rmp=0.000 run=0.000) chk= 0.016 stat= 0.379 rest= 0.005
 95 : c =   76388  cl =   7112  lit =  101278  p = 18896  d =     0  f =     6  -  T =     0.06 sec
  [prof  95] wall=  61.964 p= 18902 | ifo=  0.000(sd=0.000 nx=0.000 tfo=0.000 cnt=0.000) snap= 0.000 srm= 24.602 sat= 36.915(set=1.934 slv=33.951 max=0.2552 n=18902) sim= 0.000(rmp=0.000 run=0.000) chk= 0.026 stat= 0.418 rest= 0.004
 96 : c =   76382  cl =   7112  lit =  101272  p = 18896  d =     0  f =     6  -  T =     0.06 sec
  [prof  96] wall=  61.780 p= 18902 | ifo=  0.000(sd=0.000 nx=0.000 tfo=0.000 cnt=0.000) snap= 0.000 srm= 23.659 sat= 37.669(set=2.004 slv=34.659 max=0.2455 n=18902) sim= 0.000(rmp=0.000 run=0.000) chk= 0.020 stat= 0.428 rest= 0.003
 97 : c =   76376  cl =   7112  lit =  101266  p = 18896  d =     0  f =     6  -  T =     0.06 sec
  [prof  97] wall=  58.981 p= 18902 | ifo=  0.000(sd=0.000 nx=0.000 tfo=0.000 cnt=0.000) snap= 0.000 srm= 22.559 sat= 35.954(set=1.911 slv=33.078 max=0.2327 n=18902) sim= 0.000(rmp=0.000 run=0.000) chk= 0.023 stat= 0.441 rest= 0.004
 98 : c =   76372  cl =   7112  lit =  101262  p = 18896  d =     0  f =     4  -  T =     0.06 sec
  [prof  98] wall=  61.607 p= 18900 | ifo=  0.000(sd=0.000 nx=0.000 tfo=0.000 cnt=0.000) snap= 0.000 srm= 22.453 sat= 38.762(set=1.825 slv=35.870 max=0.3520 n=18900) sim= 0.000(rmp=0.000 run=0.000) chk= 0.014 stat= 0.374 rest= 0.003
 99 : c =   76370  cl =   7112  lit =  101260  p = 18896  d =     0  f =     2  -  T =     0.06 sec
  [prof  99] wall=  64.004 p= 18898 | ifo=  0.000(sd=0.000 nx=0.000 tfo=0.000 cnt=0.000) snap= 0.000 srm= 22.860 sat= 40.481(set=2.579 slv=36.824 max=0.6431 n=18898) sim= 0.000(rmp=0.000 run=0.000) chk= 0.015 stat= 0.645 rest= 0.003
100 : c =   76368  cl =   7112  lit =  101258  p = 18896  d =     0  f =     2  -  T =     0.06 sec
  [prof 100] wall=  62.526 p= 18898 | ifo=  0.000(sd=0.000 nx=0.000 tfo=0.000 cnt=0.000) snap= 0.000 srm= 22.946 sat= 38.953(set=2.235 slv=35.665 max=0.2064 n=18898) sim= 0.000(rmp=0.000 run=0.000) chk= 0.016 stat= 0.608 rest= 0.003
101 : c =   76366  cl =   7112  lit =  101256  p = 18896  d =     0  f =     2  -  T =     0.06 sec
  [prof 101] wall=  60.464 p= 18898 | ifo=  0.000(sd=0.000 nx=0.000 tfo=0.000 cnt=0.000) snap= 0.000 srm= 22.664 sat= 37.302(set=1.854 slv=34.396 max=0.2002 n=18898) sim= 0.000(rmp=0.000 run=0.000) chk= 0.020 stat= 0.474 rest= 0.003
  [prof 102] wall=  59.635 p= 18896 | ifo=  0.000(sd=0.000 nx=0.000 tfo=0.000 cnt=0.000) snap= 0.000 srm= 22.050 sat= 37.582(set=2.325 slv=34.250 max=0.2688 n=18896) sim= 0.000(rmp=0.000 run=0.000) chk= 0.000 stat= 0.000 rest= 0.003
102 : c =   76366  cl =   7112  lit =  101256  p =     0  d =     0  f =     0  -  T =     0.06 sec
  [prof ALL] wall=14256.321 p=2231018 | ifo=  0.000(sd=0.000 nx=0.000 tfo=0.000 cnt=0.000) snap= 0.000 srm=2298.684 sat=11908.001(set=208.273 slv=11568.465 max=2.3118 n=2231018) sim= 0.000(rmp=0.000 run=0.000) chk= 6.532 stat=42.657 rest= 0.448
Srm   =     2.30 sec (  4.35 %)
Sat   =    11.91 sec ( 22.51 %)
Sim   =     0.00 sec (  0.00 %)
Other =    38.70 sec ( 73.15 %)
TOTAL =    52.90 sec
NBeg = 400072. NEnd = 283900. (Gain =  29.04 %).  RBeg = 262. REnd = 261. (Gain =   0.38 %).
Flop output names are not available. Use command "&get -n".
[1;37m/home/zxr_wsl/benchmarks/incre_spec//Problem11_label08[0m : i/o =    742/      1  ff =    261  [1;36mand =  283900[0m  [1;35mlev = 2047[0m [1;35m(7.83)[0m  mem = 3.27 MB
