### benchmark: /home/zxr_wsl/benchmarks/incre_spec//ILA_Flute_BGEU_problem.aig
### opts:      &scorr -v -i -w
### timeout:   1800s
### date:      Wed Jun  3 15:09:43 CST 2026

======== ABC command line "&r /home/zxr_wsl/benchmarks/incre_spec//ILA_Flute_BGEU_problem.aig; &ps; &scorr -v -i -w; &ps"
Warning: The last output is interpreted as a constraint.
Converted 548 1-valued FFs and 173794 DC-valued FFs.
Warning: The number of inputs does not match the number of input names.
[1;37m/home/zxr_wsl/benchmarks/incre_spec//ILA_Flute_BGEU_problem[0m : i/o = 180287/      2(c=1)  ff = 174678  [1;36mand = 1613228[0m  [1;35mlev =  284[0m [1;35m(219.18)[0m  mem =26.54 MB
cst = 1787906  cls =      0  lit = 1787906  unused =  180287  proof =     0
cst =  354398  cls = 351151  lit = 1207409  unused =  409633  proof =     0
cst =  352708  cls = 350297  lit = 1200824  unused =  417072  proof =     0
cst =  352063  cls = 350073  lit = 1199114  unused =  419006  proof =     0
cst =  351165  cls = 350063  lit = 1197078  unused =  421052  proof =     0
cst =  350611  cls = 349938  lit = 1195929  unused =  422326  proof =     0
cst =  350076  cls = 349750  lit = 1194713  unused =  423730  proof =     0
cst =  349634  cls = 349409  lit = 1193442  unused =  425342  proof =     0
cst =  349379  cls = 349161  lit = 1192622  unused =  426410  proof =     0
cst =  349274  cls = 348898  lit = 1192016  unused =  427279  proof =     0
Obj = 2142874. And = 1613228. Conf =   100. Fr = 1. Lcorr = 0. Ring = 1. CSat = 1.
  0 : c =  349274  cl = 348898  lit = 1192016  p =     0  d =     0  f =     0  +  T =     1.96 sec
BMC : c =  349067  cl = 348799  lit = 1191043  p =  3502  d =  3010  f =     1  +  T =     0.22 sec
  [bmc-prof   0] wall= 225.046 p=  6513 | ifo=  0.000(sd=0.000 nx=0.000 tfo=0.000 cnt=0.000) snap= 2.190 srm= 62.459 sat= 26.192(set=2.038 slv=23.777 max=0.3564 n=6513) cex=R/T/F=3010/0/1 trsplit=0 sim=130.440(rmp=5.458 run=124.906 n=1 d=973) chk= 0.023(d=0) stat= 0.993 rest= 2.749
BMC : c =  348950  cl = 348870  lit = 1190627  p =  3512  d =  2542  f =     0  +  T =     0.24 sec
  [bmc-prof   1] wall= 245.215 p=  6054 | ifo= 26.574(sd=1.397 nx=0.000 tfo=22.457 cnt=2.721) snap= 2.239 srm= 55.377 sat= 27.003(set=2.139 slv=24.521 max=0.3922 n=6054) cex=R/T/F=2542/0/0 trsplit=0 sim=129.977(rmp=4.554 run=125.422 n=1 d=416) chk= 0.020(d=0) stat= 0.987 rest= 3.039
BMC : c =  348781  cl = 348940  lit = 1190105  p =  3454  d =  2654  f =     0  +  T =     0.25 sec
  [bmc-prof   2] wall= 254.283 p=  6108 | ifo= 22.319(sd=1.329 nx=0.000 tfo=18.225 cnt=2.766) snap= 2.231 srm= 54.340 sat= 29.322(set=2.000 slv=26.953 max=0.4006 n=6108) cex=R/T/F=2654/0/0 trsplit=0 sim=142.084(rmp=4.579 run=137.503 n=1 d=522) chk= 0.019(d=0) stat= 0.983 rest= 2.985
BMC : c =  348683  cl = 348962  lit = 1189687  p =  3428  d =  2492  f =     1  +  T =     0.27 sec
  [bmc-prof   3] wall= 268.599 p=  5921 | ifo= 21.709(sd=1.335 nx=0.000 tfo=17.645 cnt=2.729) snap= 2.181 srm= 54.528 sat= 30.360(set=1.954 slv=28.017 max=0.4437 n=5921) cex=R/T/F=2492/0/1 trsplit=0 sim=156.289(rmp=4.553 run=151.734 n=1 d=418) chk= 0.016(d=0) stat= 0.849 rest= 2.668
BMC : c =  348165  cl = 348851  lit = 1189030  p =  3445  d =  2309  f =     0  +  T =     0.24 sec
  [bmc-prof   4] wall= 243.304 p=  5754 | ifo= 18.114(sd=1.106 nx=0.000 tfo=14.698 cnt=2.309) snap= 1.729 srm= 49.078 sat= 30.630(set=1.732 slv=28.550 max=0.5228 n=5754) cex=R/T/F=2309/0/0 trsplit=0 sim=140.176(rmp=4.596 run=135.579 n=1 d=657) chk= 0.016(d=0) stat= 0.840 rest= 2.723
BMC : c =  347856  cl = 348747  lit = 1188202  p =  3392  d =  2675  f =     0  +  T =     0.28 sec
  [bmc-prof   5] wall= 276.254 p=  6067 | ifo= 21.828(sd=1.062 nx=0.000 tfo=18.455 cnt=2.311) snap= 2.217 srm= 54.069 sat= 31.431(set=2.003 slv=29.003 max=0.5089 n=6067) cex=R/T/F=2675/0/0 trsplit=0 sim=162.404(rmp=4.541 run=157.861 n=1 d=828) chk= 0.024(d=0) stat= 1.001 rest= 3.281
BMC : c =  347377  cl = 348654  lit = 1187424  p =  3512  d =  2238  f =     0  +  T =     0.28 sec
  [bmc-prof   6] wall= 276.646 p=  5750 | ifo= 25.539(sd=1.368 nx=0.000 tfo=21.426 cnt=2.745) snap= 2.231 srm= 54.644 sat= 30.753(set=2.001 slv=28.371 max=0.5350 n=5750) cex=R/T/F=2238/0/0 trsplit=0 sim=159.967(rmp=4.711 run=155.255 n=1 d=778) chk= 0.018(d=0) stat= 0.879 rest= 2.615
BMC : c =  346893  cl = 348559  lit = 1186410  p =  3485  d =  2469  f =     0  +  T =     0.27 sec
  [bmc-prof   7] wall= 267.220 p=  5954 | ifo= 26.384(sd=1.276 nx=0.000 tfo=22.663 cnt=2.446) snap= 1.753 srm= 49.499 sat= 30.983(set=1.805 slv=28.808 max=0.5646 n=5954) cex=R/T/F=2469/0/0 trsplit=0 sim=155.285(rmp=3.701 run=151.582 n=1 d=1014) chk= 0.021(d=0) stat= 0.869 rest= 2.426
BMC : c =  346763  cl = 348384  lit = 1185737  p =  3557  d =  2000  f =     0  +  T =     0.30 sec
  [bmc-prof   8] wall= 304.134 p=  5557 | ifo= 20.682(sd=1.032 nx=0.000 tfo=17.337 cnt=2.313) snap= 2.222 srm= 61.770 sat= 37.627(set=2.045 slv=35.205 max=0.5916 n=5557) cex=R/T/F=2000/0/0 trsplit=0 sim=177.186(rmp=4.494 run=172.690 n=1 d=673) chk= 0.022(d=0) stat= 1.158 rest= 3.466
BMC : c =  346731  cl = 348334  lit = 1185512  p =  3536  d =  1594  f =     0  +  T =     0.28 sec
  [bmc-prof   9] wall= 282.417 p=  5130 | ifo= 24.532(sd=1.343 nx=0.000 tfo=20.428 cnt=2.761) snap= 2.165 srm= 55.178 sat= 35.160(set=1.989 slv=32.840 max=0.6307 n=5130) cex=R/T/F=1594/0/0 trsplit=0 sim=161.333(rmp=4.632 run=156.700 n=1 d=225) chk= 0.017(d=0) stat= 0.996 rest= 3.035
BMC : c =  346728  cl = 348330  lit = 1185359  p =  3534  d =  1438  f =     0  +  T =     0.28 sec
  [bmc-prof  10] wall= 281.133 p=  4972 | ifo= 23.232(sd=1.407 nx=0.000 tfo=19.106 cnt=2.720) snap= 2.167 srm= 54.536 sat= 35.626(set=1.955 slv=33.326 max=0.6869 n=4972) cex=R/T/F=1438/0/0 trsplit=0 sim=161.536(rmp=4.595 run=156.939 n=1 d=153) chk= 0.015(d=0) stat= 1.049 rest= 2.972
BMC : c =  346582  cl = 348326  lit = 1185182  p =  3534  d =  1298  f =     0  +  T =     0.28 sec
  [bmc-prof  11] wall= 285.322 p=  4832 | ifo= 23.386(sd=1.316 nx=0.000 tfo=19.282 cnt=2.788) snap= 2.170 srm= 55.000 sat= 35.863(set=1.955 slv=33.571 max=0.7514 n=4832) cex=R/T/F=1298/0/0 trsplit=0 sim=164.632(rmp=4.609 run=160.021 n=1 d=177) chk= 0.014(d=0) stat= 1.098 rest= 3.158
BMC : c =  346569  cl = 348334  lit = 1184971  p =  3575  d =  1222  f =     0  +  T =     0.29 sec
  [bmc-prof  12] wall= 287.994 p=  4797 | ifo= 23.167(sd=1.351 nx=0.000 tfo=19.069 cnt=2.747) snap= 2.237 srm= 54.944 sat= 35.022(set=1.978 slv=32.718 max=0.7767 n=4797) cex=R/T/F=1222/0/0 trsplit=0 sim=168.660(rmp=4.495 run=164.163 n=1 d=211) chk= 0.012(d=0) stat= 0.967 rest= 2.983
BMC : c =  346564  cl = 348326  lit = 1184844  p =  3590  d =  1048  f =     0  +  T =     0.27 sec
  [bmc-prof  13] wall= 275.719 p=  4638 | ifo= 23.157(sd=1.377 nx=0.000 tfo=19.071 cnt=2.708) snap= 1.700 srm= 54.475 sat= 33.175(set=1.747 slv=31.115 max=0.7662 n=4638) cex=R/T/F=1048/0/0 trsplit=0 sim=159.926(rmp=3.727 run=156.197 n=1 d=127) chk= 0.010(d=0) stat= 0.843 rest= 2.433
BMC : c =  346557  cl = 348332  lit = 1184729  p =  3587  d =   931  f =     0  +  T =     0.27 sec
  [bmc-prof  14] wall= 266.374 p=  4518 | ifo= 21.499(sd=1.045 nx=0.000 tfo=17.729 cnt=2.725) snap= 1.710 srm= 53.666 sat= 24.994(set=1.763 slv=22.951 max=0.8894 n=4518) cex=R/T/F=931/0/0 trsplit=0 sim=160.916(rmp=4.873 run=156.041 n=1 d=115) chk= 0.011(d=0) stat= 0.846 rest= 2.732
BMC : c =  346553  cl = 348323  lit = 1184611  p =  3589  d =   828  f =     0  +  T =     0.27 sec
  [bmc-prof  15] wall= 270.294 p=  4417 | ifo= 18.537(sd=1.020 nx=0.000 tfo=15.237 cnt=2.281) snap= 1.715 srm= 48.755 sat= 22.243(set=1.754 slv=20.236 max=0.8378 n=4417) cex=R/T/F=828/0/0 trsplit=0 sim=175.104(rmp=4.600 run=170.503 n=1 d=118) chk= 0.012(d=0) stat= 0.971 rest= 2.957
BMC : c =  346551  cl = 348319  lit = 1184508  p =  3588  d =   721  f =     0  +  T =     0.27 sec
  [bmc-prof  16] wall= 272.484 p=  4309 | ifo= 22.471(sd=1.316 nx=0.000 tfo=18.440 cnt=2.715) snap= 2.249 srm= 55.140 sat= 21.205(set=1.960 slv=18.987 max=0.9275 n=4309) cex=R/T/F=721/0/0 trsplit=0 sim=167.475(rmp=4.536 run=162.938 n=1 d=103) chk= 0.010(d=0) stat= 0.987 rest= 2.946
BMC : c =  346549  cl = 348316  lit = 1184416  p =  3587  d =   625  f =     0  +  T =     0.26 sec
  [bmc-prof  17] wall= 265.572 p=  4212 | ifo= 22.551(sd=1.290 nx=0.000 tfo=18.517 cnt=2.743) snap= 2.195 srm= 52.170 sat= 19.983(set=1.971 slv=17.760 max=0.9330 n=4212) cex=R/T/F=625/0/0 trsplit=0 sim=164.528(rmp=4.622 run=159.905 n=1 d=92) chk= 0.011(d=0) stat= 1.093 rest= 3.040
BMC : c =  346546  cl = 348304  lit = 1184328  p =  3585  d =   537  f =     0  +  T =     0.26 sec
  [bmc-prof  18] wall= 256.632 p=  4122 | ifo= 22.601(sd=1.448 nx=0.000 tfo=18.411 cnt=2.742) snap= 2.191 srm= 54.457 sat= 18.229(set=1.968 slv=16.025 max=0.1422 n=4122) cex=R/T/F=537/0/0 trsplit=0 sim=155.781(rmp=4.606 run=151.173 n=1 d=88) chk= 0.007(d=0) stat= 0.835 rest= 2.531
BMC : c =  346544  cl = 348306  lit = 1184264  p =  3585  d =   456  f =     0  +  T =     0.26 sec
  [bmc-prof  19] wall= 262.156 p=  4041 | ifo= 21.577(sd=1.048 nx=0.000 tfo=17.614 cnt=2.916) snap= 2.371 srm= 52.396 sat= 17.323(set=1.963 slv=15.139 max=0.1471 n=4041) cex=R/T/F=456/0/0 trsplit=0 sim=164.455(rmp=4.570 run=159.883 n=1 d=64) chk= 0.008(d=0) stat= 0.986 rest= 3.039
BMC : c =  346540  cl = 348305  lit = 1184201  p =  3584  d =   398  f =     0  +  T =     0.26 sec
  [bmc-prof  20] wall= 261.688 p=  3982 | ifo= 22.320(sd=1.309 nx=0.000 tfo=18.245 cnt=2.766) snap= 2.221 srm= 53.780 sat= 16.944(set=2.074 slv=14.652 max=0.1511 n=3982) cex=R/T/F=398/0/0 trsplit=0 sim=162.443(rmp=4.538 run=157.904 n=1 d=63) chk= 0.008(d=0) stat= 1.028 rest= 2.945
BMC : c =  346540  cl = 348306  lit = 1184157  p =  3587  d =   340  f =     1  +  T =     0.24 sec
  [bmc-prof  21] wall= 236.413 p=  3928 | ifo= 22.492(sd=1.302 nx=0.000 tfo=18.413 cnt=2.777) snap= 1.770 srm= 54.085 sat= 16.877(set=1.744 slv=14.933 max=0.2670 n=3928) cex=R/T/F=340/0/1 trsplit=0 sim=137.833(rmp=3.691 run=134.140 n=1 d=43) chk= 0.007(d=1) stat= 0.894 rest= 2.455
BMC : c =  346540  cl = 348306  lit = 1184101  p =  3585  d =   300  f =     0  +  T =     0.26 sec
  [bmc-prof  22] wall= 257.372 p=  3885 | ifo= 15.076(sd=1.352 nx=0.000 tfo=10.812 cnt=2.912) snap= 2.152 srm= 54.645 sat= 16.362(set=1.964 slv=14.190 max=0.0612 n=3885) cex=R/T/F=300/0/0 trsplit=0 sim=164.923(rmp=5.421 run=159.500 n=1 d=56) chk= 0.007(d=0) stat= 1.180 rest= 3.026
BMC : c =  346540  cl = 348302  lit = 1184053  p =  3584  d =   245  f =     0  +  T =     0.24 sec
  [bmc-prof  23] wall= 239.833 p=  3829 | ifo= 14.355(sd=1.318 nx=0.000 tfo=10.169 cnt=2.867) snap= 1.712 srm= 53.478 sat= 15.726(set=1.714 slv=13.822 max=0.0622 n=3829) cex=R/T/F=245/0/0 trsplit=0 sim=150.663(rmp=3.666 run=146.996 n=1 d=48) chk= 0.006(d=0) stat= 0.878 rest= 3.015
BMC : c =  346540  cl = 348304  lit = 1184003  p =  3586  d =   197  f =     0  +  T =     0.26 sec
  [bmc-prof  24] wall= 256.417 p=  3783 | ifo= 12.132(sd=1.087 nx=0.000 tfo=8.650 cnt=2.395) snap= 2.175 srm= 54.986 sat= 16.806(set=1.923 slv=14.684 max=0.7615 n=3783) cex=R/T/F=197/0/0 trsplit=0 sim=166.281(rmp=4.554 run=161.725 n=1 d=50) chk= 0.006(d=0) stat= 1.052 rest= 2.978
BMC : c =  346540  cl = 348298  lit = 1183964  p =  3585  d =   150  f =     0  +  T =     0.25 sec
  [bmc-prof  25] wall= 254.443 p=  3735 | ifo= 14.155(sd=1.290 nx=0.000 tfo=10.039 cnt=2.826) snap= 2.168 srm= 54.656 sat= 15.570(set=1.858 slv=13.513 max=0.0672 n=3735) cex=R/T/F=150/0/0 trsplit=0 sim=163.786(rmp=4.514 run=159.270 n=1 d=39) chk= 0.006(d=0) stat= 0.982 rest= 3.121
BMC : c =  346540  cl = 348292  lit = 1183938  p =  3587  d =   111  f =     0  +  T =     0.26 sec
  [bmc-prof  26] wall= 257.586 p=  3698 | ifo= 14.332(sd=1.323 nx=0.000 tfo=10.145 cnt=2.864) snap= 2.202 srm= 54.877 sat= 15.776(set=1.943 slv=13.644 max=0.1008 n=3698) cex=R/T/F=111/0/0 trsplit=0 sim=166.414(rmp=4.598 run=161.815 n=1 d=26) chk= 0.005(d=0) stat= 0.999 rest= 2.980
BMC : c =  346540  cl = 348292  lit = 1183920  p =  3587  d =    85  f =     0  +  T =     0.25 sec
  [bmc-prof  27] wall= 252.497 p=  3672 | ifo= 14.206(sd=1.324 nx=0.000 tfo=10.039 cnt=2.843) snap= 2.140 srm= 55.213 sat= 15.133(set=1.875 slv=13.068 max=0.0624 n=3672) cex=R/T/F=85/0/0 trsplit=0 sim=161.890(rmp=4.487 run=157.401 n=1 d=18) chk= 0.005(d=0) stat= 0.969 rest= 2.942
BMC : c =  346540  cl = 348294  lit = 1183906  p =  3587  d =    68  f =     0  +  T =     0.23 sec
  [bmc-prof  28] wall= 230.470 p=  3655 | ifo= 14.124(sd=1.285 nx=0.000 tfo=10.003 cnt=2.835) snap= 2.172 srm= 54.630 sat= 15.027(set=1.931 slv=12.914 max=0.0641 n=3655) cex=R/T/F=68/0/0 trsplit=0 sim=140.731(rmp=3.669 run=137.060 n=1 d=14) chk= 0.005(d=0) stat= 0.989 rest= 2.791
BMC : c =  346540  cl = 348292  lit = 1183890  p =  3583  d =    58  f =     0  +  T =     0.25 sec
  [bmc-prof  29] wall= 251.345 p=  3641 | ifo= 14.895(sd=1.322 nx=0.000 tfo=10.519 cnt=3.054) snap= 2.235 srm= 49.968 sat= 15.658(set=1.975 slv=13.494 max=0.0710 n=3641) cex=R/T/F=58/0/0 trsplit=0 sim=164.695(rmp=4.600 run=160.093 n=1 d=16) chk= 0.005(d=0) stat= 0.977 rest= 2.911
BMC : c =  346540  cl = 348294  lit = 1183880  p =  3583  d =    42  f =     0  +  T =     0.26 sec
  [bmc-prof  30] wall= 257.693 p=  3625 | ifo= 14.498(sd=1.332 nx=0.000 tfo=10.228 cnt=2.938) snap= 2.171 srm= 55.471 sat= 15.252(set=1.984 slv=13.080 max=0.1332 n=3625) cex=R/T/F=42/0/0 trsplit=0 sim=166.371(rmp=5.508 run=160.861 n=1 d=10) chk= 0.005(d=0) stat= 0.987 rest= 2.937
BMC : c =  346540  cl = 348292  lit = 1183872  p =  3584  d =    32  f =     0  +  T =     0.25 sec
  [bmc-prof  31] wall= 254.121 p=  3616 | ifo= 14.282(sd=1.312 nx=0.000 tfo=10.048 cnt=2.921) snap= 2.205 srm= 55.744 sat= 14.873(set=1.907 slv=12.774 max=0.0633 n=3616) cex=R/T/F=32/0/0 trsplit=0 sim=163.083(rmp=4.490 run=158.591 n=1 d=8) chk= 0.005(d=0) stat= 0.996 rest= 2.933
BMC : c =  346540  cl = 348288  lit = 1183863  p =  3584  d =    24  f =     0  +  T =     0.27 sec
  [bmc-prof  32] wall= 269.605 p=  3608 | ifo= 14.629(sd=1.306 nx=0.000 tfo=10.480 cnt=2.844) snap= 2.165 srm= 62.765 sat= 14.587(set=1.962 slv=12.448 max=0.0636 n=3608) cex=R/T/F=24/0/0 trsplit=0 sim=171.474(rmp=4.522 run=166.950 n=1 d=9) chk= 0.005(d=0) stat= 0.973 rest= 3.008
BMC : c =  346540  cl = 348286  lit = 1183857  p =  3580  d =    19  f =     0  +  T =     0.26 sec
  [bmc-prof  33] wall= 258.550 p=  3599 | ifo= 14.213(sd=1.301 nx=0.000 tfo=10.044 cnt=2.868) snap= 2.194 srm= 55.706 sat= 14.763(set=1.959 slv=12.625 max=0.0812 n=3599) cex=R/T/F=19/0/0 trsplit=0 sim=167.688(rmp=4.843 run=162.843 n=1 d=6) chk= 0.004(d=0) stat= 1.036 rest= 2.944
BMC : c =  346540  cl = 348284  lit = 1183852  p =  3580  d =    13  f =     0  +  T =     0.24 sec
  [bmc-prof  34] wall= 244.818 p=  3593 | ifo= 14.474(sd=1.290 nx=0.000 tfo=10.269 cnt=2.915) snap= 1.700 srm= 50.442 sat= 14.415(set=1.664 slv=12.581 max=0.0621 n=3593) cex=R/T/F=13/0/0 trsplit=0 sim=159.904(rmp=3.608 run=156.294 n=1 d=5) chk= 0.004(d=0) stat= 0.988 rest= 2.890
BMC : c =  346540  cl = 348284  lit = 1183849  p =  3580  d =     8  f =     0  +  T =     0.25 sec
  [bmc-prof  35] wall= 253.970 p=  3588 | ifo= 14.442(sd=1.309 nx=0.000 tfo=10.301 cnt=2.832) snap= 2.155 srm= 55.256 sat= 14.477(set=1.844 slv=12.456 max=0.0624 n=3588) cex=R/T/F=8/0/0 trsplit=0 sim=163.600(rmp=4.508 run=159.090 n=1 d=3) chk= 0.006(d=0) stat= 0.987 rest= 3.047
BMC : c =  346540  cl = 348282  lit = 1183846  p =  3580  d =     5  f =     0  +  T =     0.25 sec
  [bmc-prof  36] wall= 249.966 p=  3585 | ifo= 14.192(sd=1.288 nx=0.000 tfo=10.067 cnt=2.838) snap= 2.164 srm= 54.039 sat= 14.621(set=1.885 slv=12.560 max=0.0619 n=3585) cex=R/T/F=5/0/0 trsplit=0 sim=160.966(rmp=4.497 run=156.467 n=1 d=3) chk= 0.005(d=0) stat= 0.994 rest= 2.985
BMC : c =  346540  cl = 348283  lit = 1183843  p =  3579  d =     3  f =     0  +  T =     0.25 sec
  [bmc-prof  37] wall= 247.285 p=  3582 | ifo= 14.211(sd=1.307 nx=0.000 tfo=10.057 cnt=2.847) snap= 1.829 srm= 51.103 sat= 14.522(set=1.985 slv=12.361 max=0.0614 n=3582) cex=R/T/F=3/0/0 trsplit=0 sim=161.608(rmp=3.590 run=158.017 n=1 d=3) chk= 0.005(d=0) stat= 1.001 rest= 3.007
BMC : c =  346540  cl = 348283  lit = 1183842  p =  3576  d =     3  f =     0  +  T =     0.25 sec
  [bmc-prof  38] wall= 247.886 p=  3579 | ifo= 12.149(sd=1.222 nx=0.000 tfo=8.511 cnt=2.415) snap= 2.219 srm= 54.873 sat= 14.502(set=1.955 slv=12.371 max=0.0631 n=3579) cex=R/T/F=3/0/0 trsplit=0 sim=160.151(rmp=4.495 run=155.654 n=1 d=1) chk= 0.004(d=0) stat= 1.001 rest= 2.987
BMC : c =  346540  cl = 348282  lit = 1183841  p =  3576  d =     2  f =     0  +  T =     0.25 sec
  [bmc-prof  39] wall= 255.310 p=  3578 | ifo= 14.227(sd=1.279 nx=0.000 tfo=10.113 cnt=2.835) snap= 2.161 srm= 55.727 sat= 14.404(set=1.907 slv=12.320 max=0.0631 n=3578) cex=R/T/F=2/0/0 trsplit=0 sim=164.761(rmp=4.453 run=160.306 n=1 d=1) chk= 0.004(d=0) stat= 1.039 rest= 2.987
BMC : c =  346540  cl = 348282  lit = 1183840  p =  3576  d =     1  f =     0  +  T =     0.24 sec
  [bmc-prof  40] wall= 237.597 p=  3577 | ifo= 14.263(sd=1.300 nx=0.000 tfo=10.084 cnt=2.880) snap= 2.200 srm= 54.764 sat= 15.329(set=1.938 slv=13.214 max=0.7548 n=3577) cex=R/T/F=1/0/0 trsplit=0 sim=147.569(rmp=4.553 run=143.014 n=1 d=1) chk= 0.004(d=0) stat= 0.833 rest= 2.634
BMC : c =  346540  cl = 348282  lit = 1183840  p =  3578  d =     0  f =     0  +  T =     0.08 sec
  [bmc-prof  41] wall=  84.073 p=  3578 | ifo= 11.914(sd=1.027 nx=0.000 tfo=8.491 cnt=2.396) snap= 2.169 srm= 54.093 sat= 14.489(set=1.957 slv=12.348 max=0.0634 n=3578) cex=R/T/F=0/0/0 trsplit=0 sim= 0.000(rmp=0.000 run=0.000 n=0 d=0) chk= 0.000(d=0) stat= 1.198 rest= 0.210
  [bmc-prof ALL] wall=10725.736 p=184582 | ifo=755.440(sd=52.050 nx=0.000 tfo=591.536 cnt=111.854) snap=88.143 srm=2286.784 sat=909.237(set=80.667 slv=817.926 max=0.9330 n=184582) cex=R/T/F=35191/0/3 trsplit=0 sim=6524.988(rmp=183.860 run=6340.985 n=41 d=8175) chk= 0.417(d=1) stat=41.214 rest=119.512
  1 : c =  346013  cl = 347383  lit = 1181633  p = 13476  d =  1886  f =     1  +  T =     0.33 sec
  [prof   1] wall= 328.668 p= 15363 | ifo=  0.000(sd=0.000 nx=0.000 tfo=0.000 cnt=0.000) snap= 2.292 srm= 95.647 sat= 16.223(set=2.753 slv=12.740 max=0.0937 n=15363) cex=R/T/F=1886/0/1 trsplit=0 sim=211.229(rmp=4.992 run=206.143 n=1 d=2206) chk= 0.032(d=1) stat= 0.835 rest= 2.411
  2 : c =  345745  cl = 347392  lit = 1180942  p = 12738  d =   553  f =     0  +  T =     0.37 sec
  [prof   2] wall= 368.403 p= 13291 | ifo= 22.990(sd=1.038 nx=0.966 tfo=18.104 cnt=2.882) snap= 2.227 srm= 87.857 sat= 15.372(set=2.620 slv=12.134 max=0.0403 n=13291) cex=R/T/F=553/0/0 trsplit=0 sim=235.965(rmp=4.880 run=230.990 n=1 d=691) chk= 0.021(d=0) stat= 0.958 rest= 3.013
  3 : c =  345147  cl = 347471  lit = 1179881  p = 12523  d =   550  f =     0  +  T =     0.35 sec
  [prof   3] wall= 351.992 p= 13073 | ifo= 21.896(sd=1.301 nx=1.392 tfo=15.705 cnt=3.498) snap= 2.232 srm= 97.020 sat= 15.544(set=2.454 slv=12.488 max=0.0411 n=13073) cex=R/T/F=550/0/0 trsplit=0 sim=211.823(rmp=5.138 run=206.595 n=1 d=1061) chk= 0.017(d=0) stat= 0.846 rest= 2.614
  4 : c =  312674  cl = 367363  lit = 1128596  p = 12958  d =  1253  f =     0  +  T =     0.35 sec
  [prof   4] wall= 355.630 p= 14211 | ifo= 18.489(sd=1.029 nx=0.979 tfo=13.560 cnt=2.922) snap= 2.268 srm= 97.578 sat= 16.169(set=2.503 slv=13.012 max=0.0410 n=14211) cex=R/T/F=1253/0/0 trsplit=0 sim=216.708(rmp=5.054 run=211.562 n=1 d=51285) chk= 0.026(d=0) stat= 1.330 rest= 3.063
  5 : c =  295776  cl = 370893  lit = 1096797  p = 47050  d =121640  f =    21  +  T =     1.09 sec
  [prof   5] wall=1089.122 p=168711 | ifo= 27.425(sd=1.757 nx=1.311 tfo=20.178 cnt=4.178) snap= 1.769 srm=123.080 sat=646.550(set=6.135 slv=618.295 max=1.8139 n=168711) cex=R/T/F=121640/0/21 trsplit=0 sim=281.240(rmp=6.497 run=274.620 n=1 d=31799) chk= 1.093(d=0) stat= 1.635 rest= 6.330
  6 : c =  206628  cl = 357896  lit =  850833  p =117206  d =197274  f =    12  +  T =     2.55 sec
  [prof   6] wall=2547.479 p=314492 | ifo= 31.745(sd=2.118 nx=1.296 tfo=24.172 cnt=4.160) snap= 2.252 srm=174.862 sat=1276.203(set=11.382 slv=1246.511 max=0.2512 n=314492) cex=R/T/F=197274/0/12 trsplit=0 sim=1054.864(rmp=3.971 run=1050.808 n=1 d=245964) chk= 1.223(d=0) stat= 1.853 rest= 4.478
  7 : c =  154259  cl = 325282  lit =  672081  p = 56941  d =129254  f =  5354  +  T =    11.14 sec
  [prof   7] wall=11145.810 p=191549 | ifo= 33.133(sd=2.107 nx=1.297 tfo=25.922 cnt=3.807) snap= 1.798 srm=160.339 sat=9349.343(set=10.535 slv=9324.221 max=5.0258 n=191549) cex=R/T/F=129254/0/5354 trsplit=0 sim=1592.557(rmp=6.150 run=1586.311 n=1 d=177145) chk= 0.950(d=1607) stat= 1.830 rest= 5.859
  8 : c =   76711  cl = 247345  lit =  443322  p = 97292  d =203576  f = 29540  +  T =    20.91 sec
  [prof   8] wall=20910.783 p=330408 | ifo= 25.912(sd=2.177 nx=1.280 tfo=19.125 cnt=3.330) snap= 1.820 srm=195.039 sat=17341.217(set=13.473 slv=17288.903 max=3.7212 n=330408) cex=R/T/F=203576/0/29540 trsplit=0 sim=3333.500(rmp=7.012 run=3326.486 n=1 d=209984) chk= 1.836(d=18775) stat= 1.740 rest= 9.720
  9 : c =   70835  cl = 219615  lit =  364507  p = 14494  d = 88252  f = 11969  +  T =     8.52 sec
  [prof   9] wall=8524.435 p=114715 | ifo= 22.103(sd=1.916 nx=0.987 tfo=16.728 cnt=2.473) snap= 2.275 srm=173.189 sat=5201.005(set=11.322 slv=5171.846 max=12.7129 n=114715) cex=R/T/F=88252/0/11969 trsplit=0 sim=3118.277(rmp=5.122 run=3113.010 n=1 d=78416) chk= 0.498(d=399) stat= 1.247 rest= 5.841
 10 : c =   69963  cl = 220946  lit =  354638  p = 26671  d =  8888  f =   655  +  T =     0.89 sec
  [prof  10] wall= 895.063 p= 36214 | ifo= 25.311(sd=1.758 nx=1.263 tfo=20.093 cnt=2.198) snap= 2.280 srm=156.627 sat=306.023(set=9.063 slv=294.762 max=0.3714 n=36214) cex=R/T/F=8888/0/655 trsplit=0 sim=400.070(rmp=4.987 run=394.983 n=1 d=9849) chk= 0.116(d=20) stat= 1.217 rest= 3.420
 11 : c =   69729  cl = 224601  lit =  346269  p = 24601  d = 20706  f =    22  +  T =     0.70 sec
  [prof  11] wall= 698.849 p= 45329 | ifo= 21.725(sd=1.377 nx=1.338 tfo=16.622 cnt=2.388) snap= 8.099 srm=152.699 sat= 51.080(set=9.538 slv=39.267 max=0.3821 n=45329) cex=R/T/F=20706/0/22 trsplit=0 sim=460.570(rmp=5.125 run=455.355 n=1 d=8369) chk= 0.119(d=0) stat= 1.179 rest= 3.378
  [incr r=11 repr=16408 next=8741 tfo=1329521 active=397929/570870 POs=89129]
 12 : c =   51214  cl = 227081  lit =  329061  p = 51044  d = 38053  f =    32  +  T =     0.44 sec
  [prof  12] wall= 442.519 p= 89129 | ifo= 19.210(sd=1.500 nx=1.366 tfo=13.993 cnt=2.351) snap= 2.268 srm=142.745 sat= 72.977(set=10.406 slv=57.554 max=0.7858 n=89129) cex=R/T/F=38053/0/32 trsplit=0 sim=200.497(rmp=5.526 run=194.970 n=1 d=17176) chk= 0.162(d=32) stat= 1.179 rest= 3.482
 13 : c =   50821  cl = 224378  lit =  311928  p = 37563  d = 49321  f =     0  +  T =     0.54 sec
  [prof  13] wall= 538.502 p= 86884 | ifo= 20.923(sd=1.370 nx=1.321 tfo=16.130 cnt=2.102) snap= 2.268 srm=164.014 sat=151.838(set=10.660 slv=135.780 max=0.0464 n=86884) cex=R/T/F=49321/0/0 trsplit=0 sim=194.491(rmp=4.062 run=190.339 n=1 d=17133) chk= 0.241(d=0) stat= 1.169 rest= 3.559
 14 : c =   49732  cl = 228125  lit =  304344  p = 46821  d = 16251  f =     0  +  T =     0.46 sec
  [prof  14] wall= 462.742 p= 63072 | ifo= 31.462(sd=1.354 nx=1.894 tfo=26.040 cnt=2.173) snap= 2.348 srm=163.821 sat= 72.214(set=10.309 slv=58.649 max=0.0683 n=63072) cex=R/T/F=16251/0/0 trsplit=0 sim=187.964(rmp=4.946 run=182.922 n=1 d=7584) chk= 0.249(d=0) stat= 1.230 rest= 3.454
 15 : c =   40766  cl = 213881  lit =  274032  p = 57625  d = 22843  f =     1  +  T =     0.55 sec
  [prof  15] wall= 552.628 p= 80469 | ifo= 22.628(sd=1.372 nx=1.374 tfo=17.707 cnt=2.174) snap= 2.318 srm=178.878 sat=138.220(set=11.116 slv=122.529 max=0.3792 n=80469) cex=R/T/F=22843/0/1 trsplit=0 sim=205.433(rmp=5.185 run=200.247 n=1 d=30311) chk= 0.226(d=1) stat= 1.321 rest= 3.604
 16 : c =   39514  cl = 210439  lit =  260779  p = 37454  d =  5616  f =  9041  +  T =     0.86 sec
  [prof  16] wall= 859.870 p= 52111 | ifo= 21.442(sd=1.449 nx=1.380 tfo=16.433 cnt=2.180) snap= 1.858 srm=168.620 sat=456.477(set=10.653 slv=442.892 max=0.5796 n=52111) cex=R/T/F=5616/0/9041 trsplit=0 sim=206.713(rmp=4.965 run=201.650 n=1 d=13196) chk= 0.135(d=57) stat= 1.195 rest= 3.429
 17 : c =   38191  cl = 210529  lit =  259653  p = 36888  d =   329  f =   114  +  T =     0.45 sec
  [prof  17] wall= 447.848 p= 37331 | ifo= 22.044(sd=1.432 nx=1.373 tfo=17.281 cnt=1.957) snap= 2.357 srm=163.666 sat= 58.789(set=10.415 slv=46.696 max=0.5757 n=37331) cex=R/T/F=329/0/114 trsplit=0 sim=196.377(rmp=5.150 run=191.132 n=1 d=1018) chk= 0.100(d=108) stat= 1.237 rest= 3.278
 18 : c =   37013  cl = 209656  lit =  255697  p = 37787  d =  2533  f =   100  +  T =     0.48 sec
  [prof  18] wall= 479.314 p= 40420 | ifo= 23.123(sd=1.390 nx=1.408 tfo=18.359 cnt=1.966) snap= 2.347 srm=167.360 sat= 79.915(set=15.475 slv=62.422 max=0.4877 n=40420) cex=R/T/F=2533/0/100 trsplit=0 sim=202.511(rmp=5.173 run=197.231 n=1 d=3862) chk= 0.055(d=94) stat= 0.936 rest= 3.068
 19 : c =   32663  cl = 208038  lit =  250430  p = 32538  d =  2912  f =  2897  +  T =     0.89 sec
  [prof  19] wall= 886.141 p= 38347 | ifo= 19.560(sd=1.060 nx=1.004 tfo=15.969 cnt=1.528) snap= 1.770 srm=184.153 sat=473.675(set=9.547 slv=461.941 max=0.6130 n=38347) cex=R/T/F=2912/0/2897 trsplit=0 sim=202.947(rmp=4.961 run=197.895 n=1 d=2479) chk= 0.100(d=2788) stat= 0.964 rest= 2.973
 20 : c =    7254  cl = 184664  lit =  198984  p = 11043  d = 14537  f = 15296  +  T =     8.14 sec
  [prof  20] wall=8143.349 p= 40876 | ifo= 19.328(sd=1.063 nx=1.011 tfo=15.696 cnt=1.558) snap= 1.802 srm=162.036 sat=3107.214(set=9.769 slv=3092.682 max=0.8390 n=40876) cex=R/T/F=14537/0/15296 trsplit=0 sim=4847.604(rmp=6.105 run=4841.402 n=1 d=43632) chk= 0.291(d=7814) stat= 1.155 rest= 3.917
 21 : c =    6623  cl = 180128  lit =  193288  p = 12508  d =  1675  f =  4344  +  T =     0.76 sec
  [prof  21] wall= 763.296 p= 18527 | ifo= 25.457(sd=1.370 nx=1.318 tfo=20.973 cnt=1.796) snap= 2.290 srm=166.404 sat=358.084(set=10.529 slv=346.390 max=0.4831 n=18527) cex=R/T/F=1675/0/4344 trsplit=0 sim=206.910(rmp=4.945 run=201.872 n=1 d=1572) chk= 0.088(d=4124) stat= 0.921 rest= 3.142
 22 : c =    5713  cl = 179420  lit =  191292  p =  8356  d =  1466  f =   455  +  T =     0.58 sec
  [prof  22] wall= 580.473 p= 10277 | ifo= 18.956(sd=1.113 nx=0.986 tfo=15.352 cnt=1.505) snap= 2.277 srm=173.492 sat=177.670(set=10.838 slv=166.139 max=0.9649 n=10277) cex=R/T/F=1466/0/455 trsplit=0 sim=204.235(rmp=4.073 run=200.072 n=1 d=1728) chk= 0.032(d=268) stat= 1.141 rest= 2.670
 23 : c =    4360  cl = 178221  lit =  187574  p =  9089  d =  2655  f =   207  -  T =     0.53 sec
  [prof  23] wall= 528.721 p= 11951 | ifo= 21.747(sd=1.301 nx=1.395 tfo=17.569 cnt=1.482) snap= 2.247 srm=194.241 sat= 89.905(set=10.774 slv=78.428 max=0.2195 n=11951) cex=R/T/F=2655/0/207 trsplit=0 sim=216.646(rmp=4.878 run=211.676 n=1 d=3561) chk= 0.031(d=157) stat= 0.945 rest= 2.961
 24 : c =    4242  cl = 178190  lit =  187267  p =  8060  d =   234  f =   177  -  T =     0.46 sec
  [prof  24] wall= 461.512 p=  8471 | ifo= 18.122(sd=1.096 nx=1.073 tfo=14.487 cnt=1.465) snap= 1.989 srm=165.681 sat= 57.513(set=9.712 slv=47.375 max=0.4268 n=8471) cex=R/T/F=234/0/177 trsplit=0 sim=213.096(rmp=4.510 run=208.450 n=1 d=156) chk= 0.032(d=151) stat= 1.359 rest= 3.719
  [incr r=24 repr=1498 next=548 tfo=1137334 active=73265/365457 POs=3177]
 25 : c =    4170  cl = 178186  lit =  187090  p =  2942  d =   140  f =    95  -  T =     0.36 sec
  [prof  25] wall= 363.168 p=  3177 | ifo= 16.546(sd=1.112 nx=1.037 tfo=12.111 cnt=2.287) snap= 3.173 srm=120.142 sat= 32.782(set=8.548 slv=24.061 max=0.3291 n=3177) cex=R/T/F=140/0/95 trsplit=0 sim=186.791(rmp=4.043 run=182.658 n=1 d=90) chk= 0.014(d=87) stat= 0.878 rest= 2.842
 26 : c =    4092  cl = 178206  lit =  186938  p =  8001  d =    77  f =    85  -  T =     0.38 sec
  [prof  26] wall= 384.932 p=  8163 | ifo= 17.530(sd=1.053 nx=1.034 tfo=13.957 cnt=1.486) snap= 1.746 srm=153.995 sat= 39.849(set=9.344 slv=30.110 max=0.2519 n=8163) cex=R/T/F=77/0/85 trsplit=0 sim=168.280(rmp=4.112 run=164.084 n=1 d=72) chk= 0.018(d=80) stat= 0.875 rest= 2.640
 27 : c =    3897  cl = 178163  lit =  186777  p =  7993  d =   103  f =    44  -  T =     0.38 sec
  [prof  27] wall= 385.400 p=  8140 | ifo= 18.868(sd=1.033 nx=1.012 tfo=15.035 cnt=1.788) snap= 1.768 srm=155.038 sat= 36.986(set=9.321 slv=27.274 max=0.5392 n=8140) cex=R/T/F=103/0/44 trsplit=0 sim=169.102(rmp=4.045 run=164.963 n=1 d=125) chk= 0.025(d=36) stat= 0.887 rest= 2.726
  [incr r=27 repr=364 next=364 tfo=1053602 active=13423/364940 POs=3032]
 28 : c =    3749  cl = 178144  lit =  186643  p =  2821  d =   156  f =    55  -  T =     0.34 sec
  [prof  28] wall= 339.457 p=  3032 | ifo= 12.826(sd=1.019 nx=0.978 tfo=9.155 cnt=1.674) snap= 2.286 srm= 97.499 sat= 31.653(set=7.642 slv=23.847 max=0.3591 n=3032) cex=R/T/F=156/0/55 trsplit=0 sim=191.725(rmp=4.065 run=187.537 n=1 d=82) chk= 0.047(d=52) stat= 0.894 rest= 2.528
  [incr r=28 repr=1230 next=333 tfo=1059206 active=14701/364787 POs=3137]
 29 : c =    3666  cl = 178161  lit =  186512  p =  2946  d =   119  f =    72  -  T =     0.33 sec
  [prof  29] wall= 335.556 p=  3137 | ifo= 13.329(sd=1.066 nx=0.988 tfo=9.576 cnt=1.698) snap= 1.779 srm=108.449 sat= 28.223(set=6.447 slv=21.614 max=0.2510 n=3137) cex=R/T/F=119/0/72 trsplit=0 sim=180.243(rmp=4.039 run=176.118 n=1 d=59) chk= 0.033(d=72) stat= 0.879 rest= 2.620
  [incr r=29 repr=289 next=257 tfo=1038109 active=7656/364673 POs=2181]
 30 : c =    3612  cl = 178163  lit =  186344  p =  1997  d =   145  f =    39  -  T =     0.35 sec
  [prof  30] wall= 351.215 p=  2181 | ifo= 12.479(sd=1.059 nx=0.971 tfo=8.721 cnt=1.727) snap= 2.352 srm=106.313 sat= 24.278(set=7.898 slv=16.264 max=0.2638 n=2181) cex=R/T/F=145/0/39 trsplit=0 sim=201.646(rmp=4.126 run=197.424 n=1 d=138) chk= 0.027(d=30) stat= 1.148 rest= 2.970
  [incr r=30 repr=269 next=252 tfo=1034182 active=6986/364507 POs=2049]
 31 : c =    3565  cl = 178149  lit =  186256  p =  1942  d =    78  f =    29  -  T =     0.33 sec
  [prof  31] wall= 331.807 p=  2049 | ifo= 15.267(sd=1.276 nx=1.352 tfo=10.364 cnt=2.275) snap= 1.770 srm=109.595 sat= 18.548(set=6.784 slv=11.662 max=0.2618 n=2049) cex=R/T/F=78/0/29 trsplit=0 sim=182.812(rmp=5.008 run=177.710 n=1 d=60) chk= 0.004(d=28) stat= 0.930 rest= 2.880
  [incr r=31 repr=128 next=101 tfo=1023737 active=5703/364405 POs=2036]
 32 : c =    3501  cl = 178154  lit =  186210  p =  1968  d =    51  f =    17  -  T =     0.33 sec
  [prof  32] wall= 327.017 p=  2036 | ifo= 12.728(sd=1.056 nx=1.008 tfo=8.930 cnt=1.733) snap= 1.774 srm=115.275 sat= 15.321(set=6.574 slv=8.646 max=0.2159 n=2036) cex=R/T/F=51/0/17 trsplit=0 sim=178.439(rmp=4.054 run=174.295 n=1 d=30) chk= 0.007(d=16) stat= 0.901 rest= 2.572
  [incr r=32 repr=148 next=156 tfo=1020864 active=5493/364364 POs=2040]
 33 : c =    3452  cl = 178159  lit =  186166  p =  1952  d =    82  f =     6  -  T =     0.33 sec
  [prof  33] wall= 332.626 p=  2040 | ifo= 17.099(sd=1.092 nx=1.283 tfo=10.231 cnt=4.492) snap= 1.817 srm=107.366 sat= 15.604(set=6.942 slv=8.556 max=0.2237 n=2040) cex=R/T/F=82/0/6 trsplit=0 sim=186.974(rmp=8.423 run=178.459 n=1 d=39) chk= 0.008(d=5) stat= 0.888 rest= 2.871
  [incr r=33 repr=233 next=242 tfo=1021057 active=5600/364325 POs=2075]
 34 : c =    3370  cl = 178183  lit =  186093  p =  1962  d =    77  f =    36  -  T =     0.32 sec
  [prof  34] wall= 316.914 p=  2075 | ifo= 13.080(sd=1.048 nx=0.993 tfo=9.317 cnt=1.722) snap= 2.428 srm=108.263 sat= 19.370(set=7.695 slv=11.565 max=0.2302 n=2075) cex=R/T/F=77/0/36 trsplit=0 sim=170.093(rmp=4.987 run=165.013 n=1 d=39) chk= 0.029(d=34) stat= 0.884 rest= 2.767
  [incr r=34 repr=350 next=419 tfo=6811 active=1868/364276 POs=223]
 35 : c =    3344  cl = 178206  lit =  185939  p =    57  d =    84  f =    82  -  T =     0.28 sec
  [prof  35] wall= 281.292 p=   223 | ifo=  4.404(sd=1.060 nx=1.034 tfo=0.719 cnt=1.591) snap= 4.933 srm= 56.864 sat= 17.039(set=5.849 slv=11.170 max=0.1571 n=223) cex=R/T/F=84/0/82 trsplit=0 sim=193.948(rmp=5.291 run=188.566 n=1 d=75) chk= 0.010(d=79) stat= 1.223 rest= 2.871
  [incr r=35 repr=326 next=266 tfo=1020366 active=5459/364145 POs=2023]
 36 : c =    3333  cl = 178209  lit =  185838  p =  1948  d =    22  f =    53  -  T =     0.34 sec
  [prof  36] wall= 336.277 p=  2023 | ifo= 18.081(sd=1.460 nx=1.364 tfo=13.538 cnt=1.719) snap= 2.303 srm=124.010 sat= 21.533(set=7.720 slv=13.708 max=0.3620 n=2023) cex=R/T/F=22/0/53 trsplit=0 sim=166.735(rmp=4.219 run=162.428 n=1 d=51) chk= 0.043(d=50) stat= 0.887 rest= 2.684
  [incr r=36 repr=155 next=154 tfo=1020167 active=5296/364047 POs=1981]
 37 : c =    3291  cl = 178209  lit =  185776  p =  1923  d =    10  f =    48  -  T =     0.35 sec
  [prof  37] wall= 347.311 p=  1981 | ifo= 13.504(sd=1.048 nx=1.007 tfo=9.595 cnt=1.855) snap= 1.889 srm=110.158 sat= 23.423(set=7.110 slv=16.204 max=0.4598 n=1981) cex=R/T/F=10/0/48 trsplit=0 sim=194.849(rmp=4.101 run=190.662 n=1 d=17) chk= 0.007(d=45) stat= 0.872 rest= 2.609
  [incr r=37 repr=99 next=50 tfo=1020778 active=5296/363985 POs=1994]
 38 : c =    3268  cl = 178217  lit =  185725  p =  1938  d =    27  f =    29  -  T =     0.33 sec
  [prof  38] wall= 327.034 p=  1994 | ifo= 12.873(sd=1.068 nx=1.022 tfo=9.062 cnt=1.721) snap= 1.842 srm=107.313 sat= 16.294(set=6.823 slv=9.374 max=0.2191 n=1994) cex=R/T/F=27/0/29 trsplit=0 sim=185.097(rmp=4.217 run=180.789 n=1 d=22) chk= 0.024(d=29) stat= 0.923 rest= 2.669
  [incr r=38 repr=104 next=145 tfo=6214 active=1477/363942 POs=116]
 39 : c =    3203  cl = 178234  lit =  185647  p =    33  d =    40  f =    43  -  T =     0.26 sec
  [prof  39] wall= 262.013 p=   116 | ifo=  4.476(sd=1.164 nx=1.016 tfo=0.703 cnt=1.592) snap= 3.052 srm= 61.761 sat= 12.318(set=5.866 slv=6.440 max=0.3111 n=116) cex=R/T/F=40/0/43 trsplit=0 sim=176.961(rmp=4.586 run=172.288 n=1 d=39) chk= 0.005(d=39) stat= 0.884 rest= 2.555
  [incr r=39 repr=215 next=231 tfo=1021056 active=5408/363881 POs=2034]
 40 : c =    3100  cl = 178253  lit =  185577  p =  1950  d =    65  f =    19  -  T =     0.33 sec
  [prof  40] wall= 334.210 p=  2034 | ifo= 12.671(sd=1.035 nx=1.040 tfo=8.881 cnt=1.714) snap= 2.251 srm= 99.586 sat= 16.751(set=7.195 slv=9.453 max=0.2187 n=2034) cex=R/T/F=65/0/19 trsplit=0 sim=198.547(rmp=5.239 run=193.208 n=1 d=52) chk= 0.008(d=18) stat= 1.162 rest= 3.233
  [incr r=40 repr=340 next=375 tfo=6707 active=1819/363830 POs=228]
 41 : c =    3048  cl = 178270  lit =  185449  p =    67  d =    97  f =    64  -  T =     0.28 sec
  [prof  41] wall= 277.650 p=   228 | ifo=  5.775(sd=1.475 nx=1.386 tfo=0.884 cnt=2.031) snap= 1.757 srm= 58.583 sat= 15.509(set=5.048 slv=10.440 max=0.1628 n=228) cex=R/T/F=97/0/64 trsplit=0 sim=192.650(rmp=4.039 run=188.523 n=1 d=66) chk= 0.010(d=62) stat= 0.900 rest= 2.464
  [incr r=41 repr=1100 next=325 tfo=1024200 active=8412/363719 POs=2067]
 42 : c =    3043  cl = 178281  lit =  185359  p =  1967  d =    65  f =    35  -  T =     0.36 sec
  [prof  42] wall= 364.262 p=  2067 | ifo= 12.620(sd=1.051 nx=0.995 tfo=8.886 cnt=1.687) snap= 1.785 srm=109.650 sat= 19.337(set=6.655 slv=12.575 max=0.3175 n=2067) cex=R/T/F=65/0/35 trsplit=0 sim=216.692(rmp=4.203 run=212.385 n=1 d=56) chk= 0.029(d=34) stat= 1.149 rest= 2.999
  [incr r=42 repr=234 next=236 tfo=1020285 active=5203/363640 POs=2030]
 43 : c =    3031  cl = 178298  lit =  185286  p =  1935  d =    55  f =    40  -  T =     0.34 sec
  [prof  43] wall= 340.566 p=  2030 | ifo= 16.298(sd=1.354 nx=1.372 tfo=11.258 cnt=2.314) snap= 1.790 srm=108.201 sat= 20.065(set=6.823 slv=13.140 max=0.3097 n=2030) cex=R/T/F=55/0/40 trsplit=0 sim=190.352(rmp=5.043 run=185.220 n=1 d=37) chk= 0.009(d=36) stat= 0.919 rest= 2.931
  [incr r=43 repr=242 next=157 tfo=6607 active=1723/363584 POs=121]
 44 : c =    3013  cl = 178306  lit =  185207  p =    42  d =    51  f =    28  -  T =     0.26 sec
  [prof  44] wall= 265.030 p=   121 | ifo=  4.551(sd=1.088 nx=1.020 tfo=0.733 cnt=1.710) snap= 1.761 srm= 59.478 sat=  9.279(set=4.892 slv=4.376 max=0.2047 n=121) cex=R/T/F=51/0/28 trsplit=0 sim=186.397(rmp=3.933 run=182.371 n=1 d=55) chk= 0.025(d=24) stat= 0.935 rest= 2.603
  [incr r=44 repr=837 next=205 tfo=10625 active=5694/363513 POs=136]
 45 : c =    2998  cl = 178320  lit =  185127  p =    45  d =    43  f =    48  -  T =     0.25 sec
  [prof  45] wall= 251.109 p=   136 | ifo=  3.868(sd=1.101 nx=1.031 tfo=0.091 cnt=1.645) snap= 1.827 srm= 61.257 sat= 13.040(set=5.561 slv=7.466 max=0.2257 n=136) cex=R/T/F=43/0/48 trsplit=0 sim=167.642(rmp=4.805 run=162.744 n=1 d=35) chk= 0.028(d=45) stat= 0.934 rest= 2.513
  [incr r=45 repr=122 next=150 tfo=1019961 active=4944/363447 POs=1995]
 46 : c =    2972  cl = 178319  lit =  185053  p =  1928  d =    25  f =    42  -  T =     0.30 sec
  [prof  46] wall= 296.972 p=  1995 | ifo= 12.634(sd=1.033 nx=0.988 tfo=8.915 cnt=1.697) snap= 1.772 srm= 97.461 sat= 18.178(set=6.505 slv=11.576 max=0.2323 n=1995) cex=R/T/F=25/0/42 trsplit=0 sim=163.502(rmp=3.959 run=159.458 n=1 d=37) chk= 0.017(d=37) stat= 0.886 rest= 2.522
  [incr r=46 repr=87 next=88 tfo=1019834 active=4817/363372 POs=1962]
 47 : c =    2935  cl = 178317  lit =  185007  p =  1917  d =     9  f =    36  -  T =     0.32 sec
  [prof  47] wall= 325.363 p=  1962 | ifo= 12.995(sd=1.044 nx=0.996 tfo=9.261 cnt=1.693) snap= 1.767 srm=105.482 sat= 16.388(set=6.526 slv=9.766 max=0.2226 n=1962) cex=R/T/F=9/0/36 trsplit=0 sim=184.498(rmp=5.584 run=178.820 n=1 d=14) chk= 0.003(d=32) stat= 1.027 rest= 3.203
  [incr r=47 repr=51 next=18 tfo=1019719 active=4730/363324 POs=1959]
 48 : c =    2856  cl = 178319  lit =  184980  p =  1921  d =    27  f =    11  -  T =     0.32 sec
  [prof  48] wall= 325.448 p=  1959 | ifo= 12.844(sd=1.024 nx=1.001 tfo=9.077 cnt=1.742) snap= 1.830 srm= 97.577 sat= 14.118(set=6.550 slv=7.464 max=0.2159 n=1959) cex=R/T/F=27/0/11 trsplit=0 sim=195.470(rmp=4.995 run=190.383 n=1 d=16) chk= 0.003(d=11) stat= 0.885 rest= 2.721
  [incr r=48 repr=163 next=166 tfo=1020765 active=5082/363299 POs=2055]
 49 : c =    2702  cl = 178334  lit =  184955  p =  1973  d =    81  f =     1  -  T =     0.33 sec
  [prof  49] wall= 335.347 p=  2055 | ifo= 12.862(sd=1.031 nx=1.027 tfo=9.107 cnt=1.698) snap= 2.263 srm=108.330 sat= 15.361(set=7.204 slv=8.053 max=0.2217 n=2055) cex=R/T/F=81/0/1 trsplit=0 sim=192.232(rmp=4.675 run=187.459 n=1 d=24) chk= 0.006(d=1) stat= 1.107 rest= 3.185
  [incr r=49 repr=449 next=517 tfo=6904 active=2027/363289 POs=308]
 50 : c =    2695  cl = 178362  lit =  184862  p =    96  d =   167  f =    45  -  T =     0.29 sec
  [prof  50] wall= 289.262 p=   308 | ifo=  5.747(sd=1.346 nx=1.443 tfo=0.883 cnt=2.076) snap= 2.253 srm= 64.739 sat= 14.641(set=5.486 slv=9.121 max=0.1466 n=308) cex=R/T/F=167/0/45 trsplit=0 sim=197.680(rmp=5.356 run=192.228 n=1 d=51) chk= 0.011(d=42) stat= 1.106 rest= 3.085
  [incr r=50 repr=1070 next=385 tfo=1022939 active=7677/363224 POs=2140]
 51 : c =    2685  cl = 178399  lit =  184718  p =  1962  d =   106  f =    72  -  T =     0.33 sec
  [prof  51] wall= 333.367 p=  2140 | ifo= 15.533(sd=1.312 nx=1.450 tfo=10.403 cnt=2.368) snap= 2.262 srm=108.404 sat= 24.736(set=7.180 slv=17.445 max=0.3125 n=2140) cex=R/T/F=106/0/72 trsplit=0 sim=178.005(rmp=5.023 run=172.879 n=1 d=79) chk= 0.014(d=65) stat= 1.121 rest= 3.293
  [incr r=51 repr=396 next=335 tfo=1021048 active=5145/363117 POs=2093]
 52 : c =    2668  cl = 178408  lit =  184597  p =  1960  d =    84  f =    49  -  T =     0.35 sec
  [prof  52] wall= 354.703 p=  2093 | ifo= 16.000(sd=1.317 nx=1.377 tfo=10.967 cnt=2.339) snap= 2.285 srm=119.210 sat= 22.032(set=7.540 slv=14.383 max=0.3037 n=2093) cex=R/T/F=84/0/49 trsplit=0 sim=190.023(rmp=4.920 run=185.008 n=1 d=82) chk= 0.015(d=39) stat= 1.486 rest= 3.654
  [incr r=52 repr=264 next=224 tfo=1021553 active=5036/363005 POs=2053]
 53 : c =    2661  cl = 178414  lit =  184515  p =  1961  d =    39  f =    53  -  T =     0.32 sec
  [prof  53] wall= 318.230 p=  2053 | ifo= 16.157(sd=1.425 nx=1.306 tfo=11.039 cnt=2.386) snap= 2.254 srm=108.589 sat= 20.143(set=7.772 slv=12.268 max=0.3020 n=2053) cex=R/T/F=39/0/53 trsplit=0 sim=167.647(rmp=3.895 run=163.662 n=1 d=41) chk= 0.033(d=41) stat= 0.881 rest= 2.525
  [incr r=53 repr=141 next=157 tfo=6213 active=1447/362929 POs=104]
 54 : c =    2617  cl = 178429  lit =  184433  p =    32  d =    50  f =    22  -  T =     0.24 sec
  [prof  54] wall= 238.310 p=   104 | ifo=  4.419(sd=1.076 nx=1.001 tfo=0.738 cnt=1.604) snap= 1.768 srm= 56.770 sat=  9.431(set=5.059 slv=4.362 max=0.2077 n=104) cex=R/T/F=50/0/22 trsplit=0 sim=162.611(rmp=3.957 run=158.566 n=1 d=64) chk= 0.015(d=18) stat= 0.885 rest= 2.410
  [incr r=54 repr=168 next=194 tfo=1021284 active=4799/362862 POs=2048]
 55 : c =    2605  cl = 178429  lit =  184355  p =  1956  d =    48  f =    44  -  T =     0.34 sec
  [prof  55] wall= 336.325 p=  2048 | ifo= 12.647(sd=1.045 nx=0.993 tfo=8.900 cnt=1.708) snap= 1.778 srm=105.462 sat= 19.241(set=6.502 slv=12.638 max=0.3078 n=2048) cex=R/T/F=48/0/44 trsplit=0 sim=193.002(rmp=3.952 run=188.925 n=1 d=41) chk= 0.024(d=37) stat= 1.149 rest= 3.021
  [incr r=55 repr=127 next=126 tfo=1020260 active=4542/362784 POs=1986]
 56 : c =    2582  cl = 178427  lit =  184291  p =  1925  d =    23  f =    38  -  T =     0.34 sec
  [prof  56] wall= 336.231 p=  1986 | ifo= 15.736(sd=1.344 nx=1.343 tfo=10.679 cnt=2.370) snap= 2.318 srm=108.215 sat= 19.427(set=7.249 slv=12.080 max=0.3009 n=1986) cex=R/T/F=23/0/38 trsplit=0 sim=187.038(rmp=3.959 run=182.983 n=1 d=32) chk= 0.018(d=32) stat= 0.899 rest= 2.580
  [incr r=56 repr=90 next=73 tfo=1020075 active=4530/362718 POs=1982]
 57 : c =    2544  cl = 178430  lit =  184247  p =  1932  d =    22  f =    28  -  T =     0.30 sec
  [prof  57] wall= 304.359 p=  1982 | ifo= 12.366(sd=1.030 nx=1.008 tfo=8.611 cnt=1.716) snap= 1.790 srm=101.928 sat= 16.950(set=6.666 slv=10.184 max=0.3491 n=1982) cex=R/T/F=22/0/28 trsplit=0 sim=167.864(rmp=4.142 run=163.636 n=1 d=19) chk= 0.012(d=25) stat= 0.880 rest= 2.570
  [incr r=57 repr=95 next=104 tfo=5647 active=1241/362677 POs=104]
 58 : c =    2501  cl = 178438  lit =  184198  p =    41  d =    41  f =    22  -  T =     0.25 sec
  [prof  58] wall= 246.443 p=   104 | ifo=  4.461(sd=1.071 nx=1.039 tfo=0.734 cnt=1.618) snap= 1.810 srm= 56.273 sat=  8.450(set=5.149 slv=3.290 max=0.2163 n=104) cex=R/T/F=41/0/22 trsplit=0 sim=171.776(rmp=3.983 run=167.690 n=1 d=29) chk= 0.011(d=20) stat= 0.903 rest= 2.758
  [incr r=58 repr=639 next=159 tfo=1023103 active=6870/362636 POs=2017]
 59 : c =    2466  cl = 178455  lit =  184125  p =  1938  d =    54  f =    25  -  T =     0.30 sec
  [prof  59] wall= 304.433 p=  2017 | ifo= 12.053(sd=1.037 nx=0.992 tfo=8.309 cnt=1.715) snap= 1.759 srm= 99.777 sat= 17.106(set=6.640 slv=10.362 max=0.3453 n=2017) cex=R/T/F=54/0/25 trsplit=0 sim=170.129(rmp=4.164 run=165.877 n=1 d=49) chk= 0.014(d=24) stat= 0.956 rest= 2.639
  [incr r=59 repr=159 next=181 tfo=1019841 active=4515/362580 POs=2011]
 60 : c =    2437  cl = 178462  lit =  184051  p =  1931  d =    46  f =    34  -  T =     0.37 sec
  [prof  60] wall= 369.509 p=  2011 | ifo= 12.992(sd=1.032 nx=1.005 tfo=9.260 cnt=1.695) snap= 1.816 srm=100.118 sat= 17.837(set=6.728 slv=11.006 max=0.2196 n=2011) cex=R/T/F=46/0/34 trsplit=0 sim=232.295(rmp=4.148 run=228.051 n=1 d=42) chk= 0.011(d=32) stat= 1.193 rest= 3.248
  [incr r=60 repr=140 next=139 tfo=1019582 active=4491/362513 POs=1986]
 61 : c =    2392  cl = 178474  lit =  183978  p =  1917  d =    33  f =    36  -  T =     0.33 sec
  [prof  61] wall= 328.163 p=  1986 | ifo= 16.477(sd=1.341 nx=1.347 tfo=11.268 cnt=2.520) snap= 1.792 srm=110.826 sat= 17.223(set=6.952 slv=10.171 max=0.2292 n=1986) cex=R/T/F=33/0/36 trsplit=0 sim=178.425(rmp=4.058 run=174.275 n=1 d=39) chk= 0.011(d=34) stat= 0.889 rest= 2.520
  [incr r=61 repr=137 next=145 tfo=5380 active=1315/362452 POs=109]
 62 : c =    2344  cl = 178483  lit =  183924  p =    40  d =    44  f =    25  -  T =     0.26 sec
  [prof  62] wall= 261.401 p=   109 | ifo=  4.427(sd=1.029 nx=1.063 tfo=0.716 cnt=1.619) snap= 2.797 srm= 58.304 sat=  9.066(set=5.273 slv=3.783 max=0.1871 n=109) cex=R/T/F=44/0/25 trsplit=0 sim=183.467(rmp=4.155 run=179.218 n=1 d=33) chk= 0.010(d=21) stat= 0.889 rest= 2.441
  [incr r=62 repr=160 next=185 tfo=1019562 active=4508/362407 POs=2037]
 63 : c =    2326  cl = 178500  lit =  183855  p =  1947  d =    60  f =    30  -  T =     0.34 sec
  [prof  63] wall= 338.571 p=  2037 | ifo= 12.533(sd=1.072 nx=1.001 tfo=8.762 cnt=1.698) snap= 1.781 srm=104.471 sat= 18.247(set=6.524 slv=11.618 max=0.2235 n=2037) cex=R/T/F=60/0/30 trsplit=0 sim=198.065(rmp=5.697 run=192.274 n=1 d=42) chk= 0.010(d=27) stat= 0.884 rest= 2.581
  [incr r=63 repr=158 next=167 tfo=5454 active=1389/362355 POs=101]
 64 : c =    2294  cl = 178512  lit =  183793  p =    28  d =    49  f =    24  -  T =     0.26 sec
  [prof  64] wall= 265.880 p=   101 | ifo=  4.403(sd=1.051 nx=1.039 tfo=0.714 cnt=1.599) snap= 1.766 srm= 57.234 sat=  7.919(set=5.107 slv=2.801 max=0.1781 n=101) cex=R/T/F=49/0/24 trsplit=0 sim=190.445(rmp=4.079 run=186.266 n=1 d=40) chk= 0.007(d=22) stat= 1.176 rest= 2.930
  [incr r=64 repr=123 next=128 tfo=1019358 active=4352/362305 POs=1991]
 65 : c =    2251  cl = 178516  lit =  183729  p =  1920  d =    34  f =    37  -  T =     0.37 sec
  [prof  65] wall= 374.787 p=  1991 | ifo= 15.406(sd=1.351 nx=1.376 tfo=10.367 cnt=2.312) snap= 2.319 srm=108.780 sat= 18.150(set=7.773 slv=10.278 max=0.2191 n=1991) cex=R/T/F=34/0/37 trsplit=0 sim=225.714(rmp=5.047 run=220.568 n=1 d=30) chk= 0.017(d=34) stat= 1.155 rest= 3.246
  [incr r=65 repr=139 next=161 tfo=4782 active=1292/362245 POs=128]
 66 : c =    2216  cl = 178530  lit =  183666  p =    43  d =    53  f =    32  -  T =     0.29 sec
  [prof  66] wall= 290.509 p=   128 | ifo=  5.551(sd=1.385 nx=1.347 tfo=0.822 cnt=1.998) snap= 2.275 srm= 64.306 sat= 10.009(set=5.754 slv=4.243 max=0.1635 n=128) cex=R/T/F=53/0/32 trsplit=0 sim=204.783(rmp=4.967 run=199.726 n=1 d=34) chk= 0.007(d=29) stat= 0.887 rest= 2.690
  [incr r=66 repr=594 next=158 tfo=1021228 active=6088/362196 POs=2009]
 67 : c =    2186  cl = 178547  lit =  183590  p =  1924  d =    54  f =    31  -  T =     0.31 sec
  [prof  67] wall= 312.518 p=  2009 | ifo= 12.588(sd=1.047 nx=1.007 tfo=8.824 cnt=1.709) snap= 1.801 srm=106.246 sat= 17.459(set=6.758 slv=10.601 max=0.2172 n=2009) cex=R/T/F=54/0/31 trsplit=0 sim=170.666(rmp=4.345 run=166.224 n=1 d=50) chk= 0.008(d=26) stat= 0.897 rest= 2.853
  [incr r=67 repr=143 next=145 tfo=5258 active=1344/362137 POs=111]
 68 : c =    2136  cl = 178550  lit =  183526  p =    34  d =    52  f =    25  -  T =     0.24 sec
  [prof  68] wall= 239.266 p=   111 | ifo=  4.327(sd=1.052 nx=0.998 tfo=0.691 cnt=1.586) snap= 1.756 srm= 57.195 sat=  8.927(set=5.011 slv=3.904 max=0.1645 n=111) cex=R/T/F=52/0/25 trsplit=0 sim=163.735(rmp=4.125 run=159.524 n=1 d=41) chk= 0.011(d=23) stat= 0.880 rest= 2.436
  [incr r=68 repr=182 next=217 tfo=1019601 active=4439/362076 POs=2042]
 69 : c =    2048  cl = 178568  lit =  183464  p =  1956  d =    63  f =    23  -  T =     0.36 sec
  [prof  69] wall= 365.868 p=  2042 | ifo= 14.752(sd=1.116 nx=1.349 tfo=9.959 cnt=2.328) snap= 1.814 srm=109.719 sat= 17.451(set=6.424 slv=10.921 max=0.2142 n=2042) cex=R/T/F=63/0/23 trsplit=0 sim=218.019(rmp=4.003 run=213.892 n=1 d=40) chk= 0.012(d=22) stat= 1.096 rest= 3.006
  [incr r=69 repr=309 next=355 tfo=4313 active=1418/362032 POs=192]
 70 : c =    2025  cl = 178582  lit =  183379  p =    55  d =    90  f =    47  -  T =     0.29 sec
  [prof  70] wall= 288.019 p=   192 | ifo=  5.722(sd=1.348 nx=1.405 tfo=0.913 cnt=2.056) snap= 2.283 srm= 65.006 sat= 13.057(set=5.746 slv=7.292 max=0.1944 n=192) cex=R/T/F=90/0/47 trsplit=0 sim=197.832(rmp=4.101 run=193.629 n=1 d=39) chk= 0.020(d=46) stat= 1.140 rest= 2.957
  [incr r=70 repr=593 next=249 tfo=1021773 active=5910/361961 POs=2018]
 71 : c =    2012  cl = 178582  lit =  183274  p =  1932  d =    33  f =    53  -  T =     0.33 sec
  [prof  71] wall= 335.282 p=  2018 | ifo= 14.866(sd=1.310 nx=1.379 tfo=9.885 cnt=2.292) snap= 1.749 srm=113.584 sat= 20.227(set=6.586 slv=13.542 max=0.3344 n=2018) cex=R/T/F=33/0/53 trsplit=0 sim=180.713(rmp=4.057 run=176.562 n=1 d=53) chk= 0.023(d=52) stat= 1.161 rest= 2.958
  [incr r=71 repr=124 next=148 tfo=1019220 active=4177/361856 POs=1970]
 72 : c =    1976  cl = 178585  lit =  183200  p =  1904  d =    20  f =    46  -  T =     0.32 sec
  [prof  72] wall= 325.591 p=  1970 | ifo= 16.030(sd=1.280 nx=1.391 tfo=10.993 cnt=2.365) snap= 1.777 srm=107.277 sat= 18.728(set=6.439 slv=12.193 max=0.3105 n=1970) cex=R/T/F=20/0/46 trsplit=0 sim=177.671(rmp=5.139 run=172.438 n=1 d=33) chk= 0.005(d=41) stat= 1.148 rest= 2.956
  [incr r=72 repr=133 next=73 tfo=1018696 active=4025/361785 POs=1981]
 73 : c =    1927  cl = 178598  lit =  183124  p =  1907  d =    40  f =    34  -  T =     0.32 sec
  [prof  73] wall= 317.095 p=  1981 | ifo= 15.512(sd=1.348 nx=1.420 tfo=10.937 cnt=1.807) snap= 1.824 srm= 98.606 sat= 17.012(set=6.442 slv=10.472 max=0.2224 n=1981) cex=R/T/F=40/0/34 trsplit=0 sim=179.925(rmp=4.025 run=175.802 n=1 d=44) chk= 0.005(d=32) stat= 1.131 rest= 3.080
  [incr r=73 repr=177 next=144 tfo=1019247 active=4109/361722 POs=2013]
 74 : c =    1876  cl = 178614  lit =  183061  p =  1920  d =    83  f =    10  -  T =     0.35 sec
  [prof  74] wall= 355.733 p=  2013 | ifo= 15.876(sd=1.320 nx=1.394 tfo=10.850 cnt=2.312) snap= 2.294 srm=109.848 sat= 17.006(set=7.214 slv=9.680 max=0.2222 n=2013) cex=R/T/F=83/0/10 trsplit=0 sim=206.610(rmp=3.959 run=202.548 n=1 d=58) chk= 0.004(d=5) stat= 1.170 rest= 2.924
  [incr r=74 repr=209 next=252 tfo=5061 active=1451/361675 POs=157]
 75 : c =    1835  cl = 178626  lit =  183004  p =    55  d =    86  f =    16  -  T =     0.25 sec
  [prof  75] wall= 255.104 p=   157 | ifo=  5.617(sd=1.321 nx=1.363 tfo=0.876 cnt=2.058) snap= 1.763 srm= 58.937 sat=  7.932(set=5.043 slv=2.874 max=0.1587 n=157) cex=R/T/F=86/0/16 trsplit=0 sim=177.370(rmp=4.093 run=173.180 n=1 d=43) chk= 0.009(d=14) stat= 0.886 rest= 2.590
  [incr r=75 repr=230 next=295 tfo=1019404 active=4244/361630 POs=2054]
 76 : c =    1811  cl = 178656  lit =  182910  p =  1938  d =    80  f =    36  -  T =     0.33 sec
  [prof  76] wall= 333.260 p=  2054 | ifo= 12.921(sd=1.035 nx=0.957 tfo=9.185 cnt=1.743) snap= 1.808 srm=101.405 sat= 18.516(set=6.655 slv=11.755 max=0.2253 n=2054) cex=R/T/F=80/0/36 trsplit=0 sim=194.560(rmp=4.141 run=190.295 n=1 d=59) chk= 0.015(d=35) stat= 1.114 rest= 2.922
  [incr r=76 repr=212 next=266 tfo=1020071 active=4287/361566 POs=2045]
 77 : c =    1772  cl = 178677  lit =  182794  p =  1932  d =    65  f =    48  -  T =     0.35 sec
  [prof  77] wall= 351.363 p=  2045 | ifo= 15.211(sd=1.297 nx=1.385 tfo=10.196 cnt=2.334) snap= 2.283 srm=118.344 sat= 20.261(set=7.542 slv=12.615 max=0.2210 n=2045) cex=R/T/F=65/0/48 trsplit=0 sim=191.006(rmp=4.190 run=186.720 n=1 d=73) chk= 0.010(d=43) stat= 1.144 rest= 3.102
  [incr r=77 repr=191 next=201 tfo=3068 active=1179/361471 POs=120]
 78 : c =    1732  cl = 178675  lit =  182697  p =    28  d =    41  f =    51  -  T =     0.30 sec
  [prof  78] wall= 301.165 p=   120 | ifo=  5.556(sd=1.304 nx=1.374 tfo=0.876 cnt=2.002) snap= 2.270 srm= 64.275 sat= 12.662(set=5.464 slv=7.186 max=0.1865 n=120) cex=R/T/F=41/0/51 trsplit=0 sim=212.159(rmp=5.394 run=206.659 n=1 d=56) chk= 0.008(d=41) stat= 1.118 rest= 3.118
  [incr r=78 repr=144 next=131 tfo=1019829 active=4059/361372 POs=1999]
 79 : c =    1683  cl = 178670  lit =  182639  p =  1926  d =    41  f =    32  -  T =     0.31 sec
  [prof  79] wall= 314.779 p=  1999 | ifo= 13.609(sd=1.358 nx=1.330 tfo=9.209 cnt=1.711) snap= 1.765 srm= 98.488 sat= 17.020(set=6.604 slv=10.319 max=0.3397 n=1999) cex=R/T/F=41/0/32 trsplit=0 sim=180.213(rmp=3.978 run=176.140 n=1 d=31) chk= 0.008(d=27) stat= 1.021 rest= 2.656
  [incr r=79 repr=150 next=182 tfo=2784 active=1175/361309 POs=130]
 80 : c =    1634  cl = 178681  lit =  182600  p =    51  d =    63  f =    16  -  T =     0.24 sec
  [prof  80] wall= 244.833 p=   130 | ifo=  4.493(sd=1.150 nx=0.997 tfo=0.739 cnt=1.608) snap= 1.778 srm= 56.201 sat=  7.747(set=5.002 slv=2.732 max=0.1834 n=130) cex=R/T/F=63/0/16 trsplit=0 sim=171.267(rmp=4.037 run=167.135 n=1 d=24) chk= 0.007(d=15) stat= 0.913 rest= 2.427
  [incr r=80 repr=183 next=242 tfo=1019163 active=4005/361281 POs=2050]
 81 : c =    1618  cl = 178712  lit =  182509  p =  1942  d =    72  f =    36  -  T =     0.33 sec
  [prof  81] wall= 328.297 p=  2050 | ifo= 13.727(sd=1.073 nx=0.991 tfo=9.368 cnt=2.295) snap= 2.287 srm=112.118 sat= 19.232(set=6.824 slv=12.305 max=0.2174 n=2050) cex=R/T/F=72/0/36 trsplit=0 sim=176.798(rmp=4.196 run=172.511 n=1 d=56) chk= 0.015(d=35) stat= 1.125 rest= 2.995
  [incr r=81 repr=216 next=244 tfo=4406 active=1316/361221 POs=135]
 82 : c =    1588  cl = 178722  lit =  182401  p =    27  d =    63  f =    45  -  T =     0.28 sec
  [prof  82] wall= 280.522 p=   135 | ifo=  5.648(sd=1.319 nx=1.499 tfo=0.839 cnt=1.992) snap= 2.239 srm= 62.838 sat= 12.077(set=5.587 slv=6.476 max=0.1902 n=135) cex=R/T/F=63/0/45 trsplit=0 sim=194.111(rmp=5.807 run=188.213 n=1 d=67) chk= 0.007(d=41) stat= 0.904 rest= 2.698
  [incr r=82 repr=163 next=169 tfo=1018933 active=3815/361123 POs=1990]
 83 : c =    1546  cl = 178716  lit =  182325  p =  1913  d =    39  f =    38  -  T =     0.33 sec
  [prof  83] wall= 335.176 p=  1990 | ifo= 12.932(sd=1.035 nx=1.045 tfo=9.067 cnt=1.786) snap= 1.794 srm=102.413 sat= 17.539(set=6.689 slv=10.751 max=0.2206 n=1990) cex=R/T/F=39/0/38 trsplit=0 sim=196.988(rmp=4.006 run=192.876 n=1 d=41) chk= 0.007(d=35) stat= 0.885 rest= 2.617
  [incr r=83 repr=118 next=114 tfo=2016 active=993/361041 POs=98]
 84 : c =    1491  cl = 178720  lit =  182275  p =    29  d =    44  f =    25  -  T =     0.27 sec
  [prof  84] wall= 270.921 p=    98 | ifo=  5.459(sd=1.291 nx=1.379 tfo=0.808 cnt=1.981) snap= 2.293 srm= 66.642 sat=  9.299(set=5.634 slv=3.654 max=0.1794 n=98) cex=R/T/F=44/0/25 trsplit=0 sim=183.663(rmp=5.041 run=178.526 n=1 d=28) chk= 0.006(d=22) stat= 0.907 rest= 2.654
  [incr r=84 repr=158 next=197 tfo=1018967 active=3821/360995 POs=2066]
 85 : c =    1467  cl = 178738  lit =  182204  p =  1962  d =    72  f =    32  -  T =     0.32 sec
  [prof  85] wall= 318.046 p=  2066 | ifo= 12.798(sd=1.047 nx=1.016 tfo=9.013 cnt=1.721) snap= 1.790 srm=110.409 sat= 20.101(set=6.655 slv=13.337 max=0.2266 n=2066) cex=R/T/F=72/0/32 trsplit=0 sim=169.360(rmp=3.938 run=165.335 n=1 d=41) chk= 0.009(d=30) stat= 0.928 rest= 2.651
  [incr r=85 repr=195 next=225 tfo=1018983 active=3794/360942 POs=2015]
 86 : c =    1435  cl = 178760  lit =  182126  p =  1928  d =    64  f =    23  -  T =     0.36 sec
  [prof  86] wall= 362.147 p=  2015 | ifo= 16.435(sd=1.661 nx=1.470 tfo=10.967 cnt=2.337) snap= 1.820 srm=114.394 sat= 16.999(set=6.708 slv=10.190 max=0.2195 n=2015) cex=R/T/F=64/0/23 trsplit=0 sim=208.256(rmp=4.186 run=203.974 n=1 d=58) chk= 0.006(d=20) stat= 1.146 rest= 3.090
  [incr r=86 repr=175 next=184 tfo=1018897 active=3744/360886 POs=2019]
 87 : c =    1420  cl = 178769  lit =  182050  p =  1938  d =    44  f =    37  -  T =     0.34 sec
  [prof  87] wall= 340.012 p=  2019 | ifo= 15.801(sd=1.358 nx=1.397 tfo=10.678 cnt=2.369) snap= 1.770 srm=106.816 sat= 17.603(set=6.542 slv=10.959 max=0.2199 n=2019) cex=R/T/F=44/0/37 trsplit=0 sim=193.569(rmp=5.441 run=188.017 n=1 d=45) chk= 0.013(d=31) stat= 1.180 rest= 3.261
  [incr r=87 repr=136 next=157 tfo=3892 active=1155/360819 POs=87]
 88 : c =    1389  cl = 178774  lit =  181986  p =    20  d =    31  f =    36  -  T =     0.27 sec
  [prof  88] wall= 275.463 p=    87 | ifo=  5.593(sd=1.329 nx=1.413 tfo=0.845 cnt=2.006) snap= 1.783 srm= 59.720 sat=  9.723(set=5.118 slv=4.596 max=0.1624 n=87) cex=R/T/F=31/0/36 trsplit=0 sim=194.628(rmp=3.989 run=190.548 n=1 d=31) chk= 0.004(d=33) stat= 1.109 rest= 2.903
  [incr r=88 repr=92 next=78 tfo=1018622 active=3557/360760 POs=1978]
 89 : c =    1369  cl = 178770  lit =  181932  p =  1924  d =    16  f =    38  -  T =     0.36 sec
  [prof  89] wall= 356.930 p=  1978 | ifo= 15.580(sd=1.334 nx=1.419 tfo=10.477 cnt=2.349) snap= 2.328 srm=113.187 sat= 17.470(set=6.946 slv=10.429 max=0.2165 n=1978) cex=R/T/F=16/0/38 trsplit=0 sim=204.326(rmp=3.957 run=200.271 n=1 d=19) chk= 0.010(d=35) stat= 1.123 rest= 2.907
  [incr r=89 repr=65 next=72 tfo=1018496 active=3449/360702 POs=1951]
 90 : c =    1324  cl = 178775  lit =  181894  p =  1908  d =    18  f =    25  -  T =     0.34 sec
  [prof  90] wall= 336.242 p=  1951 | ifo= 13.794(sd=1.295 nx=1.371 tfo=9.396 cnt=1.732) snap= 1.838 srm=108.053 sat= 15.639(set=6.609 slv=8.935 max=0.2194 n=1951) cex=R/T/F=18/0/25 trsplit=0 sim=192.785(rmp=3.961 run=188.726 n=1 d=15) chk= 0.004(d=23) stat= 1.126 rest= 3.003
  [incr r=90 repr=86 next=87 tfo=1018534 active=3454/360669 POs=1979]
 91 : c =    1288  cl = 178787  lit =  181853  p =  1927  d =    34  f =    18  -  T =     0.31 sec
  [prof  91] wall= 314.074 p=  1979 | ifo= 15.671(sd=1.295 nx=1.414 tfo=10.798 cnt=2.164) snap= 2.306 srm=104.373 sat= 16.338(set=7.281 slv=8.960 max=0.2193 n=1979) cex=R/T/F=34/0/18 trsplit=0 sim=171.669(rmp=4.884 run=166.692 n=1 d=23) chk= 0.004(d=18) stat= 0.889 rest= 2.824
  [incr r=91 repr=112 next=125 tfo=1018521 active=3465/360640 POs=2003]
 92 : c =    1233  cl = 178803  lit =  181793  p =  1929  d =    62  f =    12  -  T =     0.32 sec
  [prof  92] wall= 317.964 p=  2003 | ifo= 12.812(sd=1.060 nx=0.995 tfo=9.044 cnt=1.713) snap= 2.284 srm=108.157 sat= 16.929(set=7.282 slv=9.546 max=0.2210 n=2003) cex=R/T/F=62/0/12 trsplit=0 sim=173.559(rmp=5.099 run=168.363 n=1 d=52) chk= 0.004(d=8) stat= 1.098 rest= 3.121
  [incr r=92 repr=198 next=221 tfo=1018801 active=3604/360596 POs=2037]
 93 : c =    1221  cl = 178812  lit =  181740  p =  1953  d =    61  f =    23  -  T =     0.34 sec
  [prof  93] wall= 345.162 p=  2037 | ifo= 16.085(sd=1.328 nx=1.390 tfo=10.880 cnt=2.487) snap= 2.299 srm=109.363 sat= 17.394(set=7.238 slv=10.054 max=0.2175 n=2037) cex=R/T/F=61/0/23 trsplit=0 sim=196.543(rmp=4.006 run=192.444 n=1 d=33) chk= 0.007(d=20) stat= 0.922 rest= 2.549
  [incr r=93 repr=316 next=187 tfo=1019045 active=3839/360552 POs=2009]
 94 : c =    1194  cl = 178834  lit =  181667  p =  1926  d =    48  f =    35  -  T =     0.33 sec
  [prof  94] wall= 328.214 p=  2009 | ifo= 12.877(sd=1.035 nx=1.000 tfo=9.059 cnt=1.783) snap= 1.805 srm=106.661 sat= 17.496(set=6.670 slv=10.727 max=0.2165 n=2009) cex=R/T/F=48/0/35 trsplit=0 sim=185.335(rmp=3.938 run=181.302 n=1 d=41) chk= 0.007(d=32) stat= 1.112 rest= 2.922
  [incr r=94 repr=153 next=155 tfo=1018585 active=3460/360501 POs=2002]
 95 : c =    1184  cl = 178837  lit =  181581  p =  1932  d =    33  f =    37  -  T =     0.34 sec
  [prof  95] wall= 342.756 p=  2002 | ifo= 16.006(sd=1.322 nx=1.457 tfo=10.876 cnt=2.350) snap= 1.987 srm=111.625 sat= 18.230(set=7.549 slv=10.582 max=0.3105 n=2002) cex=R/T/F=33/0/37 trsplit=0 sim=191.402(rmp=4.026 run=187.280 n=1 d=52) chk= 0.009(d=34) stat= 0.912 rest= 2.585
  [incr r=95 repr=118 next=131 tfo=1018395 active=3331/360418 POs=1961]
 96 : c =    1165  cl = 178838  lit =  181541  p =  1916  d =    12  f =    33  -  T =     0.32 sec
  [prof  96] wall= 320.738 p=  1961 | ifo= 12.819(sd=1.032 nx=1.002 tfo=9.052 cnt=1.732) snap= 1.820 srm=102.264 sat= 17.100(set=6.741 slv=10.261 max=0.3105 n=1961) cex=R/T/F=12/0/33 trsplit=0 sim=183.043(rmp=4.972 run=177.978 n=1 d=10) chk= 0.008(d=30) stat= 0.893 rest= 2.791
  [incr r=96 repr=158 next=60 tfo=1018534 active=3499/360379 POs=1968]
 97 : c =    1150  cl = 178839  lit =  181500  p =  1922  d =    18  f =    28  -  T =     0.32 sec
  [prof  97] wall= 317.315 p=  1968 | ifo= 12.947(sd=1.045 nx=1.008 tfo=9.158 cnt=1.735) snap= 1.798 srm=104.410 sat= 16.357(set=6.644 slv=9.614 max=0.2192 n=1968) cex=R/T/F=18/0/28 trsplit=0 sim=177.829(rmp=4.035 run=173.701 n=1 d=15) chk= 0.006(d=26) stat= 0.909 rest= 3.059
  [incr r=97 repr=52 next=61 tfo=1014 active=613/360339 POs=49]
 98 : c =    1119  cl = 178836  lit =  181453  p =     6  d =    13  f =    30  -  T =     0.25 sec
  [prof  98] wall= 255.895 p=    49 | ifo=  4.355(sd=1.084 nx=1.002 tfo=0.660 cnt=1.609) snap= 1.863 srm= 56.165 sat=  7.636(set=5.212 slv=2.418 max=0.1204 n=49) cex=R/T/F=13/0/30 trsplit=0 sim=181.898(rmp=4.007 run=177.795 n=1 d=18) chk= 0.003(d=29) stat= 1.133 rest= 2.841
  [incr r=98 repr=54 next=32 tfo=1019992 active=3249/360289 POs=1954]
 99 : c =    1077  cl = 178839  lit =  181428  p =  1922  d =    17  f =    15  -  T =     0.35 sec
  [prof  99] wall= 346.354 p=  1954 | ifo= 16.030(sd=1.318 nx=1.433 tfo=10.866 cnt=2.412) snap= 2.295 srm=116.131 sat= 15.573(set=7.569 slv=7.908 max=0.2325 n=1954) cex=R/T/F=17/0/15 trsplit=0 sim=192.780(rmp=4.092 run=188.593 n=1 d=10) chk= 0.004(d=15) stat= 0.907 rest= 2.636
  [incr r=99 repr=82 next=90 tfo=1018928 active=3149/360267 POs=1987]
100 : c =    1034  cl = 178851  lit =  181405  p =  1940  d =    45  f =     2  -  T =     0.31 sec
  [prof 100] wall= 312.471 p=  1987 | ifo= 13.007(sd=1.048 nx=0.997 tfo=9.239 cnt=1.724) snap= 1.811 srm=101.569 sat= 14.254(set=6.716 slv=7.438 max=0.2190 n=1987) cex=R/T/F=45/0/2 trsplit=0 sim=178.307(rmp=4.103 run=174.100 n=1 d=21) chk= 0.003(d=2) stat= 0.950 rest= 2.571
  [incr r=100 repr=149 next=176 tfo=2852 active=892/360256 POs=143]
101 : c =    1017  cl = 178872  lit =  181349  p =    57  d =    69  f =    17  -  T =     0.26 sec
  [prof 101] wall= 263.157 p=   143 | ifo=  4.344(sd=1.051 nx=0.977 tfo=0.701 cnt=1.615) snap= 1.799 srm= 58.126 sat=  7.948(set=5.197 slv=2.738 max=0.1290 n=143) cex=R/T/F=69/0/17 trsplit=0 sim=187.481(rmp=4.226 run=183.147 n=1 d=39) chk= 0.005(d=17) stat= 0.905 rest= 2.548
  [incr r=101 repr=166 next=212 tfo=1018401 active=3302/360221 POs=2041]
102 : c =    1002  cl = 178883  lit =  181273  p =  1958  d =    52  f =    31  -  T =     0.33 sec
  [prof 102] wall= 326.722 p=  2041 | ifo= 12.933(sd=1.044 nx=1.000 tfo=9.136 cnt=1.754) snap= 1.803 srm=109.686 sat= 17.289(set=6.822 slv=10.364 max=0.2373 n=2041) cex=R/T/F=52/0/31 trsplit=0 sim=181.485(rmp=4.107 run=177.286 n=1 d=46) chk= 0.006(d=30) stat= 0.910 rest= 2.610
  [incr r=102 repr=184 next=150 tfo=1018362 active=3292/360156 POs=2013]
103 : c =     987  cl = 178886  lit =  181211  p =  1949  d =    30  f =    34  -  T =     0.39 sec
  [prof 103] wall= 389.713 p=  2013 | ifo= 16.299(sd=1.079 nx=1.405 tfo=11.575 cnt=2.241) snap= 2.230 srm=116.699 sat= 17.589(set=7.176 slv=10.314 max=0.2211 n=2013) cex=R/T/F=30/0/34 trsplit=0 sim=233.280(rmp=4.039 run=229.147 n=1 d=32) chk= 0.006(d=30) stat= 0.931 rest= 2.678
  [incr r=103 repr=80 next=68 tfo=2292 active=624/360097 POs=47]
104 : c =     970  cl = 178882  lit =  181176  p =    13  d =    10  f =    24  -  T =     0.28 sec
  [prof 104] wall= 283.495 p=    47 | ifo=  4.580(sd=1.096 nx=1.042 tfo=0.750 cnt=1.691) snap= 1.822 srm= 65.776 sat=  8.084(set=5.906 slv=2.172 max=0.3574 n=47) cex=R/T/F=10/0/24 trsplit=0 sim=199.788(rmp=4.294 run=195.402 n=1 d=14) chk= 0.003(d=21) stat= 0.918 rest= 2.523
  [incr r=104 repr=41 next=34 tfo=1017723 active=2879/360058 POs=1943]
105 : c =     934  cl = 178880  lit =  181155  p =  1912  d =    21  f =    10  -  T =     0.35 sec
  [prof 105] wall= 347.827 p=  1943 | ifo= 13.508(sd=1.096 nx=1.011 tfo=9.216 cnt=2.185) snap= 1.909 srm=111.783 sat= 15.341(set=7.060 slv=8.185 max=0.3789 n=1943) cex=R/T/F=21/0/10 trsplit=0 sim=201.052(rmp=4.449 run=196.511 n=1 d=12) chk= 0.005(d=9) stat= 1.138 rest= 3.091
  [incr r=105 repr=132 next=112 tfo=1018044 active=3050/360035 POs=1997]
106 : c =     930  cl = 178892  lit =  181130  p =  1941  d =    47  f =     9  -  T =     0.32 sec
  [prof 106] wall= 317.523 p=  1997 | ifo= 15.976(sd=1.354 nx=1.408 tfo=10.879 cnt=2.336) snap= 1.778 srm=100.784 sat= 15.544(set=6.541 slv=8.904 max=0.2196 n=1997) cex=R/T/F=47/0/9 trsplit=0 sim=179.856(rmp=4.040 run=175.733 n=1 d=17) chk= 0.003(d=8) stat= 0.939 rest= 2.643
  [incr r=106 repr=87 next=106 tfo=2136 active=581/360022 POs=66]
107 : c =     910  cl = 178905  lit =  181098  p =    17  d =    40  f =     9  -  T =     0.24 sec
  [prof 107] wall= 239.074 p=    66 | ifo=  4.319(sd=1.050 nx=0.985 tfo=0.659 cnt=1.625) snap= 1.770 srm= 58.748 sat=  6.459(set=5.203 slv=1.249 max=0.1092 n=66) cex=R/T/F=40/0/9 trsplit=0 sim=164.429(rmp=3.976 run=160.362 n=1 d=24) chk= 0.002(d=8) stat= 0.886 rest= 2.460
  [incr r=107 repr=85 next=92 tfo=1017848 active=2957/360003 POs=1970]
108 : c =     892  cl = 178906  lit =  181041  p =  1918  d =    31  f =    21  -  T =     0.29 sec
  [prof 108] wall= 294.325 p=  1970 | ifo= 12.367(sd=1.021 nx=0.995 tfo=8.686 cnt=1.665) snap= 1.782 srm=100.410 sat= 15.057(set=6.358 slv=8.604 max=0.2121 n=1970) cex=R/T/F=31/0/21 trsplit=0 sim=161.338(rmp=3.878 run=157.374 n=1 d=36) chk= 0.004(d=21) stat= 0.870 rest= 2.498
  [incr r=108 repr=123 next=95 tfo=1017880 active=2930/359947 POs=1948]
109 : c =     869  cl = 178912  lit =  181002  p =  1911  d =    21  f =    16  -  T =     0.32 sec
  [prof 109] wall= 320.239 p=  1948 | ifo= 15.548(sd=1.344 nx=1.368 tfo=10.512 cnt=2.325) snap= 1.849 srm=104.314 sat= 14.773(set=6.670 slv=8.011 max=0.2200 n=1948) cex=R/T/F=21/0/16 trsplit=0 sim=179.689(rmp=3.894 run=175.699 n=1 d=25) chk= 0.003(d=14) stat= 1.103 rest= 2.959
  [incr r=109 repr=66 next=59 tfo=1017755 active=2848/359914 POs=1950]
110 : c =     849  cl = 178916  lit =  180964  p =  1915  d =    18  f =    17  -  T =     0.33 sec
  [prof 110] wall= 329.452 p=  1950 | ifo= 15.736(sd=1.311 nx=1.393 tfo=10.730 cnt=2.302) snap= 1.763 srm=101.483 sat= 14.812(set=6.526 slv=8.193 max=0.2128 n=1950) cex=R/T/F=18/0/17 trsplit=0 sim=192.211(rmp=3.960 run=188.147 n=1 d=23) chk= 0.004(d=15) stat= 0.886 rest= 2.558
  [incr r=110 repr=55 next=48 tfo=1018377 active=2881/359880 POs=1941]
111 : c =     820  cl = 178921  lit =  180944  p =  1911  d =    21  f =     9  -  T =     0.32 sec
  [prof 111] wall= 316.837 p=  1941 | ifo= 12.610(sd=1.034 nx=0.980 tfo=8.931 cnt=1.666) snap= 2.006 srm=114.029 sat= 13.984(set=6.821 slv=7.072 max=0.2140 n=1941) cex=R/T/F=21/0/9 trsplit=0 sim=170.799(rmp=3.905 run=166.804 n=1 d=11) chk= 0.004(d=9) stat= 0.871 rest= 2.533
  [incr r=111 repr=87 next=87 tfo=829 active=383/359865 POs=76]
112 : c =     804  cl = 178932  lit =  180916  p =    34  d =    34  f =     8  -  T =     0.29 sec
  [prof 112] wall= 288.489 p=    76 | ifo=  4.350(sd=1.030 nx=1.017 tfo=0.666 cnt=1.637) snap= 2.231 srm= 63.818 sat=  6.819(set=5.729 slv=1.082 max=0.1285 n=76) cex=R/T/F=34/0/8 trsplit=0 sim=206.968(rmp=5.064 run=201.809 n=1 d=20) chk= 0.002(d=8) stat= 1.141 rest= 3.161
  [incr r=112 repr=100 next=106 tfo=1018312 active=2844/359848 POs=1969]
113 : c =     797  cl = 178943  lit =  180872  p =  1921  d =    28  f =    20  -  T =     0.32 sec
  [prof 113] wall= 324.336 p=  1969 | ifo= 15.233(sd=1.323 nx=1.375 tfo=10.213 cnt=2.322) snap= 1.732 srm=106.709 sat= 15.140(set=6.701 slv=8.344 max=0.2141 n=1969) cex=R/T/F=28/0/20 trsplit=0 sim=181.298(rmp=4.066 run=177.133 n=1 d=25) chk= 0.006(d=19) stat= 1.127 rest= 3.091
  [incr r=113 repr=60 next=77 tfo=650 active=281/359815 POs=50]
114 : c =     783  cl = 178932  lit =  180828  p =    12  d =    23  f =    15  -  T =     0.30 sec
  [prof 114] wall= 302.074 p=    50 | ifo=  5.432(sd=1.272 nx=1.331 tfo=0.813 cnt=2.015) snap= 2.266 srm= 63.878 sat=  7.949(set=5.506 slv=2.436 max=0.3238 n=50) cex=R/T/F=23/0/15 trsplit=0 sim=218.286(rmp=5.028 run=213.159 n=1 d=30) chk= 0.002(d=14) stat= 1.123 rest= 3.137
  [incr r=114 repr=62 next=57 tfo=1018208 active=2742/359760 POs=1944]
115 : c =     771  cl = 178930  lit =  180805  p =  1916  d =    15  f =    13  -  T =     0.35 sec
  [prof 115] wall= 347.798 p=  1944 | ifo= 15.381(sd=1.318 nx=1.474 tfo=10.228 cnt=2.361) snap= 1.787 srm=115.458 sat= 14.864(set=6.896 slv=7.875 max=0.3137 n=1944) cex=R/T/F=15/0/13 trsplit=0 sim=196.784(rmp=4.160 run=192.533 n=1 d=11) chk= 0.004(d=12) stat= 0.926 rest= 2.593
  [incr r=115 repr=35 next=30 tfo=521 active=183/359735 POs=22]
116 : c =     761  cl = 178928  lit =  180784  p =     5  d =     9  f =     8  -  T =     0.25 sec
  [prof 116] wall= 248.698 p=    22 | ifo=  4.390(sd=1.068 nx=0.988 tfo=0.669 cnt=1.664) snap= 1.772 srm= 58.849 sat=  5.937(set=5.237 slv=0.697 max=0.1359 n=22) cex=R/T/F=9/0/8 trsplit=0 sim=174.341(rmp=4.169 run=170.081 n=1 d=13) chk= 0.001(d=8) stat= 0.904 rest= 2.504
  [incr r=116 repr=29 next=21 tfo=1017276 active=2567/359712 POs=1918]
117 : c =     744  cl = 178931  lit =  180774  p =  1904  d =     9  f =     5  -  T =     0.36 sec
  [prof 117] wall= 357.149 p=  1918 | ifo= 13.145(sd=1.060 nx=0.977 tfo=8.820 cnt=2.288) snap= 1.784 srm=102.553 sat= 12.899(set=6.581 slv=6.224 max=0.2138 n=1918) cex=R/T/F=9/0/5 trsplit=0 sim=222.665(rmp=4.696 run=217.874 n=1 d=6) chk= 0.003(d=4) stat= 1.124 rest= 2.975
  [incr r=117 repr=33 next=33 tfo=1017213 active=2564/359705 POs=1936]
118 : c =     733  cl = 178942  lit =  180758  p =  1918  d =    17  f =     1  -  T =     0.35 sec
  [prof 118] wall= 354.371 p=  1936 | ifo= 15.756(sd=1.361 nx=1.363 tfo=10.698 cnt=2.333) snap= 2.274 srm=121.713 sat= 14.380(set=7.473 slv=6.810 max=0.2200 n=1936) cex=R/T/F=17/0/1 trsplit=0 sim=196.501(rmp=5.023 run=191.381 n=1 d=15) chk= 0.002(d=1) stat= 0.901 rest= 2.844
  [incr r=118 repr=48 next=43 tfo=388 active=124/359700 POs=38]
119 : c =     728  cl = 178938  lit =  180733  p =    10  d =    22  f =     6  -  T =     0.27 sec
  [prof 119] wall= 272.539 p=    38 | ifo=  4.382(sd=1.057 nx=1.011 tfo=0.702 cnt=1.612) snap= 1.788 srm= 58.785 sat=  7.148(set=5.697 slv=1.446 max=0.1141 n=38) cex=R/T/F=22/0/6 trsplit=0 sim=196.871(rmp=5.089 run=191.688 n=1 d=20) chk= 0.001(d=5) stat= 0.886 rest= 2.676
  [incr r=119 repr=38 next=33 tfo=1017167 active=2512/359671 POs=1914]
120 : c =     724  cl = 178937  lit =  180724  p =  1904  d =     5  f =     5  -  T =     0.37 sec
  [prof 120] wall= 368.677 p=  1914 | ifo= 12.614(sd=1.025 nx=1.025 tfo=8.856 cnt=1.708) snap= 2.247 srm=115.183 sat= 14.176(set=7.491 slv=6.584 max=0.3242 n=1914) cex=R/T/F=5/0/5 trsplit=0 sim=220.111(rmp=5.061 run=214.960 n=1 d=6) chk= 0.003(d=3) stat= 1.196 rest= 3.147
  [incr r=120 repr=13 next=10 tfo=1017034 active=2482/359661 POs=1912]
121 : c =     724  cl = 178936  lit =  180720  p =  1905  d =     5  f =     2  -  T =     0.32 sec
  [prof 121] wall= 325.385 p=  1912 | ifo= 16.199(sd=1.308 nx=1.342 tfo=11.228 cnt=2.322) snap= 1.769 srm=110.609 sat= 13.348(set=6.630 slv=6.625 max=0.3281 n=1912) cex=R/T/F=5/0/2 trsplit=0 sim=179.290(rmp=4.083 run=175.104 n=1 d=3) chk= 0.003(d=1) stat= 1.153 rest= 3.012
  [incr r=121 repr=5 next=4 tfo=196 active=44/359656 POs=5]
122 : c =     720  cl = 178931  lit =  180712  p =     1  d =     4  f =     0  -  T =     0.29 sec
  [prof 122] wall= 295.545 p=     5 | ifo=  5.492(sd=1.337 nx=1.322 tfo=0.795 cnt=2.039) snap= 2.238 srm= 63.166 sat=  5.450(set=5.398 slv=0.050 max=0.0215 n=5) cex=R/T/F=4/0/0 trsplit=0 sim=215.617(rmp=4.967 run=210.554 n=1 d=8) chk= 0.001(d=0) stat= 0.903 rest= 2.677
  [incr r=122 repr=10 next=8 tfo=1016965 active=2437/359643 POs=1908]
123 : c =     718  cl = 178931  lit =  180707  p =  1903  d =     3  f =     2  -  T =     0.34 sec
  [prof 123] wall= 337.022 p=  1908 | ifo= 12.566(sd=1.020 nx=0.989 tfo=8.842 cnt=1.716) snap= 2.290 srm=112.221 sat= 13.487(set=7.443 slv=5.953 max=0.2190 n=1908) cex=R/T/F=3/0/2 trsplit=0 sim=191.951(rmp=5.123 run=186.698 n=1 d=4) chk= 0.003(d=1) stat= 1.097 rest= 3.407
  [incr r=123 repr=6 next=4 tfo=1016894 active=2430/359638 POs=1905]
124 : c =     712  cl = 178931  lit =  180701  p =  1903  d =     2  f =     0  -  T =     0.34 sec
  [prof 124] wall= 343.325 p=  1905 | ifo= 16.003(sd=1.385 nx=1.350 tfo=10.917 cnt=2.353) snap= 2.301 srm=115.730 sat= 13.213(set=7.374 slv=5.749 max=0.2220 n=1905) cex=R/T/F=2/0/0 trsplit=0 sim=192.347(rmp=5.009 run=187.247 n=1 d=6) chk= 0.002(d=0) stat= 0.910 rest= 2.820
  [incr r=124 repr=8 next=4 tfo=1017564 active=2516/359632 POs=1917]
125 : c =     712  cl = 178930  lit =  180700  p =  1914  d =     3  f =     0  -  T =     0.34 sec
  [prof 125] wall= 344.777 p=  1917 | ifo= 14.809(sd=1.008 nx=1.058 tfo=10.425 cnt=2.318) snap= 2.273 srm=114.038 sat= 13.224(set=7.359 slv=5.774 max=0.2136 n=1917) cex=R/T/F=3/0/0 trsplit=0 sim=196.036(rmp=5.090 run=190.846 n=1 d=1) chk= 0.003(d=0) stat= 1.111 rest= 3.285
  [incr r=125 repr=1 next=1 tfo=144 active=14/359630 POs=5]
126 : c =     710  cl = 178928  lit =  180696  p =     3  d =     2  f =     0  -  T =     0.24 sec
  [prof 126] wall= 240.809 p=     5 | ifo=  5.472(sd=1.318 nx=1.335 tfo=0.810 cnt=2.009) snap= 2.205 srm= 31.627 sat=  2.295(set=2.218 slv=0.074 max=0.0478 n=5) cex=R/T/F=2/0/0 trsplit=0 sim=195.272(rmp=5.137 run=190.037 n=1 d=4) chk= 0.001(d=0) stat= 1.112 rest= 2.825
  [incr r=126 repr=4 next=2 tfo=1016786 active=2427/359624 POs=1913]
  [prof 127] wall= 147.732 p=  1913 | ifo= 15.465(sd=1.326 nx=1.417 tfo=10.416 cnt=2.306) snap= 2.262 srm=115.906 sat= 13.674(set=7.476 slv=6.107 max=0.2081 n=1913) cex=R/T/F=0/0/0 trsplit=0 sim= 0.000(rmp=0.000 run=0.000 n=0 d=0) chk= 0.000(d=0) stat= 0.000 rest= 0.425
127 : c =     710  cl = 178928  lit =  180696  p =     0  d =     0  f =     0  -  T =     0.15 sec
  [prof ALL] wall=94863.268 p=2002043 | ifo=1744.214(sd=154.857 nx=150.485 tfo=1179.574 cnt=259.298) snap=266.894 srm=13544.626 sat=41158.948(set=895.486 slv=40101.356 max=12.7129 n=2002043) cex=R/T/F=937097/0/83229 trsplit=0 sim=37627.213(rmp=578.504 run=37036.823 n=126 d=964025) chk= 8.710(d=39119) stat=131.563 rest=381.100
Srm   =    15.56 sec ( 14.45 %)
Sat   =    41.20 sec ( 38.28 %)
Sim   =    37.76 sec ( 35.08 %)
Other =    13.11 sec ( 12.18 %)
Incr  =     1.74 sec (  1.62 %)
Incr: fallback rounds = 24, skipped candidate pairs = 36280359
TOTAL =   107.62 sec
NBeg = 1613228. NEnd = 1402615. (Gain =  13.06 %).  RBeg = 174678. REnd = 171129. (Gain =   2.03 %).
Flop output names are not available. Use command "&get -n".
[1;37m/home/zxr_wsl/benchmarks/incre_spec//ILA_Flute_BGEU_problem[0m : i/o = 180287/      2  ff = 171129  [1;36mand = 1402615[0m  [1;35mlev =  276[0m [1;35m(220.73)[0m  mem =24.03 MB
