### benchmark: /home/zxr_wsl/benchmarks/incre_spec//ILA_Flute_SRAI_problem.aig
### opts:      &scorr -v -i -w
### timeout:   1800s
### date:      Wed Jun  3 15:13:51 CST 2026

======== ABC command line "&r /home/zxr_wsl/benchmarks/incre_spec//ILA_Flute_SRAI_problem.aig; &ps; &scorr -v -i -w; &ps"
Warning: The last output is interpreted as a constraint.
Converted 548 1-valued FFs and 173794 DC-valued FFs.
Warning: The number of inputs does not match the number of input names.
[1;37m/home/zxr_wsl/benchmarks/incre_spec//ILA_Flute_SRAI_problem[0m : i/o = 180287/      2(c=1)  ff = 174678  [1;36mand = 1614149[0m  [1;35mlev =  284[0m [1;35m(219.58)[0m  mem =26.56 MB
cst = 1788827  cls =      0  lit = 1788827  unused =  180287  proof =     0
cst =  355343  cls = 351257  lit = 1209093  unused =  408764  proof =     0
cst =  353725  cls = 350441  lit = 1203108  unused =  415565  proof =     0
cst =  353140  cls = 350327  lit = 1201432  unused =  417355  proof =     0
cst =  352333  cls = 350272  lit = 1199424  unused =  419418  proof =     0
cst =  351779  cls = 350165  lit = 1198293  unused =  420656  proof =     0
cst =  351275  cls = 349980  lit = 1197100  unused =  422034  proof =     0
cst =  350839  cls = 349624  lit = 1195814  unused =  423676  proof =     0
cst =  350583  cls = 349371  lit = 1195003  unused =  424740  proof =     0
cst =  350478  cls = 349126  lit = 1194413  unused =  425575  proof =     0
Obj = 2143795. And = 1614149. Conf =   100. Fr = 1. Lcorr = 0. Ring = 1. CSat = 1.
  0 : c =  350478  cl = 349126  lit = 1194413  p =     0  d =     0  f =     0  +  T =     2.20 sec
BMC : c =  350266  cl = 349006  lit = 1193438  p =  2707  d =  2861  f =     1  +  T =     0.22 sec
  [bmc-prof   0] wall= 218.061 p=  5569 | ifo=  0.000(sd=0.000 nx=0.000 tfo=0.000 cnt=0.000) snap= 4.199 srm= 58.253 sat= 13.176(set=1.803 slv=11.059 max=0.1134 n=5569) cex=R/T/F=2861/0/1 trsplit=0 sim=138.861(rmp=4.230 run=134.551 n=1 d=975) chk= 0.024(d=0) stat= 0.974 rest= 2.575
BMC : c =  349805  cl = 349040  lit = 1192517  p =  2662  d =  2665  f =     0  +  T =     0.25 sec
  [bmc-prof   1] wall= 251.649 p=  5327 | ifo= 25.468(sd=1.345 nx=0.000 tfo=21.419 cnt=2.704) snap= 2.227 srm= 62.036 sat= 14.899(set=1.917 slv=12.666 max=0.1219 n=5327) cex=R/T/F=2665/0/0 trsplit=0 sim=143.148(rmp=4.773 run=138.282 n=1 d=921) chk= 0.021(d=0) stat= 0.980 rest= 2.871
BMC : c =  349189  cl = 348720  lit = 1190612  p =  2676  d =  3512  f =     0  +  T =     0.26 sec
  [bmc-prof   2] wall= 264.483 p=  6188 | ifo= 20.887(sd=1.316 nx=0.000 tfo=17.252 cnt=2.319) snap= 2.360 srm= 59.651 sat= 23.652(set=1.457 slv=21.818 max=0.1179 n=6188) cex=R/T/F=3512/0/0 trsplit=0 sim=154.606(rmp=5.009 run=149.511 n=1 d=1905) chk= 0.024(d=0) stat= 0.917 rest= 2.386
BMC : c =  348747  cl = 348208  lit = 1189019  p =  2659  d =  3386  f =     1  +  T =     0.27 sec
  [bmc-prof   3] wall= 271.837 p=  6046 | ifo= 18.614(sd=1.079 nx=0.000 tfo=14.787 cnt=2.748) snap= 1.779 srm= 52.539 sat= 23.856(set=1.465 slv=22.009 max=0.1728 n=6046) cex=R/T/F=3386/0/1 trsplit=0 sim=170.946(rmp=4.087 run=166.768 n=1 d=1593) chk= 0.035(d=0) stat= 1.160 rest= 2.907
BMC : c =  348707  cl = 348068  lit = 1188577  p =  2674  d =  2361  f =     0  +  T =     0.26 sec
  [bmc-prof   4] wall= 261.080 p=  5035 | ifo= 17.166(sd=1.064 nx=0.000 tfo=13.261 cnt=2.841) snap= 1.777 srm= 54.027 sat= 18.455(set=1.441 slv=16.700 max=0.0817 n=5035) cex=R/T/F=2361/0/0 trsplit=0 sim=166.518(rmp=4.039 run=162.395 n=1 d=442) chk= 0.017(d=0) stat= 0.865 rest= 2.255
BMC : c =  348482  cl = 348012  lit = 1188339  p =  2660  d =  1988  f =     0  +  T =     0.26 sec
  [bmc-prof   5] wall= 258.721 p=  4648 | ifo= 19.751(sd=1.136 nx=0.000 tfo=15.840 cnt=2.775) snap= 1.764 srm= 54.296 sat= 18.117(set=1.283 slv=16.487 max=0.1054 n=4648) cex=R/T/F=1988/0/0 trsplit=0 sim=161.397(rmp=4.114 run=157.203 n=1 d=238) chk= 0.015(d=0) stat= 0.870 rest= 2.511
BMC : c =  347815  cl = 347877  lit = 1187766  p =  2614  d =  2143  f =     0  +  T =     0.29 sec
  [bmc-prof   6] wall= 290.260 p=  4757 | ifo= 16.978(sd=1.163 nx=0.000 tfo=13.505 cnt=2.309) snap= 2.244 srm= 61.106 sat= 16.764(set=1.612 slv=14.847 max=0.1937 n=4757) cex=R/T/F=2143/0/0 trsplit=0 sim=188.273(rmp=5.009 run=183.169 n=1 d=573) chk= 0.019(d=0) stat= 1.105 rest= 3.772
BMC : c =  347209  cl = 347650  lit = 1186539  p =  2699  d =  2226  f =     0  +  T =     0.27 sec
  [bmc-prof   7] wall= 268.963 p=  4925 | ifo= 16.307(sd=1.475 nx=0.000 tfo=12.541 cnt=2.290) snap= 1.762 srm= 50.665 sat= 18.640(set=1.395 slv=16.912 max=0.1774 n=4925) cex=R/T/F=2226/0/0 trsplit=0 sim=176.965(rmp=6.347 run=170.528 n=1 d=1227) chk= 0.022(d=0) stat= 1.039 rest= 3.563
BMC : c =  347020  cl = 347532  lit = 1185547  p =  2729  d =  2310  f =     0  +  T =     0.29 sec
  [bmc-prof   8] wall= 290.543 p=  5039 | ifo= 23.186(sd=1.408 nx=0.000 tfo=19.456 cnt=2.322) snap= 2.264 srm= 58.768 sat= 24.177(set=1.810 slv=21.998 max=0.0859 n=5039) cex=R/T/F=2310/0/0 trsplit=0 sim=179.073(rmp=4.944 run=174.040 n=1 d=992) chk= 0.022(d=0) stat= 0.882 rest= 2.170
BMC : c =  346903  cl = 347472  lit = 1185189  p =  2714  d =  1585  f =     0  +  T =     0.27 sec
  [bmc-prof   9] wall= 275.039 p=  4299 | ifo= 22.480(sd=1.045 nx=0.000 tfo=19.089 cnt=2.346) snap= 1.764 srm= 54.402 sat= 26.124(set=1.446 slv=24.336 max=0.1846 n=4299) cex=R/T/F=1585/0/0 trsplit=0 sim=166.600(rmp=4.068 run=162.432 n=1 d=358) chk= 0.020(d=0) stat= 1.049 rest= 2.601
BMC : c =  346690  cl = 347476  lit = 1184565  p =  2708  d =  1764  f =     0  +  T =     0.29 sec
  [bmc-prof  10] wall= 291.908 p=  4472 | ifo= 24.095(sd=1.389 nx=0.000 tfo=19.868 cnt=2.838) snap= 2.266 srm= 60.210 sat= 23.342(set=1.624 slv=21.411 max=0.1195 n=4472) cex=R/T/F=1764/0/0 trsplit=0 sim=178.231(rmp=4.753 run=173.375 n=1 d=624) chk= 0.018(d=0) stat= 0.992 rest= 2.753
BMC : c =  346638  cl = 347470  lit = 1184275  p =  2730  d =  1335  f =     0  +  T =     0.29 sec
  [bmc-prof  11] wall= 293.913 p=  4065 | ifo= 25.139(sd=1.297 nx=0.000 tfo=20.948 cnt=2.894) snap= 2.215 srm= 61.986 sat= 22.475(set=1.616 slv=20.577 max=0.1116 n=4065) cex=R/T/F=1335/0/0 trsplit=0 sim=178.570(rmp=5.030 run=173.439 n=1 d=290) chk= 0.014(d=0) stat= 1.058 rest= 2.456
BMC : c =  346634  cl = 347468  lit = 1184157  p =  2761  d =  1131  f =     0  +  T =     0.27 sec
  [bmc-prof  12] wall= 269.997 p=  3892 | ifo= 17.532(sd=1.106 nx=0.000 tfo=14.067 cnt=2.358) snap= 1.778 srm= 61.229 sat= 21.457(set=1.558 slv=19.638 max=0.1215 n=3892) cex=R/T/F=1131/0/0 trsplit=0 sim=164.681(rmp=5.345 run=159.225 n=1 d=118) chk= 0.011(d=0) stat= 0.862 rest= 2.447
BMC : c =  346624  cl = 347457  lit = 1184027  p =  2757  d =  1023  f =     0  +  T =     0.26 sec
  [bmc-prof  13] wall= 264.385 p=  3780 | ifo= 16.832(sd=1.035 nx=0.000 tfo=13.486 cnt=2.312) snap= 2.209 srm= 55.841 sat= 21.186(set=1.619 slv=19.299 max=0.1215 n=3780) cex=R/T/F=1023/0/0 trsplit=0 sim=165.080(rmp=4.580 run=160.387 n=1 d=130) chk= 0.010(d=0) stat= 0.862 rest= 2.365
BMC : c =  346620  cl = 347456  lit = 1183919  p =  2757  d =   912  f =     0  +  T =     0.26 sec
  [bmc-prof  14] wall= 264.968 p=  3669 | ifo= 20.853(sd=1.048 nx=0.000 tfo=17.024 cnt=2.780) snap= 2.347 srm= 56.207 sat= 16.135(set=2.056 slv=13.837 max=0.1491 n=3669) cex=R/T/F=912/0/0 trsplit=0 sim=165.549(rmp=4.823 run=160.631 n=1 d=108) chk= 0.009(d=0) stat= 0.886 rest= 2.982
BMC : c =  346618  cl = 347455  lit = 1183821  p =  2759  d =   812  f =     0  +  T =     0.26 sec
  [bmc-prof  15] wall= 258.558 p=  3571 | ifo= 19.204(sd=1.055 nx=0.000 tfo=14.604 cnt=3.545) snap= 1.745 srm= 59.218 sat= 14.573(set=1.303 slv=13.061 max=0.3401 n=3571) cex=R/T/F=812/0/0 trsplit=0 sim=160.301(rmp=3.960 run=156.198 n=1 d=98) chk= 0.019(d=0) stat= 0.872 rest= 2.626
BMC : c =  346616  cl = 347453  lit = 1183729  p =  2752  d =   723  f =     0  +  T =     0.28 sec
  [bmc-prof  16] wall= 280.914 p=  3475 | ifo= 17.628(sd=1.056 nx=0.000 tfo=13.705 cnt=2.867) snap= 1.760 srm= 61.884 sat= 14.542(set=1.312 slv=12.958 max=0.1387 n=3475) cex=R/T/F=723/0/0 trsplit=0 sim=181.778(rmp=6.142 run=175.543 n=1 d=92) chk= 0.008(d=0) stat= 0.956 rest= 2.357
BMC : c =  346614  cl = 347445  lit = 1183636  p =  2754  d =   632  f =     0  +  T =     0.27 sec
  [bmc-prof  17] wall= 270.246 p=  3386 | ifo= 24.081(sd=1.567 nx=0.000 tfo=19.667 cnt=2.847) snap= 1.773 srm= 58.708 sat= 13.577(set=1.362 slv=12.015 max=0.1490 n=3386) cex=R/T/F=632/0/0 trsplit=0 sim=166.894(rmp=3.947 run=162.770 n=1 d=93) chk= 0.012(d=0) stat= 1.343 rest= 3.858
BMC : c =  346608  cl = 347449  lit = 1183562  p =  2754  d =   544  f =     1  +  T =     0.30 sec
  [bmc-prof  18] wall= 297.546 p=  3299 | ifo= 18.738(sd=1.332 nx=0.000 tfo=15.117 cnt=2.289) snap= 2.466 srm= 61.534 sat= 13.894(set=1.796 slv=11.899 max=0.2707 n=3299) cex=R/T/F=544/0/1 trsplit=0 sim=197.104(rmp=4.593 run=192.404 n=1 d=73) chk= 0.008(d=1) stat= 1.051 rest= 2.752
BMC : c =  346608  cl = 347450  lit = 1183484  p =  2754  d =   483  f =     0  +  T =     0.25 sec
  [bmc-prof  19] wall= 251.330 p=  3237 | ifo= 12.133(sd=1.109 nx=0.000 tfo=8.548 cnt=2.475) snap= 1.723 srm= 61.685 sat= 13.282(set=1.431 slv=11.660 max=0.0990 n=3237) cex=R/T/F=483/0/0 trsplit=0 sim=158.636(rmp=4.841 run=153.682 n=1 d=78) chk= 0.007(d=0) stat= 1.169 rest= 2.694
BMC : c =  346605  cl = 347452  lit = 1183417  p =  2757  d =   406  f =     0  +  T =     0.25 sec
  [bmc-prof  20] wall= 250.946 p=  3163 | ifo= 12.164(sd=1.280 nx=0.000 tfo=7.970 cnt=2.914) snap= 1.936 srm= 53.729 sat= 12.132(set=1.302 slv=10.649 max=0.0625 n=3163) cex=R/T/F=406/0/0 trsplit=0 sim=167.818(rmp=3.904 run=163.821 n=1 d=67) chk= 0.006(d=0) stat= 0.922 rest= 2.238
BMC : c =  346605  cl = 347446  lit = 1183356  p =  2758  d =   346  f =     0  +  T =     0.27 sec
  [bmc-prof  21] wall= 267.690 p=  3104 | ifo= 10.941(sd=1.071 nx=0.000 tfo=7.445 cnt=2.425) snap= 2.349 srm= 55.908 sat= 12.309(set=1.757 slv=10.368 max=0.0625 n=3104) cex=R/T/F=346/0/0 trsplit=0 sim=182.475(rmp=4.854 run=177.525 n=1 d=61) chk= 0.007(d=0) stat= 1.018 rest= 2.682
BMC : c =  346605  cl = 347444  lit = 1183319  p =  2759  d =   286  f =     0  +  T =     0.26 sec
  [bmc-prof  22] wall= 260.532 p=  3045 | ifo= 14.368(sd=1.367 nx=0.000 tfo=10.110 cnt=2.891) snap= 2.309 srm= 55.168 sat= 11.825(set=1.626 slv=10.029 max=0.0726 n=3045) cex=R/T/F=286/0/0 trsplit=0 sim=173.476(rmp=4.951 run=168.426 n=1 d=37) chk= 0.005(d=0) stat= 0.891 rest= 2.489
BMC : c =  346605  cl = 347445  lit = 1183277  p =  2759  d =   249  f =     0  +  T =     0.26 sec
  [bmc-prof  23] wall= 264.953 p=  3008 | ifo= 13.455(sd=1.149 nx=0.000 tfo=9.251 cnt=3.054) snap= 1.917 srm= 55.197 sat= 11.919(set=1.613 slv=10.116 max=0.0670 n=3008) cex=R/T/F=249/0/0 trsplit=0 sim=179.362(rmp=4.249 run=175.007 n=1 d=42) chk= 0.005(d=0) stat= 0.878 rest= 2.222
BMC : c =  346605  cl = 347452  lit = 1183243  p =  2758  d =   208  f =     0  +  T =     0.27 sec
  [bmc-prof  24] wall= 266.948 p=  2966 | ifo= 12.812(sd=1.136 nx=0.000 tfo=9.200 cnt=2.475) snap= 1.866 srm= 54.506 sat= 11.759(set=1.499 slv=10.098 max=0.0641 n=2966) cex=R/T/F=208/0/0 trsplit=0 sim=182.819(rmp=4.247 run=178.477 n=1 d=34) chk= 0.005(d=0) stat= 0.936 rest= 2.243
BMC : c =  346605  cl = 347445  lit = 1183210  p =  2760  d =   174  f =     0  +  T =     0.25 sec
  [bmc-prof  25] wall= 249.359 p=  2934 | ifo= 14.266(sd=1.276 nx=0.000 tfo=10.397 cnt=2.593) snap= 2.192 srm= 55.793 sat= 11.085(set=1.512 slv=9.415 max=0.0656 n=2934) cex=R/T/F=174/0/0 trsplit=0 sim=163.011(rmp=5.522 run=157.396 n=1 d=33) chk= 0.005(d=0) stat= 0.851 rest= 2.155
BMC : c =  346605  cl = 347447  lit = 1183182  p =  2758  d =   144  f =     0  +  T =     0.26 sec
  [bmc-prof  26] wall= 264.142 p=  2902 | ifo= 15.261(sd=1.240 nx=0.000 tfo=10.988 cnt=3.033) snap= 1.775 srm= 53.163 sat= 10.861(set=1.408 slv=9.301 max=0.0658 n=2902) cex=R/T/F=144/0/0 trsplit=0 sim=179.955(rmp=4.104 run=175.735 n=1 d=28) chk= 0.005(d=0) stat= 0.865 rest= 2.258
BMC : c =  346605  cl = 347443  lit = 1183159  p =  2762  d =   113  f =     0  +  T =     0.24 sec
  [bmc-prof  27] wall= 246.010 p=  2875 | ifo= 12.896(sd=1.086 nx=0.000 tfo=9.267 cnt=2.543) snap= 1.807 srm= 52.350 sat= 10.705(set=1.439 slv=9.123 max=0.0634 n=2875) cex=R/T/F=113/0/0 trsplit=0 sim=164.539(rmp=4.886 run=159.551 n=1 d=23) chk= 0.005(d=0) stat= 1.044 rest= 2.664
BMC : c =  346605  cl = 347444  lit = 1183134  p =  2759  d =    93  f =     0  +  T =     0.25 sec
  [bmc-prof  28] wall= 251.162 p=  2852 | ifo= 14.034(sd=1.328 nx=0.000 tfo=10.200 cnt=2.507) snap= 1.746 srm= 54.052 sat= 10.148(set=1.514 slv=8.495 max=0.0635 n=2852) cex=R/T/F=93/0/0 trsplit=0 sim=168.060(rmp=4.234 run=163.729 n=1 d=25) chk= 0.004(d=0) stat= 0.849 rest= 2.270
BMC : c =  346605  cl = 347442  lit = 1183114  p =  2752  d =    76  f =     0  +  T =     0.24 sec
  [bmc-prof  29] wall= 244.317 p=  2828 | ifo= 12.347(sd=1.055 nx=0.000 tfo=8.774 cnt=2.519) snap= 1.764 srm= 51.554 sat= 10.772(set=1.531 slv=9.095 max=0.0650 n=2828) cex=R/T/F=76/0/0 trsplit=0 sim=164.774(rmp=4.378 run=160.302 n=1 d=20) chk= 0.004(d=0) stat= 0.867 rest= 2.233
BMC : c =  346605  cl = 347438  lit = 1183095  p =  2752  d =    56  f =     0  +  T =     0.25 sec
  [bmc-prof  30] wall= 249.707 p=  2808 | ifo= 12.249(sd=1.061 nx=0.000 tfo=8.761 cnt=2.426) snap= 1.822 srm= 52.016 sat= 10.119(set=1.451 slv=8.522 max=0.0629 n=2808) cex=R/T/F=56/0/0 trsplit=0 sim=170.357(rmp=4.025 run=166.236 n=1 d=19) chk= 0.004(d=0) stat= 0.908 rest= 2.232
BMC : c =  346605  cl = 347436  lit = 1183082  p =  2754  d =    37  f =     0  +  T =     0.24 sec
  [bmc-prof  31] wall= 243.732 p=  2791 | ifo= 12.455(sd=1.095 nx=0.000 tfo=8.888 cnt=2.472) snap= 1.796 srm= 50.714 sat=  9.791(set=1.417 slv=8.241 max=0.0618 n=2791) cex=R/T/F=37/0/0 trsplit=0 sim=165.869(rmp=4.006 run=161.769 n=1 d=13) chk= 0.004(d=0) stat= 0.856 rest= 2.249
BMC : c =  346605  cl = 347433  lit = 1183074  p =  2754  d =    24  f =     0  +  T =     0.26 sec
  [bmc-prof  32] wall= 264.504 p=  2778 | ifo= 12.448(sd=1.073 nx=0.000 tfo=8.832 cnt=2.543) snap= 1.793 srm= 58.239 sat=  9.814(set=1.470 slv=8.209 max=0.0634 n=2778) cex=R/T/F=24/0/0 trsplit=0 sim=179.032(rmp=3.940 run=174.995 n=1 d=8) chk= 0.004(d=0) stat= 0.844 rest= 2.331
BMC : c =  346605  cl = 347431  lit = 1183068  p =  2754  d =    16  f =     0  +  T =     0.24 sec
  [bmc-prof  33] wall= 243.622 p=  2770 | ifo= 12.252(sd=1.053 nx=0.000 tfo=8.763 cnt=2.437) snap= 1.774 srm= 51.217 sat=  9.809(set=1.503 slv=8.173 max=0.0622 n=2770) cex=R/T/F=16/0/0 trsplit=0 sim=165.443(rmp=3.962 run=161.384 n=1 d=6) chk= 0.003(d=0) stat= 0.847 rest= 2.276
BMC : c =  346605  cl = 347432  lit = 1183065  p =  2754  d =    10  f =     0  +  T =     0.25 sec
  [bmc-prof  34] wall= 247.156 p=  2764 | ifo= 12.560(sd=1.076 nx=0.000 tfo=9.054 cnt=2.430) snap= 1.740 srm= 50.859 sat=  9.859(set=1.420 slv=8.303 max=0.0628 n=2764) cex=R/T/F=10/0/0 trsplit=0 sim=168.906(rmp=4.169 run=164.642 n=1 d=3) chk= 0.003(d=0) stat= 0.862 rest= 2.367
BMC : c =  346605  cl = 347430  lit = 1183060  p =  2754  d =     7  f =     0  +  T =     0.24 sec
  [bmc-prof  35] wall= 241.846 p=  2761 | ifo= 12.272(sd=1.096 nx=0.000 tfo=8.709 cnt=2.467) snap= 1.793 srm= 51.485 sat= 10.070(set=1.455 slv=8.476 max=0.0641 n=2761) cex=R/T/F=7/0/0 trsplit=0 sim=163.141(rmp=4.142 run=158.905 n=1 d=5) chk= 0.003(d=0) stat= 0.845 rest= 2.235
BMC : c =  346605  cl = 347429  lit = 1183058  p =  2754  d =     2  f =     0  +  T =     0.23 sec
  [bmc-prof  36] wall= 230.859 p=  2756 | ifo= 12.245(sd=1.057 nx=0.000 tfo=8.765 cnt=2.423) snap= 1.767 srm= 50.816 sat=  9.926(set=1.331 slv=8.452 max=0.0655 n=2756) cex=R/T/F=2/0/0 trsplit=0 sim=152.962(rmp=4.092 run=148.772 n=1 d=2) chk= 0.003(d=0) stat= 0.850 rest= 2.289
BMC : c =  346605  cl = 347430  lit = 1183057  p =  2753  d =     1  f =     0  +  T =     0.24 sec
  [bmc-prof  37] wall= 240.413 p=  2754 | ifo= 12.155(sd=1.027 nx=0.000 tfo=8.695 cnt=2.434) snap= 2.211 srm= 57.010 sat= 10.002(set=1.668 slv=8.197 max=0.0638 n=2754) cex=R/T/F=1/0/0 trsplit=0 sim=155.995(rmp=4.048 run=151.841 n=1 d=1) chk= 0.003(d=0) stat= 0.847 rest= 2.190
BMC : c =  346605  cl = 347429  lit = 1183056  p =  2754  d =     1  f =     0  +  T =     0.25 sec
  [bmc-prof  38] wall= 246.916 p=  2755 | ifo= 12.149(sd=1.047 nx=0.000 tfo=8.677 cnt=2.425) snap= 1.784 srm= 51.333 sat=  9.955(set=1.458 slv=8.359 max=0.0649 n=2755) cex=R/T/F=1/0/0 trsplit=0 sim=168.534(rmp=4.077 run=164.364 n=1 d=1) chk= 0.003(d=0) stat= 0.892 rest= 2.266
BMC : c =  346605  cl = 347429  lit = 1183056  p =  2754  d =     0  f =     0  +  T =     0.08 sec
  [bmc-prof  39] wall=  77.355 p=  2754 | ifo= 12.324(sd=1.068 nx=0.000 tfo=8.836 cnt=2.420) snap= 1.758 srm= 52.681 sat=  9.553(set=1.409 slv=8.005 max=0.0636 n=2754) cex=R/T/F=0/0/0 trsplit=0 sim= 0.000(rmp=0.000 run=0.000 n=0 d=0) chk= 0.000(d=0) stat= 1.034 rest= 0.006
  [bmc-prof ALL] wall=10246.571 p=146047 | ifo=632.723(sd=45.665 nx=0.000 tfo=485.766 cnt=101.292) snap=80.321 srm=2232.036 sat=584.738(set=61.089 slv=514.811 max=0.3401 n=146047) cex=R/T/F=36645/0/3 trsplit=0 sim=6579.740(rmp=176.421 run=6399.412 n=39 d=11356) chk= 0.415(d=1) stat=37.799 rest=98.799
  1 : c =  346026  cl = 346392  lit = 1180878  p = 11767  d =  1866  f =     1  +  T =     0.40 sec
  [prof   1] wall= 401.795 p= 13634 | ifo=  0.000(sd=0.000 nx=0.000 tfo=0.000 cnt=0.000) snap= 1.810 srm=103.222 sat= 12.505(set=2.451 slv=9.376 max=0.0772 n=13634) cex=R/T/F=1866/0/1 trsplit=0 sim=280.753(rmp=4.395 run=276.235 n=1 d=2177) chk= 0.037(d=1) stat= 0.889 rest= 2.579
  2 : c =  345361  cl = 346377  lit = 1179808  p = 11092  d =   807  f =     0  +  T =     0.41 sec
  [prof   2] wall= 407.154 p= 11899 | ifo= 24.182(sd=1.155 nx=0.997 tfo=18.926 cnt=3.104) snap= 1.736 srm=101.684 sat= 11.940(set=2.308 slv=9.066 max=0.1123 n=11899) cex=R/T/F=807/0/0 trsplit=0 sim=264.476(rmp=4.331 run=260.049 n=1 d=1070) chk= 0.019(d=0) stat= 0.888 rest= 2.227
  3 : c =  334998  cl = 353490  lit = 1165950  p = 10823  d =   853  f =     0  +  T =     0.36 sec
  [prof   3] wall= 364.459 p= 11676 | ifo= 18.979(sd=1.107 nx=0.998 tfo=14.010 cnt=2.864) snap= 1.734 srm= 91.705 sat= 11.677(set=2.333 slv=8.782 max=0.0421 n=11676) cex=R/T/F=853/0/0 trsplit=0 sim=236.924(rmp=4.404 run=232.420 n=1 d=13858) chk= 0.100(d=0) stat= 1.009 rest= 2.331
  4 : c =  250268  cl = 376683  lit = 1009739  p = 63824  d =112894  f =     0  +  T =     0.71 sec
  [prof   4] wall= 712.963 p=176718 | ifo= 18.517(sd=1.280 nx=0.908 tfo=13.243 cnt=3.086) snap= 1.785 srm=123.465 sat=272.256(set=5.693 slv=249.987 max=0.2448 n=176718) cex=R/T/F=112894/0/0 trsplit=0 sim=290.614(rmp=3.684 run=286.929 n=1 d=156211) chk= 0.655(d=0) stat= 1.667 rest= 4.002
  5 : c =  192290  cl = 342751  lit =  758447  p = 43531  d =194182  f =     0  +  T =     2.25 sec
  [prof   5] wall=2253.432 p=237713 | ifo= 23.946(sd=1.708 nx=0.939 tfo=17.291 cnt=4.008) snap= 1.811 srm=172.331 sat=962.999(set=10.019 slv=935.419 max=1.0879 n=237713) cex=R/T/F=194182/0/0 trsplit=0 sim=1084.877(rmp=5.413 run=1079.374 n=1 d=251292) chk= 1.020(d=0) stat= 1.425 rest= 5.021
  6 : c =  154834  cl = 319827  lit =  671356  p = 29882  d = 65233  f =  8495  +  T =     9.56 sec
  [prof   6] wall=9564.736 p=103610 | ifo= 26.372(sd=1.818 nx=0.927 tfo=20.543 cnt=3.085) snap= 1.878 srm=155.391 sat=7969.772(set=10.050 slv=7950.221 max=5.0209 n=103610) cex=R/T/F=65233/0/8495 trsplit=0 sim=1405.442(rmp=5.071 run=1400.276 n=1 d=82305) chk= 0.610(d=4786) stat= 1.449 rest= 3.824
  7 : c =   88643  cl = 274486  lit =  509627  p = 58558  d =150416  f = 26301  +  T =    23.03 sec
  [prof   7] wall=23027.818 p=235275 | ifo= 22.405(sd=1.556 nx=0.901 tfo=17.439 cnt=2.510) snap= 1.761 srm=172.941 sat=19529.997(set=12.329 slv=19494.911 max=4.6081 n=235275) cex=R/T/F=150416/0/26301 trsplit=0 sim=3289.648(rmp=5.844 run=3283.712 n=1 d=148261) chk= 1.284(d=13468) stat= 1.748 rest= 8.033
  8 : c =   71504  cl = 230199  lit =  408022  p = 32282  d =152964  f =  6673  +  T =    13.53 sec
  [prof   8] wall=13532.712 p=191919 | ifo= 38.858(sd=2.274 nx=3.116 tfo=29.679 cnt=3.789) snap= 2.208 srm=192.228 sat=9069.873(set=12.645 slv=9027.590 max=10.1583 n=191919) cex=R/T/F=152964/0/6673 trsplit=0 sim=4220.409(rmp=3.535 run=4216.871 n=1 d=97538) chk= 0.954(d=4067) stat= 1.452 rest= 6.729
  9 : c =   70654  cl = 220628  lit =  370585  p =  7176  d = 56903  f =  1617  +  T =     5.45 sec
  [prof   9] wall=5451.881 p= 65696 | ifo= 23.077(sd=1.550 nx=0.909 tfo=17.879 cnt=2.738) snap= 2.877 srm=181.941 sat=3204.040(set=11.089 slv=3185.476 max=10.6402 n=65696) cex=R/T/F=56903/0/1617 trsplit=0 sim=2034.167(rmp=4.900 run=2029.178 n=1 d=36471) chk= 0.327(d=966) stat= 1.019 rest= 4.433
 10 : c =   69532  cl = 219449  lit =  358813  p = 18857  d = 16895  f =   385  +  T =     1.71 sec
  [prof  10] wall=1706.187 p= 36137 | ifo= 19.658(sd=1.284 nx=0.893 tfo=15.696 cnt=1.785) snap= 1.738 srm=154.146 sat=826.627(set=7.901 slv=815.989 max=1.2311 n=36137) cex=R/T/F=16895/0/385 trsplit=0 sim=699.566(rmp=4.730 run=694.745 n=1 d=11678) chk= 0.166(d=94) stat= 1.011 rest= 3.274
 11 : c =   51160  cl = 223689  lit =  318381  p = 39840  d = 69956  f =    55  +  T =     1.00 sec
  [prof  11] wall= 998.872 p=109851 | ifo= 23.100(sd=1.476 nx=1.266 tfo=18.482 cnt=1.876) snap= 1.906 srm=179.344 sat=294.012(set=11.036 slv=276.139 max=10.3221 n=109851) cex=R/T/F=69956/0/55 trsplit=0 sim=495.463(rmp=4.087 run=491.278 n=1 d=40416) chk= 0.341(d=16) stat= 1.086 rest= 3.621
 12 : c =   49746  cl = 227148  lit =  302228  p = 44022  d = 27115  f =     8  +  T =     0.64 sec
  [prof  12] wall= 642.497 p= 71145 | ifo= 19.643(sd=1.226 nx=1.000 tfo=15.533 cnt=1.885) snap= 2.981 srm=176.871 sat=110.569(set=12.608 slv=93.705 max=0.3054 n=71145) cex=R/T/F=27115/0/8 trsplit=0 sim=327.632(rmp=4.151 run=323.393 n=1 d=16145) chk= 0.278(d=8) stat= 1.097 rest= 3.425
 13 : c =   40830  cl = 212754  lit =  272898  p = 56937  d = 21337  f =     0  +  T =     0.57 sec
  [prof  13] wall= 571.071 p= 78274 | ifo= 20.279(sd=1.194 nx=0.971 tfo=15.808 cnt=2.305) snap= 2.402 srm=181.199 sat=133.362(set=11.919 slv=116.865 max=0.7915 n=78274) cex=R/T/F=21337/0/0 trsplit=0 sim=228.505(rmp=4.469 run=223.948 n=1 d=29330) chk= 0.194(d=0) stat= 1.354 rest= 3.777
 14 : c =   39563  cl = 209537  lit =  259645  p = 36560  d =  6239  f =  7764  +  T =     0.84 sec
  [prof  14] wall= 844.415 p= 50563 | ifo= 26.804(sd=1.542 nx=1.415 tfo=21.656 cnt=2.191) snap= 2.369 srm=189.503 sat=373.904(set=12.198 slv=358.822 max=4.0146 n=50563) cex=R/T/F=6239/0/7764 trsplit=0 sim=246.899(rmp=4.676 run=242.131 n=1 d=13243) chk= 0.127(d=10) stat= 1.152 rest= 3.656
 15 : c =   37869  cl = 209422  lit =  257897  p = 35871  d =   414  f =    39  +  T =     0.46 sec
  [prof  15] wall= 463.182 p= 36324 | ifo= 19.957(sd=1.381 nx=1.336 tfo=15.288 cnt=1.952) snap= 2.189 srm=172.711 sat= 50.155(set=9.939 slv=38.666 max=0.5764 n=36324) cex=R/T/F=414/0/39 trsplit=0 sim=213.814(rmp=4.481 run=209.236 n=1 d=1716) chk= 0.052(d=32) stat= 1.129 rest= 3.176
 16 : c =   36920  cl = 208569  lit =  254364  p = 36553  d =  2797  f =    79  +  T =     0.71 sec
  [prof  16] wall= 707.016 p= 39429 | ifo= 21.260(sd=1.295 nx=1.266 tfo=17.204 cnt=1.495) snap= 2.214 srm=180.056 sat= 85.577(set=9.855 slv=73.815 max=0.3629 n=39429) cex=R/T/F=2797/0/79 trsplit=0 sim=413.617(rmp=4.853 run=408.614 n=1 d=3469) chk= 0.051(d=64) stat= 0.924 rest= 3.316
 17 : c =   16673  cl = 191949  lit =  228643  p = 21905  d = 11038  f =  3778  +  T =     4.06 sec
  [prof  17] wall=4062.088 p= 36721 | ifo= 17.233(sd=1.014 nx=0.884 tfo=13.874 cnt=1.461) snap= 2.230 srm=196.331 sat=2493.345(set=10.850 slv=2479.178 max=2.0742 n=36721) cex=R/T/F=11038/0/3778 trsplit=0 sim=1348.182(rmp=5.681 run=1342.400 n=1 d=22255) chk= 0.233(d=3466) stat= 1.034 rest= 3.499
 18 : c =    6764  cl = 188075  lit =  201634  p =  9717  d =  1186  f = 24842  +  T =     3.15 sec
  [prof  18] wall=3152.454 p= 35745 | ifo= 19.725(sd=1.176 nx=0.943 tfo=15.982 cnt=1.624) snap= 1.838 srm=179.054 sat=2732.227(set=10.215 slv=2719.035 max=5.7811 n=35745) cex=R/T/F=1186/0/24842 trsplit=0 sim=213.820(rmp=5.246 run=208.487 n=1 d=3030) chk= 0.579(d=23979) stat= 1.098 rest= 4.112
 19 : c =    6206  cl = 178646  lit =  191065  p = 16120  d =  2799  f =  7696  +  T =     1.70 sec
  [prof  19] wall=1703.545 p= 26615 | ifo= 17.879(sd=1.325 nx=1.305 tfo=13.797 cnt=1.452) snap= 2.589 srm=169.852 sat=740.239(set=10.144 slv=728.327 max=0.9236 n=26615) cex=R/T/F=2799/0/7696 trsplit=0 sim=768.858(rmp=3.862 run=764.849 n=1 d=7095) chk= 0.136(d=3474) stat= 0.956 rest= 3.036
 20 : c =    4964  cl = 177837  lit =  188787  p =  7087  d =   304  f =   252  -  T =     0.45 sec
  [prof  20] wall= 451.641 p=  7643 | ifo= 16.657(sd=1.063 nx=0.976 tfo=13.199 cnt=1.419) snap= 2.187 srm=160.477 sat= 68.023(set=9.583 slv=58.050 max=0.4395 n=7643) cex=R/T/F=304/0/252 trsplit=0 sim=200.197(rmp=3.914 run=196.188 n=1 d=2152) chk= 0.034(d=126) stat= 0.905 rest= 3.161
  [incr r=20 repr=4691 next=3630 tfo=1271612 active=158433/366624 POs=5833]
 21 : c =    4731  cl = 177431  lit =  186874  p =  3929  d =  1681  f =   223  -  T =     0.42 sec
  [prof  21] wall= 416.330 p=  5833 | ifo= 14.693(sd=1.012 nx=0.885 tfo=11.257 cnt=1.540) snap= 1.691 srm=133.853 sat= 67.814(set=9.181 slv=58.279 max=0.7629 n=5833) cex=R/T/F=1681/0/223 trsplit=0 sim=193.381(rmp=4.754 run=188.543 n=1 d=1771) chk= 0.066(d=142) stat= 0.859 rest= 3.972
 22 : c =    4475  cl = 177375  lit =  186392  p =  7254  d =   156  f =   324  -  T =     0.45 sec
  [prof  22] wall= 449.158 p=  7734 | ifo= 17.152(sd=0.998 nx=0.893 tfo=13.792 cnt=1.468) snap= 2.122 srm=150.586 sat= 80.693(set=10.099 slv=70.224 max=0.4012 n=7734) cex=R/T/F=156/0/324 trsplit=0 sim=194.755(rmp=3.755 run=190.899 n=1 d=183) chk= 0.026(d=299) stat= 0.874 rest= 2.949
 23 : c =    4374  cl = 177243  lit =  186069  p =  7266  d =    66  f =   240  -  T =     0.43 sec
  [prof  23] wall= 430.341 p=  7572 | ifo= 20.469(sd=0.992 nx=1.095 tfo=16.569 cnt=1.813) snap= 1.675 srm=155.373 sat= 61.030(set=9.070 slv=51.609 max=0.4070 n=7572) cex=R/T/F=66/0/240 trsplit=0 sim=187.615(rmp=4.461 run=183.069 n=1 d=88) chk= 0.045(d=235) stat= 0.897 rest= 3.236
  [incr r=23 repr=385 next=325 tfo=1039044 active=12225/363312 POs=3929]
 24 : c =    4279  cl = 177233  lit =  185915  p =  3784  d =    39  f =   106  -  T =     0.35 sec
  [prof  24] wall= 353.996 p=  3929 | ifo= 11.922(sd=0.998 nx=0.859 tfo=8.427 cnt=1.637) snap= 1.658 srm=106.330 sat= 42.991(set=9.612 slv=33.187 max=0.2309 n=3929) cex=R/T/F=39/0/106 trsplit=0 sim=187.427(rmp=4.779 run=182.568 n=1 d=52) chk= 0.039(d=102) stat= 0.874 rest= 2.755
 25 : c =    4178  cl = 177228  lit =  185790  p =  7117  d =    12  f =   113  -  T =     0.44 sec
  [prof  25] wall= 445.632 p=  7242 | ifo= 14.808(sd=1.051 nx=0.893 tfo=11.460 cnt=1.404) snap= 1.686 srm=159.145 sat= 48.231(set=9.955 slv=37.918 max=5.0596 n=7242) cex=R/T/F=12/0/113 trsplit=0 sim=216.827(rmp=4.254 run=212.468 n=1 d=17) chk= 0.031(d=108) stat= 1.014 rest= 3.889
 26 : c =    4067  cl = 177229  lit =  185668  p =  7116  d =    20  f =    98  -  T =     0.46 sec
  [prof  26] wall= 456.802 p=  7234 | ifo= 23.127(sd=1.092 nx=0.971 tfo=19.018 cnt=2.046) snap= 1.817 srm=175.577 sat= 48.259(set=10.285 slv=37.610 max=0.3871 n=7234) cex=R/T/F=20/0/98 trsplit=0 sim=203.262(rmp=4.256 run=198.914 n=1 d=25) chk= 0.020(d=97) stat= 0.956 rest= 3.784
 27 : c =    3752  cl = 177177  lit =  185548  p =  7120  d =    95  f =    32  -  T =     0.46 sec
  [prof  27] wall= 463.847 p=  7247 | ifo= 17.585(sd=1.088 nx=0.961 tfo=13.920 cnt=1.615) snap= 1.819 srm=174.229 sat= 37.620(set=9.602 slv=27.658 max=0.2906 n=7247) cex=R/T/F=95/0/32 trsplit=0 sim=228.374(rmp=4.769 run=223.512 n=1 d=91) chk= 0.014(d=29) stat= 0.970 rest= 3.235
  [incr r=27 repr=436 next=429 tfo=1042698 active=8542/362725 POs=2668]
 28 : c =    3587  cl = 177166  lit =  185419  p =  2376  d =   240  f =    52  -  T =     0.37 sec
  [prof  28] wall= 374.735 p=  2668 | ifo= 12.035(sd=1.074 nx=0.952 tfo=8.248 cnt=1.761) snap= 1.937 srm=124.148 sat= 32.157(set=9.957 slv=22.042 max=0.3151 n=2668) cex=R/T/F=240/0/52 trsplit=0 sim=200.121(rmp=4.287 run=195.741 n=1 d=79) chk= 0.015(d=50) stat= 1.032 rest= 3.289
  [incr r=28 repr=512 next=474 tfo=1043522 active=8817/362585 POs=2725]
 29 : c =    3504  cl = 177199  lit =  185268  p =  2467  d =   204  f =    54  -  T =     0.40 sec
  [prof  29] wall= 402.207 p=  2725 | ifo= 14.728(sd=1.092 nx=1.448 tfo=9.801 cnt=2.386) snap= 1.821 srm=123.502 sat= 33.004(set=10.403 slv=22.442 max=0.3121 n=2725) cex=R/T/F=204/0/54 trsplit=0 sim=224.987(rmp=5.213 run=219.682 n=1 d=103) chk= 0.035(d=48) stat= 0.929 rest= 3.203
 30 : c =    3436  cl = 177246  lit =  185007  p =  7169  d =   203  f =    54  -  T =     0.50 sec
  [prof  30] wall= 503.602 p=  7426 | ifo= 18.760(sd=1.097 nx=0.997 tfo=15.119 cnt=1.546) snap= 2.323 srm=182.605 sat= 46.641(set=9.680 slv=36.459 max=0.9273 n=7426) cex=R/T/F=203/0/54 trsplit=0 sim=248.242(rmp=4.276 run=243.838 n=1 d=211) chk= 0.029(d=50) stat= 1.287 rest= 3.715
  [incr r=30 repr=434 next=410 tfo=1043514 active=8533/362253 POs=2623]
 31 : c =    3408  cl = 177232  lit =  184887  p =  2474  d =   105  f =    44  -  T =     0.44 sec
  [prof  31] wall= 440.861 p=  2623 | ifo= 19.095(sd=1.646 nx=1.569 tfo=13.162 cnt=2.719) snap= 1.906 srm=146.354 sat= 31.409(set=10.378 slv=20.879 max=0.1701 n=2623) cex=R/T/F=105/0/44 trsplit=0 sim=237.434(rmp=4.653 run=232.691 n=1 d=79) chk= 0.038(d=41) stat= 1.182 rest= 3.442
  [incr r=31 repr=178 next=183 tfo=1027761 active=6213/362119 POs=2416]
 32 : c =    3374  cl = 177223  lit =  184807  p =  2318  d =    56  f =    42  -  T =     0.37 sec
  [prof  32] wall= 367.754 p=  2416 | ifo= 14.968(sd=1.470 nx=1.455 tfo=10.277 cnt=1.766) snap= 2.612 srm=123.092 sat= 29.858(set=14.281 slv=15.442 max=0.1595 n=2416) cex=R/T/F=56/0/42 trsplit=0 sim=193.106(rmp=5.324 run=187.698 n=1 d=42) chk= 0.020(d=38) stat= 0.881 rest= 3.216
 33 : c =    3343  cl = 177223  lit =  184751  p =  7191  d =    31  f =    31  -  T =     0.41 sec
  [prof  33] wall= 408.093 p=  7253 | ifo= 16.082(sd=1.017 nx=0.881 tfo=12.756 cnt=1.427) snap= 1.683 srm=164.941 sat= 34.555(set=8.830 slv=25.379 max=0.2532 n=7253) cex=R/T/F=31/0/31 trsplit=0 sim=187.002(rmp=3.879 run=183.039 n=1 d=25) chk= 0.016(d=31) stat= 0.873 rest= 2.941
  [incr r=33 repr=79 next=63 tfo=6125 active=1403/361974 POs=277]
 34 : c =    3277  cl = 177228  lit =  184708  p =   223  d =    31  f =    23  -  T =     0.28 sec
  [prof  34] wall= 278.292 p=   277 | ifo=  5.005(sd=1.009 nx=0.892 tfo=1.109 cnt=1.995) snap= 2.375 srm= 57.005 sat= 11.754(set=6.123 slv=5.612 max=0.2581 n=277) cex=R/T/F=31/0/23 trsplit=0 sim=199.180(rmp=3.843 run=195.244 n=1 d=24) chk= 0.008(d=19) stat= 0.861 rest= 2.104
  [incr r=34 repr=156 next=179 tfo=1020988 active=5469/361936 POs=2417]
 35 : c =    3246  cl = 177238  lit =  184663  p =  2334  d =    72  f =    11  -  T =     0.35 sec
  [prof  35] wall= 348.482 p=  2417 | ifo= 10.744(sd=1.004 nx=0.869 tfo=7.272 cnt=1.600) snap= 1.674 srm=118.218 sat= 23.183(set=10.709 slv=12.356 max=0.1701 n=2417) cex=R/T/F=72/0/11 trsplit=0 sim=190.586(rmp=4.520 run=185.965 n=1 d=34) chk= 0.009(d=11) stat= 0.950 rest= 3.118
  [incr r=35 repr=203 next=226 tfo=1020244 active=5343/361901 POs=2428]
 36 : c =    3222  cl = 177264  lit =  184583  p =  2333  d =    59  f =    36  -  T =     0.37 sec
  [prof  36] wall= 375.135 p=  2428 | ifo= 13.384(sd=1.005 nx=1.134 tfo=9.630 cnt=1.616) snap= 1.669 srm=122.979 sat= 23.807(set=9.448 slv=14.242 max=0.3383 n=2428) cex=R/T/F=59/0/36 trsplit=0 sim=209.623(rmp=3.965 run=205.567 n=1 d=44) chk= 0.028(d=36) stat= 0.872 rest= 2.773
  [incr r=36 repr=193 next=254 tfo=1020374 active=5409/361847 POs=2447]
 37 : c =    3195  cl = 177277  lit =  184460  p =  2351  d =    54  f =    42  -  T =     0.35 sec
  [prof  37] wall= 351.806 p=  2447 | ifo= 13.890(sd=1.026 nx=0.910 tfo=9.651 cnt=2.303) snap= 1.883 srm=123.033 sat= 24.577(set=9.404 slv=15.055 max=0.3424 n=2447) cex=R/T/F=54/0/42 trsplit=0 sim=184.351(rmp=3.927 run=180.334 n=1 d=84) chk= 0.014(d=39) stat= 0.863 rest= 3.194
  [incr r=37 repr=176 next=186 tfo=6527 active=1583/361737 POs=421]
 38 : c =    3168  cl = 177280  lit =  184398  p =   360  d =    21  f =    40  -  T =     0.27 sec
  [prof  38] wall= 275.360 p=   421 | ifo=  4.963(sd=1.833 nx=0.911 tfo=0.682 cnt=1.537) snap= 1.675 srm= 58.599 sat= 13.200(set=5.144 slv=8.032 max=0.3383 n=421) cex=R/T/F=21/0/40 trsplit=0 sim=193.950(rmp=3.712 run=190.146 n=1 d=25) chk= 0.028(d=37) stat= 0.871 rest= 2.072
  [incr r=38 repr=92 next=108 tfo=1020794 active=5237/361678 POs=2348]
 39 : c =    3124  cl = 177291  lit =  184338  p =  2293  d =    25  f =    30  -  T =     0.35 sec
  [prof  39] wall= 348.665 p=  2348 | ifo= 11.728(sd=0.986 nx=0.894 tfo=8.153 cnt=1.696) snap= 1.993 srm=121.752 sat= 22.724(set=9.538 slv=13.078 max=0.1577 n=2348) cex=R/T/F=25/0/30 trsplit=0 sim=186.396(rmp=3.987 run=182.313 n=1 d=31) chk= 0.014(d=29) stat= 1.240 rest= 2.819
  [incr r=39 repr=109 next=113 tfo=6101 active=1437/361629 POs=309]
 40 : c =    3088  cl = 177295  lit =  184271  p =   242  d =    25  f =    42  -  T =     0.27 sec
  [prof  40] wall= 274.240 p=   309 | ifo=  4.096(sd=1.011 nx=0.877 tfo=0.672 cnt=1.537) snap= 1.652 srm= 56.281 sat= 11.724(set=4.964 slv=6.740 max=0.2525 n=309) cex=R/T/F=25/0/42 trsplit=0 sim=197.287(rmp=5.136 run=192.055 n=1 d=30) chk= 0.010(d=37) stat= 0.873 rest= 2.317
  [incr r=40 repr=90 next=74 tfo=1019952 active=5040/361566 POs=2292]
 41 : c =    3029  cl = 177294  lit =  184237  p =  2244  d =    26  f =    22  -  T =     0.34 sec
  [prof  41] wall= 340.383 p=  2292 | ifo= 11.105(sd=0.996 nx=0.868 tfo=7.600 cnt=1.640) snap= 1.768 srm=118.335 sat= 20.213(set=9.250 slv=10.857 max=0.1466 n=2292) cex=R/T/F=26/0/22 trsplit=0 sim=185.287(rmp=4.406 run=180.794 n=1 d=14) chk= 0.012(d=20) stat= 0.908 rest= 2.754
  [incr r=41 repr=124 next=148 tfo=1020090 active=5110/361531 POs=2414]
 42 : c =    2989  cl = 177310  lit =  184177  p =  2328  d =    68  f =    18  -  T =     0.36 sec
  [prof  42] wall= 365.405 p=  2414 | ifo= 11.060(sd=1.005 nx=0.871 tfo=7.459 cnt=1.725) snap= 1.665 srm=123.115 sat= 22.573(set=9.097 slv=13.351 max=0.2710 n=2414) cex=R/T/F=68/0/18 trsplit=0 sim=202.609(rmp=4.369 run=198.146 n=1 d=42) chk= 0.010(d=18) stat= 1.121 rest= 3.251
  [incr r=42 repr=224 next=236 tfo=1021012 active=5321/361487 POs=2452]
 43 : c =    2926  cl = 177334  lit =  184091  p =  2343  d =    69  f =    40  -  T =     0.36 sec
  [prof  43] wall= 357.126 p=  2452 | ifo= 14.784(sd=1.396 nx=1.249 tfo=9.930 cnt=2.209) snap= 1.685 srm=121.494 sat= 25.648(set=10.896 slv=14.630 max=0.2730 n=2452) cex=R/T/F=69/0/40 trsplit=0 sim=189.825(rmp=3.903 run=185.831 n=1 d=47) chk= 0.028(d=39) stat= 0.862 rest= 2.801
  [incr r=43 repr=945 next=361 tfo=10685 active=5598/361425 POs=998]
 44 : c =    2881  cl = 177359  lit =  183978  p =   868  d =    90  f =    40  -  T =     0.30 sec
  [prof  44] wall= 300.898 p=   998 | ifo=  4.217(sd=1.007 nx=0.952 tfo=0.719 cnt=1.539) snap= 2.227 srm= 56.988 sat= 24.332(set=6.530 slv=17.745 max=0.3954 n=998) cex=R/T/F=90/0/40 trsplit=0 sim=209.531(rmp=3.998 run=205.431 n=1 d=77) chk= 0.004(d=36) stat= 1.079 rest= 2.520
  [incr r=44 repr=280 next=277 tfo=1020364 active=5228/361337 POs=2529]
 45 : c =    2872  cl = 177369  lit =  183854  p =  2416  d =    42  f =    71  -  T =     0.35 sec
  [prof  45] wall= 354.115 p=  2529 | ifo= 12.785(sd=1.320 nx=0.903 tfo=8.954 cnt=1.609) snap= 2.145 srm=121.371 sat= 30.533(set=9.419 slv=20.994 max=1.8604 n=2529) cex=R/T/F=42/0/71 trsplit=0 sim=183.610(rmp=3.917 run=179.597 n=1 d=66) chk= 0.036(d=58) stat= 0.862 rest= 2.772
  [incr r=45 repr=198 next=207 tfo=1020209 active=5059/361223 POs=2434]
 46 : c =    2858  cl = 177370  lit =  183785  p =  2359  d =    26  f =    49  -  T =     0.38 sec
  [prof  46] wall= 379.691 p=  2434 | ifo= 12.695(sd=1.017 nx=0.905 tfo=8.212 cnt=2.560) snap= 1.858 srm=123.696 sat= 27.545(set=10.071 slv=17.349 max=0.2116 n=2434) cex=R/T/F=26/0/49 trsplit=0 sim=209.266(rmp=4.291 run=204.867 n=1 d=25) chk= 0.040(d=44) stat= 1.253 rest= 3.338
  [incr r=46 repr=692 next=104 tfo=1023487 active=7668/361155 POs=2830]
 47 : c =    2826  cl = 177378  lit =  183722  p =  2773  d =    23  f =    34  -  T =     0.39 sec
  [prof  47] wall= 394.682 p=  2830 | ifo= 18.061(sd=1.358 nx=1.760 tfo=12.547 cnt=2.395) snap= 2.344 srm=123.185 sat= 31.664(set=11.894 slv=19.622 max=0.3213 n=2830) cex=R/T/F=23/0/34 trsplit=0 sim=215.222(rmp=5.004 run=210.114 n=1 d=32) chk= 0.018(d=31) stat= 0.949 rest= 3.239
  [incr r=47 repr=93 next=93 tfo=6012 active=1353/361100 POs=312]
 48 : c =    2791  cl = 177372  lit =  183643  p =   243  d =    20  f =    49  -  T =     0.33 sec
  [prof  48] wall= 332.648 p=   312 | ifo=  4.499(sd=1.094 nx=0.985 tfo=0.763 cnt=1.658) snap= 2.372 srm= 64.817 sat= 16.445(set=7.264 slv=9.160 max=0.2921 n=312) cex=R/T/F=20/0/49 trsplit=0 sim=240.651(rmp=4.667 run=235.876 n=1 d=37) chk= 0.010(d=42) stat= 1.048 rest= 2.806
  [incr r=48 repr=93 next=69 tfo=1020599 active=4846/361015 POs=2304]
 49 : c =    2721  cl = 177371  lit =  183609  p =  2261  d =    23  f =    20  -  T =     0.40 sec
  [prof  49] wall= 399.288 p=  2304 | ifo= 18.097(sd=1.535 nx=1.135 tfo=12.527 cnt=2.899) snap= 2.117 srm=145.329 sat= 21.704(set=10.764 slv=10.809 max=0.1602 n=2304) cex=R/T/F=23/0/20 trsplit=0 sim=207.559(rmp=5.129 run=202.328 n=1 d=16) chk= 0.009(d=18) stat= 1.060 rest= 3.414
  [incr r=49 repr=140 next=144 tfo=1020120 active=4915/360980 POs=2398]
 50 : c =    2682  cl = 177382  lit =  183572  p =  2320  d =    67  f =    11  -  T =     0.40 sec
  [prof  50] wall= 402.019 p=  2398 | ifo= 13.385(sd=1.205 nx=1.041 tfo=9.321 cnt=1.818) snap= 1.830 srm=130.593 sat= 22.847(set=10.155 slv=12.571 max=0.1637 n=2398) cex=R/T/F=67/0/11 trsplit=0 sim=228.463(rmp=4.321 run=224.021 n=1 d=29) chk= 0.008(d=8) stat= 1.154 rest= 3.739
  [incr r=50 repr=214 next=232 tfo=1020255 active=5036/360954 POs=2490]
 51 : c =    2665  cl = 177405  lit =  183488  p =  2377  d =    76  f =    37  -  T =     0.39 sec
  [prof  51] wall= 396.116 p=  2490 | ifo= 16.487(sd=1.433 nx=1.479 tfo=11.059 cnt=2.516) snap= 1.829 srm=125.055 sat= 27.599(set=10.732 slv=16.593 max=0.3824 n=2490) cex=R/T/F=76/0/37 trsplit=0 sim=220.594(rmp=4.575 run=215.917 n=1 d=47) chk= 0.029(d=37) stat= 1.170 rest= 3.354
  [incr r=51 repr=213 next=273 tfo=1020282 active=5015/360893 POs=2496]
 52 : c =    2642  cl = 177428  lit =  183376  p =  2394  d =    52  f =    50  -  T =     0.38 sec
  [prof  52] wall= 376.804 p=  2496 | ifo= 16.806(sd=1.378 nx=1.451 tfo=11.566 cnt=2.412) snap= 2.400 srm=134.023 sat= 28.932(set=11.725 slv=17.078 max=0.1661 n=2496) cex=R/T/F=52/0/50 trsplit=0 sim=190.460(rmp=4.304 run=186.059 n=1 d=63) chk= 0.022(d=49) stat= 0.975 rest= 3.185
  [incr r=52 repr=168 next=190 tfo=6513 active=1604/360804 POs=438]
 53 : c =    2616  cl = 177430  lit =  183306  p =   374  d =    25  f =    39  -  T =     0.32 sec
  [prof  53] wall= 316.449 p=   438 | ifo=  4.558(sd=1.135 nx=0.986 tfo=0.751 cnt=1.684) snap= 2.332 srm= 62.095 sat= 15.452(set=6.196 slv=9.229 max=0.3195 n=438) cex=R/T/F=25/0/39 trsplit=0 sim=227.839(rmp=5.415 run=222.321 n=1 d=33) chk= 0.017(d=37) stat= 1.131 rest= 3.024
  [incr r=53 repr=87 next=80 tfo=1020553 active=4703/360736 POs=2352]
 54 : c =    2583  cl = 177430  lit =  183252  p =  2309  d =    11  f =    32  -  T =     0.40 sec
  [prof  54] wall= 405.209 p=  2352 | ifo= 15.522(sd=1.369 nx=1.419 tfo=10.412 cnt=2.323) snap= 2.406 srm=131.230 sat= 24.728(set=10.020 slv=14.585 max=0.3645 n=2352) cex=R/T/F=11/0/32 trsplit=0 sim=226.329(rmp=4.375 run=221.856 n=1 d=22) chk= 0.016(d=32) stat= 1.221 rest= 3.758
  [incr r=54 repr=66 next=52 tfo=1021133 active=4686/360682 POs=2297]
 55 : c =    2535  cl = 177434  lit =  183218  p =  2256  d =    19  f =    22  -  T =     0.37 sec
  [prof  55] wall= 368.318 p=  2297 | ifo= 14.651(sd=1.345 nx=1.347 tfo=9.631 cnt=2.328) snap= 1.671 srm=121.867 sat= 23.278(set=10.389 slv=12.762 max=0.3412 n=2297) cex=R/T/F=19/0/22 trsplit=0 sim=202.723(rmp=3.930 run=198.696 n=1 d=12) chk= 0.008(d=22) stat= 1.077 rest= 3.043
  [incr r=55 repr=89 next=87 tfo=5988 active=1335/360652 POs=315]
 56 : c =    2483  cl = 177449  lit =  183171  p =   254  d =    45  f =    16  -  T =     0.28 sec
  [prof  56] wall= 276.115 p=   315 | ifo=  4.715(sd=1.249 nx=1.239 tfo=0.702 cnt=1.525) snap= 1.715 srm= 64.638 sat= 10.807(set=5.188 slv=5.599 max=0.1428 n=315) cex=R/T/F=45/0/16 trsplit=0 sim=191.207(rmp=3.895 run=187.209 n=1 d=31) chk= 0.005(d=16) stat= 0.947 rest= 2.081
  [incr r=56 repr=176 next=182 tfo=1021436 active=4848/360620 POs=2420]
 57 : c =    2388  cl = 177471  lit =  183093  p =  2331  d =    66  f =    23  -  T =     0.34 sec
  [prof  57] wall= 345.529 p=  2420 | ifo= 11.396(sd=0.996 nx=0.889 tfo=7.786 cnt=1.725) snap= 1.682 srm=118.703 sat= 22.288(set=9.090 slv=13.084 max=0.5268 n=2420) cex=R/T/F=66/0/23 trsplit=0 sim=187.696(rmp=3.900 run=183.700 n=1 d=56) chk= 0.014(d=22) stat= 0.921 rest= 2.829
  [incr r=57 repr=336 next=395 tfo=6478 active=1731/360564 POs=544]
 58 : c =    2355  cl = 177497  lit =  182967  p =   393  d =    81  f =    70  -  T =     0.28 sec
  [prof  58] wall= 283.272 p=   544 | ifo=  4.098(sd=0.997 nx=0.884 tfo=0.662 cnt=1.555) snap= 1.741 srm= 71.430 sat= 18.485(set=5.622 slv=12.827 max=0.2617 n=544) cex=R/T/F=81/0/70 trsplit=0 sim=184.313(rmp=4.915 run=179.300 n=1 d=60) chk= 0.039(d=66) stat= 0.889 rest= 2.278
  [incr r=58 repr=794 next=303 tfo=1022636 active=6720/360464 POs=2874]
 59 : c =    2346  cl = 177507  lit =  182843  p =  2746  d =    61  f =    67  -  T =     0.37 sec
  [prof  59] wall= 369.209 p=  2874 | ifo= 10.803(sd=1.004 nx=0.875 tfo=7.272 cnt=1.652) snap= 1.657 srm=123.949 sat= 31.954(set=9.498 slv=22.316 max=0.2848 n=2874) cex=R/T/F=61/0/67 trsplit=0 sim=197.072(rmp=4.113 run=192.872 n=1 d=60) chk= 0.042(d=64) stat= 0.896 rest= 2.836
  [incr r=59 repr=170 next=209 tfo=6034 active=1511/360350 POs=433]
 60 : c =    2326  cl = 177508  lit =  182760  p =   347  d =    52  f =    34  -  T =     0.28 sec
  [prof  60] wall= 280.156 p=   433 | ifo=  4.271(sd=1.020 nx=0.979 tfo=0.662 cnt=1.610) snap= 1.741 srm= 55.560 sat= 16.571(set=5.500 slv=11.044 max=0.5535 n=433) cex=R/T/F=52/0/34 trsplit=0 sim=198.943(rmp=4.096 run=194.748 n=1 d=54) chk= 0.017(d=29) stat= 0.910 rest= 2.143
  [incr r=60 repr=144 next=143 tfo=1020184 active=4555/360268 POs=2414]
 61 : c =    2305  cl = 177509  lit =  182680  p =  2339  d =    33  f =    42  -  T =     0.35 sec
  [prof  61] wall= 351.918 p=  2414 | ifo= 10.995(sd=1.056 nx=0.869 tfo=7.395 cnt=1.676) snap= 2.062 srm=121.356 sat= 24.686(set=9.331 slv=15.237 max=0.1548 n=2414) cex=R/T/F=33/0/42 trsplit=0 sim=188.894(rmp=3.989 run=184.815 n=1 d=42) chk= 0.022(d=38) stat= 1.106 rest= 2.796
  [incr r=61 repr=118 next=146 tfo=5243 active=1138/360189 POs=299]
 62 : c =    2288  cl = 177515  lit =  182628  p =   247  d =    25  f =    27  -  T =     0.27 sec
  [prof  62] wall= 270.939 p=   299 | ifo=  4.248(sd=1.046 nx=0.864 tfo=0.696 cnt=1.642) snap= 1.713 srm= 59.507 sat= 11.503(set=5.143 slv=6.342 max=0.2579 n=299) cex=R/T/F=25/0/27 trsplit=0 sim=190.872(rmp=3.943 run=186.808 n=1 d=25) chk= 0.017(d=27) stat= 0.869 rest= 2.211
  [incr r=62 repr=497 next=90 tfo=1021899 active=6217/360143 POs=2613]
 63 : c =    2256  cl = 177518  lit =  182582  p =  2564  d =    18  f =    31  -  T =     0.35 sec
  [prof  63] wall= 354.180 p=  2613 | ifo= 10.834(sd=1.025 nx=0.929 tfo=7.253 cnt=1.627) snap= 2.233 srm=126.043 sat= 23.447(set=10.577 slv=12.739 max=0.1553 n=2613) cex=R/T/F=18/0/31 trsplit=0 sim=187.711(rmp=4.871 run=182.754 n=1 d=17) chk= 0.016(d=29) stat= 0.886 rest= 3.011
  [incr r=63 repr=80 next=81 tfo=1019707 active=4322/360100 POs=2309]
 64 : c =    2196  cl = 177528  lit =  182524  p =  2255  d =    26  f =    28  -  T =     0.35 sec
  [prof  64] wall= 352.069 p=  2309 | ifo= 11.458(sd=0.980 nx=0.879 tfo=7.969 cnt=1.630) snap= 1.688 srm=124.987 sat= 22.720(set=9.539 slv=13.063 max=0.1960 n=2309) cex=R/T/F=26/0/28 trsplit=0 sim=186.252(rmp=3.947 run=182.216 n=1 d=31) chk= 0.004(d=27) stat= 1.000 rest= 3.959
  [incr r=64 repr=131 next=123 tfo=4873 active=1182/360052 POs=309]
 65 : c =    2133  cl = 177536  lit =  182478  p =   230  d =    60  f =    19  -  T =     0.27 sec
  [prof  65] wall= 271.689 p=   309 | ifo=  4.788(sd=1.679 nx=0.909 tfo=0.662 cnt=1.538) snap= 2.475 srm= 58.874 sat= 10.760(set=5.570 slv=5.168 max=0.1218 n=309) cex=R/T/F=60/0/19 trsplit=0 sim=191.542(rmp=5.170 run=186.270 n=1 d=30) chk= 0.003(d=16) stat= 0.864 rest= 2.383
  [incr r=65 repr=183 next=186 tfo=1019957 active=4450/360014 POs=2410]
 66 : c =    2091  cl = 177547  lit =  182436  p =  2326  d =    69  f =    15  -  T =     0.38 sec
  [prof  66] wall= 380.731 p=  2410 | ifo= 10.597(sd=1.043 nx=1.024 tfo=6.883 cnt=1.646) snap= 2.206 srm=126.036 sat= 23.625(set=9.606 slv=13.886 max=0.7558 n=2410) cex=R/T/F=69/0/15 trsplit=0 sim=213.758(rmp=5.427 run=208.234 n=1 d=30) chk= 0.010(d=12) stat= 1.095 rest= 3.404
  [incr r=66 repr=225 next=248 tfo=5968 active=1623/359983 POs=479]
 67 : c =    2069  cl = 177565  lit =  182368  p =   370  d =    72  f =    37  -  T =     0.28 sec
  [prof  67] wall= 277.315 p=   479 | ifo=  4.643(sd=1.301 nx=1.097 tfo=0.683 cnt=1.563) snap= 1.665 srm= 57.816 sat= 15.743(set=5.316 slv=10.397 max=0.2654 n=479) cex=R/T/F=72/0/37 trsplit=0 sim=194.279(rmp=4.128 run=190.057 n=1 d=32) chk= 0.014(d=36) stat= 0.950 rest= 2.204
  [incr r=67 repr=200 next=262 tfo=1019750 active=4489/359933 POs=2459]
 68 : c =    2046  cl = 177586  lit =  182265  p =  2351  d =    70  f =    38  -  T =     0.37 sec
  [prof  68] wall= 369.511 p=  2459 | ifo= 10.763(sd=1.000 nx=0.884 tfo=7.201 cnt=1.679) snap= 2.471 srm=117.626 sat= 25.140(set=9.576 slv=15.425 max=0.2220 n=2459) cex=R/T/F=70/0/38 trsplit=0 sim=209.539(rmp=5.228 run=204.213 n=1 d=67) chk= 0.015(d=36) stat= 0.970 rest= 2.988
  [incr r=68 repr=180 next=219 tfo=1020335 active=4453/359851 POs=2449]
 69 : c =    2012  cl = 177601  lit =  182149  p =  2347  d =    60  f =    42  -  T =     0.38 sec
  [prof  69] wall= 382.020 p=  2449 | ifo= 11.956(sd=1.085 nx=0.952 tfo=8.168 cnt=1.751) snap= 1.825 srm=132.621 sat= 27.874(set=10.160 slv=17.584 max=0.4611 n=2449) cex=R/T/F=60/0/42 trsplit=0 sim=203.818(rmp=4.300 run=199.415 n=1 d=78) chk= 0.010(d=38) stat= 0.995 rest= 2.921
  [incr r=69 repr=154 next=157 tfo=4339 active=1205/359750 POs=352]
 70 : c =    1970  cl = 177595  lit =  182080  p =   286  d =    27  f =    39  -  T =     0.31 sec
  [prof  70] wall= 309.839 p=   352 | ifo=  4.465(sd=1.132 nx=0.964 tfo=0.708 cnt=1.661) snap= 1.937 srm= 66.955 sat= 13.480(set=5.996 slv=7.457 max=0.2109 n=352) cex=R/T/F=27/0/39 trsplit=0 sim=219.091(rmp=4.519 run=214.459 n=1 d=35) chk= 0.012(d=34) stat= 1.014 rest= 2.883
  [incr r=70 repr=110 next=111 tfo=1019361 active=4163/359675 POs=2348]
 71 : c =    1919  cl = 177601  lit =  182032  p =  2290  d =    39  f =    19  -  T =     0.38 sec
  [prof  71] wall= 377.501 p=  2348 | ifo= 11.852(sd=1.100 nx=0.992 tfo=7.975 cnt=1.785) snap= 1.837 srm=129.880 sat= 23.749(set=10.531 slv=13.097 max=0.2547 n=2348) cex=R/T/F=39/0/19 trsplit=0 sim=205.567(rmp=4.280 run=201.188 n=1 d=33) chk= 0.008(d=15) stat= 1.181 rest= 3.428
  [incr r=71 repr=152 next=183 tfo=1019521 active=4292/359633 POs=2411]
 72 : c =    1883  cl = 177610  lit =  181983  p =  2331  d =    64  f =    16  -  T =     0.41 sec
  [prof  72] wall= 414.498 p=  2411 | ifo= 14.171(sd=1.759 nx=1.507 tfo=8.455 cnt=2.451) snap= 2.261 srm=138.145 sat= 24.546(set=10.783 slv=13.639 max=0.3129 n=2411) cex=R/T/F=64/0/16 trsplit=0 sim=231.374(rmp=4.142 run=227.127 n=1 d=33) chk= 0.009(d=16) stat= 0.952 rest= 3.041
  [incr r=72 repr=190 next=199 tfo=1019652 active=4349/359593 POs=2465]
 73 : c =    1855  cl = 177639  lit =  181884  p =  2361  d =    59  f =    45  -  T =     0.40 sec
  [prof  73] wall= 401.220 p=  2465 | ifo= 13.310(sd=1.074 nx=0.953 tfo=9.355 cnt=1.928) snap= 2.149 srm=132.534 sat= 28.222(set=10.065 slv=18.027 max=0.4831 n=2465) cex=R/T/F=59/0/45 trsplit=0 sim=221.065(rmp=4.225 run=216.726 n=1 d=63) chk= 0.009(d=36) stat= 0.952 rest= 2.979
  [incr r=73 repr=540 next=209 tfo=1020807 active=5393/359523 POs=2635]
 74 : c =    1833  cl = 177645  lit =  181791  p =  2546  d =    55  f =    34  -  T =     0.39 sec
  [prof  74] wall= 394.446 p=  2635 | ifo= 13.093(sd=1.085 nx=1.031 tfo=9.104 cnt=1.874) snap= 1.896 srm=128.347 sat= 28.517(set=10.036 slv=18.342 max=0.1708 n=2635) cex=R/T/F=55/0/34 trsplit=0 sim=218.421(rmp=4.592 run=213.734 n=1 d=64) chk= 0.016(d=29) stat= 0.965 rest= 3.192
  [incr r=74 repr=147 next=170 tfo=1020067 active=4208/359436 POs=2408]
 75 : c =    1813  cl = 177649  lit =  181718  p =  2337  d =    25  f =    46  -  T =     0.39 sec
  [prof  75] wall= 390.571 p=  2408 | ifo= 11.905(sd=1.079 nx=0.957 tfo=8.056 cnt=1.813) snap= 1.826 srm=131.601 sat= 27.360(set=10.356 slv=16.879 max=0.5643 n=2408) cex=R/T/F=25/0/46 trsplit=0 sim=213.791(rmp=6.217 run=207.472 n=1 d=32) chk= 0.023(d=41) stat= 0.952 rest= 3.113
  [incr r=75 repr=109 next=126 tfo=3215 active=1047/359367 POs=278]
 76 : c =    1788  cl = 177648  lit =  181662  p =   225  d =    21  f =    32  -  T =     0.30 sec
  [prof  76] wall= 297.477 p=   278 | ifo=  4.435(sd=1.080 nx=0.959 tfo=0.735 cnt=1.661) snap= 1.844 srm= 61.701 sat= 12.452(set=5.554 slv=6.874 max=0.3089 n=278) cex=R/T/F=21/0/32 trsplit=0 sim=213.683(rmp=4.171 run=209.405 n=1 d=26) chk= 0.012(d=30) stat= 1.001 rest= 2.349
  [incr r=76 repr=81 next=75 tfo=1018936 active=3871/359310 POs=2271]
 77 : c =    1769  cl = 177650  lit =  181607  p =  2223  d =    12  f =    36  -  T =     0.37 sec
  [prof  77] wall= 372.833 p=  2271 | ifo= 12.527(sd=1.178 nx=0.964 tfo=8.619 cnt=1.767) snap= 1.856 srm=120.683 sat= 25.809(set=11.083 slv=14.605 max=0.4327 n=2271) cex=R/T/F=12/0/36 trsplit=0 sim=208.014(rmp=4.217 run=203.470 n=1 d=23) chk= 0.015(d=32) stat= 0.933 rest= 2.995
  [incr r=77 repr=69 next=68 tfo=1018930 active=3824/359257 POs=2265]
 78 : c =    1739  cl = 177648  lit =  181564  p =  2217  d =    17  f =    31  -  T =     0.37 sec
  [prof  78] wall= 367.574 p=  2265 | ifo= 12.694(sd=1.070 nx=0.996 tfo=8.783 cnt=1.844) snap= 2.098 srm=134.241 sat= 23.623(set=9.887 slv=13.612 max=0.2318 n=2265) cex=R/T/F=17/0/31 trsplit=0 sim=191.099(rmp=4.204 run=186.806 n=1 d=14) chk= 0.011(d=29) stat= 0.877 rest= 2.931
  [incr r=78 repr=323 next=72 tfo=1020077 active=4876/359212 POs=2449]
 79 : c =    1701  cl = 177658  lit =  181518  p =  2402  d =    27  f =    20  -  T =     0.34 sec
  [prof  79] wall= 336.048 p=  2449 | ifo= 12.998(sd=0.994 nx=0.871 tfo=9.247 cnt=1.887) snap= 1.679 srm=116.468 sat= 23.083(set=9.955 slv=13.015 max=0.1675 n=2449) cex=R/T/F=27/0/20 trsplit=0 sim=178.104(rmp=4.023 run=173.990 n=1 d=26) chk= 0.008(d=20) stat= 0.904 rest= 2.803
  [incr r=79 repr=104 next=115 tfo=1019158 active=3943/359176 POs=2338]
 80 : c =    1665  cl = 177665  lit =  181469  p =  2274  d =    39  f =    25  -  T =     0.35 sec
  [prof  80] wall= 354.593 p=  2338 | ifo= 11.440(sd=1.006 nx=0.893 tfo=7.921 cnt=1.620) snap= 1.699 srm=119.878 sat= 20.983(set=9.395 slv=11.478 max=0.1480 n=2338) cex=R/T/F=39/0/25 trsplit=0 sim=196.977(rmp=4.167 run=192.720 n=1 d=25) chk= 0.007(d=24) stat= 0.861 rest= 2.748
  [incr r=80 repr=116 next=125 tfo=1019895 active=4037/359134 POs=2372]
 81 : c =    1609  cl = 177685  lit =  181399  p =  2300  d =    43  f =    29  -  T =     0.36 sec
  [prof  81] wall= 360.029 p=  2372 | ifo= 10.779(sd=1.004 nx=0.862 tfo=7.260 cnt=1.654) snap= 2.034 srm=125.930 sat= 21.159(set=9.652 slv=11.397 max=0.2739 n=2372) cex=R/T/F=43/0/29 trsplit=0 sim=196.342(rmp=3.881 run=192.365 n=1 d=41) chk= 0.009(d=29) stat= 0.903 rest= 2.873
  [incr r=81 repr=175 next=198 tfo=2750 active=1108/359084 POs=356]
 82 : c =    1568  cl = 177700  lit =  181328  p =   267  d =    60  f =    29  -  T =     0.27 sec
  [prof  82] wall= 275.296 p=   356 | ifo=  4.192(sd=1.008 nx=0.902 tfo=0.686 cnt=1.596) snap= 1.695 srm= 59.011 sat= 13.666(set=5.170 slv=8.470 max=0.3546 n=356) cex=R/T/F=60/0/29 trsplit=0 sim=193.743(rmp=3.810 run=189.838 n=1 d=44) chk= 0.006(d=27) stat= 0.893 rest= 2.089
  [incr r=82 repr=407 next=208 tfo=1020000 active=4705/359028 POs=2540]
 83 : c =    1558  cl = 177706  lit =  181265  p =  2458  d =    52  f =    30  -  T =     0.38 sec
  [prof  83] wall= 378.156 p=  2540 | ifo= 15.380(sd=1.002 nx=0.869 tfo=11.773 cnt=1.736) snap= 1.665 srm=120.510 sat= 26.907(set=10.482 slv=16.301 max=0.1773 n=2540) cex=R/T/F=52/0/30 trsplit=0 sim=210.020(rmp=4.053 run=205.842 n=1 d=37) chk= 0.013(d=26) stat= 0.905 rest= 2.756
  [incr r=83 repr=127 next=151 tfo=4113 active=1147/358971 POs=311]
 84 : c =    1533  cl = 177712  lit =  181211  p =   246  d =    33  f =    32  -  T =     0.28 sec
  [prof  84] wall= 285.248 p=   311 | ifo=  4.146(sd=1.044 nx=0.871 tfo=0.673 cnt=1.558) snap= 1.662 srm= 56.326 sat= 13.207(set=5.141 slv=8.045 max=0.2908 n=311) cex=R/T/F=33/0/32 trsplit=0 sim=205.460(rmp=3.974 run=201.346 n=1 d=25) chk= 0.011(d=29) stat= 1.050 rest= 3.387
  [incr r=84 repr=96 next=95 tfo=1018770 active=3728/358923 POs=2321]
 85 : c =    1502  cl = 177714  lit =  181150  p =  2259  d =    22  f =    40  -  T =     0.37 sec
  [prof  85] wall= 367.178 p=  2321 | ifo= 15.934(sd=1.808 nx=1.287 tfo=10.507 cnt=2.331) snap= 2.575 srm=131.029 sat= 23.358(set=10.733 slv=12.513 max=0.4056 n=2321) cex=R/T/F=22/0/40 trsplit=0 sim=190.448(rmp=4.615 run=185.746 n=1 d=25) chk= 0.011(d=36) stat= 0.892 rest= 2.931
  [incr r=85 repr=101 next=111 tfo=1019499 active=3797/358864 POs=2331]
 86 : c =    1461  cl = 177729  lit =  181084  p =  2264  d =    37  f =    30  -  T =     0.35 sec
  [prof  86] wall= 352.146 p=  2331 | ifo= 12.273(sd=1.010 nx=0.881 tfo=8.758 cnt=1.624) snap= 1.736 srm=120.900 sat= 23.747(set=10.579 slv=13.059 max=0.1601 n=2331) cex=R/T/F=37/0/30 trsplit=0 sim=189.808(rmp=3.890 run=185.825 n=1 d=38) chk= 0.010(d=28) stat= 0.985 rest= 2.686
  [incr r=86 repr=330 next=176 tfo=2711 active=1789/358813 POs=344]
 87 : c =    1419  cl = 177731  lit =  181014  p =   263  d =    50  f =    31  -  T =     0.26 sec
  [prof  87] wall= 265.261 p=   344 | ifo=  5.929(sd=1.026 nx=0.917 tfo=1.337 cnt=2.648) snap= 1.831 srm= 56.135 sat= 12.104(set=5.149 slv=6.935 max=0.2740 n=344) cex=R/T/F=50/0/31 trsplit=0 sim=186.289(rmp=3.978 run=182.212 n=1 d=41) chk= 0.007(d=29) stat= 0.885 rest= 2.081
  [incr r=87 repr=157 next=188 tfo=1019596 active=3822/358745 POs=2380]
 88 : c =    1349  cl = 177743  lit =  180961  p =  2307  d =    43  f =    30  -  T =     0.35 sec
  [prof  88] wall= 352.690 p=  2380 | ifo= 10.514(sd=1.005 nx=0.891 tfo=6.991 cnt=1.628) snap= 1.692 srm=124.576 sat= 24.596(set=9.373 slv=15.105 max=0.1740 n=2380) cex=R/T/F=43/0/30 trsplit=0 sim=186.901(rmp=3.835 run=182.970 n=1 d=26) chk= 0.007(d=27) stat= 0.856 rest= 3.548
  [incr r=88 repr=188 next=211 tfo=1620 active=1022/358704 POs=314]
 89 : c =    1305  cl = 177767  lit =  180881  p =   212  d =    71  f =    31  -  T =     0.27 sec
  [prof  89] wall= 270.064 p=   314 | ifo=  4.029(sd=1.005 nx=0.883 tfo=0.629 cnt=1.512) snap= 1.688 srm= 54.621 sat= 12.203(set=5.643 slv=6.540 max=0.3260 n=314) cex=R/T/F=71/0/31 trsplit=0 sim=194.380(rmp=3.992 run=190.295 n=1 d=53) chk= 0.004(d=27) stat= 0.921 rest= 2.218
  [incr r=89 repr=235 next=220 tfo=1019571 active=3814/358648 POs=2413]
 90 : c =    1266  cl = 177782  lit =  180786  p =  2311  d =    67  f =    35  -  T =     0.42 sec
  [prof  90] wall= 419.279 p=  2413 | ifo= 10.736(sd=0.996 nx=0.895 tfo=7.236 cnt=1.609) snap= 2.315 srm=116.252 sat= 28.784(set=11.675 slv=16.978 max=0.6029 n=2413) cex=R/T/F=67/0/35 trsplit=0 sim=257.116(rmp=4.156 run=252.864 n=1 d=65) chk= 0.009(d=30) stat= 1.089 rest= 2.977
  [incr r=90 repr=240 next=242 tfo=1783 active=1082/358568 POs=389]
 91 : c =    1228  cl = 177793  lit =  180716  p =   289  d =    67  f =    33  -  T =     0.30 sec
  [prof  91] wall= 299.330 p=   389 | ifo=  4.578(sd=1.143 nx=1.056 tfo=0.688 cnt=1.692) snap= 1.820 srm= 61.888 sat= 17.502(set=6.425 slv=11.049 max=0.3648 n=389) cex=R/T/F=67/0/33 trsplit=0 sim=210.075(rmp=4.812 run=205.177 n=1 d=43) chk= 0.005(d=27) stat= 0.967 rest= 2.494
  [incr r=91 repr=332 next=226 tfo=1020019 active=4099/358509 POs=2470]
 92 : c =    1207  cl = 177818  lit =  180622  p =  2372  d =    59  f =    39  -  T =     0.38 sec
  [prof  92] wall= 386.347 p=  2470 | ifo= 11.735(sd=1.084 nx=0.977 tfo=7.904 cnt=1.770) snap= 1.829 srm=128.441 sat= 28.101(set=10.417 slv=17.553 max=0.2772 n=2470) cex=R/T/F=59/0/39 trsplit=0 sim=211.444(rmp=4.253 run=207.093 n=1 d=58) chk= 0.010(d=36) stat= 1.440 rest= 3.347
  [incr r=92 repr=156 next=186 tfo=1491 active=926/358440 POs=309]
 93 : c =    1166  cl = 177819  lit =  180536  p =   223  d =    53  f =    33  -  T =     0.28 sec
  [prof  93] wall= 285.320 p=   309 | ifo=  4.432(sd=1.117 nx=0.957 tfo=0.666 cnt=1.692) snap= 1.850 srm= 64.757 sat= 13.064(set=5.527 slv=7.515 max=0.4349 n=309) cex=R/T/F=53/0/33 trsplit=0 sim=198.011(rmp=4.090 run=193.798 n=1 d=56) chk= 0.005(d=30) stat= 0.957 rest= 2.243
  [incr r=93 repr=154 next=175 tfo=1019395 active=3604/358355 POs=2391]
 94 : c =    1139  cl = 177824  lit =  180474  p =  2320  d =    46  f =    25  -  T =     0.39 sec
  [prof  94] wall= 386.156 p=  2391 | ifo= 14.557(sd=1.088 nx=0.966 tfo=9.453 cnt=3.050) snap= 1.812 srm=129.841 sat= 25.795(set=10.502 slv=15.169 max=0.2420 n=2391) cex=R/T/F=46/0/25 trsplit=0 sim=210.057(rmp=5.004 run=204.955 n=1 d=43) chk= 0.006(d=19) stat= 1.034 rest= 3.055
  [incr r=94 repr=238 next=127 tfo=1690 active=1091/358298 POs=253]
 95 : c =    1095  cl = 177837  lit =  180421  p =   195  d =    38  f =    20  -  T =     0.30 sec
  [prof  95] wall= 298.303 p=   253 | ifo=  4.447(sd=1.120 nx=1.007 tfo=0.666 cnt=1.654) snap= 3.298 srm= 60.451 sat= 10.760(set=6.974 slv=3.764 max=0.1376 n=253) cex=R/T/F=38/0/20 trsplit=0 sim=215.864(rmp=5.057 run=210.707 n=1 d=34) chk= 0.005(d=19) stat= 0.929 rest= 2.550
  [incr r=95 repr=256 next=184 tfo=1019527 active=3689/358258 POs=2387]
 96 : c =    1078  cl = 177846  lit =  180358  p =  2301  d =    55  f =    31  -  T =     0.40 sec
  [prof  96] wall= 405.785 p=  2387 | ifo= 12.101(sd=1.079 nx=0.997 tfo=7.944 cnt=2.080) snap= 2.451 srm=142.605 sat= 27.473(set=11.921 slv=15.405 max=0.2042 n=2387) cex=R/T/F=55/0/31 trsplit=0 sim=216.628(rmp=4.166 run=212.368 n=1 d=39) chk= 0.007(d=24) stat= 0.979 rest= 3.542
  [incr r=96 repr=137 next=153 tfo=1354 active=832/358204 POs=266]
 97 : c =    1057  cl = 177857  lit =  180289  p =   199  d =    39  f =    28  -  T =     0.31 sec
  [prof  97] wall= 312.266 p=   266 | ifo=  4.708(sd=1.119 nx=1.217 tfo=0.664 cnt=1.707) snap= 1.801 srm= 64.247 sat= 11.511(set=5.504 slv=5.988 max=0.4251 n=266) cex=R/T/F=39/0/28 trsplit=0 sim=226.138(rmp=4.599 run=221.428 n=1 d=43) chk= 0.007(d=26) stat= 1.677 rest= 2.178
  [incr r=97 repr=122 next=147 tfo=1020234 active=3429/358146 POs=2333]
 98 : c =    1046  cl = 177857  lit =  180225  p =  2269  d =    30  f =    34  -  T =     0.39 sec
  [prof  98] wall= 394.677 p=  2333 | ifo= 14.920(sd=1.430 nx=2.268 tfo=9.414 cnt=1.807) snap= 2.625 srm=133.284 sat= 28.280(set=12.224 slv=15.928 max=0.5273 n=2333) cex=R/T/F=30/0/34 trsplit=0 sim=211.484(rmp=4.183 run=207.197 n=1 d=33) chk= 0.008(d=31) stat= 0.953 rest= 3.124
  [incr r=98 repr=146 next=84 tfo=1019152 active=3283/358082 POs=2258]
 99 : c =    1031  cl = 177854  lit =  180185  p =  2215  d =    11  f =    32  -  T =     0.39 sec
  [prof  99] wall= 387.451 p=  2258 | ifo= 12.085(sd=1.111 nx=0.988 tfo=8.139 cnt=1.848) snap= 1.813 srm=133.608 sat= 25.892(set=13.115 slv=12.648 max=0.1704 n=2258) cex=R/T/F=11/0/32 trsplit=0 sim=210.042(rmp=4.212 run=205.734 n=1 d=12) chk= 0.007(d=28) stat= 0.980 rest= 3.023
  [incr r=99 repr=44 next=42 tfo=1018161 active=3173/358039 POs=2240]
100 : c =     999  cl = 177856  lit =  180160  p =  2212  d =     7  f =    21  -  T =     0.39 sec
  [prof 100] wall= 393.478 p=  2240 | ifo= 12.511(sd=1.104 nx=0.950 tfo=8.600 cnt=1.858) snap= 1.911 srm=138.767 sat= 20.553(set=10.009 slv=10.412 max=0.1491 n=2240) cex=R/T/F=7/0/21 trsplit=0 sim=215.022(rmp=4.192 run=210.713 n=1 d=4) chk= 0.004(d=21) stat= 1.218 rest= 3.492
  [incr r=100 repr=42 next=29 tfo=894 active=540/358016 POs=121]
101 : c =     978  cl = 177862  lit =  180129  p =    84  d =    22  f =    15  -  T =     0.31 sec
  [prof 101] wall= 310.794 p=   121 | ifo=  6.428(sd=1.768 nx=1.487 tfo=0.910 cnt=2.263) snap= 2.312 srm= 74.581 sat= 10.511(set=5.980 slv=4.521 max=0.2711 n=121) cex=R/T/F=22/0/15 trsplit=0 sim=213.941(rmp=4.150 run=209.697 n=1 d=16) chk= 0.002(d=15) stat= 0.897 rest= 2.121
  [incr r=101 repr=194 next=42 tfo=1018415 active=3288/357991 POs=2306]
102 : c =     915  cl = 177863  lit =  180108  p =  2270  d =    29  f =     7  -  T =     0.38 sec
  [prof 102] wall= 382.624 p=  2306 | ifo= 12.075(sd=0.989 nx=0.873 tfo=8.603 cnt=1.611) snap= 2.860 srm=133.012 sat= 18.852(set=10.268 slv=8.477 max=0.1309 n=2306) cex=R/T/F=29/0/7 trsplit=0 sim=212.059(rmp=3.895 run=208.076 n=1 d=14) chk= 0.004(d=7) stat= 0.936 rest= 2.826
  [incr r=102 repr=134 next=164 tfo=1018239 active=3206/357971 POs=2329]
103 : c =     905  cl = 177871  lit =  180083  p =  2258  d =    66  f =     5  -  T =     0.40 sec
  [prof 103] wall= 404.278 p=  2329 | ifo= 13.792(sd=1.186 nx=1.048 tfo=9.808 cnt=1.751) snap= 1.925 srm=130.908 sat= 21.529(set=10.153 slv=11.257 max=0.1694 n=2329) cex=R/T/F=66/0/5 trsplit=0 sim=232.543(rmp=4.508 run=227.950 n=1 d=20) chk= 0.004(d=5) stat= 0.867 rest= 2.710
  [incr r=103 repr=139 next=154 tfo=1018921 active=3252/357954 POs=2306]
104 : c =     895  cl = 177890  lit =  180029  p =  2226  d =    60  f =    20  -  T =     0.35 sec
  [prof 104] wall= 353.101 p=  2306 | ifo= 11.957(sd=1.063 nx=0.932 tfo=8.290 cnt=1.672) snap= 1.679 srm=124.468 sat= 20.115(set=9.537 slv=10.463 max=0.2822 n=2306) cex=R/T/F=60/0/20 trsplit=0 sim=190.700(rmp=3.913 run=186.695 n=1 d=35) chk= 0.041(d=19) stat= 0.912 rest= 3.230
  [incr r=104 repr=137 next=153 tfo=1249 active=620/357919 POs=253]
105 : c =     886  cl = 177895  lit =  179951  p =   175  d =    43  f =    35  -  T =     0.28 sec
  [prof 105] wall= 283.821 p=   253 | ifo=  4.627(sd=1.002 nx=0.877 tfo=1.155 cnt=1.593) snap= 1.689 srm= 55.406 sat= 12.174(set=5.025 slv=7.131 max=0.1694 n=253) cex=R/T/F=43/0/35 trsplit=0 sim=206.768(rmp=4.144 run=202.513 n=1 d=47) chk= 0.005(d=31) stat= 0.965 rest= 2.188
  [incr r=105 repr=165 next=149 tfo=1018786 active=3125/357846 POs=2265]
106 : c =     869  cl = 177897  lit =  179909  p =  2217  d =    21  f =    27  -  T =     0.34 sec
  [prof 106] wall= 338.473 p=  2265 | ifo= 15.695(sd=1.008 nx=0.893 tfo=12.130 cnt=1.664) snap= 1.719 srm=116.870 sat= 20.089(set=9.962 slv=10.021 max=0.1236 n=2265) cex=R/T/F=21/0/27 trsplit=0 sim=180.508(rmp=4.137 run=176.282 n=1 d=17) chk= 0.005(d=25) stat= 0.869 rest= 2.718
  [incr r=106 repr=52 next=46 tfo=803 active=399/357806 POs=115]
107 : c =     858  cl = 177896  lit =  179882  p =    88  d =     5  f =    22  -  T =     0.28 sec
  [prof 107] wall= 280.838 p=   115 | ifo=  4.357(sd=1.282 nx=0.925 tfo=0.615 cnt=1.534) snap= 1.665 srm= 55.493 sat=  8.407(set=4.959 slv=3.440 max=0.1455 n=115) cex=R/T/F=5/0/22 trsplit=0 sim=207.217(rmp=4.070 run=203.050 n=1 d=6) chk= 0.003(d=21) stat= 1.162 rest= 2.533
  [incr r=107 repr=59 next=33 tfo=1017653 active=2844/357778 POs=2134]
108 : c =     850  cl = 177897  lit =  179858  p =  2113  d =     2  f =    19  -  T =     0.38 sec
  [prof 108] wall= 377.681 p=  2134 | ifo= 14.620(sd=1.270 nx=1.232 tfo=9.871 cnt=2.246) snap= 1.657 srm=141.466 sat= 18.257(set=9.422 slv=8.739 max=0.1394 n=2134) cex=R/T/F=2/0/19 trsplit=0 sim=197.971(rmp=4.266 run=193.617 n=1 d=5) chk= 0.004(d=19) stat= 0.879 rest= 2.829
  [incr r=108 repr=26 next=24 tfo=1017549 active=2799/357755 POs=2125]
109 : c =     820  cl = 177900  lit =  179833  p =  2101  d =     9  f =    15  -  T =     0.34 sec
  [prof 109] wall= 338.925 p=  2125 | ifo= 10.873(sd=0.996 nx=0.875 tfo=7.379 cnt=1.624) snap= 1.734 srm=116.772 sat= 18.301(set=9.428 slv=8.756 max=0.1360 n=2125) cex=R/T/F=9/0/15 trsplit=0 sim=187.670(rmp=4.032 run=183.551 n=1 d=10) chk= 0.003(d=15) stat= 0.877 rest= 2.696
  [incr r=109 repr=49 next=36 tfo=1017604 active=2795/357733 POs=2151]
110 : c =     803  cl = 177904  lit =  179800  p =  2122  d =    14  f =    15  -  T =     0.34 sec
  [prof 110] wall= 340.850 p=  2151 | ifo= 11.647(sd=0.988 nx=0.878 tfo=8.080 cnt=1.701) snap= 1.734 srm=120.813 sat= 19.333(set=9.503 slv=9.726 max=0.4619 n=2151) cex=R/T/F=14/0/15 trsplit=0 sim=183.670(rmp=3.943 run=179.639 n=1 d=18) chk= 0.003(d=15) stat= 0.914 rest= 2.737
  [incr r=110 repr=46 next=34 tfo=1017514 active=2760/357704 POs=2144]
111 : c =     764  cl = 177906  lit =  179781  p =  2114  d =    21  f =     9  -  T =     0.36 sec
  [prof 111] wall= 358.234 p=  2144 | ifo= 11.909(sd=1.095 nx=0.865 tfo=8.334 cnt=1.616) snap= 1.670 srm=121.271 sat= 17.545(set=9.620 slv=7.827 max=0.2668 n=2144) cex=R/T/F=21/0/9 trsplit=0 sim=202.202(rmp=3.843 run=198.272 n=1 d=11) chk= 0.004(d=8) stat= 0.906 rest= 2.726
  [incr r=111 repr=83 next=72 tfo=1018393 active=2890/357687 POs=2226]
112 : c =     761  cl = 177913  lit =  179762  p =  2192  d =    31  f =     3  -  T =     0.36 sec
  [prof 112] wall= 356.356 p=  2226 | ifo= 12.402(sd=1.002 nx=0.925 tfo=8.834 cnt=1.642) snap= 2.180 srm=126.571 sat= 18.233(set=10.298 slv=7.833 max=0.1093 n=2226) cex=R/T/F=31/0/3 trsplit=0 sim=193.472(rmp=3.856 run=189.525 n=1 d=16) chk= 0.003(d=3) stat= 0.863 rest= 2.632
  [incr r=112 repr=87 next=67 tfo=732 active=264/357675 POs=130]
113 : c =     752  cl = 177923  lit =  179736  p =    81  d =    41  f =     8  -  T =     0.28 sec
  [prof 113] wall= 278.947 p=   130 | ifo=  4.121(sd=1.082 nx=0.903 tfo=0.618 cnt=1.519) snap= 2.227 srm= 62.427 sat=  8.204(set=5.472 slv=2.721 max=0.1540 n=130) cex=R/T/F=41/0/8 trsplit=0 sim=198.642(rmp=4.665 run=193.883 n=1 d=19) chk= 0.002(d=7) stat= 0.881 rest= 2.443
  [incr r=113 repr=75 next=73 tfo=1018237 active=2832/357659 POs=2212]
114 : c =     749  cl = 177909  lit =  179689  p =  2166  d =    27  f =    19  -  T =     0.36 sec
  [prof 114] wall= 357.908 p=  2212 | ifo= 12.124(sd=1.001 nx=0.903 tfo=8.601 cnt=1.619) snap= 1.672 srm=119.489 sat= 18.665(set=9.535 slv=9.027 max=0.1484 n=2212) cex=R/T/F=27/0/19 trsplit=0 sim=201.654(rmp=3.942 run=197.618 n=1 d=29) chk= 0.005(d=18) stat= 1.077 rest= 3.222
  [incr r=114 repr=52 next=55 tfo=602 active=163/357598 POs=88]
115 : c =     739  cl = 177909  lit =  179670  p =    68  d =     7  f =    13  -  T =     0.28 sec
  [prof 115] wall= 280.295 p=    88 | ifo=  5.673(sd=1.335 nx=1.305 tfo=0.832 cnt=2.201) snap= 2.267 srm= 60.129 sat=  8.676(set=6.080 slv=2.588 max=0.1653 n=88) cex=R/T/F=7/0/13 trsplit=0 sim=200.305(rmp=5.108 run=195.104 n=1 d=8) chk= 0.002(d=11) stat= 0.878 rest= 2.366
  [incr r=115 repr=26 next=20 tfo=1017945 active=2680/357579 POs=2136]
116 : c =     738  cl = 177909  lit =  179664  p =  2123  d =    11  f =     2  -  T =     0.36 sec
  [prof 116] wall= 364.043 p=  2136 | ifo= 11.198(sd=0.980 nx=0.889 tfo=7.684 cnt=1.644) snap= 1.779 srm=117.238 sat= 20.885(set=12.279 slv=8.482 max=0.1556 n=2136) cex=R/T/F=11/0/2 trsplit=0 sim=208.818(rmp=4.872 run=203.847 n=1 d=4) chk= 0.004(d=2) stat= 0.957 rest= 3.165
  [incr r=116 repr=16 next=7 tfo=324 active=86/357573 POs=35]
117 : c =     727  cl = 177908  lit =  179654  p =    28  d =     4  f =     3  -  T =     0.30 sec
  [prof 117] wall= 296.466 p=    35 | ifo=  4.583(sd=1.095 nx=1.005 tfo=0.665 cnt=1.817) snap= 1.920 srm= 68.432 sat=  6.655(set=5.751 slv=0.899 max=0.1422 n=35) cex=R/T/F=4/0/3 trsplit=0 sim=211.003(rmp=4.610 run=206.275 n=1 d=8) chk= 0.002(d=2) stat= 1.412 rest= 2.460
  [incr r=117 repr=18 next=11 tfo=1017789 active=2629/357562 POs=2110]
118 : c =     726  cl = 177908  lit =  179647  p =  2098  d =    11  f =     1  -  T =     0.41 sec
  [prof 118] wall= 407.431 p=  2110 | ifo= 15.623(sd=1.438 nx=1.366 tfo=10.294 cnt=2.525) snap= 1.845 srm=132.174 sat= 19.262(set=11.101 slv=8.044 max=0.1400 n=2110) cex=R/T/F=11/0/1 trsplit=0 sim=233.481(rmp=5.400 run=227.984 n=1 d=6) chk= 0.003(d=1) stat= 0.937 rest= 4.107
  [incr r=118 repr=13 next=8 tfo=288 active=64/357555 POs=30]
119 : c =     719  cl = 177906  lit =  179638  p =    21  d =     5  f =     4  -  T =     0.32 sec
  [prof 119] wall= 322.263 p=    30 | ifo=  4.566(sd=1.128 nx=0.992 tfo=0.707 cnt=1.739) snap= 1.963 srm= 63.541 sat=  6.678(set=5.729 slv=0.944 max=0.1411 n=30) cex=R/T/F=5/0/4 trsplit=0 sim=241.352(rmp=4.476 run=236.760 n=1 d=6) chk= 0.001(d=3) stat= 1.217 rest= 2.946
  [incr r=119 repr=13 next=11 tfo=1016999 active=2530/357544 POs=2110]
120 : c =     716  cl = 177908  lit =  179633  p =  2102  d =     7  f =     1  -  T =     0.39 sec
  [prof 120] wall= 387.263 p=  2110 | ifo= 16.068(sd=1.439 nx=1.389 tfo=10.770 cnt=2.470) snap= 2.333 srm=141.007 sat= 18.989(set=11.267 slv=7.618 max=0.1045 n=2110) cex=R/T/F=7/0/1 trsplit=0 sim=204.451(rmp=5.313 run=199.037 n=1 d=4) chk= 0.003(d=1) stat= 0.945 rest= 3.467
  [incr r=120 repr=9 next=7 tfo=364 active=47/357541 POs=24]
121 : c =     713  cl = 177908  lit =  179627  p =    19  d =     4  f =     1  -  T =     0.30 sec
  [prof 121] wall= 298.806 p=    24 | ifo=  4.736(sd=1.404 nx=1.001 tfo=0.677 cnt=1.654) snap= 1.878 srm= 58.864 sat=  6.128(set=5.560 slv=0.565 max=0.2734 n=24) cex=R/T/F=4/0/1 trsplit=0 sim=223.224(rmp=4.187 run=218.934 n=1 d=5) chk= 0.001(d=1) stat= 1.255 rest= 2.720
  [incr r=121 repr=8 next=5 tfo=1016880 active=2532/357535 POs=2106]
122 : c =     710  cl = 177906  lit =  179622  p =  2103  d =     2  f =     1  -  T =     0.39 sec
  [prof 122] wall= 388.214 p=  2106 | ifo= 16.770(sd=1.365 nx=1.503 tfo=10.666 cnt=3.236) snap= 1.814 srm=139.514 sat= 17.544(set=10.331 slv=7.110 max=0.1522 n=2106) cex=R/T/F=2/0/1 trsplit=0 sim=208.487(rmp=4.426 run=203.960 n=1 d=4) chk= 0.002(d=1) stat= 1.010 rest= 3.073
  [incr r=122 repr=5 next=2 tfo=1016859 active=2517/357528 POs=2098]
123 : c =     708  cl = 177907  lit =  179621  p =  2097  d =     1  f =     0  -  T =     0.39 sec
  [prof 123] wall= 386.606 p=  2098 | ifo= 12.793(sd=1.088 nx=0.982 tfo=8.852 cnt=1.871) snap= 1.837 srm=132.113 sat= 17.885(set=10.794 slv=6.988 max=0.1512 n=2098) cex=R/T/F=1/0/0 trsplit=0 sim=217.500(rmp=4.153 run=213.252 n=1 d=1) chk= 0.003(d=0) stat= 1.179 rest= 3.295
  [incr r=123 repr=2 next=1 tfo=32 active=10/357528 POs=8]
124 : c =     708  cl = 177906  lit =  179620  p =     7  d =     1  f =     0  -  T =     0.27 sec
  [prof 124] wall= 274.839 p=     8 | ifo=  5.917(sd=1.424 nx=1.370 tfo=0.805 cnt=2.317) snap= 1.989 srm= 60.031 sat=  5.236(set=5.148 slv=0.085 max=0.0346 n=8) cex=R/T/F=1/0/0 trsplit=0 sim=198.409(rmp=4.225 run=194.075 n=1 d=1) chk= 0.001(d=0) stat= 0.988 rest= 2.267
  [incr r=124 repr=1 next=1 tfo=18 active=4/357526 POs=2]
  [prof 125] wall=  70.553 p=     2 | ifo=  3.810(sd=1.086 nx=0.964 tfo=0.003 cnt=1.757) snap= 1.824 srm= 59.545 sat=  5.366(set=5.330 slv=0.035 max=0.0328 n=2) cex=R/T/F=0/0/0 trsplit=0 sim= 0.000(rmp=0.000 run=0.000 n=0 d=0) chk= 0.000(d=0) stat= 0.000 rest= 0.008
125 : c =     708  cl = 177906  lit =  179620  p =     0  d =     0  f =     0  -  T =     0.07 sec
  [prof ALL] wall=107969.729 p=1799261 | ifo=1563.281(sd=147.370 nx=131.032 tfo=1046.074 cnt=238.805) snap=246.804 srm=14710.143 sat=51351.427(set=1114.332 slv=50086.796 max=10.6402 n=1799261) cex=R/T/F=902480/0/91846 trsplit=0 sim=39582.139(rmp=545.645 run=39024.230 n=124 d=945369) chk= 8.587(d=58067) stat=126.512 rest=380.835
Srm   =    16.52 sec ( 13.71 %)
Sat   =    51.41 sec ( 42.67 %)
Sim   =    39.71 sec ( 32.95 %)
Other =    12.85 sec ( 10.67 %)
Incr  =     1.56 sec (  1.30 %)
Incr: fallback rounds = 26, skipped candidate pairs = 34752075
TOTAL =   120.49 sec
NBeg = 1614149. NEnd = 1408410. (Gain =  12.75 %).  RBeg = 174678. REnd = 171129. (Gain =   2.03 %).
Flop output names are not available. Use command "&get -n".
[1;37m/home/zxr_wsl/benchmarks/incre_spec//ILA_Flute_SRAI_problem[0m : i/o = 180287/      2  ff = 171129  [1;36mand = 1408410[0m  [1;35mlev =  276[0m [1;35m(220.98)[0m  mem =24.09 MB
