### benchmark: /home/zxr_wsl/benchmarks/incre_spec//ILA_Flute_XORI_sanity.aig
### opts:      &scorr -v -i -w
### timeout:   1800s
### date:      Wed Jun  3 15:15:58 CST 2026

======== ABC command line "&r /home/zxr_wsl/benchmarks/incre_spec//ILA_Flute_XORI_sanity.aig; &ps; &scorr -v -i -w; &ps"
Warning: The last output is interpreted as a constraint.
Converted 548 1-valued FFs and 173794 DC-valued FFs.
Warning: The number of inputs does not match the number of input names.
[1;37m/home/zxr_wsl/benchmarks/incre_spec//ILA_Flute_XORI_sanity[0m : i/o = 180287/      2(c=1)  ff = 174678  [1;36mand = 1617800[0m  [1;35mlev =  284[0m [1;35m(219.53)[0m  mem =26.60 MB
cst = 1792478  cls =      0  lit = 1792478  unused =  180287  proof =     0
cst =  355560  cls = 351484  lit = 1210703  unused =  410578  proof =     0
cst =  353934  cls = 350462  lit = 1204201  unused =  418102  proof =     0
cst =  353286  cls = 350196  lit = 1202278  unused =  420291  proof =     0
cst =  352451  cls = 350240  lit = 1200326  unused =  422199  proof =     0
cst =  351894  cls = 350110  lit = 1199197  unused =  423458  proof =     0
cst =  351323  cls = 349928  lit = 1197917  unused =  424920  proof =     0
cst =  350882  cls = 349578  lit = 1196646  unused =  426541  proof =     0
cst =  350601  cls = 349314  lit = 1195751  unused =  427700  proof =     0
cst =  350494  cls = 349032  lit = 1195113  unused =  428620  proof =     0
Obj = 2147446. And = 1617800. Conf =   100. Fr = 1. Lcorr = 0. Ring = 1. CSat = 1.
  0 : c =  350494  cl = 349032  lit = 1195113  p =     0  d =     0  f =     0  +  T =     1.96 sec
BMC : c =  349991  cl = 348834  lit = 1193576  p =  2584  d =  4033  f =     0  +  T =     0.20 sec
  [bmc-prof   0] wall= 199.834 p=  6617 | ifo=  0.000(sd=0.000 nx=0.000 tfo=0.000 cnt=0.000) snap= 1.732 srm= 62.244 sat= 16.194(set=1.960 slv=13.817 max=0.4087 n=6617) cex=R/T/F=4033/0/0 trsplit=0 sim=116.762(rmp=3.974 run=112.679 n=1 d=1537) chk= 0.025(d=0) stat= 0.828 rest= 2.049
BMC : c =  349506  cl = 348561  lit = 1192352  p =  2481  d =  4515  f =     1  +  T =     0.24 sec
  [bmc-prof   1] wall= 241.212 p=  6997 | ifo= 24.835(sd=1.427 nx=0.000 tfo=21.163 cnt=2.245) snap= 2.397 srm= 51.319 sat= 19.075(set=2.147 slv=16.459 max=0.1130 n=6997) cex=R/T/F=4515/0/1 trsplit=0 sim=140.437(rmp=3.448 run=136.988 n=1 d=1223) chk= 0.030(d=1) stat= 0.821 rest= 2.299
BMC : c =  349022  cl = 348275  lit = 1190999  p =  2501  d =  4601  f =     0  +  T =     0.25 sec
  [bmc-prof   2] wall= 254.680 p=  7102 | ifo= 19.438(sd=1.031 nx=0.000 tfo=15.953 cnt=2.454) snap= 1.695 srm= 53.700 sat= 28.074(set=1.956 slv=25.636 max=0.1033 n=7102) cex=R/T/F=4601/0/0 trsplit=0 sim=148.691(rmp=3.597 run=145.093 n=1 d=1353) chk= 0.030(d=0) stat= 0.813 rest= 2.239
BMC : c =  348681  cl = 348148  lit = 1190046  p =  2498  d =  4144  f =     1  +  T =     0.26 sec
  [bmc-prof   3] wall= 256.075 p=  6643 | ifo= 16.848(sd=1.002 nx=0.000 tfo=13.629 cnt=2.218) snap= 1.702 srm= 53.554 sat= 32.281(set=1.802 slv=30.066 max=0.0966 n=6643) cex=R/T/F=4144/0/1 trsplit=0 sim=148.317(rmp=3.628 run=144.689 n=1 d=952) chk= 0.023(d=1) stat= 0.882 rest= 2.468
BMC : c =  348576  cl = 348073  lit = 1189524  p =  2495  d =  3986  f =     0  +  T =     0.25 sec
  [bmc-prof   4] wall= 254.992 p=  6481 | ifo= 18.102(sd=1.039 nx=0.000 tfo=14.773 cnt=2.290) snap= 2.172 srm= 50.796 sat= 32.818(set=1.881 slv=30.502 max=0.3119 n=6481) cex=R/T/F=3986/0/0 trsplit=0 sim=147.961(rmp=3.643 run=144.317 n=1 d=522) chk= 0.026(d=0) stat= 0.823 rest= 2.294
BMC : c =  348226  cl = 348013  lit = 1188723  p =  2492  d =  3593  f =     4  +  T =     0.25 sec
  [bmc-prof   5] wall= 254.595 p=  6089 | ifo= 19.155(sd=1.027 nx=0.000 tfo=15.385 cnt=2.743) snap= 1.705 srm= 50.985 sat= 29.602(set=1.635 slv=27.580 max=0.1460 n=6089) cex=R/T/F=3593/0/4 trsplit=0 sim=149.935(rmp=3.586 run=146.347 n=1 d=799) chk= 0.026(d=2) stat= 0.846 rest= 2.341
BMC : c =  347620  cl = 347758  lit = 1187658  p =  2484  d =  3177  f =     1  +  T =     0.25 sec
  [bmc-prof   6] wall= 246.863 p=  5662 | ifo= 21.093(sd=1.002 nx=0.000 tfo=17.735 cnt=2.356) snap= 1.719 srm= 49.407 sat= 29.418(set=1.637 slv=27.378 max=0.0984 n=5662) cex=R/T/F=3177/0/1 trsplit=0 sim=142.056(rmp=3.540 run=138.515 n=1 d=1064) chk= 0.022(d=1) stat= 0.840 rest= 2.307
BMC : c =  347241  cl = 347666  lit = 1186666  p =  2507  d =  3339  f =     0  +  T =     0.24 sec
  [bmc-prof   7] wall= 244.624 p=  5846 | ifo= 18.455(sd=1.017 nx=0.000 tfo=15.141 cnt=2.296) snap= 2.767 srm= 49.589 sat= 28.140(set=1.722 slv=26.036 max=0.1523 n=5846) cex=R/T/F=3339/0/0 trsplit=0 sim=142.516(rmp=3.474 run=139.041 n=1 d=992) chk= 0.024(d=0) stat= 0.834 rest= 2.298
BMC : c =  347005  cl = 347469  lit = 1185836  p =  2608  d =  2789  f =     0  +  T =     0.24 sec
  [bmc-prof   8] wall= 242.448 p=  5397 | ifo= 17.360(sd=1.045 nx=0.000 tfo=14.073 cnt=2.242) snap= 2.179 srm= 52.930 sat= 25.997(set=1.914 slv=23.733 max=0.1625 n=5397) cex=R/T/F=2789/0/0 trsplit=0 sim=140.179(rmp=4.707 run=135.471 n=1 d=830) chk= 0.023(d=0) stat= 0.847 rest= 2.932
BMC : c =  346974  cl = 347415  lit = 1185409  p =  2584  d =  2384  f =     0  +  T =     0.29 sec
  [bmc-prof   9] wall= 288.719 p=  4968 | ifo= 16.528(sd=0.987 nx=0.000 tfo=13.259 cnt=2.282) snap= 1.857 srm= 53.169 sat= 39.310(set=1.776 slv=37.147 max=0.1536 n=4968) cex=R/T/F=2384/0/0 trsplit=0 sim=173.730(rmp=3.678 run=170.051 n=1 d=427) chk= 0.025(d=0) stat= 1.058 rest= 3.042
BMC : c =  346852  cl = 347374  lit = 1185157  p =  2583  d =  1999  f =     0  +  T =     0.30 sec
  [bmc-prof  10] wall= 296.718 p=  4582 | ifo= 22.781(sd=1.365 nx=0.000 tfo=18.963 cnt=2.453) snap= 2.455 srm= 55.449 sat= 38.246(set=1.938 slv=35.957 max=0.1709 n=4582) cex=R/T/F=1999/0/0 trsplit=0 sim=174.068(rmp=4.822 run=169.245 n=1 d=252) chk= 0.016(d=0) stat= 0.896 rest= 2.807
BMC : c =  346803  cl = 347377  lit = 1184880  p =  2577  d =  1858  f =     0  +  T =     0.29 sec
  [bmc-prof  11] wall= 294.895 p=  4435 | ifo= 18.628(sd=1.078 nx=0.000 tfo=15.108 cnt=2.441) snap= 2.422 srm= 54.903 sat= 37.086(set=2.116 slv=34.634 max=0.2915 n=4435) cex=R/T/F=1858/0/0 trsplit=0 sim=178.404(rmp=4.128 run=174.274 n=1 d=277) chk= 0.016(d=0) stat= 0.891 rest= 2.546
BMC : c =  346801  cl = 347373  lit = 1184695  p =  2634  d =  1631  f =     0  +  T =     0.27 sec
  [bmc-prof  12] wall= 268.646 p=  4265 | ifo= 17.701(sd=1.125 nx=0.000 tfo=14.033 cnt=2.543) snap= 2.030 srm= 52.187 sat= 36.689(set=1.875 slv=34.495 max=0.1598 n=4265) cex=R/T/F=1631/0/0 trsplit=0 sim=156.338(rmp=3.887 run=152.449 n=1 d=185) chk= 0.015(d=0) stat= 1.000 rest= 2.686
BMC : c =  346792  cl = 347381  lit = 1184517  p =  2634  d =  1449  f =     0  +  T =     0.26 sec
  [bmc-prof  13] wall= 265.649 p=  4083 | ifo= 17.224(sd=1.115 nx=0.000 tfo=13.675 cnt=2.433) snap= 1.859 srm= 53.231 sat= 20.638(set=1.755 slv=18.592 max=0.1104 n=4083) cex=R/T/F=1449/0/0 trsplit=0 sim=168.547(rmp=4.259 run=164.286 n=1 d=178) chk= 0.015(d=0) stat= 1.029 rest= 3.106
BMC : c =  346789  cl = 347367  lit = 1184351  p =  2630  d =  1292  f =     0  +  T =     0.26 sec
  [bmc-prof  14] wall= 262.740 p=  3922 | ifo= 23.496(sd=1.376 nx=0.000 tfo=19.276 cnt=2.843) snap= 1.940 srm= 57.975 sat= 19.639(set=1.916 slv=17.457 max=0.1607 n=3922) cex=R/T/F=1292/0/0 trsplit=0 sim=156.357(rmp=3.993 run=152.361 n=1 d=166) chk= 0.012(d=0) stat= 0.889 rest= 2.433
BMC : c =  346783  cl = 347365  lit = 1184202  p =  2627  d =  1134  f =     0  +  T =     0.26 sec
  [bmc-prof  15] wall= 257.439 p=  3761 | ifo= 21.200(sd=1.249 nx=0.000 tfo=17.246 cnt=2.705) snap= 2.008 srm= 53.071 sat= 18.787(set=1.800 slv=16.724 max=0.1171 n=3761) cex=R/T/F=1134/0/0 trsplit=0 sim=158.977(rmp=3.799 run=155.175 n=1 d=149) chk= 0.013(d=0) stat= 0.887 rest= 2.497
BMC : c =  346770  cl = 347366  lit = 1184055  p =  2627  d =   996  f =     0  +  T =     0.24 sec
  [bmc-prof  16] wall= 244.479 p=  3623 | ifo= 18.329(sd=1.099 nx=0.000 tfo=14.823 cnt=2.406) snap= 1.839 srm= 52.688 sat= 17.469(set=1.742 slv=15.476 max=0.1258 n=3623) cex=R/T/F=996/0/0 trsplit=0 sim=150.707(rmp=3.994 run=146.711 n=1 d=147) chk= 0.010(d=0) stat= 0.944 rest= 2.494
BMC : c =  346767  cl = 347348  lit = 1183933  p =  2626  d =   872  f =     0  +  T =     0.27 sec
  [bmc-prof  17] wall= 271.439 p=  3498 | ifo= 19.639(sd=1.088 nx=0.000 tfo=16.135 cnt=2.416) snap= 1.892 srm= 52.474 sat= 16.121(set=1.793 slv=14.109 max=0.1331 n=3498) cex=R/T/F=872/0/0 trsplit=0 sim=177.099(rmp=4.268 run=172.829 n=1 d=122) chk= 0.012(d=0) stat= 1.275 rest= 2.928
BMC : c =  346764  cl = 347346  lit = 1183821  p =  2625  d =   757  f =     0  +  T =     0.27 sec
  [bmc-prof  18] wall= 267.537 p=  3382 | ifo= 23.073(sd=1.372 nx=0.000 tfo=18.824 cnt=2.877) snap= 1.905 srm= 53.697 sat= 14.650(set=1.848 slv=12.589 max=0.1365 n=3382) cex=R/T/F=757/0/0 trsplit=0 sim=170.533(rmp=3.930 run=166.602 n=1 d=112) chk= 0.010(d=0) stat= 0.962 rest= 2.707
BMC : c =  346761  cl = 347343  lit = 1183715  p =  2630  d =   648  f =     0  +  T =     0.25 sec
  [bmc-prof  19] wall= 251.451 p=  3278 | ifo= 20.079(sd=1.133 nx=0.000 tfo=16.028 cnt=2.918) snap= 1.885 srm= 55.257 sat= 14.906(set=1.873 slv=12.834 max=0.1429 n=3278) cex=R/T/F=648/0/0 trsplit=0 sim=155.765(rmp=3.806 run=151.957 n=1 d=106) chk= 0.007(d=0) stat= 0.936 rest= 2.616
BMC : c =  346761  cl = 347347  lit = 1183625  p =  2627  d =   547  f =     1  +  T =     0.25 sec
  [bmc-prof  20] wall= 249.432 p=  3175 | ifo= 19.150(sd=1.084 nx=0.000 tfo=14.922 cnt=3.144) snap= 1.942 srm= 58.322 sat= 13.493(set=1.750 slv=11.562 max=0.5043 n=3175) cex=R/T/F=547/0/1 trsplit=0 sim=152.931(rmp=4.276 run=148.653 n=1 d=89) chk= 0.010(d=1) stat= 0.952 rest= 2.632
BMC : c =  346761  cl = 347347  lit = 1183544  p =  2626  d =   459  f =     0  +  T =     0.24 sec
  [bmc-prof  21] wall= 242.933 p=  3085 | ifo= 12.764(sd=1.067 nx=0.000 tfo=9.188 cnt=2.509) snap= 1.859 srm= 52.684 sat= 13.818(set=2.409 slv=11.216 max=0.2239 n=3085) cex=R/T/F=459/0/0 trsplit=0 sim=158.468(rmp=3.897 run=154.569 n=1 d=81) chk= 0.007(d=0) stat= 0.888 rest= 2.444
BMC : c =  346759  cl = 347342  lit = 1183462  p =  2628  d =   378  f =     0  +  T =     0.22 sec
  [bmc-prof  22] wall= 216.126 p=  3006 | ifo= 11.449(sd=1.067 nx=0.000 tfo=7.687 cnt=2.695) snap= 1.730 srm= 48.615 sat= 11.791(set=2.254 slv=9.380 max=0.0615 n=3006) cex=R/T/F=378/0/0 trsplit=0 sim=139.349(rmp=3.491 run=135.856 n=1 d=82) chk= 0.005(d=0) stat= 0.838 rest= 2.348
BMC : c =  346759  cl = 347336  lit = 1183401  p =  2627  d =   301  f =     0  +  T =     0.23 sec
  [bmc-prof  23] wall= 229.431 p=  2928 | ifo= 11.413(sd=1.013 nx=0.000 tfo=7.869 cnt=2.530) snap= 1.834 srm= 48.421 sat= 14.107(set=1.845 slv=12.110 max=0.0747 n=2928) cex=R/T/F=301/0/0 trsplit=0 sim=150.489(rmp=3.515 run=146.973 n=1 d=61) chk= 0.005(d=0) stat= 0.864 rest= 2.298
BMC : c =  346759  cl = 347324  lit = 1183352  p =  2627  d =   240  f =     0  +  T =     0.23 sec
  [bmc-prof  24] wall= 235.168 p=  2867 | ifo= 11.687(sd=1.696 nx=0.000 tfo=7.253 cnt=2.737) snap= 2.172 srm= 48.223 sat= 10.482(set=1.776 slv=8.561 max=0.1392 n=2867) cex=R/T/F=240/0/0 trsplit=0 sim=159.247(rmp=4.173 run=155.072 n=1 d=49) chk= 0.005(d=0) stat= 0.864 rest= 2.488
BMC : c =  346759  cl = 347322  lit = 1183323  p =  2626  d =   193  f =     0  +  T =     0.22 sec
  [bmc-prof  25] wall= 221.899 p=  2819 | ifo= 10.634(sd=0.997 nx=0.000 tfo=7.327 cnt=2.310) snap= 1.748 srm= 48.601 sat= 12.588(set=1.541 slv=10.856 max=0.1339 n=2819) cex=R/T/F=193/0/0 trsplit=0 sim=144.714(rmp=4.126 run=140.586 n=1 d=29) chk= 0.004(d=0) stat= 0.863 rest= 2.747
BMC : c =  346759  cl = 347321  lit = 1183301  p =  2626  d =   164  f =     0  +  T =     0.22 sec
  [bmc-prof  26] wall= 222.832 p=  2790 | ifo= 12.889(sd=1.195 nx=0.000 tfo=9.293 cnt=2.402) snap= 1.731 srm= 49.346 sat= 10.379(set=1.576 slv=8.663 max=0.1567 n=2790) cex=R/T/F=164/0/0 trsplit=0 sim=145.314(rmp=3.608 run=141.705 n=1 d=22) chk= 0.004(d=0) stat= 0.827 rest= 2.341
BMC : c =  346759  cl = 347319  lit = 1183278  p =  2625  d =   144  f =     0  +  T =     0.22 sec
  [bmc-prof  27] wall= 222.757 p=  2769 | ifo= 11.234(sd=1.054 nx=0.000 tfo=7.096 cnt=3.084) snap= 1.725 srm= 48.739 sat=  9.700(set=1.595 slv=7.974 max=0.0907 n=2769) cex=R/T/F=144/0/0 trsplit=0 sim=147.772(rmp=3.339 run=144.429 n=1 d=23) chk= 0.004(d=0) stat= 0.835 rest= 2.749
BMC : c =  346759  cl = 347319  lit = 1183258  p =  2626  d =   121  f =     0  +  T =     0.22 sec
  [bmc-prof  28] wall= 221.625 p=  2747 | ifo= 10.894(sd=1.040 nx=0.000 tfo=7.543 cnt=2.310) snap= 1.705 srm= 49.520 sat= 10.000(set=1.531 slv=8.327 max=0.0600 n=2747) cex=R/T/F=121/0/0 trsplit=0 sim=146.274(rmp=3.898 run=142.373 n=1 d=20) chk= 0.004(d=0) stat= 0.849 rest= 2.380
BMC : c =  346759  cl = 347318  lit = 1183241  p =  2624  d =   103  f =     0  +  T =     0.22 sec
  [bmc-prof  29] wall= 218.493 p=  2727 | ifo= 11.009(sd=1.017 nx=0.000 tfo=7.581 cnt=2.411) snap= 1.744 srm= 48.312 sat= 10.170(set=1.547 slv=8.478 max=0.1960 n=2727) cex=R/T/F=103/0/0 trsplit=0 sim=144.095(rmp=3.558 run=140.536 n=1 d=17) chk= 0.004(d=0) stat= 0.855 rest= 2.305
BMC : c =  346759  cl = 347318  lit = 1183222  p =  2624  d =    86  f =     0  +  T =     0.21 sec
  [bmc-prof  30] wall= 215.408 p=  2710 | ifo= 11.128(sd=0.996 nx=0.000 tfo=7.770 cnt=2.363) snap= 1.714 srm= 48.790 sat=  9.928(set=1.655 slv=8.145 max=0.0793 n=2710) cex=R/T/F=86/0/0 trsplit=0 sim=140.419(rmp=3.564 run=136.854 n=1 d=19) chk= 0.003(d=0) stat= 0.847 rest= 2.578
BMC : c =  346759  cl = 347316  lit = 1183202  p =  2622  d =    69  f =     0  +  T =     0.21 sec
  [bmc-prof  31] wall= 215.610 p=  2691 | ifo= 10.340(sd=1.000 nx=0.000 tfo=6.998 cnt=2.342) snap= 3.934 srm= 48.545 sat= 11.651(set=1.831 slv=9.665 max=0.0600 n=2691) cex=R/T/F=69/0/0 trsplit=0 sim=138.040(rmp=3.768 run=134.270 n=1 d=20) chk= 0.003(d=0) stat= 0.815 rest= 2.282
BMC : c =  346759  cl = 347314  lit = 1183189  p =  2622  d =    49  f =     0  +  T =     0.23 sec
  [bmc-prof  32] wall= 226.083 p=  2671 | ifo= 12.169(sd=0.982 nx=0.000 tfo=8.448 cnt=2.739) snap= 2.535 srm= 48.667 sat= 11.183(set=3.224 slv=7.832 max=0.0626 n=2671) cex=R/T/F=49/0/0 trsplit=0 sim=148.195(rmp=3.653 run=144.540 n=1 d=13) chk= 0.003(d=0) stat= 0.843 rest= 2.488
BMC : c =  346759  cl = 347312  lit = 1183180  p =  2621  d =    37  f =     0  +  T =     0.22 sec
  [bmc-prof  33] wall= 216.086 p=  2658 | ifo= 11.305(sd=1.438 nx=0.000 tfo=7.448 cnt=2.420) snap= 1.760 srm= 48.616 sat=  9.285(set=1.521 slv=7.642 max=0.0876 n=2658) cex=R/T/F=37/0/0 trsplit=0 sim=142.025(rmp=3.561 run=138.462 n=1 d=9) chk= 0.003(d=0) stat= 0.814 rest= 2.277
BMC : c =  346759  cl = 347309  lit = 1183173  p =  2620  d =    29  f =     0  +  T =     0.21 sec
  [bmc-prof  34] wall= 215.895 p=  2649 | ifo= 11.193(sd=1.166 nx=0.000 tfo=7.700 cnt=2.327) snap= 1.841 srm= 47.835 sat=  9.076(set=1.558 slv=7.396 max=0.0617 n=2649) cex=R/T/F=29/0/0 trsplit=0 sim=142.726(rmp=3.711 run=139.013 n=1 d=7) chk= 0.004(d=0) stat= 0.856 rest= 2.364
BMC : c =  346759  cl = 347310  lit = 1183166  p =  2619  d =    23  f =     0  +  T =     0.22 sec
  [bmc-prof  35] wall= 221.611 p=  2642 | ifo= 10.330(sd=1.008 nx=0.000 tfo=6.997 cnt=2.325) snap= 2.005 srm= 48.749 sat= 10.782(set=1.790 slv=8.739 max=0.0605 n=2642) cex=R/T/F=23/0/0 trsplit=0 sim=146.520(rmp=3.999 run=142.519 n=1 d=7) chk= 0.003(d=0) stat= 0.836 rest= 2.386
BMC : c =  346759  cl = 347310  lit = 1183161  p =  2616  d =    19  f =     0  +  T =     0.21 sec
  [bmc-prof  36] wall= 212.820 p=  2635 | ifo= 10.385(sd=0.973 nx=0.000 tfo=7.095 cnt=2.317) snap= 1.707 srm= 48.459 sat=  8.838(set=1.506 slv=7.216 max=0.0604 n=2635) cex=R/T/F=19/0/0 trsplit=0 sim=139.814(rmp=3.464 run=136.348 n=1 d=5) chk= 0.003(d=0) stat= 0.826 rest= 2.788
BMC : c =  346759  cl = 347308  lit = 1183156  p =  2616  d =    14  f =     0  +  T =     0.22 sec
  [bmc-prof  37] wall= 216.632 p=  2630 | ifo= 10.355(sd=1.016 nx=0.000 tfo=7.030 cnt=2.310) snap= 1.692 srm= 48.639 sat=  8.978(set=1.489 slv=7.371 max=0.0608 n=2630) cex=R/T/F=14/0/0 trsplit=0 sim=143.724(rmp=4.157 run=139.564 n=1 d=5) chk= 0.003(d=0) stat= 0.833 rest= 2.409
BMC : c =  346759  cl = 347309  lit = 1183152  p =  2616  d =     9  f =     0  +  T =     0.22 sec
  [bmc-prof  38] wall= 217.139 p=  2625 | ifo= 10.764(sd=0.980 nx=0.000 tfo=7.456 cnt=2.328) snap= 1.788 srm= 48.234 sat=  9.702(set=1.587 slv=7.988 max=0.1171 n=2625) cex=R/T/F=9/0/0 trsplit=0 sim=143.296(rmp=4.044 run=139.251 n=1 d=4) chk= 0.003(d=0) stat= 0.871 rest= 2.479
BMC : c =  346759  cl = 347307  lit = 1183148  p =  2618  d =     5  f =     0  +  T =     0.21 sec
  [bmc-prof  39] wall= 215.833 p=  2623 | ifo= 10.595(sd=1.009 nx=0.000 tfo=6.948 cnt=2.639) snap= 1.705 srm= 48.817 sat=  9.174(set=1.536 slv=7.516 max=0.0795 n=2623) cex=R/T/F=5/0/0 trsplit=0 sim=142.393(rmp=3.677 run=138.715 n=1 d=4) chk= 0.002(d=0) stat= 0.873 rest= 2.273
  [bmc-incr i=40 repr=5 active=77/1183148 POs=1]
BMC : c =  346759  cl = 347306  lit = 1183147  p =     0  d =     1  f =     0  +  T =     0.17 sec
  [bmc-prof  40] wall= 172.095 p=     1 | ifo=  4.434(sd=0.987 nx=0.000 tfo=0.591 cnt=2.857) snap= 1.704 srm= 22.065 sat=  1.446(set=1.434 slv=0.010 max=0.0096 n=1) cex=R/T/F=1/0/0 trsplit=0 sim=139.386(rmp=3.338 run=136.047 n=1 d=1) chk= 0.001(d=0) stat= 0.815 rest= 2.244
  [bmc-incr i=41 repr=1 active=73/1183147 POs=0]
  [bmc-prof ALL] wall=9790.942 p=156079 | ifo=610.085(sd=44.362 nx=0.000 tfo=465.461 cnt=100.261) snap=80.733 srm=2076.822 sat=731.710(set=74.044 slv=647.870 max=0.5043 n=156079) cex=R/T/F=52188/0/8 trsplit=0 sim=6152.575(rmp=156.976 run=5995.416 n=41 d=11960) chk= 0.464(d=6) stat=36.165 rest=102.390
  1 : c =  346281  cl = 346328  lit = 1181010  p = 11536  d =  1868  f =     1  +  T =     0.33 sec
  [prof   1] wall= 327.685 p= 13405 | ifo=  0.000(sd=0.000 nx=0.000 tfo=0.000 cnt=0.000) snap= 1.791 srm= 86.560 sat= 11.275(set=2.432 slv=8.251 max=0.0775 n=13405) cex=R/T/F=1868/0/1 trsplit=0 sim=224.029(rmp=4.004 run=219.887 n=1 d=2136) chk= 0.041(d=1) stat= 0.899 rest= 3.091
  2 : c =  345727  cl = 346431  lit = 1180112  p = 10670  d =   494  f =     0  +  T =     0.37 sec
  [prof   2] wall= 373.603 p= 11164 | ifo= 24.195(sd=1.110 nx=1.047 tfo=18.678 cnt=3.360) snap= 2.102 srm= 94.813 sat= 10.987(set=2.326 slv=8.137 max=0.1795 n=11164) cex=R/T/F=494/0/0 trsplit=0 sim=237.596(rmp=4.479 run=232.979 n=1 d=898) chk= 0.018(d=0) stat= 1.147 rest= 2.745
  3 : c =  344863  cl = 346593  lit = 1178708  p = 10840  d =   884  f =     0  +  T =     0.39 sec
  [prof   3] wall= 392.833 p= 11724 | ifo= 20.383(sd=1.172 nx=1.019 tfo=14.739 cnt=3.453) snap= 2.096 srm=100.189 sat= 13.783(set=2.381 slv=10.828 max=0.1011 n=11724) cex=R/T/F=884/0/0 trsplit=0 sim=252.501(rmp=4.633 run=247.719 n=1 d=1404) chk= 0.023(d=0) stat= 0.895 rest= 2.963
  4 : c =  313852  cl = 363011  lit = 1135549  p = 11490  d =  1994  f =     0  +  T =     0.38 sec
  [prof   4] wall= 382.586 p= 13484 | ifo= 19.679(sd=1.132 nx=1.052 tfo=14.659 cnt=2.836) snap= 1.912 srm= 97.337 sat= 13.532(set=2.377 slv=10.490 max=0.0417 n=13484) cex=R/T/F=1994/0/0 trsplit=0 sim=246.395(rmp=4.812 run=241.448 n=1 d=43159) chk= 0.027(d=0) stat= 1.146 rest= 2.556
  5 : c =  270747  cl = 368422  lit = 1047017  p =110171  d =201312  f =     0  +  T =     0.80 sec
  [prof   5] wall= 804.149 p=311483 | ifo= 24.693(sd=1.526 nx=1.056 tfo=18.424 cnt=3.688) snap= 2.401 srm=161.937 sat=321.329(set=9.568 slv=291.640 max=0.4713 n=311483) cex=R/T/F=201312/0/0 trsplit=0 sim=285.849(rmp=4.229 run=281.495 n=1 d=88532) chk= 1.367(d=0) stat= 2.094 rest= 4.478
  6 : c =  201529  cl = 352924  lit =  812966  p = 78558  d =193335  f =   236  +  T =     2.54 sec
  [prof   6] wall=2540.066 p=272129 | ifo= 28.264(sd=2.396 nx=1.393 tfo=20.635 cnt=3.840) snap= 1.929 srm=170.040 sat=1396.197(set=11.290 slv=1364.408 max=0.8000 n=272129) cex=R/T/F=193335/0/236 trsplit=0 sim=935.139(rmp=5.314 run=929.704 n=1 d=233951) chk= 1.159(d=100) stat= 1.376 rest= 5.962
  7 : c =  163315  cl = 320514  lit =  678589  p = 32030  d = 99454  f =  4435  +  T =     9.18 sec
  [prof   7] wall=9179.371 p=135919 | ifo= 23.824(sd=1.610 nx=0.919 tfo=18.685 cnt=2.609) snap= 1.816 srm=155.887 sat=7282.782(set=9.924 slv=7258.115 max=7.5962 n=135919) cex=R/T/F=99454/0/4435 trsplit=0 sim=1706.374(rmp=5.604 run=1700.573 n=1 d=133751) chk= 0.491(d=626) stat= 1.433 rest= 6.764
  8 : c =   95476  cl = 271137  lit =  530452  p = 57415  d =128568  f =  7714  +  T =    22.59 sec
  [prof   8] wall=22592.104 p=193697 | ifo= 20.980(sd=1.535 nx=0.905 tfo=16.288 cnt=2.253) snap= 1.767 srm=174.972 sat=19735.000(set=11.214 slv=19702.560 max=11.8683 n=193697) cex=R/T/F=128568/0/7714 trsplit=0 sim=2650.127(rmp=5.767 run=2644.250 n=1 d=143644) chk= 0.849(d=4493) stat= 1.472 rest= 6.937
  9 : c =   71880  cl = 225033  lit =  388931  p = 43513  d =134496  f = 22132  +  T =    14.59 sec
  [prof   9] wall=14595.518 p=200141 | ifo= 46.345(sd=2.770 nx=5.717 tfo=35.333 cnt=2.525) snap= 2.181 srm=203.656 sat=10961.556(set=11.659 slv=10913.038 max=10.8637 n=200141) cex=R/T/F=134496/0/22132 trsplit=0 sim=3372.201(rmp=3.812 run=3368.274 n=1 d=133884) chk= 0.979(d=7637) stat= 1.369 rest= 7.229
 10 : c =   70629  cl = 217131  lit =  361783  p =  8692  d = 30350  f =  5061  +  T =     3.59 sec
  [prof  10] wall=3591.422 p= 44103 | ifo= 22.904(sd=1.598 nx=0.971 tfo=16.976 cnt=3.359) snap= 2.385 srm=185.342 sat=2178.027(set=9.477 slv=2164.048 max=2.2132 n=44103) cex=R/T/F=30350/0/5061 trsplit=0 sim=1197.878(rmp=5.347 run=1192.423 n=1 d=26955) chk= 0.206(d=193) stat= 1.038 rest= 3.641
 11 : c =   69957  cl = 219406  lit =  355105  p =  9480  d =  6677  f =    86  +  T =     0.47 sec
  [prof  11] wall= 469.488 p= 16243 | ifo= 26.529(sd=1.190 nx=0.932 tfo=22.767 cnt=1.640) snap= 1.771 srm=131.146 sat=111.650(set=7.458 slv=103.222 max=0.6052 n=16243) cex=R/T/F=6677/0/86 trsplit=0 sim=194.556(rmp=4.124 run=190.239 n=1 d=6638) chk= 0.049(d=40) stat= 0.930 rest= 2.857
 12 : c =   69559  cl = 223269  lit =  346318  p = 26147  d =  8334  f =    32  +  T =     0.40 sec
  [prof  12] wall= 398.047 p= 34513 | ifo= 19.195(sd=1.059 nx=0.970 tfo=15.557 cnt=1.608) snap= 1.761 srm=140.730 sat= 35.252(set=8.777 slv=24.868 max=0.1444 n=34513) cex=R/T/F=8334/0/32 trsplit=0 sim=191.433(rmp=4.946 run=186.244 n=1 d=8755) chk= 0.054(d=32) stat= 0.918 rest= 8.704
 13 : c =   69453  cl = 223706  lit =  344435  p =  9421  d = 27727  f =    24  +  T =     0.62 sec
  [prof  13] wall= 623.962 p= 37172 | ifo= 20.433(sd=1.034 nx=0.911 tfo=16.804 cnt=1.684) snap= 1.844 srm=162.595 sat= 40.891(set=7.544 slv=31.179 max=0.1419 n=37172) cex=R/T/F=27727/0/24 trsplit=0 sim=394.069(rmp=6.660 run=387.249 n=1 d=1859) chk= 0.093(d=24) stat= 0.892 rest= 3.145
 14 : c =   50951  cl = 223134  lit =  314086  p = 53057  d = 37090  f =     0  +  T =     0.46 sec
  [prof  14] wall= 456.019 p= 90147 | ifo= 16.756(sd=1.022 nx=0.985 tfo=13.187 cnt=1.563) snap= 1.754 srm=161.597 sat= 68.912(set=8.906 slv=54.965 max=0.1561 n=90147) cex=R/T/F=37090/0/0 trsplit=0 sim=202.892(rmp=3.779 run=199.111 n=1 d=30349) chk= 0.140(d=0) stat= 0.977 rest= 2.991
 15 : c =   50930  cl = 224153  lit =  309876  p = 42741  d = 21059  f =     0  +  T =     0.47 sec
  [prof  15] wall= 467.106 p= 63800 | ifo= 23.849(sd=1.061 nx=0.977 tfo=20.052 cnt=1.758) snap= 2.428 srm=171.304 sat= 65.618(set=11.004 slv=50.356 max=0.0542 n=63800) cex=R/T/F=21059/0/0 trsplit=0 sim=199.181(rmp=5.444 run=193.562 n=1 d=4210) chk= 0.163(d=0) stat= 1.025 rest= 3.539
 16 : c =   49833  cl = 226665  lit =  303379  p = 44862  d = 15892  f =     0  +  T =     0.47 sec
  [prof  16] wall= 472.830 p= 60754 | ifo= 19.900(sd=1.172 nx=1.044 tfo=15.817 cnt=1.867) snap= 1.926 srm=167.740 sat= 59.675(set=9.552 slv=46.983 max=0.0619 n=60754) cex=R/T/F=15892/0/0 trsplit=0 sim=219.150(rmp=4.730 run=214.260 n=1 d=6497) chk= 0.209(d=0) stat= 1.092 rest= 3.138
 17 : c =   40817  cl = 213706  lit =  273705  p = 55249  d = 23537  f =     0  +  T =     0.57 sec
  [prof  17] wall= 566.714 p= 78786 | ifo= 23.595(sd=1.156 nx=1.961 tfo=18.589 cnt=1.889) snap= 2.037 srm=173.206 sat=149.630(set=10.518 slv=133.913 max=2.0153 n=78786) cex=R/T/F=23537/0/0 trsplit=0 sim=212.812(rmp=5.468 run=207.343 n=1 d=29674) chk= 0.197(d=0) stat= 1.134 rest= 4.103
 18 : c =   39551  cl = 209544  lit =  259307  p = 35628  d = 15799  f =    99  +  T =     1.46 sec
  [prof  18] wall=1461.773 p= 51526 | ifo= 17.223(sd=1.193 nx=0.999 tfo=13.144 cnt=1.886) snap= 1.909 srm=177.908 sat=1000.931(set=10.144 slv=985.232 max=0.7910 n=51526) cex=R/T/F=15799/0/99 trsplit=0 sim=258.149(rmp=4.241 run=253.785 n=1 d=14332) chk= 0.170(d=66) stat= 1.262 rest= 4.222
 19 : c =   38142  cl = 209651  lit =  258114  p = 34697  d =   321  f =    48  +  T =     0.42 sec
  [prof  19] wall= 419.762 p= 35066 | ifo= 19.930(sd=1.533 nx=1.729 tfo=15.038 cnt=1.630) snap= 2.086 srm=172.660 sat= 37.578(set=9.595 slv=26.439 max=0.6576 n=35066) cex=R/T/F=321/0/48 trsplit=0 sim=183.037(rmp=4.001 run=178.843 n=1 d=1150) chk= 0.030(d=43) stat= 0.920 rest= 3.521
 20 : c =   37167  cl = 208875  lit =  254556  p = 35745  d =  1997  f =    70  +  T =     0.46 sec
  [prof  20] wall= 460.634 p= 37812 | ifo= 35.735(sd=1.032 nx=0.946 tfo=30.989 cnt=2.768) snap= 1.920 srm=174.207 sat= 49.171(set=8.982 slv=38.239 max=0.2652 n=37812) cex=R/T/F=1997/0/70 trsplit=0 sim=195.555(rmp=4.749 run=190.644 n=1 d=3494) chk= 0.071(d=64) stat= 0.930 rest= 3.045
 21 : c =   35866  cl = 208473  lit =  252491  p = 34368  d =   394  f =  1152  +  T =     0.52 sec
  [prof  21] wall= 520.373 p= 35914 | ifo= 20.674(sd=1.461 nx=0.936 tfo=16.763 cnt=1.513) snap= 1.752 srm=164.673 sat=155.509(set=8.953 slv=144.899 max=0.5122 n=35914) cex=R/T/F=394/0/1152 trsplit=0 sim=173.240(rmp=3.976 run=169.055 n=1 d=1208) chk= 0.086(d=857) stat= 1.128 rest= 3.312
 22 : c =    7222  cl = 186436  lit =  201098  p =  7409  d =  8555  f = 21281  -  T =     7.51 sec
  [prof  22] wall=7509.206 p= 37245 | ifo= 20.321(sd=1.539 nx=1.399 tfo=15.884 cnt=1.500) snap= 1.732 srm=168.786 sat=4672.994(set=9.187 slv=4659.937 max=9.1081 n=37245) cex=R/T/F=8555/0/21281 trsplit=0 sim=2641.091(rmp=5.644 run=2635.303 n=1 d=39888) chk= 0.221(d=11505) stat= 0.936 rest= 3.126
 23 : c =    5231  cl = 178080  lit =  188928  p = 14008  d =  3345  f =  7500  -  T =     0.84 sec
  [prof  23] wall= 842.743 p= 24853 | ifo= 17.649(sd=1.215 nx=0.932 tfo=13.062 cnt=2.439) snap= 1.737 srm=163.758 sat=471.212(set=10.600 slv=459.134 max=1.1056 n=24853) cex=R/T/F=3345/0/7500 trsplit=0 sim=184.687(rmp=3.850 run=180.675 n=1 d=5138) chk= 0.115(d=7032) stat= 0.889 rest= 2.697
 24 : c =    4583  cl = 177423  lit =  187006  p =  6339  d =  1271  f =   779  -  T =     0.53 sec
  [prof  24] wall= 530.669 p=  8389 | ifo= 15.632(sd=1.036 nx=0.962 tfo=12.226 cnt=1.409) snap= 1.748 srm=157.789 sat=166.380(set=8.921 slv=156.950 max=0.6987 n=8389) cex=R/T/F=1271/0/779 trsplit=0 sim=185.350(rmp=4.075 run=181.118 n=1 d=1352) chk= 0.040(d=570) stat= 0.903 rest= 2.828
 25 : c =    4387  cl = 177214  lit =  186363  p =  6140  d =   499  f =   232  -  T =     0.44 sec
  [prof  25] wall= 438.155 p=  6871 | ifo= 15.794(sd=1.027 nx=0.936 tfo=12.418 cnt=1.413) snap= 2.784 srm=150.132 sat= 90.163(set=9.271 slv=80.499 max=0.5608 n=6871) cex=R/T/F=499/0/232 trsplit=0 sim=175.376(rmp=4.253 run=170.957 n=1 d=447) chk= 0.028(d=196) stat= 1.033 rest= 2.844
 26 : c =    4263  cl = 177198  lit =  186113  p =  5913  d =   140  f =   125  -  T =     0.41 sec
  [prof  26] wall= 408.571 p=  6178 | ifo= 15.988(sd=1.033 nx=1.029 tfo=12.532 cnt=1.395) snap= 1.738 srm=159.983 sat= 42.799(set=8.859 slv=33.645 max=0.2878 n=6178) cex=R/T/F=140/0/125 trsplit=0 sim=184.416(rmp=3.965 run=180.279 n=1 d=135) chk= 0.036(d=115) stat= 0.916 rest= 2.694
 27 : c =    4142  cl = 177197  lit =  185915  p =  5904  d =    77  f =   100  -  T =     0.38 sec
  [prof  27] wall= 385.674 p=  6081 | ifo= 15.998(sd=1.027 nx=0.946 tfo=12.612 cnt=1.413) snap= 2.286 srm=152.364 sat= 38.955(set=8.867 slv=29.809 max=0.5216 n=6081) cex=R/T/F=77/0/100 trsplit=0 sim=172.385(rmp=4.085 run=168.137 n=1 d=100) chk= 0.025(d=98) stat= 0.895 rest= 2.765
 28 : c =    4052  cl = 177181  lit =  185766  p =  5910  d =    27  f =   125  -  T =     0.38 sec
  [prof  28] wall= 384.212 p=  6062 | ifo= 19.929(sd=1.013 nx=0.919 tfo=15.873 cnt=2.124) snap= 1.733 srm=149.019 sat= 38.673(set=8.816 slv=29.573 max=0.2644 n=6062) cex=R/T/F=27/0/125 trsplit=0 sim=171.247(rmp=3.789 run=167.289 n=1 d=31) chk= 0.032(d=118) stat= 0.895 rest= 2.682
 29 : c =    3783  cl = 177136  lit =  185641  p =  5879  d =    88  f =    33  -  T =     0.38 sec
  [prof  29] wall= 382.955 p=  6000 | ifo= 20.363(sd=1.006 nx=1.008 tfo=16.052 cnt=2.298) snap= 1.738 srm=148.328 sat= 28.569(set=9.136 slv=19.126 max=0.2911 n=6000) cex=R/T/F=88/0/33 trsplit=0 sim=179.989(rmp=4.209 run=175.600 n=1 d=95) chk= 0.017(d=30) stat= 0.995 rest= 2.955
 30 : c =    3605  cl = 177140  lit =  185446  p =  5919  d =   147  f =   108  -  T =     0.45 sec
  [prof  30] wall= 451.565 p=  6174 | ifo= 18.762(sd=1.119 nx=1.024 tfo=15.058 cnt=1.561) snap= 2.111 srm=178.694 sat= 45.205(set=9.800 slv=35.097 max=0.2671 n=6174) cex=R/T/F=147/0/108 trsplit=0 sim=202.663(rmp=4.449 run=197.528 n=1 d=93) chk= 0.026(d=102) stat= 0.978 rest= 3.126
  [incr r=30 repr=452 next=396 tfo=1044024 active=8114/362586 POs=2303]
 31 : c =    3525  cl = 177155  lit =  185290  p =  2094  d =   178  f =    31  -  T =     0.37 sec
  [prof  31] wall= 366.919 p=  2303 | ifo= 13.477(sd=1.088 nx=1.032 tfo=9.574 cnt=1.783) snap= 2.933 srm=123.802 sat= 24.248(set=11.425 slv=12.703 max=0.1582 n=2303) cex=R/T/F=178/0/31 trsplit=0 sim=198.062(rmp=4.277 run=193.601 n=1 d=128) chk= 0.021(d=28) stat= 1.012 rest= 3.364
  [incr r=31 repr=407 next=410 tfo=1039910 active=7543/362445 POs=2262]
 32 : c =    3492  cl = 177184  lit =  185145  p =  2069  d =   161  f =    32  -  T =     0.36 sec
  [prof  32] wall= 359.966 p=  2262 | ifo= 13.086(sd=1.208 nx=1.312 tfo=8.781 cnt=1.785) snap= 1.887 srm=115.078 sat= 29.890(set=17.269 slv=12.500 max=0.4847 n=2262) cex=R/T/F=161/0/32 trsplit=0 sim=195.800(rmp=5.223 run=190.405 n=1 d=115) chk= 0.020(d=30) stat= 0.984 rest= 3.222
 33 : c =    3462  cl = 177181  lit =  185032  p =  5890  d =   102  f =    38  -  T =     0.41 sec
  [prof  33] wall= 415.104 p=  6030 | ifo= 20.320(sd=1.087 nx=1.002 tfo=16.094 cnt=2.137) snap= 1.903 srm=164.068 sat= 28.326(set=9.853 slv=18.168 max=0.1581 n=6030) cex=R/T/F=102/0/38 trsplit=0 sim=196.536(rmp=4.337 run=192.021 n=1 d=81) chk= 0.026(d=32) stat= 0.966 rest= 2.959
  [incr r=33 repr=186 next=210 tfo=1021237 active=5486/362213 POs=2089]
 34 : c =    3439  cl = 177180  lit =  184949  p =  2006  d =    47  f =    36  -  T =     0.36 sec
  [prof  34] wall= 360.877 p=  2089 | ifo= 13.147(sd=1.350 nx=1.053 tfo=8.980 cnt=1.765) snap= 1.903 srm=115.247 sat= 21.549(set=9.973 slv=11.467 max=0.2875 n=2089) cex=R/T/F=47/0/36 trsplit=0 sim=204.292(rmp=5.021 run=199.098 n=1 d=49) chk= 0.029(d=34) stat= 0.980 rest= 3.731
  [incr r=34 repr=118 next=128 tfo=1021961 active=5462/362129 POs=2055]
 35 : c =    3411  cl = 177182  lit =  184890  p =  1991  d =    24  f =    40  -  T =     0.37 sec
  [prof  35] wall= 368.066 p=  2055 | ifo= 18.819(sd=1.129 nx=1.014 tfo=11.758 cnt=4.918) snap= 1.915 srm=132.084 sat= 21.590(set=10.537 slv=10.950 max=0.2188 n=2055) cex=R/T/F=24/0/40 trsplit=0 sim=189.743(rmp=4.760 run=184.814 n=1 d=25) chk= 0.015(d=34) stat= 1.010 rest= 2.889
  [incr r=35 repr=71 next=60 tfo=6133 active=1431/362072 POs=75]
 36 : c =    3366  cl = 177183  lit =  184844  p =    32  d =    17  f =    26  -  T =     0.28 sec
  [prof  36] wall= 280.315 p=    75 | ifo=  4.504(sd=1.103 nx=1.012 tfo=0.722 cnt=1.667) snap= 2.699 srm= 68.731 sat=  7.920(set=6.519 slv=1.394 max=0.1929 n=75) cex=R/T/F=17/0/26 trsplit=0 sim=192.059(rmp=5.323 run=186.522 n=1 d=20) chk= 0.018(d=26) stat= 0.962 rest= 3.422
  [incr r=36 repr=96 next=102 tfo=1022478 active=5449/362027 POs=2074]
 37 : c =    3316  cl = 177197  lit =  184800  p =  2019  d =    40  f =    15  -  T =     0.36 sec
  [prof  37] wall= 357.950 p=  2074 | ifo= 12.307(sd=1.086 nx=1.008 tfo=8.454 cnt=1.760) snap= 1.899 srm=119.958 sat= 19.835(set=9.995 slv=9.730 max=0.4820 n=2074) cex=R/T/F=40/0/15 trsplit=0 sim=199.751(rmp=4.300 run=195.272 n=1 d=29) chk= 0.010(d=15) stat= 0.952 rest= 3.237
  [incr r=37 repr=156 next=179 tfo=1021377 active=5462/361997 POs=2136]
 38 : c =    3285  cl = 177211  lit =  184729  p =  2049  d =    63  f =    24  -  T =     0.37 sec
  [prof  38] wall= 372.421 p=  2136 | ifo= 21.389(sd=1.148 nx=1.051 tfo=13.357 cnt=5.833) snap= 1.983 srm=122.088 sat= 21.214(set=9.966 slv=11.135 max=0.8439 n=2136) cex=R/T/F=63/0/24 trsplit=0 sim=201.953(rmp=4.287 run=197.502 n=1 d=51) chk= 0.020(d=20) stat= 0.957 rest= 2.815
  [incr r=38 repr=182 next=207 tfo=1022698 active=5497/361940 POs=2144]
 39 : c =    3251  cl = 177231  lit =  184652  p =  2058  d =    52  f =    34  -  T =     0.34 sec
  [prof  39] wall= 340.882 p=  2144 | ifo= 13.554(sd=1.079 nx=1.000 tfo=9.714 cnt=1.761) snap= 1.960 srm=115.218 sat= 20.835(set=9.894 slv=10.828 max=0.1457 n=2144) cex=R/T/F=52/0/34 trsplit=0 sim=185.397(rmp=4.323 run=180.901 n=1 d=45) chk= 0.026(d=32) stat= 1.014 rest= 2.877
  [incr r=39 repr=176 next=214 tfo=1021472 active=5426/361883 POs=2089]
 40 : c =    3224  cl = 177242  lit =  184566  p =  2004  d =    52  f =    33  -  T =     0.36 sec
  [prof  40] wall= 363.067 p=  2089 | ifo= 13.432(sd=1.110 nx=1.020 tfo=9.526 cnt=1.775) snap= 1.913 srm=140.694 sat= 21.719(set=11.148 slv=10.464 max=0.1534 n=2089) cex=R/T/F=52/0/33 trsplit=0 sim=181.313(rmp=4.318 run=176.845 n=1 d=58) chk= 0.010(d=28) stat= 0.890 rest= 3.095
  [incr r=40 repr=151 next=163 tfo=6378 active=1571/361808 POs=115]
 41 : c =    3203  cl = 177246  lit =  184494  p =    46  d =    32  f =    37  -  T =     0.25 sec
  [prof  41] wall= 250.178 p=   115 | ifo=  4.347(sd=1.116 nx=0.935 tfo=0.699 cnt=1.597) snap= 1.802 srm= 57.029 sat=  8.134(set=4.931 slv=3.193 max=0.1786 n=115) cex=R/T/F=32/0/37 trsplit=0 sim=175.185(rmp=4.134 run=170.888 n=1 d=37) chk= 0.031(d=35) stat= 1.179 rest= 2.471
  [incr r=41 repr=104 next=125 tfo=1021216 active=5202/361740 POs=2048]
 42 : c =    3165  cl = 177248  lit =  184440  p =  1990  d =    21  f =    37  -  T =     0.33 sec
  [prof  42] wall= 330.202 p=  2048 | ifo= 11.342(sd=1.025 nx=1.030 tfo=7.645 cnt=1.642) snap= 1.770 srm=121.649 sat= 21.229(set=11.356 slv=9.777 max=0.1348 n=2048) cex=R/T/F=21/0/37 trsplit=0 sim=170.578(rmp=3.943 run=166.473 n=1 d=24) chk= 0.011(d=30) stat= 0.899 rest= 2.723
  [incr r=42 repr=820 next=87 tfo=10792 active=5934/361688 POs=96]
 43 : c =    3134  cl = 177260  lit =  184389  p =    42  d =    26  f =    28  -  T =     0.25 sec
  [prof  43] wall= 254.954 p=    96 | ifo=  4.858(sd=1.025 nx=0.962 tfo=0.806 cnt=2.065) snap= 1.752 srm= 59.429 sat= 12.005(set=4.778 slv=7.217 max=0.4377 n=96) cex=R/T/F=26/0/28 trsplit=0 sim=173.419(rmp=4.052 run=169.179 n=1 d=24) chk= 0.013(d=27) stat= 0.927 rest= 2.551
  [incr r=43 repr=96 next=105 tfo=1021182 active=5136/361649 POs=2054]
 44 : c =    3071  cl = 177264  lit =  184330  p =  1991  d =    38  f =    25  -  T =     0.36 sec
  [prof  44] wall= 357.410 p=  2054 | ifo= 11.680(sd=1.013 nx=1.503 tfo=7.501 cnt=1.663) snap= 1.792 srm=114.901 sat= 18.369(set=9.214 slv=9.055 max=0.1375 n=2054) cex=R/T/F=38/0/25 trsplit=0 sim=207.008(rmp=14.553 run=192.273 n=1 d=37) chk= 0.011(d=22) stat= 0.911 rest= 2.739
  [incr r=44 repr=176 next=210 tfo=6412 active=1629/361594 POs=145]
 45 : c =    3027  cl = 177275  lit =  184279  p =    61  d =    64  f =    20  -  T =     0.27 sec
  [prof  45] wall= 266.351 p=   145 | ifo=  4.219(sd=1.061 nx=0.942 tfo=0.674 cnt=1.541) snap= 1.784 srm= 65.799 sat= 11.148(set=5.981 slv=5.154 max=0.2469 n=145) cex=R/T/F=64/0/20 trsplit=0 sim=179.954(rmp=4.070 run=175.702 n=1 d=34) chk= 0.005(d=17) stat= 0.929 rest= 2.514
  [incr r=45 repr=208 next=237 tfo=1022207 active=5309/361554 POs=2106]
 46 : c =    2980  cl = 177311  lit =  184167  p =  2003  d =    68  f =    35  -  T =     0.32 sec
  [prof  46] wall= 323.947 p=  2106 | ifo= 10.966(sd=1.029 nx=0.979 tfo=7.124 cnt=1.834) snap= 1.750 srm=111.162 sat= 21.155(set=9.499 slv=11.550 max=0.3926 n=2106) cex=R/T/F=68/0/35 trsplit=0 sim=175.049(rmp=6.494 run=168.397 n=1 d=78) chk= 0.025(d=34) stat= 0.934 rest= 2.905
  [incr r=46 repr=262 next=297 tfo=6546 active=1681/361478 POs=162]
 47 : c =    2937  cl = 177329  lit =  184055  p =    51  d =    65  f =    46  -  T =     0.26 sec
  [prof  47] wall= 265.194 p=   162 | ifo=  4.318(sd=1.040 nx=0.944 tfo=0.765 cnt=1.569) snap= 1.745 srm= 62.071 sat= 12.993(set=4.854 slv=8.124 max=0.2473 n=162) cex=R/T/F=65/0/46 trsplit=0 sim=179.933(rmp=4.278 run=175.489 n=1 d=72) chk= 0.009(d=40) stat= 1.077 rest= 3.048
  [incr r=47 repr=209 next=218 tfo=1022330 active=5284/361384 POs=2129]
 48 : c =    2914  cl = 177323  lit =  183948  p =  2013  d =    49  f =    67  -  T =     0.37 sec
  [prof  48] wall= 370.720 p=  2129 | ifo= 12.753(sd=1.326 nx=1.395 tfo=8.359 cnt=1.673) snap= 1.929 srm=125.109 sat= 26.560(set=10.564 slv=15.852 max=0.2125 n=2129) cex=R/T/F=49/0/67 trsplit=0 sim=200.543(rmp=4.214 run=196.160 n=1 d=63) chk= 0.021(d=44) stat= 0.947 rest= 2.858
  [incr r=48 repr=802 next=163 tfo=10300 active=5337/361271 POs=109]
 49 : c =    2859  cl = 177324  lit =  183892  p =    38  d =    42  f =    29  -  T =     0.27 sec
  [prof  49] wall= 267.232 p=   109 | ifo=  4.781(sd=1.123 nx=1.045 tfo=0.733 cnt=1.879) snap= 1.960 srm= 60.417 sat= 11.712(set=5.223 slv=6.476 max=0.3585 n=109) cex=R/T/F=42/0/29 trsplit=0 sim=184.686(rmp=4.197 run=180.291 n=1 d=34) chk= 0.015(d=22) stat= 1.005 rest= 2.657
  [incr r=49 repr=163 next=201 tfo=1021458 active=5102/361216 POs=2103]
 50 : c =    2846  cl = 177333  lit =  183839  p =  2024  d =    58  f =    21  -  T =     0.36 sec
  [prof  50] wall= 362.272 p=  2103 | ifo= 11.545(sd=1.102 nx=1.033 tfo=7.645 cnt=1.764) snap= 1.877 srm=123.538 sat= 29.796(set=14.979 slv=14.636 max=0.3221 n=2103) cex=R/T/F=58/0/21 trsplit=0 sim=190.988(rmp=5.126 run=185.692 n=1 d=34) chk= 0.020(d=19) stat= 1.160 rest= 3.348
  [incr r=50 repr=159 next=169 tfo=1021319 active=4977/361172 POs=2081]
 51 : c =    2821  cl = 177352  lit =  183770  p =  2004  d =    46  f =    31  -  T =     0.37 sec
  [prof  51] wall= 369.284 p=  2081 | ifo= 13.655(sd=1.077 nx=1.057 tfo=9.090 cnt=2.432) snap= 1.924 srm=131.971 sat= 20.433(set=9.939 slv=10.388 max=0.1428 n=2081) cex=R/T/F=46/0/31 trsplit=0 sim=197.282(rmp=4.499 run=192.590 n=1 d=40) chk= 0.021(d=29) stat= 1.025 rest= 2.973
  [incr r=51 repr=152 next=163 tfo=1022092 active=4980/361122 POs=2085]
 52 : c =    2799  cl = 177357  lit =  183675  p =  2004  d =    41  f =    40  -  T =     0.35 sec
  [prof  52] wall= 356.062 p=  2085 | ifo= 16.616(sd=1.131 nx=1.038 tfo=12.655 cnt=1.792) snap= 1.889 srm=121.753 sat= 21.895(set=9.830 slv=11.949 max=0.2329 n=2085) cex=R/T/F=41/0/40 trsplit=0 sim=189.261(rmp=4.249 run=184.811 n=1 d=56) chk= 0.045(d=39) stat= 1.236 rest= 3.367
  [incr r=52 repr=720 next=154 tfo=9875 active=4987/361032 POs=94]
 53 : c =    2771  cl = 177354  lit =  183614  p =    38  d =    22  f =    34  -  T =     0.28 sec
  [prof  53] wall= 278.932 p=    94 | ifo=  5.361(sd=1.526 nx=1.399 tfo=0.746 cnt=1.690) snap= 2.193 srm= 63.295 sat= 13.346(set=5.156 slv=8.180 max=0.2773 n=94) cex=R/T/F=22/0/34 trsplit=0 sim=191.098(rmp=6.357 run=184.566 n=1 d=30) chk= 0.021(d=31) stat= 0.959 rest= 2.659
  [incr r=53 repr=85 next=88 tfo=1021200 active=4801/360968 POs=2045]
 54 : c =    2732  cl = 177358  lit =  183565  p =  1995  d =    22  f =    28  -  T =     0.35 sec
  [prof  54] wall= 348.848 p=  2045 | ifo= 11.415(sd=1.117 nx=0.990 tfo=7.524 cnt=1.784) snap= 1.940 srm=125.717 sat= 20.709(set=10.791 slv=9.814 max=0.1428 n=2045) cex=R/T/F=22/0/28 trsplit=0 sim=185.112(rmp=4.361 run=180.584 n=1 d=22) chk= 0.012(d=27) stat= 0.963 rest= 2.978
  [incr r=54 repr=96 next=107 tfo=1021285 active=4806/360923 POs=2066]
 55 : c =    2668  cl = 177372  lit =  183508  p =  2001  d =    32  f =    33  -  T =     0.38 sec
  [prof  55] wall= 380.336 p=  2066 | ifo= 13.386(sd=1.091 nx=1.157 tfo=8.654 cnt=2.484) snap= 1.913 srm=128.720 sat= 21.394(set=10.502 slv=10.782 max=0.1515 n=2066) cex=R/T/F=32/0/33 trsplit=0 sim=210.759(rmp=4.321 run=206.272 n=1 d=27) chk= 0.009(d=30) stat= 0.998 rest= 3.157
  [incr r=55 repr=160 next=175 tfo=6154 active=1443/360880 POs=137]
 56 : c =    2602  cl = 177382  lit =  183454  p =    45  d =    77  f =    15  -  T =     0.27 sec
  [prof  56] wall= 271.500 p=   137 | ifo=  5.936(sd=1.479 nx=1.545 tfo=0.819 cnt=2.093) snap= 1.876 srm= 63.794 sat=  9.945(set=5.207 slv=4.724 max=0.2682 n=137) cex=R/T/F=77/0/15 trsplit=0 sim=186.285(rmp=4.668 run=181.448 n=1 d=40) chk= 0.006(d=14) stat= 0.950 rest= 2.708
  [incr r=56 repr=200 next=230 tfo=1022388 active=5034/360836 POs=2118]
 57 : c =    2580  cl = 177395  lit =  183393  p =  2024  d =    71  f =    23  -  T =     0.38 sec
  [prof  57] wall= 381.801 p=  2118 | ifo= 13.377(sd=1.131 nx=1.101 tfo=9.343 cnt=1.802) snap= 2.152 srm=134.351 sat= 20.637(set=9.861 slv=10.665 max=0.1593 n=2118) cex=R/T/F=71/0/23 trsplit=0 sim=207.287(rmp=4.224 run=202.876 n=1 d=42) chk= 0.016(d=19) stat= 0.941 rest= 3.040
  [incr r=57 repr=228 next=225 tfo=6508 active=1658/360788 POs=151]
 58 : c =    2555  cl = 177411  lit =  183310  p =    50  d =    56  f =    45  -  T =     0.33 sec
  [prof  58] wall= 330.255 p=   151 | ifo=  8.602(sd=1.258 nx=1.485 tfo=1.166 cnt=4.693) snap= 2.387 srm= 75.892 sat= 14.687(set=5.813 slv=8.860 max=0.2672 n=151) cex=R/T/F=56/0/45 trsplit=0 sim=224.011(rmp=5.537 run=218.274 n=1 d=39) chk= 0.020(d=44) stat= 1.217 rest= 3.439
  [incr r=58 repr=183 next=209 tfo=1021613 active=4902/360721 POs=2079]
 59 : c =    2532  cl = 177431  lit =  183200  p =  1987  d =    55  f =    37  -  T =     0.38 sec
  [prof  59] wall= 386.406 p=  2079 | ifo= 17.552(sd=2.024 nx=1.418 tfo=11.528 cnt=2.582) snap= 1.916 srm=138.520 sat= 23.716(set=10.180 slv=13.393 max=0.2482 n=2079) cex=R/T/F=55/0/37 trsplit=0 sim=198.918(rmp=5.509 run=193.233 n=1 d=78) chk= 0.015(d=32) stat= 1.727 rest= 4.043
  [incr r=59 repr=170 next=166 tfo=1021498 active=4767/360631 POs=2065]
 60 : c =    2490  cl = 177429  lit =  183135  p =  1984  d =    44  f =    37  -  T =     0.37 sec
  [prof  60] wall= 370.907 p=  2065 | ifo= 16.810(sd=1.950 nx=1.463 tfo=10.976 cnt=2.421) snap= 1.875 srm=130.906 sat= 20.762(set=9.984 slv=10.673 max=0.1507 n=2065) cex=R/T/F=44/0/37 trsplit=0 sim=196.027(rmp=4.398 run=191.454 n=1 d=36) chk= 0.011(d=29) stat= 1.159 rest= 3.358
  [incr r=60 repr=116 next=108 tfo=1022174 active=4792/360564 POs=2084]
 61 : c =    2462  cl = 177438  lit =  183071  p =  2014  d =    43  f =    27  -  T =     0.37 sec
  [prof  61] wall= 375.696 p=  2084 | ifo= 14.301(sd=1.410 nx=1.433 tfo=9.676 cnt=1.782) snap= 1.924 srm=132.680 sat= 21.696(set=11.217 slv=10.373 max=0.2265 n=2084) cex=R/T/F=43/0/27 trsplit=0 sim=199.333(rmp=4.341 run=194.796 n=1 d=39) chk= 0.017(d=25) stat= 1.074 rest= 4.670
  [incr r=61 repr=628 next=132 tfo=1023283 active=6655/360509 POs=2074]
 62 : c =    2414  cl = 177443  lit =  183003  p =  2004  d =    42  f =    28  -  T =     0.37 sec
  [prof  62] wall= 370.504 p=  2074 | ifo= 12.203(sd=1.114 nx=1.041 tfo=8.283 cnt=1.764) snap= 1.918 srm=128.933 sat= 20.121(set=9.992 slv=10.022 max=0.1417 n=2074) cex=R/T/F=42/0/28 trsplit=0 sim=203.337(rmp=5.382 run=197.787 n=1 d=41) chk= 0.014(d=27) stat= 0.980 rest= 2.999
  [incr r=62 repr=156 next=172 tfo=1021129 active=4700/360446 POs=2087]
 63 : c =    2384  cl = 177455  lit =  182947  p =  2016  d =    50  f =    21  -  T =     0.41 sec
  [prof  63] wall= 406.224 p=  2087 | ifo= 14.016(sd=1.350 nx=1.370 tfo=9.493 cnt=1.803) snap= 2.463 srm=139.701 sat= 22.156(set=11.714 slv=10.325 max=0.6895 n=2087) cex=R/T/F=50/0/21 trsplit=0 sim=223.179(rmp=4.242 run=218.757 n=1 d=35) chk= 0.012(d=21) stat= 1.218 rest= 3.478
  [incr r=63 repr=149 next=156 tfo=1020834 active=4589/360402 POs=2096]
 64 : c =    2345  cl = 177474  lit =  182871  p =  2015  d =    52  f =    29  -  T =     0.35 sec
  [prof  64] wall= 352.972 p=  2096 | ifo= 16.606(sd=1.439 nx=1.488 tfo=11.875 cnt=1.804) snap= 1.911 srm=126.525 sat= 20.516(set=10.158 slv=10.251 max=0.1381 n=2096) cex=R/T/F=52/0/29 trsplit=0 sim=183.728(rmp=5.970 run=177.588 n=1 d=52) chk= 0.013(d=24) stat= 0.910 rest= 2.763
  [incr r=64 repr=182 next=200 tfo=1020997 active=4641/360345 POs=2105]
 65 : c =    2293  cl = 177486  lit =  182798  p =  2022  d =    47  f =    36  -  T =     0.34 sec
  [prof  65] wall= 344.877 p=  2105 | ifo= 10.771(sd=1.008 nx=0.915 tfo=7.228 cnt=1.620) snap= 2.249 srm=113.503 sat= 20.602(set=10.315 slv=10.183 max=0.1349 n=2105) cex=R/T/F=47/0/36 trsplit=0 sim=192.958(rmp=4.835 run=187.957 n=1 d=41) chk= 0.024(d=32) stat= 1.058 rest= 3.711
  [incr r=65 repr=668 next=257 tfo=8136 active=3934/360284 POs=150]
 66 : c =    2271  cl = 177496  lit =  182704  p =    46  d =    52  f =    52  -  T =     0.26 sec
  [prof  66] wall= 256.044 p=   150 | ifo=  5.289(sd=1.290 nx=1.333 tfo=0.803 cnt=1.863) snap= 1.786 srm= 61.238 sat= 11.766(set=4.989 slv=6.764 max=0.1744 n=150) cex=R/T/F=52/0/52 trsplit=0 sim=172.491(rmp=4.025 run=168.293 n=1 d=47) chk= 0.017(d=47) stat= 0.900 rest= 2.556
  [incr r=66 repr=186 next=160 tfo=1021863 active=4629/360200 POs=2072]
 67 : c =    2239  cl = 177500  lit =  182631  p =  2001  d =    30  f =    41  -  T =     0.32 sec
  [prof  67] wall= 322.384 p=  2072 | ifo= 10.695(sd=1.004 nx=0.914 tfo=7.121 cnt=1.656) snap= 1.748 srm=118.637 sat= 20.986(set=10.303 slv=10.583 max=0.1309 n=2072) cex=R/T/F=30/0/41 trsplit=0 sim=166.725(rmp=4.482 run=162.074 n=1 d=36) chk= 0.013(d=37) stat= 0.924 rest= 2.655
  [incr r=67 repr=557 next=118 tfo=1023533 active=6318/360131 POs=2071]
 68 : c =    2212  cl = 177505  lit =  182558  p =  1995  d =    29  f =    47  -  T =     0.33 sec
  [prof  68] wall= 329.503 p=  2071 | ifo= 10.874(sd=0.996 nx=0.968 tfo=6.930 cnt=1.980) snap= 1.742 srm=121.112 sat= 20.888(set=9.481 slv=11.308 max=0.2657 n=2071) cex=R/T/F=29/0/47 trsplit=0 sim=170.736(rmp=4.209 run=166.362 n=1 d=31) chk= 0.013(d=42) stat= 1.059 rest= 3.078
  [incr r=68 repr=107 next=84 tfo=4783 active=1180/360063 POs=68]
 69 : c =    2149  cl = 177507  lit =  182510  p =    16  d =    31  f =    21  -  T =     0.26 sec
  [prof  69] wall= 263.396 p=    68 | ifo=  5.385(sd=1.290 nx=1.407 tfo=0.795 cnt=1.892) snap= 1.781 srm= 62.314 sat=  8.079(set=4.874 slv=3.198 max=0.2713 n=68) cex=R/T/F=31/0/21 trsplit=0 sim=182.418(rmp=4.028 run=178.208 n=1 d=30) chk= 0.007(d=18) stat= 0.883 rest= 2.529
  [incr r=69 repr=147 next=173 tfo=1021670 active=4632/360017 POs=2099]
 70 : c =    2117  cl = 177519  lit =  182465  p =  2022  d =    66  f =    11  -  T =     0.32 sec
  [prof  70] wall= 322.827 p=  2099 | ifo= 11.767(sd=0.996 nx=0.926 tfo=8.196 cnt=1.650) snap= 1.788 srm=110.692 sat= 18.026(set=9.436 slv=8.485 max=0.1595 n=2099) cex=R/T/F=66/0/11 trsplit=0 sim=176.690(rmp=7.404 run=169.120 n=1 d=34) chk= 0.010(d=11) stat= 0.915 rest= 2.938
  [incr r=70 repr=202 next=219 tfo=1020107 active=4397/359984 POs=2107]
 71 : c =    2109  cl = 177539  lit =  182388  p =  2013  d =    57  f =    37  -  T =     0.33 sec
  [prof  71] wall= 327.692 p=  2107 | ifo= 12.109(sd=1.074 nx=0.971 tfo=8.444 cnt=1.620) snap= 1.961 srm=115.645 sat= 19.561(set=9.203 slv=10.257 max=0.1285 n=2107) cex=R/T/F=57/0/37 trsplit=0 sim=174.835(rmp=5.036 run=169.636 n=1 d=40) chk= 0.023(d=37) stat= 0.856 rest= 2.702
  [incr r=71 repr=561 next=208 tfo=1021939 active=5956/359927 POs=2068]
 72 : c =    2094  cl = 177551  lit =  182296  p =  1981  d =    55  f =    32  -  T =     0.33 sec
  [prof  72] wall= 327.073 p=  2068 | ifo= 11.136(sd=1.011 nx=1.044 tfo=7.309 cnt=1.772) snap= 1.748 srm=116.533 sat= 19.140(set=9.293 slv=9.749 max=0.1317 n=2068) cex=R/T/F=55/0/32 trsplit=0 sim=174.898(rmp=3.873 run=170.855 n=1 d=63) chk= 0.012(d=29) stat= 0.892 rest= 2.713
  [incr r=72 repr=134 next=140 tfo=5436 active=1349/359847 POs=79]
 73 : c =    2063  cl = 177546  lit =  182238  p =    16  d =    22  f =    41  -  T =     0.25 sec
  [prof  73] wall= 248.827 p=    79 | ifo=  4.184(sd=1.011 nx=0.959 tfo=0.650 cnt=1.565) snap= 2.268 srm= 63.358 sat= 10.577(set=4.687 slv=5.881 max=0.2562 n=79) cex=R/T/F=22/0/41 trsplit=0 sim=164.933(rmp=3.910 run=160.848 n=1 d=22) chk= 0.006(d=36) stat= 0.865 rest= 2.635
  [incr r=73 repr=66 next=47 tfo=1020751 active=4229/359784 POs=2025]
 74 : c =    2029  cl = 177544  lit =  182189  p =  1979  d =    13  f =    33  -  T =     0.33 sec
  [prof  74] wall= 332.977 p=  2025 | ifo= 14.794(sd=1.016 nx=1.018 tfo=10.467 cnt=2.293) snap= 1.709 srm=113.311 sat= 18.942(set=9.021 slv=9.822 max=0.1430 n=2025) cex=R/T/F=13/0/33 trsplit=0 sim=179.929(rmp=3.915 run=175.846 n=1 d=18) chk= 0.010(d=31) stat= 0.956 rest= 3.327
  [incr r=74 repr=64 next=54 tfo=1020783 active=4239/359733 POs=2027]
 75 : c =    1975  cl = 177547  lit =  182151  p =  1983  d =    25  f =    19  -  T =     0.32 sec
  [prof  75] wall= 324.762 p=  2027 | ifo= 10.618(sd=1.008 nx=0.917 tfo=7.016 cnt=1.677) snap= 1.738 srm=116.135 sat= 17.162(set=9.297 slv=7.768 max=0.1286 n=2027) cex=R/T/F=25/0/19 trsplit=0 sim=175.266(rmp=4.955 run=170.141 n=1 d=19) chk= 0.005(d=19) stat= 0.976 rest= 2.864
  [incr r=75 repr=109 next=113 tfo=1019522 active=4177/359698 POs=2073]
 76 : c =    1935  cl = 177559  lit =  182114  p =  2008  d =    52  f =    13  -  T =     0.34 sec
  [prof  76] wall= 345.425 p=  2073 | ifo= 11.720(sd=1.021 nx=0.960 tfo=8.117 cnt=1.622) snap= 1.709 srm=123.222 sat= 17.466(set=9.236 slv=8.132 max=0.1249 n=2073) cex=R/T/F=52/0/13 trsplit=0 sim=187.036(rmp=3.897 run=182.968 n=1 d=24) chk= 0.008(d=13) stat= 1.184 rest= 3.080
  [incr r=76 repr=166 next=196 tfo=5173 active=1410/359673 POs=130]
 77 : c =    1894  cl = 177585  lit =  182058  p =    41  d =    68  f =    21  -  T =     0.27 sec
  [prof  77] wall= 273.255 p=   130 | ifo=  5.712(sd=1.324 nx=1.391 tfo=0.821 cnt=2.176) snap= 1.763 srm= 60.888 sat=  8.008(set=4.747 slv=3.249 max=0.1803 n=130) cex=R/T/F=68/0/21 trsplit=0 sim=192.768(rmp=4.012 run=188.566 n=1 d=36) chk= 0.007(d=20) stat= 1.082 rest= 3.027
  [incr r=77 repr=208 next=246 tfo=5303 active=1484/359643 POs=148]
 78 : c =    1872  cl = 177613  lit =  181973  p =    41  d =    83  f =    24  -  T =     0.25 sec
  [prof  78] wall= 250.772 p=   148 | ifo=  4.590(sd=1.256 nx=1.304 tfo=0.070 cnt=1.960) snap= 1.726 srm= 62.171 sat= 10.503(set=4.779 slv=5.711 max=0.2662 n=148) cex=R/T/F=83/0/24 trsplit=0 sim=168.295(rmp=4.134 run=163.996 n=1 d=63) chk= 0.013(d=22) stat= 0.957 rest= 2.518
  [incr r=78 repr=194 next=231 tfo=1020078 active=4255/359586 POs=2090]
 79 : c =    1839  cl = 177612  lit =  181850  p =  1981  d =    60  f =    49  -  T =     0.33 sec
  [prof  79] wall= 327.323 p=  2090 | ifo= 11.352(sd=1.033 nx=0.960 tfo=7.754 cnt=1.605) snap= 1.823 srm=115.521 sat= 23.314(set=9.661 slv=13.361 max=0.1468 n=2090) cex=R/T/F=60/0/49 trsplit=0 sim=170.927(rmp=4.790 run=165.948 n=1 d=77) chk= 0.015(d=46) stat= 1.076 rest= 3.295
  [incr r=79 repr=168 next=177 tfo=3328 active=1167/359462 POs=91]
 80 : c =    1801  cl = 177613  lit =  181772  p =    18  d =    35  f =    38  -  T =     0.26 sec
  [prof  80] wall= 257.436 p=    91 | ifo=  4.450(sd=1.269 nx=1.005 tfo=0.654 cnt=1.522) snap= 2.459 srm= 62.853 sat=  9.939(set=5.366 slv=4.563 max=0.1922 n=91) cex=R/T/F=35/0/38 trsplit=0 sim=174.400(rmp=4.436 run=169.785 n=1 d=43) chk= 0.004(d=35) stat= 0.887 rest= 2.444
  [incr r=80 repr=101 next=83 tfo=1020693 active=4068/359385 POs=2030]
 81 : c =    1740  cl = 177616  lit =  181737  p =  1976  d =    32  f =    22  -  T =     0.34 sec
  [prof  81] wall= 342.096 p=  2030 | ifo= 11.878(sd=1.029 nx=0.914 tfo=8.270 cnt=1.665) snap= 1.861 srm=119.800 sat= 17.447(set=9.164 slv=8.189 max=0.1334 n=2030) cex=R/T/F=32/0/22 trsplit=0 sim=187.478(rmp=3.846 run=183.453 n=1 d=16) chk= 0.007(d=19) stat= 0.895 rest= 2.730
  [incr r=81 repr=442 next=183 tfo=4593 active=2584/359353 POs=125]
 82 : c =    1681  cl = 177629  lit =  181706  p =    48  d =    72  f =     5  -  T =     0.25 sec
  [prof  82] wall= 251.937 p=   125 | ifo=  4.430(sd=1.300 nx=0.939 tfo=0.676 cnt=1.515) snap= 2.458 srm= 56.759 sat=  6.985(set=5.227 slv=1.747 max=0.1711 n=125) cex=R/T/F=72/0/5 trsplit=0 sim=175.341(rmp=6.268 run=168.875 n=1 d=26) chk= 0.004(d=5) stat= 1.327 rest= 4.634
  [incr r=82 repr=230 next=298 tfo=1021011 active=4303/359335 POs=2140]
 83 : c =    1677  cl = 177657  lit =  181624  p =  2015  d =    91  f =    34  -  T =     0.35 sec
  [prof  83] wall= 346.764 p=  2140 | ifo= 13.268(sd=1.150 nx=0.974 tfo=9.214 cnt=1.930) snap= 2.120 srm=113.381 sat= 23.104(set=9.286 slv=13.712 max=2.6678 n=2140) cex=R/T/F=91/0/34 trsplit=0 sim=191.190(rmp=4.842 run=186.185 n=1 d=50) chk= 0.016(d=32) stat= 0.888 rest= 2.798
  [incr r=83 repr=219 next=281 tfo=2849 active=1270/359281 POs=134]
 84 : c =    1660  cl = 177686  lit =  181539  p =    27  d =    78  f =    29  -  T =     0.26 sec
  [prof  84] wall= 260.723 p=   134 | ifo=  4.230(sd=1.011 nx=0.971 tfo=0.694 cnt=1.554) snap= 1.771 srm= 61.769 sat= 11.640(set=5.062 slv=6.564 max=0.3269 n=134) cex=R/T/F=78/0/29 trsplit=0 sim=176.440(rmp=4.380 run=171.891 n=1 d=60) chk= 0.023(d=25) stat= 1.402 rest= 3.446
  [incr r=84 repr=184 next=239 tfo=1019983 active=4077/359225 POs=2095]
 85 : c =    1645  cl = 177677  lit =  181416  p =  1987  d =    48  f =    60  -  T =     0.34 sec
  [prof  85] wall= 342.352 p=  2095 | ifo= 15.384(sd=1.254 nx=1.431 tfo=10.508 cnt=2.192) snap= 1.755 srm=119.265 sat= 22.070(set=9.257 slv=12.714 max=0.1432 n=2095) cex=R/T/F=48/0/60 trsplit=0 sim=180.223(rmp=3.969 run=176.085 n=1 d=69) chk= 0.014(d=54) stat= 0.879 rest= 2.761
  [incr r=85 repr=155 next=152 tfo=1019981 active=3934/359093 POs=2048]
 86 : c =    1625  cl = 177669  lit =  181359  p =  1987  d =    23  f =    38  -  T =     0.33 sec
  [prof  86] wall= 328.267 p=  2048 | ifo= 10.763(sd=1.003 nx=0.910 tfo=7.230 cnt=1.619) snap= 1.712 srm=117.684 sat= 20.593(set=10.187 slv=10.310 max=0.1352 n=2048) cex=R/T/F=23/0/38 trsplit=0 sim=173.503(rmp=4.171 run=169.178 n=1 d=20) chk= 0.011(d=37) stat= 0.881 rest= 3.120
  [incr r=86 repr=267 next=56 tfo=1021514 active=4713/359028 POs=2049]
 87 : c =    1571  cl = 177668  lit =  181312  p =  1994  d =    17  f =    38  -  T =     0.36 sec
  [prof  87] wall= 356.349 p=  2049 | ifo= 11.201(sd=1.228 nx=0.961 tfo=7.381 cnt=1.630) snap= 2.493 srm=124.572 sat= 22.027(set=11.084 slv=10.840 max=0.1523 n=2049) cex=R/T/F=17/0/38 trsplit=0 sim=192.199(rmp=5.643 run=186.372 n=1 d=13) chk= 0.010(d=34) stat= 0.944 rest= 2.905
  [incr r=87 repr=296 next=111 tfo=3183 active=1966/358980 POs=93]
 88 : c =    1524  cl = 177678  lit =  181274  p =    33  d =    43  f =    17  -  T =     0.28 sec
  [prof  88] wall= 281.619 p=    93 | ifo=  4.502(sd=1.100 nx=1.027 tfo=0.697 cnt=1.678) snap= 2.372 srm= 63.377 sat=  7.728(set=5.628 slv=2.090 max=0.0999 n=93) cex=R/T/F=43/0/17 trsplit=0 sim=200.028(rmp=4.555 run=195.276 n=1 d=21) chk= 0.002(d=17) stat= 0.973 rest= 2.638
  [incr r=88 repr=137 next=160 tfo=1019828 active=3815/358952 POs=2073]
 89 : c =    1466  cl = 177705  lit =  181213  p =  1985  d =    69  f =    19  -  T =     0.38 sec
  [prof  89] wall= 378.903 p=  2073 | ifo= 11.708(sd=1.141 nx=1.021 tfo=7.756 cnt=1.788) snap= 2.555 srm=131.969 sat= 21.821(set=11.410 slv=10.296 max=0.7963 n=2073) cex=R/T/F=69/0/19 trsplit=0 sim=206.634(rmp=5.096 run=201.320 n=1 d=43) chk= 0.006(d=18) stat= 0.922 rest= 3.289
  [incr r=89 repr=208 next=267 tfo=4519 active=1372/358918 POs=174]
 90 : c =    1437  cl = 177711  lit =  181141  p =    59  d =    89  f =    26  -  T =     0.27 sec
  [prof  90] wall= 275.670 p=   174 | ifo=  4.586(sd=1.101 nx=1.104 tfo=0.695 cnt=1.686) snap= 2.354 srm= 68.704 sat= 12.010(set=5.914 slv=6.078 max=0.3289 n=174) cex=R/T/F=89/0/26 trsplit=0 sim=183.826(rmp=5.279 run=178.384 n=1 d=48) chk= 0.006(d=24) stat= 1.049 rest= 3.135
  [incr r=90 repr=207 next=245 tfo=1019975 active=3904/358852 POs=2082]
 91 : c =    1402  cl = 177719  lit =  181064  p =  1980  d =    59  f =    43  -  T =     0.32 sec
  [prof  91] wall= 322.726 p=  2082 | ifo= 14.023(sd=1.260 nx=1.333 tfo=9.776 cnt=1.654) snap= 2.197 srm=112.480 sat= 22.782(set=11.442 slv=11.238 max=0.2229 n=2082) cex=R/T/F=59/0/43 trsplit=0 sim=167.701(rmp=3.920 run=163.627 n=1 d=37) chk= 0.009(d=40) stat= 0.890 rest= 2.646
  [incr r=91 repr=188 next=208 tfo=1020722 active=3900/358783 POs=2076]
 92 : c =    1338  cl = 177757  lit =  180983  p =  1984  d =    61  f =    31  -  T =     0.31 sec
  [prof  92] wall= 313.045 p=  2076 | ifo= 11.537(sd=1.002 nx=0.926 tfo=7.869 cnt=1.741) snap= 1.914 srm=106.959 sat= 20.057(set=9.799 slv=10.155 max=0.1389 n=2076) cex=R/T/F=61/0/31 trsplit=0 sim=168.273(rmp=4.193 run=163.926 n=1 d=52) chk= 0.008(d=29) stat= 1.181 rest= 3.115
  [incr r=92 repr=221 next=258 tfo=1656 active=1105/358740 POs=180]
 93 : c =    1291  cl = 177763  lit =  180851  p =    42  d =    85  f =    53  -  T =     0.26 sec
  [prof  93] wall= 256.041 p=   180 | ifo=  5.405(sd=1.301 nx=1.353 tfo=0.805 cnt=1.946) snap= 1.728 srm= 59.376 sat= 14.403(set=4.664 slv=9.721 max=0.3118 n=180) cex=R/T/F=85/0/53 trsplit=0 sim=171.329(rmp=3.972 run=167.195 n=1 d=87) chk= 0.005(d=45) stat= 0.879 rest= 2.917
  [incr r=93 repr=254 next=266 tfo=1020779 active=3853/358614 POs=2107]
 94 : c =    1254  cl = 177767  lit =  180776  p =  2009  d =    66  f =    32  -  T =     0.32 sec
  [prof  94] wall= 323.856 p=  2107 | ifo= 11.555(sd=1.004 nx=0.921 tfo=8.001 cnt=1.629) snap= 2.287 srm=111.946 sat= 20.397(set=10.402 slv=9.893 max=0.1299 n=2107) cex=R/T/F=66/0/32 trsplit=0 sim=174.035(rmp=4.256 run=169.602 n=1 d=50) chk= 0.008(d=25) stat= 0.974 rest= 2.654
  [incr r=94 repr=330 next=231 tfo=1019217 active=3909/358543 POs=2090]
 95 : c =    1235  cl = 177781  lit =  180707  p =  2003  d =    55  f =    32  -  T =     0.33 sec
  [prof  95] wall= 335.191 p=  2090 | ifo= 10.914(sd=1.034 nx=0.980 tfo=7.248 cnt=1.652) snap= 1.771 srm=115.897 sat= 18.730(set=8.973 slv=9.655 max=0.1385 n=2090) cex=R/T/F=55/0/32 trsplit=0 sim=183.661(rmp=3.899 run=179.604 n=1 d=39) chk= 0.008(d=30) stat= 1.057 rest= 3.153
  [incr r=95 repr=164 next=173 tfo=3813 active=1137/358488 POs=116]
 96 : c =    1215  cl = 177796  lit =  180623  p =    27  d =    48  f =    41  -  T =     0.27 sec
  [prof  96] wall= 266.095 p=   116 | ifo=  5.324(sd=1.261 nx=1.307 tfo=0.789 cnt=1.967) snap= 1.698 srm= 62.915 sat= 16.633(set=9.901 slv=6.721 max=0.3751 n=116) cex=R/T/F=48/0/41 trsplit=0 sim=175.881(rmp=5.561 run=170.141 n=1 d=46) chk= 0.006(d=38) stat= 0.906 rest= 2.731
  [incr r=96 repr=125 next=140 tfo=1019688 active=3522/358419 POs=2052]
 97 : c =    1196  cl = 177792  lit =  180560  p =  1983  d =    28  f =    41  -  T =     0.33 sec
  [prof  97] wall= 326.350 p=  2052 | ifo= 10.843(sd=1.001 nx=1.012 tfo=6.886 cnt=1.943) snap= 1.752 srm=114.472 sat= 20.335(set=9.161 slv=11.075 max=0.1397 n=2052) cex=R/T/F=28/0/41 trsplit=0 sim=175.178(rmp=4.613 run=170.389 n=1 d=26) chk= 0.008(d=37) stat= 0.853 rest= 2.909
  [incr r=97 repr=79 next=93 tfo=1019462 active=3400/358352 POs=2046]
 98 : c =    1179  cl = 177790  lit =  180514  p =  1997  d =    18  f =    31  -  T =     0.32 sec
  [prof  98] wall= 321.363 p=  2046 | ifo= 11.523(sd=1.000 nx=1.003 tfo=7.897 cnt=1.623) snap= 1.771 srm=111.293 sat= 18.613(set=9.376 slv=9.129 max=0.2786 n=2046) cex=R/T/F=18/0/31 trsplit=0 sim=173.487(rmp=5.475 run=167.835 n=1 d=18) chk= 0.007(d=28) stat= 1.052 rest= 3.618
  [incr r=98 repr=153 next=53 tfo=3572 active=1134/358304 POs=50]
 99 : c =    1149  cl = 177793  lit =  180483  p =    16  d =    12  f =    22  -  T =     0.27 sec
  [prof  99] wall= 271.658 p=    50 | ifo=  5.364(sd=1.324 nx=1.375 tfo=0.762 cnt=1.902) snap= 2.914 srm= 63.904 sat=  9.345(set=7.401 slv=1.939 max=0.1292 n=50) cex=R/T/F=12/0/22 trsplit=0 sim=185.747(rmp=4.744 run=180.838 n=1 d=9) chk= 0.005(d=22) stat= 1.062 rest= 3.316
  [incr r=99 repr=73 next=89 tfo=1019435 active=3359/358276 POs=2040]
100 : c =    1115  cl = 177805  lit =  180440  p =  1989  d =    32  f =    19  -  T =     0.31 sec
  [prof 100] wall= 314.792 p=  2040 | ifo= 10.928(sd=1.018 nx=0.923 tfo=7.353 cnt=1.634) snap= 1.719 srm=112.400 sat= 17.226(set=9.209 slv=7.922 max=0.1260 n=2040) cex=R/T/F=32/0/19 trsplit=0 sim=169.024(rmp=3.844 run=165.007 n=1 d=24) chk= 0.003(d=19) stat= 0.894 rest= 2.598
  [incr r=100 repr=186 next=110 tfo=1019692 active=3520/358245 POs=2048]
101 : c =    1091  cl = 177817  lit =  180378  p =  1986  d =    33  f =    29  -  T =     0.31 sec
  [prof 101] wall= 315.714 p=  2048 | ifo= 11.928(sd=0.998 nx=0.930 tfo=8.392 cnt=1.608) snap= 1.773 srm=109.884 sat= 18.251(set=9.010 slv=9.145 max=0.2015 n=2048) cex=R/T/F=33/0/29 trsplit=0 sim=168.018(rmp=4.263 run=163.425 n=1 d=34) chk= 0.006(d=28) stat= 1.160 rest= 4.695
  [incr r=101 repr=104 next=106 tfo=3201 active=843/358195 POs=66]
102 : c =    1040  cl = 177827  lit =  180338  p =    16  d =    31  f =    19  -  T =     0.26 sec
  [prof 102] wall= 257.030 p=    66 | ifo=  5.303(sd=1.296 nx=1.335 tfo=0.760 cnt=1.912) snap= 2.251 srm= 62.478 sat=  8.825(set=5.731 slv=3.083 max=0.2400 n=66) cex=R/T/F=31/0/19 trsplit=0 sim=174.623(rmp=4.940 run=169.506 n=1 d=22) chk= 0.003(d=18) stat= 0.947 rest= 2.599
  [incr r=102 repr=132 next=157 tfo=1019582 active=3378/358165 POs=2090]
103 : c =    1026  cl = 177829  lit =  180295  p =  2010  d =    59  f =    21  -  T =     0.34 sec
  [prof 103] wall= 338.844 p=  2090 | ifo= 11.516(sd=1.020 nx=0.991 tfo=7.824 cnt=1.682) snap= 1.799 srm=116.433 sat= 18.928(set=9.898 slv=8.929 max=0.2194 n=2090) cex=R/T/F=59/0/21 trsplit=0 sim=186.366(rmp=4.216 run=181.974 n=1 d=24) chk= 0.005(d=19) stat= 0.866 rest= 2.932
  [incr r=103 repr=117 next=138 tfo=1019488 active=3297/358124 POs=2053]
104 : c =    1014  cl = 177844  lit =  180235  p =  1987  d =    30  f =    36  -  T =     0.34 sec
  [prof 104] wall= 338.658 p=  2053 | ifo= 11.210(sd=1.112 nx=0.951 tfo=7.459 cnt=1.688) snap= 2.151 srm=107.670 sat= 18.838(set=9.688 slv=9.053 max=0.1859 n=2053) cex=R/T/F=30/0/36 trsplit=0 sim=194.859(rmp=3.913 run=190.764 n=1 d=24) chk= 0.008(d=36) stat= 1.046 rest= 2.878
  [incr r=104 repr=105 next=132 tfo=1019422 active=3203/358079 POs=2032]
105 : c =     984  cl = 177848  lit =  180173  p =  1979  d =    28  f =    25  -  T =     0.35 sec
  [prof 105] wall= 353.087 p=  2032 | ifo= 16.359(sd=1.091 nx=1.021 tfo=10.368 cnt=3.878) snap= 1.897 srm=128.376 sat= 19.306(set=10.136 slv=9.056 max=0.2079 n=2032) cex=R/T/F=28/0/25 trsplit=0 sim=183.291(rmp=4.260 run=178.867 n=1 d=37) chk= 0.005(d=25) stat= 0.943 rest= 2.912
  [incr r=105 repr=99 next=102 tfo=1019270 active=3120/358021 POs=2044]
106 : c =     973  cl = 177856  lit =  180128  p =  1997  d =    20  f =    27  -  T =     0.37 sec
  [prof 106] wall= 374.208 p=  2044 | ifo= 13.228(sd=1.095 nx=1.069 tfo=8.504 cnt=2.559) snap= 1.909 srm=140.315 sat= 19.768(set=10.148 slv=9.515 max=0.1529 n=2044) cex=R/T/F=20/0/27 trsplit=0 sim=194.892(rmp=4.712 run=190.009 n=1 d=20) chk= 0.005(d=25) stat= 0.967 rest= 3.125
  [incr r=106 repr=105 next=71 tfo=2749 active=698/357984 POs=69]
107 : c =     946  cl = 177859  lit =  180079  p =    21  d =    12  f =    36  -  T =     0.27 sec
  [prof 107] wall= 273.104 p=    69 | ifo=  4.795(sd=1.075 nx=1.015 tfo=0.679 cnt=2.026) snap= 1.906 srm= 60.477 sat=  9.275(set=5.582 slv=3.686 max=0.3355 n=69) cex=R/T/F=12/0/36 trsplit=0 sim=192.970(rmp=4.203 run=188.598 n=1 d=13) chk= 0.004(d=36) stat= 0.966 rest= 2.711
  [incr r=107 repr=93 next=55 tfo=1020411 active=3128/357938 POs=2032]
108 : c =     913  cl = 177862  lit =  180048  p =  2000  d =    15  f =    17  -  T =     0.35 sec
  [prof 108] wall= 354.064 p=  2032 | ifo= 12.076(sd=1.086 nx=1.005 tfo=7.489 cnt=2.496) snap= 1.894 srm=124.436 sat= 18.847(set=10.861 slv=7.886 max=0.1153 n=2032) cex=R/T/F=15/0/17 trsplit=0 sim=191.636(rmp=4.814 run=186.658 n=1 d=14) chk= 0.004(d=17) stat= 1.005 rest= 4.166
  [incr r=108 repr=61 next=57 tfo=1020309 active=3049/357910 POs=2053]
109 : c =     878  cl = 177873  lit =  180020  p =  2011  d =    34  f =     8  -  T =     0.36 sec
  [prof 109] wall= 366.069 p=  2053 | ifo= 11.957(sd=1.082 nx=1.026 tfo=7.935 cnt=1.914) snap= 1.908 srm=120.179 sat= 23.446(set=10.106 slv=13.164 max=0.2762 n=2053) cex=R/T/F=34/0/8 trsplit=0 sim=203.668(rmp=5.591 run=197.894 n=1 d=20) chk= 0.004(d=8) stat= 1.361 rest= 3.546
  [incr r=109 repr=122 next=107 tfo=1019400 active=3104/357893 POs=2087]
110 : c =     865  cl = 177878  lit =  179983  p =  2030  d =    44  f =    13  -  T =     0.37 sec
  [prof 110] wall= 370.825 p=  2087 | ifo= 15.989(sd=1.145 nx=1.044 tfo=11.327 cnt=2.473) snap= 3.098 srm=123.996 sat= 18.865(set=10.218 slv=8.538 max=0.1286 n=2087) cex=R/T/F=44/0/13 trsplit=0 sim=204.618(rmp=4.497 run=199.941 n=1 d=24) chk= 0.004(d=13) stat= 1.014 rest= 3.241
  [incr r=110 repr=103 next=102 tfo=1019287 active=3056/357861 POs=2077]
111 : c =     851  cl = 177888  lit =  179927  p =  2021  d =    34  f =    22  -  T =     0.37 sec
  [prof 111] wall= 368.415 p=  2077 | ifo= 13.090(sd=1.136 nx=1.013 tfo=9.118 cnt=1.823) snap= 2.525 srm=131.789 sat= 20.501(set=11.525 slv=8.868 max=0.1261 n=2077) cex=R/T/F=34/0/22 trsplit=0 sim=196.559(rmp=5.655 run=190.721 n=1 d=35) chk= 0.005(d=21) stat= 1.071 rest= 2.876
  [incr r=111 repr=91 next=88 tfo=1019232 active=2967/357815 POs=2022]
112 : c =     840  cl = 177883  lit =  179891  p =  1985  d =    23  f =    14  -  T =     0.35 sec
  [prof 112] wall= 354.679 p=  2022 | ifo= 13.234(sd=1.116 nx=0.999 tfo=9.348 cnt=1.770) snap= 2.433 srm=122.112 sat= 19.704(set=11.993 slv=7.611 max=0.1380 n=2022) cex=R/T/F=23/0/14 trsplit=0 sim=192.329(rmp=4.268 run=187.840 n=1 d=23) chk= 0.005(d=13) stat= 1.291 rest= 3.572
  [incr r=112 repr=54 next=58 tfo=1018987 active=2853/357774 POs=2010]
113 : c =     829  cl = 177883  lit =  179862  p =  1979  d =    12  f =    19  -  T =     0.36 sec
  [prof 113] wall= 358.822 p=  2010 | ifo= 13.007(sd=1.401 nx=1.149 tfo=8.631 cnt=1.826) snap= 1.880 srm=122.990 sat= 19.369(set=10.128 slv=9.115 max=0.5941 n=2010) cex=R/T/F=12/0/19 trsplit=0 sim=197.699(rmp=4.375 run=193.146 n=1 d=13) chk= 0.004(d=16) stat= 0.951 rest= 2.923
  [incr r=113 repr=50 next=31 tfo=1018945 active=2804/357745 POs=1990]
114 : c =     819  cl = 177881  lit =  179843  p =  1971  d =     6  f =    13  -  T =     0.35 sec
  [prof 114] wall= 349.074 p=  1990 | ifo= 13.463(sd=1.128 nx=1.074 tfo=9.487 cnt=1.775) snap= 2.104 srm=125.734 sat= 17.724(set=9.910 slv=7.715 max=0.1484 n=1990) cex=R/T/F=6/0/13 trsplit=0 sim=186.169(rmp=4.363 run=181.628 n=1 d=7) chk= 0.003(d=12) stat= 0.955 rest= 2.923
  [incr r=114 repr=32 next=22 tfo=1018803 active=2754/357724 POs=1992]
115 : c =     805  cl = 177885  lit =  179825  p =  1972  d =     9  f =    11  -  T =     0.35 sec
  [prof 115] wall= 352.224 p=  1992 | ifo= 12.198(sd=1.093 nx=1.046 tfo=8.244 cnt=1.816) snap= 2.335 srm=124.028 sat= 16.105(set=9.382 slv=6.630 max=0.1248 n=1992) cex=R/T/F=9/0/11 trsplit=0 sim=193.879(rmp=4.580 run=189.142 n=1 d=7) chk= 0.003(d=11) stat= 0.885 rest= 2.791
  [incr r=115 repr=36 next=32 tfo=1570 active=274/357710 POs=32]
116 : c =     794  cl = 177889  lit =  179804  p =    13  d =    12  f =     7  -  T =     0.26 sec
  [prof 116] wall= 258.566 p=    32 | ifo=  4.143(sd=1.004 nx=0.982 tfo=0.616 cnt=1.542) snap= 1.729 srm= 59.929 sat=  5.632(set=4.832 slv=0.797 max=0.0991 n=32) cex=R/T/F=12/0/7 trsplit=0 sim=183.744(rmp=4.054 run=179.506 n=1 d=14) chk= 0.001(d=7) stat= 0.888 rest= 2.500
  [incr r=116 repr=32 next=29 tfo=1018736 active=2705/357693 POs=1986]
117 : c =     773  cl = 177888  lit =  179790  p =  1968  d =    12  f =     6  -  T =     0.33 sec
  [prof 117] wall= 327.757 p=  1986 | ifo= 11.529(sd=1.008 nx=0.992 tfo=7.891 cnt=1.637) snap= 2.301 srm=118.172 sat= 17.200(set=11.007 slv=6.102 max=0.1546 n=1986) cex=R/T/F=12/0/6 trsplit=0 sim=175.053(rmp=4.038 run=170.851 n=1 d=9) chk= 0.003(d=5) stat= 0.884 rest= 2.614
  [incr r=117 repr=41 next=43 tfo=1018780 active=2713/357678 POs=2009]
118 : c =     770  cl = 177896  lit =  179770  p =  1982  d =    23  f =     4  -  T =     0.32 sec
  [prof 118] wall= 322.744 p=  2009 | ifo= 12.100(sd=1.036 nx=0.958 tfo=8.486 cnt=1.619) snap= 1.741 srm=115.585 sat= 16.078(set=9.612 slv=6.372 max=0.1164 n=2009) cex=R/T/F=23/0/4 trsplit=0 sim=172.253(rmp=4.016 run=168.061 n=1 d=17) chk= 0.003(d=3) stat= 0.922 rest= 4.062
  [incr r=118 repr=44 next=46 tfo=1443 active=234/357666 POs=40]
119 : c =     763  cl = 177896  lit =  179747  p =    14  d =    19  f =     7  -  T =     0.25 sec
  [prof 119] wall= 248.184 p=    40 | ifo=  5.053(sd=1.054 nx=1.227 tfo=0.781 cnt=1.991) snap= 1.728 srm= 59.195 sat=  6.678(set=5.631 slv=1.042 max=0.1250 n=40) cex=R/T/F=19/0/7 trsplit=0 sim=168.595(rmp=4.054 run=164.357 n=1 d=18) chk= 0.002(d=5) stat= 2.912 rest= 4.021
  [incr r=119 repr=35 next=33 tfo=1018729 active=2671/357643 POs=1986]
120 : c =     755  cl = 177893  lit =  179731  p =  1969  d =     9  f =     8  -  T =     0.34 sec
  [prof 120] wall= 340.492 p=  1986 | ifo= 12.261(sd=1.730 nx=0.973 tfo=7.923 cnt=1.636) snap= 1.839 srm=116.177 sat= 16.572(set=10.107 slv=6.374 max=0.1165 n=1986) cex=R/T/F=9/0/8 trsplit=0 sim=189.394(rmp=5.367 run=183.866 n=1 d=10) chk= 0.003(d=6) stat= 1.086 rest= 3.159
  [incr r=120 repr=20 next=16 tfo=1018646 active=2621/357624 POs=1972]
121 : c =     747  cl = 177895  lit =  179724  p =  1967  d =     3  f =     2  -  T =     0.33 sec
  [prof 121] wall= 329.020 p=  1972 | ifo= 13.704(sd=1.387 nx=1.430 tfo=9.140 cnt=1.748) snap= 1.729 srm=115.837 sat= 15.346(set=9.667 slv=5.588 max=0.1425 n=1972) cex=R/T/F=3/0/2 trsplit=0 sim=178.514(rmp=5.186 run=173.158 n=1 d=5) chk= 0.002(d=2) stat= 0.905 rest= 2.983
  [incr r=121 repr=12 next=7 tfo=1018551 active=2591/357619 POs=1982]
122 : c =     738  cl = 177894  lit =  179711  p =  1972  d =     9  f =     1  -  T =     0.32 sec
  [prof 122] wall= 323.539 p=  1982 | ifo= 11.008(sd=1.013 nx=0.938 tfo=7.368 cnt=1.689) snap= 1.731 srm=114.751 sat= 15.462(set=9.525 slv=5.844 max=0.1268 n=1982) cex=R/T/F=9/0/1 trsplit=0 sim=176.088(rmp=3.959 run=171.955 n=1 d=12) chk= 0.003(d=1) stat= 1.126 rest= 3.370
  [incr r=122 repr=20 next=19 tfo=1019407 active=2662/357605 POs=1983]
123 : c =     736  cl = 177894  lit =  179703  p =  1970  d =    11  f =     2  -  T =     0.33 sec
  [prof 123] wall= 326.993 p=  1983 | ifo= 16.503(sd=1.284 nx=1.367 tfo=12.005 cnt=1.847) snap= 1.746 srm=115.673 sat= 15.508(set=9.431 slv=5.982 max=0.1026 n=1983) cex=R/T/F=11/0/2 trsplit=0 sim=173.879(rmp=4.075 run=169.631 n=1 d=7) chk= 0.003(d=1) stat= 0.956 rest= 2.727
  [incr r=123 repr=11 next=12 tfo=252 active=54/357597 POs=6]
124 : c =     732  cl = 177893  lit =  179697  p =     2  d =     4  f =     0  -  T =     0.25 sec
  [prof 124] wall= 249.971 p=     6 | ifo=  4.628(sd=1.457 nx=0.986 tfo=0.631 cnt=1.554) snap= 1.723 srm= 55.082 sat=  4.883(set=4.800 slv=0.081 max=0.0319 n=6) cex=R/T/F=4/0/0 trsplit=0 sim=180.182(rmp=4.773 run=175.238 n=1 d=6) chk= 0.001(d=0) stat= 0.929 rest= 2.544
  [incr r=124 repr=9 next=6 tfo=1018471 active=2544/357590 POs=1968]
125 : c =     730  cl = 177893  lit =  179694  p =  1967  d =     1  f =     0  -  T =     0.31 sec
  [prof 125] wall= 312.332 p=  1968 | ifo= 12.139(sd=0.994 nx=0.981 tfo=8.515 cnt=1.649) snap= 2.239 srm=107.078 sat= 16.093(set=10.858 slv=5.147 max=0.0401 n=1968) cex=R/T/F=1/0/0 trsplit=0 sim=170.433(rmp=5.059 run=165.212 n=1 d=3) chk= 0.002(d=0) stat= 1.119 rest= 3.230
  [incr r=125 repr=4 next=1 tfo=1018407 active=2528/357587 POs=1968]
126 : c =     724  cl = 177892  lit =  179688  p =  1966  d =     2  f =     0  -  T =     0.34 sec
  [prof 126] wall= 338.735 p=  1968 | ifo= 15.364(sd=1.277 nx=1.390 tfo=10.485 cnt=2.213) snap= 2.199 srm=120.267 sat= 15.808(set=10.358 slv=5.348 max=0.1015 n=1968) cex=R/T/F=2/0/0 trsplit=0 sim=181.415(rmp=4.619 run=176.633 n=1 d=6) chk= 0.002(d=0) stat= 0.891 rest= 2.790
  [incr r=126 repr=8 next=4 tfo=1019244 active=2600/357580 POs=1970]
127 : c =     719  cl = 177892  lit =  179683  p =  1967  d =     3  f =     0  -  T =     0.34 sec
  [prof 127] wall= 341.779 p=  1970 | ifo= 11.948(sd=1.020 nx=0.947 tfo=8.227 cnt=1.754) snap= 1.761 srm=118.707 sat= 14.708(set=9.442 slv=5.179 max=0.0457 n=1970) cex=R/T/F=3/0/0 trsplit=0 sim=190.256(rmp=4.317 run=185.740 n=1 d=5) chk= 0.003(d=0) stat= 1.244 rest= 3.152
  [incr r=127 repr=7 next=4 tfo=1018395 active=2514/357575 POs=1971]
128 : c =     715  cl = 177891  lit =  179678  p =  1967  d =     4  f =     0  -  T =     0.35 sec
  [prof 128] wall= 354.641 p=  1971 | ifo= 12.483(sd=1.099 nx=1.035 tfo=8.590 cnt=1.759) snap= 1.917 srm=123.975 sat= 19.119(set=11.271 slv=7.714 max=0.1065 n=1971) cex=R/T/F=4/0/0 trsplit=0 sim=193.001(rmp=5.826 run=186.998 n=1 d=5) chk= 0.002(d=0) stat= 1.002 rest= 3.144
  [incr r=128 repr=7 next=5 tfo=1018364 active=2508/357569 POs=1968]
129 : c =     712  cl = 177890  lit =  179673  p =  1966  d =     2  f =     0  -  T =     0.37 sec
  [prof 129] wall= 375.147 p=  1968 | ifo= 13.540(sd=1.089 nx=1.056 tfo=9.599 cnt=1.796) snap= 2.410 srm=127.773 sat= 16.099(set=10.258 slv=5.744 max=0.0824 n=1968) cex=R/T/F=2/0/0 trsplit=0 sim=211.452(rmp=4.265 run=206.999 n=1 d=5) chk= 0.002(d=0) stat= 1.004 rest= 2.867
  [incr r=129 repr=6 next=2 tfo=1019112 active=2602/357563 POs=1978]
130 : c =     710  cl = 177888  lit =  179669  p =  1976  d =     2  f =     0  -  T =     0.36 sec
  [prof 130] wall= 358.850 p=  1978 | ifo= 11.791(sd=1.126 nx=1.056 tfo=7.849 cnt=1.760) snap= 1.912 srm=126.184 sat= 16.268(set=10.202 slv=5.967 max=0.0618 n=1978) cex=R/T/F=2/0/0 trsplit=0 sim=198.829(rmp=4.271 run=194.344 n=1 d=4) chk= 0.002(d=0) stat= 0.938 rest= 2.926
  [incr r=130 repr=4 next=2 tfo=1018243 active=2515/357557 POs=1976]
  [prof 131] wall= 156.164 p=  1976 | ifo= 12.151(sd=1.118 nx=1.033 tfo=8.173 cnt=1.827) snap= 2.056 srm=124.841 sat= 16.502(set=10.246 slv=6.148 max=0.2375 n=1976) cex=R/T/F=0/0/0 trsplit=0 sim= 0.000(rmp=0.000 run=0.000 n=0 d=0) chk= 0.000(d=0) stat= 0.000 rest= 0.615
131 : c =     710  cl = 177888  lit =  179669  p =     0  d =     0  f =     0  -  T =     0.16 sec
  [prof ALL] wall=105203.649 p=2016084 | ifo=1734.708(sd=154.824 nx=146.277 tfo=1174.303 cnt=259.304) snap=260.432 srm=15344.361 sat=51051.092(set=1164.637 slv=49716.778 max=11.8683 n=2016084) cex=R/T/F=969840/0/73950 trsplit=0 sim=36248.371(rmp=608.717 run=35616.980 n=130 d=967195) chk= 8.005(d=36283) stat=135.184 rest=421.496
Srm   =    17.34 sec ( 14.81 %)
Sat   =    51.12 sec ( 43.67 %)
Sim   =    36.39 sec ( 31.09 %)
Other =    12.21 sec ( 10.43 %)
Incr  =     1.73 sec (  1.48 %)
Incr: fallback rounds = 30, skipped candidate pairs = 35601717
TOTAL =   117.05 sec
NBeg = 1617800. NEnd = 1413808. (Gain =  12.61 %).  RBeg = 174678. REnd = 172252. (Gain =   1.39 %).
Flop output names are not available. Use command "&get -n".
[1;37m/home/zxr_wsl/benchmarks/incre_spec//ILA_Flute_XORI_sanity[0m : i/o = 180287/      2  ff = 172252  [1;36mand = 1413808[0m  [1;35mlev =  276[0m [1;35m(219.62)[0m  mem =24.19 MB
