### benchmark: /home/zxr_wsl/benchmarks/incre_spec//pals_lcr.3.ufo.BOUNDED-6.pals+Problem12_label01.aig
### opts:      &scorr -v -i -w
### timeout:   1800s
### date:      Wed Jun  3 15:22:29 CST 2026

======== ABC command line "&r /home/zxr_wsl/benchmarks/incre_spec//pals_lcr.3.ufo.BOUNDED-6.pals+Problem12_label01.aig; &ps; &scorr -v -i -w; &ps"
Converted 0 1-valued FFs and 430 DC-valued FFs.
Warning: The number of inputs does not match the number of input names.
[1;37m/home/zxr_wsl/benchmarks/incre_spec//pals_lcr.3.ufo.BOUNDED-6.pals+Problem12_label01[0m : i/o =   2034/      1  ff =    433  [1;36mand = 1573287[0m  [1;35mlev = 3337[0m [1;35m(7.70)[0m  mem =18.05 MB
cst = 1573720  cls =      0  lit = 1573720  unused =    2034  proof =     0
cst =  829663  cls =  76435  lit = 1214394  unused =  284925  proof =     0
cst =  824511  cls =  73517  lit = 1177829  unused =  324408  proof =     0
cst =  822219  cls =  71123  lit = 1158646  unused =  345985  proof =     0
cst =  820418  cls =  70032  lit = 1146032  unused =  359690  proof =     0
cst =  819665  cls =  69575  lit = 1139077  unused =  367102  proof =     0
cst =  819245  cls =  69075  lit = 1134258  unused =  372421  proof =     0
cst =  818889  cls =  68741  lit = 1131321  unused =  375692  proof =     0
cst =  818480  cls =  68570  lit = 1129159  unused =  378025  proof =     0
cst =  818054  cls =  68323  lit = 1127290  unused =  380141  proof =     0
Obj = 1576189. And = 1573287. Conf =   100. Fr = 1. Lcorr = 0. Ring = 1. CSat = 1.
  0 : c =  818054  cl =  68323  lit = 1127290  p =     0  d =     0  f =     0  +  T =     0.93 sec
BMC : c =  814223  cl =  62126  lit = 1088101  p = 31174  d = 16006  f = 20305  +  T =     5.18 sec
  [bmc-prof   0] wall=5186.097 p= 67485 | ifo=  0.000(sd=0.000 nx=0.000 tfo=0.000 cnt=0.000) snap= 1.321 srm= 82.196 sat=4741.490(set=2.982 slv=4732.249 max=2.8360 n=67485) cex=R/T/F=16006/0/20305 trsplit=0 sim=344.544(rmp=9.386 run=335.157 n=1 d=22775) chk= 8.695(d=16414) stat= 2.591 rest= 5.261
BMC : c =  811439  cl =  57358  lit = 1068825  p = 37038  d =  8320  f = 12016  +  T =     2.98 sec
  [bmc-prof   1] wall=2979.975 p= 57374 | ifo= 46.178(sd=1.726 nx=0.000 tfo=41.830 cnt=2.621) snap= 1.583 srm= 84.141 sat=2621.484(set=3.614 slv=2614.006 max=2.5872 n=57374) cex=R/T/F=8320/0/12016 trsplit=0 sim=219.703(rmp=2.785 run=216.917 n=1 d=8073) chk= 1.861(d=11203) stat= 1.849 rest= 3.176
BMC : c =  806174  cl =  52399  lit = 1053436  p = 37866  d =  5626  f = 11004  +  T =     2.96 sec
  [bmc-prof   2] wall=2963.394 p= 54496 | ifo= 38.802(sd=1.116 nx=0.000 tfo=34.825 cnt=2.861) snap= 1.949 srm= 86.341 sat=2623.788(set=2.683 slv=2617.429 max=2.5502 n=54496) cex=R/T/F=5626/0/11004 trsplit=0 sim=208.776(rmp=2.715 run=206.061 n=1 d=4782) chk= 0.551(d=10607) stat= 1.261 rest= 1.925
BMC : c =  800771  cl =  48054  lit = 1038172  p = 38560  d =  3992  f = 12420  +  T =     2.51 sec
  [bmc-prof   3] wall=2508.348 p= 54972 | ifo= 35.195(sd=1.095 nx=0.000 tfo=31.939 cnt=2.162) snap= 1.694 srm= 78.920 sat=2236.935(set=3.272 slv=2230.094 max=3.1363 n=54972) cex=R/T/F=3992/0/12420 trsplit=0 sim=151.169(rmp=3.080 run=148.088 n=1 d=3057) chk= 0.803(d=12207) stat= 1.244 rest= 2.389
BMC : c =  795811  cl =  44984  lit = 1024726  p = 41071  d =  3131  f = 11405  +  T =     2.52 sec
  [bmc-prof   4] wall=2519.145 p= 55607 | ifo= 38.472(sd=1.114 nx=0.000 tfo=34.745 cnt=2.613) snap= 1.643 srm= 83.128 sat=2293.215(set=3.113 slv=2286.579 max=3.2063 n=55607) cex=R/T/F=3131/0/11405 trsplit=0 sim=99.121(rmp=2.115 run=97.005 n=1 d=2117) chk= 0.804(d=11329) stat= 1.220 rest= 1.542
BMC : c =  790923  cl =  43465  lit = 1012765  p = 43163  d =  2719  f = 10076  +  T =     2.31 sec
  [bmc-prof   5] wall=2314.698 p= 55958 | ifo= 28.149(sd=0.859 nx=0.000 tfo=25.154 cnt=2.136) snap= 2.552 srm= 87.315 sat=2082.385(set=3.180 slv=2075.640 max=4.5028 n=55958) cex=R/T/F=2719/0/10076 trsplit=0 sim=109.047(rmp=5.691 run=103.355 n=1 d=1941) chk= 1.030(d=10020) stat= 1.529 rest= 2.691
BMC : c =  786176  cl =  42766  lit = 1001442  p = 45036  d =  2269  f =  9749  +  T =     2.14 sec
  [bmc-prof   6] wall=2143.661 p= 57054 | ifo= 32.712(sd=1.753 nx=0.000 tfo=28.491 cnt=2.467) snap= 1.771 srm= 84.343 sat=1923.183(set=3.227 slv=1916.404 max=2.8298 n=57054) cex=R/T/F=2269/0/9749 trsplit=0 sim=97.496(rmp=2.101 run=95.393 n=1 d=1624) chk= 1.095(d=9699) stat= 1.365 rest= 1.697
BMC : c =  781413  cl =  42177  lit =  990538  p = 47209  d =  2206  f =  9258  +  T =     1.98 sec
  [bmc-prof   7] wall=1980.960 p= 58673 | ifo= 27.926(sd=0.902 nx=0.000 tfo=23.584 cnt=3.439) snap= 1.631 srm= 93.548 sat=1743.637(set=3.239 slv=1736.821 max=2.8756 n=58673) cex=R/T/F=2206/0/9258 trsplit=0 sim=109.810(rmp=2.908 run=106.900 n=1 d=1676) chk= 1.151(d=9228) stat= 1.334 rest= 1.922
BMC : c =  776836  cl =  41556  lit =  979934  p = 49475  d =  2046  f =  9124  +  T =     1.99 sec
  [bmc-prof   8] wall=1991.726 p= 60645 | ifo= 27.767(sd=1.083 nx=0.000 tfo=24.521 cnt=2.163) snap= 1.310 srm= 80.916 sat=1781.058(set=2.930 slv=1774.396 max=3.8813 n=60645) cex=R/T/F=2046/0/9124 trsplit=0 sim=96.767(rmp=2.348 run=94.417 n=1 d=1502) chk= 0.959(d=9102) stat= 1.115 rest= 1.836
BMC : c =  771888  cl =  41046  lit =  969132  p = 51588  d =  1743  f =  9450  +  T =     1.90 sec
  [bmc-prof   9] wall=1902.583 p= 62781 | ifo= 25.978(sd=0.833 nx=0.000 tfo=23.022 cnt=2.123) snap= 1.275 srm= 87.908 sat=1728.820(set=2.722 slv=1721.086 max=2.8773 n=62781) cex=R/T/F=1743/0/9450 trsplit=0 sim=54.584(rmp=2.281 run=52.302 n=1 d=1367) chk= 1.142(d=9435) stat= 1.196 rest= 1.679
BMC : c =  766722  cl =  40628  lit =  958382  p = 53707  d =  1731  f =  9520  +  T =     1.90 sec
  [bmc-prof  10] wall=1897.890 p= 64958 | ifo= 27.321(sd=0.946 nx=0.000 tfo=23.855 cnt=2.521) snap= 1.570 srm= 89.302 sat=1724.933(set=3.742 slv=1717.157 max=2.0825 n=64958) cex=R/T/F=1731/0/9520 trsplit=0 sim=50.243(rmp=2.293 run=47.948 n=1 d=1239) chk= 1.415(d=9511) stat= 1.386 rest= 1.720
BMC : c =  759577  cl =  40268  lit =  946935  p = 55689  d =  1777  f = 10248  +  T =     1.99 sec
  [bmc-prof  11] wall=1988.589 p= 67714 | ifo= 34.072(sd=1.095 nx=0.000 tfo=30.490 cnt=2.487) snap= 1.962 srm= 83.909 sat=1812.984(set=3.564 slv=1805.458 max=2.6766 n=67714) cex=R/T/F=1777/0/10248 trsplit=0 sim=51.234(rmp=2.135 run=49.098 n=1 d=1207) chk= 1.322(d=10240) stat= 1.330 rest= 1.776
BMC : c =  747500  cl =  39987  lit =  935421  p = 57683  d =  1696  f = 10135  +  T =     1.93 sec
  [bmc-prof  12] wall=1934.193 p= 69514 | ifo= 30.695(sd=1.083 nx=0.000 tfo=27.460 cnt=2.152) snap= 1.672 srm= 80.258 sat=1767.121(set=3.529 slv=1759.662 max=2.3997 n=69514) cex=R/T/F=1696/0/10135 trsplit=0 sim=50.588(rmp=2.959 run=47.628 n=1 d=1392) chk= 1.128(d=10122) stat= 1.171 rest= 1.559
BMC : c =  720116  cl =  39774  lit =  923865  p = 59934  d =  1889  f = 10024  +  T =     2.04 sec
  [bmc-prof  13] wall=2041.127 p= 71847 | ifo= 29.502(sd=0.931 nx=0.000 tfo=26.317 cnt=2.254) snap= 1.305 srm= 79.381 sat=1830.376(set=3.295 slv=1822.957 max=2.2584 n=71847) cex=R/T/F=1889/0/10024 trsplit=0 sim=96.600(rmp=2.148 run=94.450 n=1 d=1542) chk= 1.135(d=10014) stat= 1.186 rest= 1.642
BMC : c =  689616  cl =  39634  lit =  912041  p = 72062  d =  1875  f = 10568  +  T =     2.08 sec
  [bmc-prof  14] wall=2080.777 p= 84505 | ifo= 24.766(sd=0.858 nx=0.000 tfo=21.742 cnt=2.166) snap= 1.315 srm= 88.200 sat=1862.363(set=3.205 slv=1854.326 max=2.6912 n=84505) cex=R/T/F=1875/0/10568 trsplit=0 sim=100.127(rmp=2.193 run=97.933 n=1 d=1262) chk= 1.197(d=10562) stat= 1.214 rest= 1.596
BMC : c =  667409  cl =  39382  lit =  900029  p =103236  d =  1639  f = 11021  +  T =     2.26 sec
  [bmc-prof  15] wall=2260.170 p=115896 | ifo= 24.482(sd=0.876 nx=0.000 tfo=21.424 cnt=2.182) snap= 1.714 srm= 98.453 sat=1983.565(set=4.686 slv=1972.556 max=3.8444 n=115896) cex=R/T/F=1639/0/11021 trsplit=0 sim=147.426(rmp=2.890 run=144.535 n=1 d=992) chk= 1.106(d=11020) stat= 1.221 rest= 2.202
BMC : c =  657783  cl =  39012  lit =  888133  p =129672  d =  1056  f = 11174  +  T =     2.28 sec
  [bmc-prof  16] wall=2279.511 p=141902 | ifo= 24.456(sd=0.854 nx=0.000 tfo=21.398 cnt=2.204) snap= 1.317 srm=107.703 sat=2043.660(set=4.922 slv=2031.386 max=3.2555 n=141902) cex=R/T/F=1056/0/11174 trsplit=0 sim=98.018(rmp=2.493 run=95.524 n=1 d=722) chk= 0.945(d=11174) stat= 1.352 rest= 2.060
BMC : c =  650995  cl =  38646  lit =  876530  p =135791  d =   646  f = 11139  +  T =     2.23 sec
  [bmc-prof  17] wall=2235.056 p=147576 | ifo= 24.392(sd=0.856 nx=0.000 tfo=21.229 cnt=2.307) snap= 1.713 srm=106.515 sat=2049.412(set=5.537 slv=2036.206 max=2.0461 n=147576) cex=R/T/F=646/0/11139 trsplit=0 sim=48.904(rmp=2.180 run=46.723 n=1 d=465) chk= 0.879(d=11138) stat= 1.272 rest= 1.970
BMC : c =  644140  cl =  38284  lit =  865544  p =136615  d =   395  f = 10668  +  T =     2.05 sec
  [bmc-prof  18] wall=2051.853 p=147678 | ifo= 21.839(sd=0.847 nx=0.000 tfo=18.776 cnt=2.216) snap= 1.294 srm=107.423 sat=1868.374(set=5.513 slv=1855.467 max=1.8705 n=147678) cex=R/T/F=395/0/10668 trsplit=0 sim=48.801(rmp=2.795 run=46.005 n=1 d=318) chk= 0.836(d=10668) stat= 1.218 rest= 2.069
BMC : c =  637236  cl =  37994  lit =  854576  p =136866  d =   534  f = 10515  +  T =     2.07 sec
  [bmc-prof  19] wall=2070.509 p=147915 | ifo= 24.139(sd=0.825 nx=0.000 tfo=21.069 cnt=2.246) snap= 1.294 srm=111.060 sat=1874.692(set=7.637 slv=1859.495 max=2.5372 n=147915) cex=R/T/F=534/0/10515 trsplit=0 sim=54.667(rmp=2.738 run=51.928 n=1 d=454) chk= 0.932(d=10514) stat= 1.371 rest= 2.353
BMC : c =  630997  cl =  37723  lit =  844091  p =137306  d =   236  f = 10298  +  T =     2.02 sec
  [bmc-prof  20] wall=2025.714 p=147840 | ifo= 22.770(sd=1.061 nx=0.000 tfo=19.491 cnt=2.219) snap= 1.701 srm=121.809 sat=1827.374(set=5.819 slv=1814.204 max=2.5338 n=147840) cex=R/T/F=236/0/10298 trsplit=0 sim=47.513(rmp=2.227 run=45.284 n=1 d=187) chk= 0.895(d=10298) stat= 1.408 rest= 2.243
  [bmc-incr i=21 repr=10853 active=584944/844091 POs=63372]
BMC : c =  624676  cl =  37408  lit =  833934  p = 53192  d =   153  f = 10027  +  T =     1.80 sec
  [bmc-prof  21] wall=1805.089 p= 63372 | ifo= 22.365(sd=1.061 nx=0.000 tfo=19.079 cnt=2.226) snap= 1.343 srm= 84.983 sat=1646.560(set=4.061 slv=1639.041 max=2.4859 n=63372) cex=R/T/F=153/0/10027 trsplit=0 sim=46.405(rmp=2.111 run=44.292 n=1 d=135) chk= 0.712(d=10022) stat= 1.229 rest= 1.494
  [bmc-incr i=22 repr=10513 active=536811/833934 POs=58504]
BMC : c =  618665  cl =  37008  lit =  824023  p = 48521  d =   317  f =  9666  +  T =     1.91 sec
  [bmc-prof  22] wall=1908.993 p= 58504 | ifo= 19.689(sd=0.816 nx=0.000 tfo=16.247 cnt=2.627) snap= 1.326 srm= 78.787 sat=1757.423(set=3.359 slv=1750.794 max=2.0384 n=58504) cex=R/T/F=317/0/9666 trsplit=0 sim=48.016(rmp=2.278 run=45.737 n=1 d=245) chk= 0.692(d=9666) stat= 1.370 rest= 1.688
  [bmc-incr i=23 repr=9978 active=514277/824023 POs=55029]
BMC : c =  612080  cl =  36582  lit =  814205  p = 45150  d =    74  f =  9805  +  T =     1.71 sec
  [bmc-prof  23] wall=1706.555 p= 55029 | ifo= 19.688(sd=1.056 nx=0.000 tfo=16.403 cnt=2.230) snap= 1.305 srm= 82.502 sat=1552.000(set=3.934 slv=1545.042 max=2.3248 n=55029) cex=R/T/F=74/0/9805 trsplit=0 sim=47.129(rmp=2.812 run=44.316 n=1 d=13) chk= 0.649(d=9805) stat= 1.422 rest= 1.859
  [bmc-incr i=24 repr=10095 active=498984/814205 POs=52011]
BMC : c =  605437  cl =  36148  lit =  804099  p = 41850  d =    63  f = 10098  +  T =     1.72 sec
  [bmc-prof  24] wall=1720.380 p= 52011 | ifo= 21.427(sd=1.145 nx=0.000 tfo=17.735 cnt=2.547) snap= 1.344 srm= 80.059 sat=1568.997(set=3.656 slv=1562.333 max=2.7480 n=52011) cex=R/T/F=63/0/10098 trsplit=0 sim=45.162(rmp=2.161 run=43.000 n=1 d=8) chk= 0.586(d=10098) stat= 1.287 rest= 1.519
  [bmc-incr i=25 repr=10163 active=483718/804099 POs=48412]
BMC : c =  598470  cl =  35683  lit =  794046  p = 38304  d =    63  f = 10045  +  T =     1.73 sec
  [bmc-prof  25] wall=1732.767 p= 48412 | ifo= 19.786(sd=0.993 nx=0.000 tfo=15.566 cnt=3.228) snap= 1.345 srm= 87.652 sat=1572.497(set=3.626 slv=1566.194 max=2.3210 n=48412) cex=R/T/F=63/0/10045 trsplit=0 sim=47.482(rmp=2.860 run=44.621 n=1 d=8) chk= 0.544(d=10045) stat= 1.392 rest= 2.069
  [bmc-incr i=26 repr=10106 active=471064/794046 POs=44682]
BMC : c =  591120  cl =  35234  lit =  783898  p = 34483  d =    59  f = 10140  +  T =     1.76 sec
  [bmc-prof  26] wall=1765.996 p= 44682 | ifo= 21.320(sd=1.044 nx=0.000 tfo=17.738 cnt=2.538) snap= 1.369 srm= 84.647 sat=1607.427(set=4.245 slv=1600.538 max=3.7505 n=44682) cex=R/T/F=59/0/10140 trsplit=0 sim=46.937(rmp=2.891 run=44.045 n=1 d=8) chk= 0.490(d=10140) stat= 1.860 rest= 1.946
  [bmc-incr i=27 repr=10197 active=457505/783898 POs=40982]
BMC : c =  583743  cl =  34835  lit =  774039  p = 31076  d =    55  f =  9851  +  T =     1.72 sec
  [bmc-prof  27] wall=1717.058 p= 40982 | ifo= 21.754(sd=1.129 nx=0.000 tfo=17.821 cnt=2.804) snap= 1.362 srm= 85.570 sat=1555.392(set=3.868 slv=1549.106 max=5.0054 n=40982) cex=R/T/F=55/0/9851 trsplit=0 sim=48.854(rmp=2.777 run=46.075 n=1 d=8) chk= 0.400(d=9851) stat= 1.459 rest= 2.267
  [bmc-incr i=28 repr=9906 active=443713/774039 POs=37662]
BMC : c =  576454  cl =  34464  lit =  764383  p = 27961  d =    53  f =  9648  +  T =     1.69 sec
  [bmc-prof  28] wall=1687.944 p= 37662 | ifo= 21.430(sd=1.146 nx=0.000 tfo=17.733 cnt=2.551) snap= 2.276 srm= 82.771 sat=1529.024(set=4.331 slv=1522.447 max=2.1310 n=37662) cex=R/T/F=53/0/9648 trsplit=0 sim=48.342(rmp=2.758 run=45.582 n=1 d=8) chk= 0.406(d=9648) stat= 2.034 rest= 1.660
  [bmc-incr i=29 repr=9699 active=429517/764383 POs=34495]
BMC : c =  569681  cl =  34069  lit =  755724  p = 25795  d =    49  f =  8651  +  T =     1.51 sec
  [bmc-prof  29] wall=1514.456 p= 34495 | ifo= 20.410(sd=1.027 nx=0.000 tfo=17.072 cnt=2.311) snap= 1.653 srm= 79.141 sat=1360.669(set=3.647 slv=1354.976 max=1.8572 n=34495) cex=R/T/F=49/0/8651 trsplit=0 sim=49.387(rmp=2.119 run=47.267 n=1 d=8) chk= 0.266(d=8651) stat= 1.395 rest= 1.535
  [bmc-incr i=30 repr=8699 active=415023/755724 POs=31872]
BMC : c =  563444  cl =  33769  lit =  747994  p = 24103  d =    47  f =  7722  +  T =     1.39 sec
  [bmc-prof  30] wall=1392.162 p= 31872 | ifo= 18.192(sd=0.828 nx=0.000 tfo=15.115 cnt=2.249) snap= 1.330 srm= 78.845 sat=1245.385(set=3.194 slv=1240.287 max=2.8869 n=31872) cex=R/T/F=47/0/7722 trsplit=0 sim=45.368(rmp=2.327 run=43.039 n=1 d=8) chk= 0.231(d=7722) stat= 1.233 rest= 1.577
  [bmc-incr i=31 repr=7767 active=400646/747994 POs=30964]
BMC : c =  557319  cl =  33597  lit =  740459  p = 23393  d =    44  f =  7527  +  T =     1.35 sec
  [bmc-prof  31] wall=1347.578 p= 30964 | ifo= 17.057(sd=0.820 nx=0.000 tfo=14.016 cnt=2.221) snap= 1.445 srm= 79.921 sat=1198.995(set=3.381 slv=1193.729 max=2.6241 n=30964) cex=R/T/F=44/0/7527 trsplit=0 sim=46.579(rmp=2.746 run=43.832 n=1 d=8) chk= 0.238(d=7527) stat= 1.409 rest= 1.935
  [bmc-incr i=32 repr=7569 active=322278/740459 POs=25592]
BMC : c =  550497  cl =  33455  lit =  732264  p = 17365  d =    40  f =  8187  +  T =     1.43 sec
  [bmc-prof  32] wall=1433.095 p= 25592 | ifo= 15.780(sd=1.027 nx=0.000 tfo=12.249 cnt=2.504) snap= 1.664 srm= 83.671 sat=1282.146(set=3.561 slv=1276.947 max=2.1060 n=25592) cex=R/T/F=40/0/8187 trsplit=0 sim=46.570(rmp=2.220 run=44.348 n=1 d=8) chk= 0.224(d=8187) stat= 1.379 rest= 1.661
  [bmc-incr i=33 repr=8228 active=292104/732264 POs=24914]
BMC : c =  542222  cl =  33295  lit =  722719  p = 15339  d =    38  f =  9537  +  T =     1.57 sec
  [bmc-prof  33] wall=1571.497 p= 24914 | ifo= 14.643(sd=1.087 nx=0.000 tfo=10.938 cnt=2.618) snap= 1.650 srm= 85.154 sat=1421.528(set=3.731 slv=1416.207 max=3.2608 n=24914) cex=R/T/F=38/0/9537 trsplit=0 sim=45.491(rmp=2.208 run=43.281 n=1 d=8) chk= 0.168(d=9537) stat= 1.193 rest= 1.671
  [bmc-incr i=34 repr=9573 active=271186/722719 POs=23412]
BMC : c =  533990  cl =  33128  lit =  713515  p = 14184  d =    32  f =  9196  +  T =     1.56 sec
  [bmc-prof  34] wall=1564.126 p= 23412 | ifo= 12.209(sd=0.823 nx=0.000 tfo=9.133 cnt=2.253) snap= 1.312 srm= 77.465 sat=1422.059(set=3.142 slv=1417.397 max=2.6018 n=23412) cex=R/T/F=32/0/9196 trsplit=0 sim=47.703(rmp=2.933 run=44.768 n=1 d=8) chk= 0.155(d=9196) stat= 1.371 rest= 1.853
  [bmc-incr i=35 repr=9231 active=254897/713515 POs=22932]
BMC : c =  524735  cl =  33003  lit =  703312  p = 12708  d =    30  f = 10194  +  T =     1.77 sec
  [bmc-prof  35] wall=1775.958 p= 22932 | ifo= 13.020(sd=1.085 nx=0.000 tfo=9.343 cnt=2.592) snap= 1.670 srm= 86.695 sat=1617.206(set=3.695 slv=1611.982 max=2.8799 n=22932) cex=R/T/F=30/0/10194 trsplit=0 sim=53.457(rmp=3.889 run=49.566 n=1 d=9) chk= 0.167(d=10194) stat= 1.636 rest= 2.107
  [bmc-incr i=36 repr=10225 active=242893/703312 POs=23065]
BMC : c =  514584  cl =  32863  lit =  692339  p = 12077  d =    24  f = 10964  +  T =     1.99 sec
  [bmc-prof  36] wall=1988.915 p= 23065 | ifo= 14.145(sd=1.143 nx=0.000 tfo=10.338 cnt=2.664) snap= 1.378 srm= 88.647 sat=1836.735(set=3.397 slv=1831.765 max=2.6635 n=23065) cex=R/T/F=24/0/10964 trsplit=0 sim=44.486(rmp=2.252 run=42.232 n=1 d=9) chk= 0.141(d=10964) stat= 1.837 rest= 1.547
  [bmc-incr i=37 repr=10992 active=229330/692339 POs=20246]
BMC : c =  506365  cl =  32740  lit =  683422  p = 11318  d =    19  f =  8909  +  T =     1.53 sec
  [bmc-prof  37] wall=1527.904 p= 20246 | ifo= 11.612(sd=0.831 nx=0.000 tfo=8.488 cnt=2.293) snap= 1.288 srm= 85.113 sat=1381.905(set=3.460 slv=1377.110 max=2.3404 n=20246) cex=R/T/F=19/0/8909 trsplit=0 sim=45.167(rmp=2.174 run=42.991 n=1 d=8) chk= 0.111(d=8909) stat= 1.190 rest= 1.516
  [bmc-incr i=38 repr=8931 active=215447/683422 POs=20404]
BMC : c =  498562  cl =  32646  lit =  674988  p = 11963  d =    14  f =  8427  +  T =     1.51 sec
  [bmc-prof  38] wall=1515.435 p= 20404 | ifo= 10.204(sd=0.801 nx=0.000 tfo=7.175 cnt=2.228) snap= 1.335 srm= 87.309 sat=1365.334(set=3.170 slv=1360.900 max=3.4386 n=20404) cex=R/T/F=14/0/8427 trsplit=0 sim=47.985(rmp=2.776 run=45.208 n=1 d=7) chk= 0.119(d=8427) stat= 1.364 rest= 1.784
  [bmc-incr i=39 repr=8446 active=205003/674988 POs=21258]
BMC : c =  488940  cl =  32575  lit =  664903  p = 11161  d =    18  f = 10079  +  T =     1.86 sec
  [bmc-prof  39] wall=1862.879 p= 21258 | ifo= 13.273(sd=1.150 nx=0.000 tfo=9.401 cnt=2.722) snap= 1.652 srm= 86.176 sat=1708.160(set=3.864 slv=1702.896 max=3.2206 n=21258) cex=R/T/F=18/0/10079 trsplit=0 sim=50.268(rmp=2.900 run=47.366 n=1 d=6) chk= 0.122(d=10079) stat= 1.388 rest= 1.839
  [bmc-incr i=40 repr=10099 active=192028/664903 POs=19202]
BMC : c =  480884  cl =  32515  lit =  656272  p = 10560  d =    16  f =  8626  +  T =     1.80 sec
  [bmc-prof  40] wall=1800.947 p= 19202 | ifo= 12.217(sd=1.043 nx=0.000 tfo=8.179 cnt=2.994) snap= 1.803 srm= 87.789 sat=1650.946(set=3.851 slv=1645.772 max=3.6451 n=19202) cex=R/T/F=16/0/8626 trsplit=0 sim=44.844(rmp=2.765 run=42.078 n=1 d=5) chk= 0.128(d=8626) stat= 1.375 rest= 1.846
  [bmc-incr i=41 repr=8638 active=180559/656272 POs=18011]
BMC : c =  472588  cl =  32463  lit =  647470  p =  9202  d =    12  f =  8797  +  T =     1.81 sec
  [bmc-prof  41] wall=1809.183 p= 18011 | ifo= 11.015(sd=1.008 nx=0.000 tfo=7.524 cnt=2.483) snap= 1.620 srm= 80.088 sat=1670.677(set=3.844 slv=1665.610 max=3.0137 n=18011) cex=R/T/F=12/0/8797 trsplit=0 sim=42.994(rmp=2.277 run=40.716 n=1 d=5) chk= 0.093(d=8797) stat= 1.211 rest= 1.486
  [bmc-incr i=42 repr=8809 active=166493/647470 POs=15710]
BMC : c =  465692  cl =  32421  lit =  640275  p =  8509  d =    12  f =  7189  +  T =     1.56 sec
  [bmc-prof  42] wall=1559.668 p= 15710 | ifo=  9.872(sd=0.799 nx=0.000 tfo=6.270 cnt=2.803) snap= 1.299 srm= 80.046 sat=1420.290(set=3.310 slv=1415.893 max=3.6151 n=15710) cex=R/T/F=12/0/7189 trsplit=0 sim=44.863(rmp=2.780 run=42.082 n=1 d=6) chk= 0.079(d=7189) stat= 1.341 rest= 1.878
  [bmc-incr i=43 repr=7243 active=153016/640275 POs=13591]
BMC : c =  459486  cl =  32392  lit =  633769  p =  7082  d =    10  f =  6499  +  T =     1.51 sec
  [bmc-prof  43] wall=1506.234 p= 13591 | ifo= 10.932(sd=1.018 nx=0.000 tfo=7.409 cnt=2.505) snap= 1.684 srm= 92.555 sat=1355.674(set=4.393 slv=1350.302 max=2.9377 n=13591) cex=R/T/F=10/0/6499 trsplit=0 sim=42.662(rmp=2.181 run=40.480 n=1 d=7) chk= 0.063(d=6499) stat= 1.191 rest= 1.473
  [bmc-incr i=44 repr=6511 active=141413/633769 POs=12513]
BMC : c =  453871  cl =  32358  lit =  627863  p =  6604  d =     6  f =  5903  +  T =     1.37 sec
  [bmc-prof  44] wall=1366.801 p= 12513 | ifo=  8.700(sd=0.804 nx=0.000 tfo=5.754 cnt=2.141) snap= 1.674 srm= 84.885 sat=1225.660(set=4.740 slv=1220.081 max=2.4955 n=12513) cex=R/T/F=6/0/5903 trsplit=0 sim=43.158(rmp=2.111 run=41.046 n=1 d=3) chk= 0.059(d=5903) stat= 1.137 rest= 1.530
  [bmc-incr i=45 repr=5907 active=132483/627863 POs=11796]
BMC : c =  448686  cl =  32325  lit =  622394  p =  6326  d =     3  f =  5467  +  T =     1.31 sec
  [bmc-prof  45] wall=1314.814 p= 11796 | ifo=  8.806(sd=0.770 nx=0.000 tfo=5.832 cnt=2.204) snap= 1.351 srm= 77.685 sat=1178.726(set=3.842 slv=1174.081 max=2.7416 n=11796) cex=R/T/F=3/0/5467 trsplit=0 sim=45.336(rmp=2.448 run=42.887 n=1 d=2) chk= 0.059(d=5467) stat= 1.242 rest= 1.609
  [bmc-incr i=46 repr=5469 active=125195/622394 POs=10552]
BMC : c =  444312  cl =  32298  lit =  617744  p =  5902  d =     2  f =  4648  +  T =     1.13 sec
  [bmc-prof  46] wall=1133.619 p= 10552 | ifo=  9.022(sd=0.844 nx=0.000 tfo=5.862 cnt=2.316) snap= 2.826 srm= 99.130 sat=976.633(set=4.988 slv=970.916 max=2.5101 n=10552) cex=R/T/F=2/0/4648 trsplit=0 sim=43.281(rmp=2.165 run=41.115 n=1 d=2) chk= 0.057(d=4648) stat= 1.169 rest= 1.501
  [bmc-incr i=47 repr=4650 active=116077/617744 POs=9538]
BMC : c =  440343  cl =  32252  lit =  613495  p =  5289  d =     2  f =  4247  +  T =     1.01 sec
  [bmc-prof  47] wall=1013.140 p=  9538 | ifo=  7.927(sd=0.790 nx=0.000 tfo=4.689 cnt=2.448) snap= 1.374 srm= 79.617 sat=876.786(set=3.903 slv=872.221 max=2.1212 n=9538) cex=R/T/F=2/0/4247 trsplit=0 sim=44.752(rmp=2.157 run=42.594 n=1 d=2) chk= 0.050(d=4247) stat= 1.162 rest= 1.472
  [bmc-incr i=48 repr=4249 active=107756/613495 POs=9305]
BMC : c =  436280  cl =  32229  lit =  609178  p =  4988  d =     1  f =  4316  +  T =     1.02 sec
  [bmc-prof  48] wall=1017.341 p=  9305 | ifo=  8.258(sd=0.795 nx=0.000 tfo=5.159 cnt=2.305) snap= 1.336 srm= 88.212 sat=871.819(set=3.720 slv=867.446 max=2.7788 n=9305) cex=R/T/F=1/0/4316 trsplit=0 sim=44.719(rmp=2.786 run=41.932 n=1 d=1) chk= 0.057(d=4316) stat= 1.158 rest= 1.781
  [bmc-incr i=49 repr=4317 active=99216/609178 POs=8653]
BMC : c =  432536  cl =  32194  lit =  605140  p =  4615  d =     1  f =  4037  +  T =     0.98 sec
  [bmc-prof  49] wall= 977.208 p=  8653 | ifo=  9.436(sd=0.786 nx=0.000 tfo=6.113 cnt=2.537) snap= 1.654 srm= 89.269 sat=826.805(set=4.303 slv=821.881 max=2.4342 n=8653) cex=R/T/F=1/0/4037 trsplit=0 sim=46.863(rmp=2.803 run=44.059 n=1 d=1) chk= 0.056(d=4037) stat= 1.329 rest= 1.797
  [bmc-incr i=50 repr=4039 active=92450/605140 POs=8207]
BMC : c =  428783  cl =  32154  lit =  601131  p =  4199  d =     2  f =  4006  +  T =     0.94 sec
  [bmc-prof  50] wall= 940.818 p=  8207 | ifo=  9.359(sd=1.040 nx=0.000 tfo=5.890 cnt=2.429) snap= 1.319 srm= 92.598 sat=789.515(set=4.085 slv=784.851 max=1.9513 n=8207) cex=R/T/F=2/0/4006 trsplit=0 sim=44.747(rmp=2.266 run=42.480 n=1 d=3) chk= 0.046(d=4006) stat= 1.217 rest= 2.017
  [bmc-incr i=51 repr=4010 active=83277/601131 POs=7148]
BMC : c =  425643  cl =  32128  lit =  597757  p =  3774  d =     0  f =  3374  +  T =     0.77 sec
  [bmc-prof  51] wall= 768.059 p=  7148 | ifo=  7.616(sd=0.818 nx=0.000 tfo=4.625 cnt=2.173) snap= 1.678 srm= 92.516 sat=662.669(set=4.661 slv=657.506 max=2.0454 n=7148) cex=R/T/F=0/0/3374 trsplit=0 sim= 0.000(rmp=0.000 run=0.000 n=0 d=0) chk= 0.049(d=3374) stat= 1.397 rest= 2.135
  [bmc-incr i=52 repr=3374 active=78008/597757 POs=6485]
BMC : c =  422693  cl =  32092  lit =  594606  p =  3334  d =     0  f =  3151  +  T =     0.69 sec
  [bmc-prof  52] wall= 689.274 p=  6485 | ifo=  8.794(sd=1.048 nx=0.000 tfo=5.308 cnt=2.438) snap= 1.964 srm= 90.374 sat=584.453(set=4.681 slv=579.320 max=1.9808 n=6485) cex=R/T/F=0/0/3151 trsplit=0 sim= 0.000(rmp=0.000 run=0.000 n=0 d=0) chk= 0.044(d=3151) stat= 1.379 rest= 2.266
  [bmc-incr i=53 repr=3151 active=73005/594606 POs=5835]
BMC : c =  420129  cl =  32066  lit =  591908  p =  3137  d =     0  f =  2698  +  T =     0.59 sec
  [bmc-prof  53] wall= 593.432 p=  5835 | ifo=  8.698(sd=1.013 nx=0.000 tfo=5.288 cnt=2.397) snap= 1.479 srm= 95.013 sat=484.189(set=4.057 slv=479.720 max=2.0146 n=5835) cex=R/T/F=0/0/2698 trsplit=0 sim= 0.000(rmp=0.000 run=0.000 n=0 d=0) chk= 0.037(d=2698) stat= 1.226 rest= 2.790
  [bmc-incr i=54 repr=2698 active=67367/591908 POs=5086]
BMC : c =  417922  cl =  32045  lit =  589605  p =  2783  d =     0  f =  2303  +  T =     0.51 sec
  [bmc-prof  54] wall= 513.675 p=  5086 | ifo=  8.381(sd=1.013 nx=0.000 tfo=4.946 cnt=2.422) snap= 1.652 srm= 97.969 sat=402.075(set=4.762 slv=396.961 max=2.1200 n=5086) cex=R/T/F=0/0/2303 trsplit=0 sim= 0.000(rmp=0.000 run=0.000 n=0 d=0) chk= 0.031(d=2303) stat= 1.399 rest= 2.168
  [bmc-incr i=55 repr=2303 active=63219/589605 POs=4758]
BMC : c =  415875  cl =  32033  lit =  587491  p =  2644  d =     0  f =  2114  +  T =     0.47 sec
  [bmc-prof  55] wall= 476.021 p=  4758 | ifo=  8.111(sd=0.974 nx=0.000 tfo=4.746 cnt=2.391) snap= 1.343 srm= 95.126 sat=368.457(set=4.010 slv=364.119 max=2.9171 n=4758) cex=R/T/F=0/0/2114 trsplit=0 sim= 0.000(rmp=0.000 run=0.000 n=0 d=0) chk= 0.024(d=2114) stat= 1.190 rest= 1.770
  [bmc-incr i=56 repr=2114 active=59768/587491 POs=4470]
BMC : c =  413967  cl =  32023  lit =  585524  p =  2503  d =     0  f =  1967  +  T =     0.42 sec
  [bmc-prof  56] wall= 426.001 p=  4470 | ifo=  6.176(sd=0.783 nx=0.000 tfo=3.273 cnt=2.120) snap= 1.353 srm= 86.818 sat=328.525(set=4.702 slv=323.517 max=1.9595 n=4470) cex=R/T/F=0/0/1967 trsplit=0 sim= 0.000(rmp=0.000 run=0.000 n=0 d=0) chk= 0.022(d=1967) stat= 1.181 rest= 1.925
  [bmc-incr i=57 repr=1967 active=56568/585524 POs=4286]
BMC : c =  412157  cl =  32019  lit =  583663  p =  2425  d =     0  f =  1861  +  T =     0.40 sec
  [bmc-prof  57] wall= 406.396 p=  4286 | ifo=  5.877(sd=0.780 nx=0.000 tfo=2.979 cnt=2.118) snap= 1.357 srm= 90.138 sat=305.994(set=4.143 slv=301.566 max=1.9633 n=4286) cex=R/T/F=0/0/1861 trsplit=0 sim= 0.000(rmp=0.000 run=0.000 n=0 d=0) chk= 0.020(d=1861) stat= 1.179 rest= 1.831
  [bmc-incr i=58 repr=1861 active=53205/583663 POs=4062]
BMC : c =  410489  cl =  32015  lit =  581946  p =  2345  d =     0  f =  1717  +  T =     0.38 sec
  [bmc-prof  58] wall= 384.452 p=  4062 | ifo=  5.798(sd=0.852 nx=0.000 tfo=2.815 cnt=2.131) snap= 1.322 srm= 88.031 sat=286.281(set=4.205 slv=281.799 max=1.9711 n=4062) cex=R/T/F=0/0/1717 trsplit=0 sim= 0.000(rmp=0.000 run=0.000 n=0 d=0) chk= 0.019(d=1717) stat= 1.212 rest= 1.790
  [bmc-incr i=59 repr=1717 active=48711/581946 POs=3745]
BMC : c =  408946  cl =  32011  lit =  580352  p =  2151  d =     0  f =  1594  +  T =     0.37 sec
  [bmc-prof  59] wall= 367.581 p=  3745 | ifo=  5.700(sd=0.808 nx=0.000 tfo=2.657 cnt=2.234) snap= 1.322 srm= 89.101 sat=268.546(set=4.231 slv=264.062 max=1.8666 n=3745) cex=R/T/F=0/0/1594 trsplit=0 sim= 0.000(rmp=0.000 run=0.000 n=0 d=0) chk= 0.019(d=1594) stat= 1.158 rest= 1.735
  [bmc-incr i=60 repr=1594 active=45044/580352 POs=3577]
BMC : c =  407450  cl =  32003  lit =  578809  p =  2034  d =     0  f =  1543  +  T =     0.34 sec
  [bmc-prof  60] wall= 345.165 p=  3577 | ifo=  5.755(sd=0.782 nx=0.000 tfo=2.782 cnt=2.190) snap= 1.350 srm= 86.465 sat=248.122(set=4.119 slv=243.764 max=2.0188 n=3577) cex=R/T/F=0/0/1543 trsplit=0 sim= 0.000(rmp=0.000 run=0.000 n=0 d=0) chk= 0.018(d=1543) stat= 1.367 rest= 2.088
  [bmc-incr i=61 repr=1543 active=41424/578809 POs=3540]
BMC : c =  405905  cl =  31996  lit =  577226  p =  1957  d =     0  f =  1583  +  T =     0.36 sec
  [bmc-prof  61] wall= 358.167 p=  3540 | ifo=  6.911(sd=1.056 nx=0.000 tfo=3.312 cnt=2.543) snap= 1.348 srm= 92.532 sat=253.915(set=4.207 slv=249.469 max=2.6212 n=3540) cex=R/T/F=0/0/1583 trsplit=0 sim= 0.000(rmp=0.000 run=0.000 n=0 d=0) chk= 0.017(d=1583) stat= 1.186 rest= 2.257
  [bmc-incr i=62 repr=1583 active=38933/577226 POs=3368]
BMC : c =  404531  cl =  31993  lit =  575816  p =  1958  d =     0  f =  1410  +  T =     0.34 sec
  [bmc-prof  62] wall= 337.362 p=  3368 | ifo=  5.821(sd=1.141 nx=0.000 tfo=2.529 cnt=2.150) snap= 1.341 srm= 87.240 sat=240.054(set=4.190 slv=235.639 max=1.8880 n=3368) cex=R/T/F=0/0/1410 trsplit=0 sim= 0.000(rmp=0.000 run=0.000 n=0 d=0) chk= 0.016(d=1410) stat= 1.170 rest= 1.721
  [bmc-incr i=63 repr=1410 active=35931/575816 POs=3173]
BMC : c =  403199  cl =  31989  lit =  574450  p =  1807  d =     0  f =  1366  +  T =     0.34 sec
  [bmc-prof  63] wall= 344.121 p=  3173 | ifo=  5.621(sd=0.781 nx=0.000 tfo=2.185 cnt=2.654) snap= 1.310 srm= 90.880 sat=243.229(set=4.195 slv=238.817 max=1.9052 n=3173) cex=R/T/F=0/0/1366 trsplit=0 sim= 0.000(rmp=0.000 run=0.000 n=0 d=0) chk= 0.015(d=1366) stat= 1.202 rest= 1.865
  [bmc-incr i=64 repr=1366 active=32198/574450 POs=2897]
BMC : c =  401945  cl =  31986  lit =  573165  p =  1612  d =     0  f =  1285  +  T =     0.32 sec
  [bmc-prof  64] wall= 319.911 p=  2897 | ifo=  5.204(sd=0.832 nx=0.000 tfo=2.005 cnt=2.367) snap= 1.349 srm= 89.790 sat=220.563(set=4.227 slv=216.133 max=1.9140 n=2897) cex=R/T/F=0/0/1285 trsplit=0 sim= 0.000(rmp=0.000 run=0.000 n=0 d=0) chk= 0.014(d=1285) stat= 1.206 rest= 1.786
  [bmc-incr i=65 repr=1285 active=29799/573165 POs=2666]
BMC : c =  400844  cl =  31985  lit =  572037  p =  1538  d =     0  f =  1128  +  T =     0.29 sec
  [bmc-prof  65] wall= 292.066 p=  2666 | ifo=  5.032(sd=0.811 nx=0.000 tfo=2.040 cnt=2.181) snap= 1.398 srm= 93.651 sat=188.499(set=5.069 slv=183.260 max=2.0783 n=2666) cex=R/T/F=0/0/1128 trsplit=0 sim= 0.000(rmp=0.000 run=0.000 n=0 d=0) chk= 0.013(d=1128) stat= 1.352 rest= 2.122
  [bmc-incr i=66 repr=1128 active=27805/572037 POs=2474]
BMC : c =  399859  cl =  31979  lit =  571024  p =  1461  d =     0  f =  1013  +  T =     0.26 sec
  [bmc-prof  66] wall= 264.446 p=  2474 | ifo=  6.281(sd=0.978 nx=0.000 tfo=2.766 cnt=2.537) snap= 1.674 srm= 93.379 sat=159.604(set=4.758 slv=154.685 max=2.1568 n=2474) cex=R/T/F=0/0/1013 trsplit=0 sim= 0.000(rmp=0.000 run=0.000 n=0 d=0) chk= 0.012(d=1013) stat= 1.365 rest= 2.130
  [bmc-incr i=67 repr=1013 active=24453/571024 POs=2279]
BMC : c =  398912  cl =  31976  lit =  570056  p =  1311  d =     0  f =   968  +  T =     0.26 sec
  [bmc-prof  67] wall= 264.195 p=  2279 | ifo=  6.837(sd=1.450 nx=0.000 tfo=2.916 cnt=2.470) snap= 1.308 srm= 98.125 sat=154.348(set=4.061 slv=150.125 max=2.0764 n=2279) cex=R/T/F=0/0/968 trsplit=0 sim= 0.000(rmp=0.000 run=0.000 n=0 d=0) chk= 0.011(d=968) stat= 1.399 rest= 2.168
  [bmc-incr i=68 repr=968 active=22542/570056 POs=2084]
BMC : c =  398090  cl =  31975  lit =  569214  p =  1242  d =     0  f =   842  +  T =     0.25 sec
  [bmc-prof  68] wall= 247.432 p=  2084 | ifo=  5.798(sd=1.021 nx=0.000 tfo=2.378 cnt=2.399) snap= 1.359 srm= 96.922 sat=139.879(set=6.079 slv=133.659 max=2.0317 n=2084) cex=R/T/F=0/0/842 trsplit=0 sim= 0.000(rmp=0.000 run=0.000 n=0 d=0) chk= 0.009(d=842) stat= 1.370 rest= 2.094
  [bmc-incr i=69 repr=842 active=20410/569214 POs=1906]
BMC : c =  397339  cl =  31974  lit =  568443  p =  1135  d =     0  f =   771  +  T =     0.24 sec
  [bmc-prof  69] wall= 239.029 p=  1906 | ifo=  5.297(sd=1.053 nx=0.000 tfo=2.060 cnt=2.184) snap= 1.682 srm= 96.627 sat=131.838(set=4.745 slv=126.965 max=2.0959 n=1906) cex=R/T/F=0/0/771 trsplit=0 sim= 0.000(rmp=0.000 run=0.000 n=0 d=0) chk= 0.009(d=771) stat= 1.402 rest= 2.174
  [bmc-incr i=70 repr=771 active=18794/568443 POs=1754]
BMC : c =  396644  cl =  31973  lit =  567731  p =  1042  d =     0  f =   712  +  T =     0.22 sec
  [bmc-prof  70] wall= 225.955 p=  1754 | ifo=  5.586(sd=1.029 nx=0.000 tfo=2.132 cnt=2.424) snap= 1.748 srm= 94.875 sat=120.796(set=4.757 slv=115.918 max=1.9664 n=1754) cex=R/T/F=0/0/712 trsplit=0 sim= 0.000(rmp=0.000 run=0.000 n=0 d=0) chk= 0.007(d=712) stat= 1.151 rest= 1.791
  [bmc-incr i=71 repr=712 active=17208/567731 POs=1606]
BMC : c =  396010  cl =  31971  lit =  567081  p =   956  d =     0  f =   650  +  T =     0.21 sec
  [bmc-prof  71] wall= 213.936 p=  1606 | ifo=  4.285(sd=0.797 nx=0.000 tfo=1.353 cnt=2.135) snap= 1.368 srm= 92.178 sat=112.567(set=4.172 slv=108.284 max=2.1412 n=1606) cex=R/T/F=0/0/650 trsplit=0 sim= 0.000(rmp=0.000 run=0.000 n=0 d=0) chk= 0.008(d=650) stat= 1.346 rest= 2.183
  [bmc-incr i=72 repr=650 active=15235/567081 POs=1422]
BMC : c =  395459  cl =  31970  lit =  566519  p =   860  d =     0  f =   562  +  T =     0.20 sec
  [bmc-prof  72] wall= 196.774 p=  1422 | ifo=  5.238(sd=0.978 nx=0.000 tfo=1.805 cnt=2.455) snap= 1.330 srm= 91.927 sat= 95.335(set=5.100 slv=90.139 max=1.9161 n=1422) cex=R/T/F=0/0/562 trsplit=0 sim= 0.000(rmp=0.000 run=0.000 n=0 d=0) chk= 0.006(d=562) stat= 1.170 rest= 1.768
  [bmc-incr i=73 repr=562 active=13794/566519 POs=1281]
BMC : c =  395008  cl =  31968  lit =  566062  p =   824  d =     0  f =   457  +  T =     0.18 sec
  [bmc-prof  73] wall= 177.346 p=  1281 | ifo=  4.066(sd=0.765 nx=0.000 tfo=1.174 cnt=2.127) snap= 1.335 srm= 88.809 sat= 80.163(set=4.418 slv=75.660 max=1.8978 n=1281) cex=R/T/F=0/0/457 trsplit=0 sim= 0.000(rmp=0.000 run=0.000 n=0 d=0) chk= 0.005(d=457) stat= 1.167 rest= 1.800
  [bmc-incr i=74 repr=457 active=12584/566062 POs=1145]
BMC : c =  394636  cl =  31966  lit =  565686  p =   769  d =     0  f =   376  +  T =     0.17 sec
  [bmc-prof  74] wall= 173.592 p=  1145 | ifo=  3.980(sd=0.769 nx=0.000 tfo=1.094 cnt=2.118) snap= 1.331 srm= 88.649 sat= 76.713(set=4.113 slv=72.514 max=2.1468 n=1145) cex=R/T/F=0/0/376 trsplit=0 sim= 0.000(rmp=0.000 run=0.000 n=0 d=0) chk= 0.004(d=376) stat= 1.166 rest= 1.749
  [bmc-incr i=75 repr=376 active=11350/565686 POs=1010]
BMC : c =  394311  cl =  31963  lit =  565357  p =   681  d =     0  f =   329  +  T =     0.16 sec
  [bmc-prof  75] wall= 163.318 p=  1010 | ifo=  4.153(sd=0.784 nx=0.000 tfo=1.009 cnt=2.361) snap= 1.311 srm= 95.837 sat= 59.097(set=4.051 slv=54.982 max=1.9887 n=1010) cex=R/T/F=0/0/329 trsplit=0 sim= 0.000(rmp=0.000 run=0.000 n=0 d=0) chk= 0.004(d=329) stat= 1.144 rest= 1.772
  [bmc-incr i=76 repr=329 active=9058/565357 POs=750]
BMC : c =  394045  cl =  31963  lit =  565091  p =   484  d =     0  f =   266  +  T =     0.14 sec
  [bmc-prof  76] wall= 145.872 p=   750 | ifo=  3.781(sd=0.789 nx=0.000 tfo=0.857 cnt=2.135) snap= 1.333 srm= 86.694 sat= 51.112(set=4.130 slv=46.931 max=4.1275 n=750) cex=R/T/F=0/0/266 trsplit=0 sim= 0.000(rmp=0.000 run=0.000 n=0 d=0) chk= 0.002(d=266) stat= 1.169 rest= 1.780
  [bmc-incr i=77 repr=266 active=7975/565091 POs=641]
BMC : c =  393815  cl =  31963  lit =  564861  p =   411  d =     0  f =   230  +  T =     0.15 sec
  [bmc-prof  77] wall= 148.639 p=   641 | ifo=  3.596(sd=0.806 nx=0.000 tfo=0.655 cnt=2.135) snap= 1.711 srm= 96.087 sat= 43.405(set=4.731 slv=38.627 max=2.1942 n=641) cex=R/T/F=0/0/230 trsplit=0 sim= 0.000(rmp=0.000 run=0.000 n=0 d=0) chk= 0.003(d=230) stat= 1.155 rest= 2.682
  [bmc-incr i=78 repr=230 active=6725/564861 POs=535]
BMC : c =  393617  cl =  31963  lit =  564663  p =   337  d =     0  f =   198  +  T =     0.14 sec
  [bmc-prof  78] wall= 144.551 p=   535 | ifo=  4.156(sd=1.009 nx=0.000 tfo=0.709 cnt=2.438) snap= 1.753 srm= 95.785 sat= 39.454(set=5.310 slv=34.104 max=2.0395 n=535) cex=R/T/F=0/0/198 trsplit=0 sim= 0.000(rmp=0.000 run=0.000 n=0 d=0) chk= 0.002(d=198) stat= 1.360 rest= 2.041
  [bmc-incr i=79 repr=198 active=6208/564663 POs=489]
BMC : c =  393449  cl =  31963  lit =  564495  p =   321  d =     0  f =   168  +  T =     0.13 sec
  [bmc-prof  79] wall= 134.968 p=   489 | ifo=  4.740(sd=1.913 nx=0.000 tfo=0.564 cnt=2.263) snap= 1.324 srm= 91.189 sat= 34.698(set=4.200 slv=30.463 max=1.9862 n=489) cex=R/T/F=0/0/168 trsplit=0 sim= 0.000(rmp=0.000 run=0.000 n=0 d=0) chk= 0.002(d=168) stat= 1.186 rest= 1.829
  [bmc-incr i=80 repr=168 active=5600/564495 POs=445]
BMC : c =  393306  cl =  31963  lit =  564352  p =   302  d =     0  f =   143  +  T =     0.12 sec
  [bmc-prof  80] wall= 123.919 p=   445 | ifo=  3.436(sd=0.789 nx=0.000 tfo=0.506 cnt=2.142) snap= 1.309 srm= 85.775 sat= 30.470(set=4.091 slv=26.347 max=1.9733 n=445) cex=R/T/F=0/0/143 trsplit=0 sim= 0.000(rmp=0.000 run=0.000 n=0 d=0) chk= 0.002(d=143) stat= 1.190 rest= 1.738
  [bmc-incr i=81 repr=143 active=5227/564352 POs=419]
BMC : c =  393174  cl =  31963  lit =  564220  p =   287  d =     0  f =   132  +  T =     0.13 sec
  [bmc-prof  81] wall= 134.332 p=   419 | ifo=  3.488(sd=0.785 nx=0.000 tfo=0.451 cnt=2.252) snap= 1.338 srm= 96.504 sat= 29.936(set=4.583 slv=25.320 max=2.1249 n=419) cex=R/T/F=0/0/132 trsplit=0 sim= 0.000(rmp=0.000 run=0.000 n=0 d=0) chk= 0.002(d=132) stat= 1.203 rest= 1.862
  [bmc-incr i=82 repr=132 active=3110/564220 POs=295]
BMC : c =  393059  cl =  31963  lit =  564105  p =   180  d =     0  f =   115  +  T =     0.12 sec
  [bmc-prof  82] wall= 120.435 p=   295 | ifo=  3.500(sd=0.804 nx=0.000 tfo=0.390 cnt=2.306) snap= 1.390 srm= 86.170 sat= 26.393(set=5.143 slv=21.227 max=1.9448 n=295) cex=R/T/F=0/0/115 trsplit=0 sim= 0.000(rmp=0.000 run=0.000 n=0 d=0) chk= 0.002(d=115) stat= 1.183 rest= 1.796
  [bmc-incr i=83 repr=115 active=2719/564105 POs=251]
BMC : c =  392968  cl =  31963  lit =  564014  p =   160  d =     0  f =    91  +  T =     0.12 sec
  [bmc-prof  83] wall= 119.602 p=   251 | ifo=  3.368(sd=0.807 nx=0.000 tfo=0.328 cnt=2.233) snap= 1.457 srm= 87.847 sat= 23.924(set=5.110 slv=18.793 max=1.9170 n=251) cex=R/T/F=0/0/91 trsplit=0 sim= 0.000(rmp=0.000 run=0.000 n=0 d=0) chk= 0.001(d=91) stat= 1.144 rest= 1.862
  [bmc-incr i=84 repr=91 active=2377/564014 POs=224]
BMC : c =  392887  cl =  31963  lit =  563933  p =   143  d =     0  f =    81  +  T =     0.12 sec
  [bmc-prof  84] wall= 122.382 p=   224 | ifo=  3.194(sd=0.767 nx=0.000 tfo=0.300 cnt=2.127) snap= 1.665 srm= 92.795 sat= 21.342(set=4.986 slv=16.323 max=2.0447 n=224) cex=R/T/F=0/0/81 trsplit=0 sim= 0.000(rmp=0.000 run=0.000 n=0 d=0) chk= 0.001(d=81) stat= 1.359 rest= 2.026
  [bmc-incr i=85 repr=81 active=1230/563933 POs=153]
BMC : c =  392824  cl =  31963  lit =  563870  p =    90  d =     0  f =    63  +  T =     0.12 sec
  [bmc-prof  85] wall= 122.895 p=   153 | ifo=  3.794(sd=1.068 nx=0.000 tfo=0.271 cnt=2.456) snap= 1.314 srm= 96.873 sat= 17.899(set=4.623 slv=13.263 max=2.0108 n=153) cex=R/T/F=0/0/63 trsplit=0 sim= 0.000(rmp=0.000 run=0.000 n=0 d=0) chk= 0.001(d=63) stat= 1.190 rest= 1.823
  [bmc-incr i=86 repr=63 active=967/563870 POs=129]
BMC : c =  392771  cl =  31963  lit =  563817  p =    76  d =     0  f =    53  +  T =     0.11 sec
  [bmc-prof  86] wall= 110.787 p=   129 | ifo=  3.147(sd=0.765 nx=0.000 tfo=0.203 cnt=2.179) snap= 1.308 srm= 88.296 sat= 15.084(set=4.291 slv=10.780 max=2.0086 n=129) cex=R/T/F=0/0/53 trsplit=0 sim= 0.000(rmp=0.000 run=0.000 n=0 d=0) chk= 0.001(d=53) stat= 1.191 rest= 1.760
  [bmc-incr i=87 repr=53 active=760/563817 POs=102]
BMC : c =  392729  cl =  31962  lit =  563774  p =    59  d =     0  f =    43  +  T =     0.11 sec
  [bmc-prof  87] wall= 112.617 p=   102 | ifo=  3.223(sd=0.836 nx=0.000 tfo=0.186 cnt=2.201) snap= 1.669 srm= 90.323 sat= 14.069(set=5.237 slv=8.822 max=2.7182 n=102) cex=R/T/F=0/0/43 trsplit=0 sim= 0.000(rmp=0.000 run=0.000 n=0 d=0) chk= 0.001(d=43) stat= 1.191 rest= 2.141
  [bmc-incr i=88 repr=43 active=567/563774 POs=85]
BMC : c =  392695  cl =  31962  lit =  563740  p =    51  d =     0  f =    34  +  T =     0.09 sec
  [bmc-prof  88] wall=  86.471 p=    85 | ifo=  3.153(sd=0.802 nx=0.000 tfo=0.191 cnt=2.160) snap= 1.630 srm= 73.641 sat=  5.131(set=0.255 slv=4.869 max=0.3266 n=85) cex=R/T/F=0/0/34 trsplit=0 sim= 0.000(rmp=0.000 run=0.000 n=0 d=0) chk= 0.001(d=34) stat= 1.329 rest= 1.586
  [bmc-incr i=89 repr=34 active=431/563740 POs=62]
BMC : c =  392672  cl =  31962  lit =  563717  p =    39  d =     0  f =    23  +  T =     0.09 sec
  [bmc-prof  89] wall=  87.951 p=    62 | ifo=  3.563(sd=0.982 nx=0.000 tfo=0.153 cnt=2.428) snap= 1.644 srm= 75.952 sat=  3.898(set=0.208 slv=3.683 max=0.5045 n=62) cex=R/T/F=0/0/23 trsplit=0 sim= 0.000(rmp=0.000 run=0.000 n=0 d=0) chk= 0.001(d=23) stat= 1.388 rest= 1.506
  [bmc-incr i=90 repr=23 active=358/563717 POs=50]
BMC : c =  392656  cl =  31962  lit =  563701  p =    34  d =     0  f =    16  +  T =     0.08 sec
  [bmc-prof  90] wall=  86.152 p=    50 | ifo=  3.307(sd=0.926 nx=0.000 tfo=0.113 cnt=2.268) snap= 1.956 srm= 75.080 sat=  2.727(set=0.173 slv=2.548 max=0.5400 n=50) cex=R/T/F=0/0/16 trsplit=0 sim= 0.000(rmp=0.000 run=0.000 n=0 d=0) chk= 0.001(d=16) stat= 1.384 rest= 1.697
  [bmc-incr i=91 repr=16 active=290/563701 POs=39]
BMC : c =  392642  cl =  31962  lit =  563687  p =    25  d =     0  f =    14  +  T =     0.08 sec
  [bmc-prof  91] wall=  84.719 p=    39 | ifo=  3.786(sd=1.042 nx=0.000 tfo=0.087 cnt=2.657) snap= 1.702 srm= 74.098 sat=  2.087(set=0.121 slv=1.962 max=0.2554 n=39) cex=R/T/F=0/0/14 trsplit=0 sim= 0.000(rmp=0.000 run=0.000 n=0 d=0) chk= 0.001(d=14) stat= 1.397 rest= 1.648
  [bmc-incr i=92 repr=14 active=246/563687 POs=34]
BMC : c =  392628  cl =  31962  lit =  563673  p =    20  d =     0  f =    14  +  T =     0.08 sec
  [bmc-prof  92] wall=  85.289 p=    34 | ifo=  3.626(sd=1.036 nx=0.000 tfo=0.066 cnt=2.524) snap= 1.728 srm= 74.844 sat=  2.030(set=0.099 slv=1.928 max=0.2703 n=34) cex=R/T/F=0/0/14 trsplit=0 sim= 0.000(rmp=0.000 run=0.000 n=0 d=0) chk= 0.001(d=14) stat= 1.381 rest= 1.679
  [bmc-incr i=93 repr=14 active=190/563673 POs=24]
BMC : c =  392616  cl =  31962  lit =  563661  p =    12  d =     0  f =    12  +  T =     0.08 sec
  [bmc-prof  93] wall=  86.066 p=    24 | ifo=  3.687(sd=1.080 nx=0.000 tfo=0.057 cnt=2.550) snap= 1.861 srm= 76.280 sat=  1.672(set=0.083 slv=1.586 max=0.2365 n=24) cex=R/T/F=0/0/12 trsplit=0 sim= 0.000(rmp=0.000 run=0.000 n=0 d=0) chk= 0.001(d=12) stat= 1.180 rest= 1.386
  [bmc-incr i=94 repr=12 active=160/563661 POs=20]
BMC : c =  392606  cl =  31962  lit =  563651  p =    10  d =     0  f =    10  +  T =     0.07 sec
  [bmc-prof  94] wall=  74.364 p=    20 | ifo=  3.447(sd=0.804 nx=0.000 tfo=0.063 cnt=2.580) snap= 1.335 srm= 65.340 sat=  1.290(set=0.064 slv=1.221 max=0.1945 n=20) cex=R/T/F=0/0/10 trsplit=0 sim= 0.000(rmp=0.000 run=0.000 n=0 d=0) chk= 0.001(d=10) stat= 1.355 rest= 1.596
  [bmc-incr i=95 repr=10 active=141/563651 POs=14]
BMC : c =  392602  cl =  31962  lit =  563647  p =    10  d =     0  f =     4  +  T =     0.08 sec
  [bmc-prof  95] wall=  77.290 p=    14 | ifo=  3.093(sd=0.796 nx=0.000 tfo=0.052 cnt=2.245) snap= 1.380 srm= 69.368 sat=  0.610(set=0.054 slv=0.553 max=0.1501 n=14) cex=R/T/F=0/0/4 trsplit=0 sim= 0.000(rmp=0.000 run=0.000 n=0 d=0) chk= 0.001(d=4) stat= 1.188 rest= 1.651
  [bmc-incr i=96 repr=4 active=122/563647 POs=12]
BMC : c =  392598  cl =  31962  lit =  563643  p =     8  d =     0  f =     4  +  T =     0.08 sec
  [bmc-prof  96] wall=  82.900 p=    12 | ifo=  3.120(sd=0.811 nx=0.000 tfo=0.017 cnt=2.292) snap= 1.786 srm= 73.943 sat=  0.667(set=0.045 slv=0.619 max=0.1985 n=12) cex=R/T/F=0/0/4 trsplit=0 sim= 0.000(rmp=0.000 run=0.000 n=0 d=0) chk= 0.001(d=4) stat= 1.497 rest= 1.887
  [bmc-incr i=97 repr=4 active=118/563643 POs=12]
BMC : c =  392594  cl =  31962  lit =  563639  p =     8  d =     0  f =     4  +  T =     0.08 sec
  [bmc-prof  97] wall=  83.242 p=    12 | ifo=  3.582(sd=1.045 nx=0.000 tfo=0.016 cnt=2.520) snap= 1.698 srm= 74.297 sat=  0.619(set=0.037 slv=0.580 max=0.1776 n=12) cex=R/T/F=0/0/4 trsplit=0 sim= 0.000(rmp=0.000 run=0.000 n=0 d=0) chk= 0.001(d=4) stat= 1.400 rest= 1.645
  [bmc-incr i=98 repr=4 active=101/563639 POs=12]
BMC : c =  392590  cl =  31962  lit =  563635  p =     8  d =     0  f =     4  +  T =     0.08 sec
  [bmc-prof  98] wall=  84.160 p=    12 | ifo=  3.609(sd=1.045 nx=0.000 tfo=0.014 cnt=2.550) snap= 1.991 srm= 74.830 sat=  0.661(set=0.080 slv=0.578 max=0.1828 n=12) cex=R/T/F=0/0/4 trsplit=0 sim= 0.000(rmp=0.000 run=0.000 n=0 d=0) chk= 0.001(d=4) stat= 1.376 rest= 1.694
  [bmc-incr i=99 repr=4 active=97/563635 POs=12]
BMC : c =  392586  cl =  31962  lit =  563631  p =     8  d =     0  f =     4  +  T =     0.08 sec
  [bmc-prof  99] wall=  84.118 p=    12 | ifo=  3.601(sd=1.042 nx=0.000 tfo=0.013 cnt=2.546) snap= 1.685 srm= 74.987 sat=  0.622(set=0.039 slv=0.581 max=0.1811 n=12) cex=R/T/F=0/0/4 trsplit=0 sim= 0.000(rmp=0.000 run=0.000 n=0 d=0) chk= 0.000(d=4) stat= 1.563 rest= 1.659
  [bmc-incr i=100 repr=4 active=80/563631 POs=12]
BMC : c =  392582  cl =  31962  lit =  563627  p =     8  d =     0  f =     4  +  T =     0.08 sec
  [bmc-prof 100] wall=  81.699 p=    12 | ifo=  3.561(sd=1.021 nx=0.000 tfo=0.012 cnt=2.527) snap= 1.684 srm= 72.710 sat=  0.753(set=0.042 slv=0.708 max=0.2655 n=12) cex=R/T/F=0/0/4 trsplit=0 sim= 0.000(rmp=0.000 run=0.000 n=0 d=0) chk= 0.000(d=4) stat= 1.382 rest= 1.609
  [bmc-incr i=101 repr=4 active=76/563627 POs=12]
BMC : c =  392578  cl =  31962  lit =  563623  p =     8  d =     0  f =     4  +  T =     0.08 sec
  [bmc-prof 101] wall=  82.231 p=    12 | ifo=  3.584(sd=1.049 nx=0.000 tfo=0.013 cnt=2.523) snap= 1.680 srm= 73.374 sat=  0.702(set=0.051 slv=0.648 max=0.2050 n=12) cex=R/T/F=0/0/4 trsplit=0 sim= 0.000(rmp=0.000 run=0.000 n=0 d=0) chk= 0.000(d=4) stat= 1.186 rest= 1.705
  [bmc-incr i=102 repr=4 active=57/563623 POs=10]
BMC : c =  392574  cl =  31962  lit =  563619  p =     6  d =     0  f =     4  +  T =     0.08 sec
  [bmc-prof 102] wall=  76.605 p=    10 | ifo=  3.605(sd=1.059 nx=0.000 tfo=0.012 cnt=2.534) snap= 1.271 srm= 67.961 sat=  0.963(set=0.033 slv=0.927 max=0.4715 n=10) cex=R/T/F=0/0/4 trsplit=0 sim= 0.000(rmp=0.000 run=0.000 n=0 d=0) chk= 0.001(d=4) stat= 1.235 rest= 1.569
  [bmc-incr i=103 repr=4 active=53/563619 POs=8]
BMC : c =  392572  cl =  31962  lit =  563617  p =     6  d =     0  f =     2  +  T =     0.07 sec
  [bmc-prof 103] wall=  72.416 p=     8 | ifo=  2.962(sd=0.788 nx=0.000 tfo=0.010 cnt=2.164) snap= 1.350 srm= 65.277 sat=  0.312(set=0.034 slv=0.276 max=0.1879 n=8) cex=R/T/F=0/0/2 trsplit=0 sim= 0.000(rmp=0.000 run=0.000 n=0 d=0) chk= 0.000(d=2) stat= 1.142 rest= 1.373
  [bmc-incr i=104 repr=2 active=35/563617 POs=5]
BMC : c =  392570  cl =  31962  lit =  563615  p =     3  d =     0  f =     2  +  T =     0.07 sec
  [bmc-prof 104] wall=  70.131 p=     5 | ifo=  2.999(sd=0.773 nx=0.000 tfo=0.009 cnt=2.217) snap= 1.260 srm= 63.150 sat=  0.311(set=0.033 slv=0.276 max=0.1938 n=5) cex=R/T/F=0/0/2 trsplit=0 sim= 0.000(rmp=0.000 run=0.000 n=0 d=0) chk= 0.001(d=2) stat= 1.113 rest= 1.298
  [bmc-incr i=105 repr=2 active=33/563615 POs=5]
BMC : c =  392568  cl =  31962  lit =  563613  p =     3  d =     0  f =     2  +  T =     0.07 sec
  [bmc-prof 105] wall=  73.420 p=     5 | ifo=  3.169(sd=0.744 nx=0.000 tfo=0.009 cnt=2.416) snap= 1.509 srm= 65.986 sat=  0.333(set=0.034 slv=0.297 max=0.2130 n=5) cex=R/T/F=0/0/2 trsplit=0 sim= 0.000(rmp=0.000 run=0.000 n=0 d=0) chk= 0.001(d=2) stat= 1.125 rest= 1.298
  [bmc-incr i=106 repr=2 active=11/563613 POs=2]
BMC : c =  392566  cl =  31962  lit =  563611  p =     0  d =     0  f =     2  +  T =     0.07 sec
  [bmc-prof 106] wall=  69.773 p=     2 | ifo=  2.962(sd=0.768 nx=0.000 tfo=0.006 cnt=2.188) snap= 1.295 srm= 62.026 sat=  0.803(set=0.033 slv=0.768 max=0.6814 n=2) cex=R/T/F=0/0/2 trsplit=0 sim= 0.000(rmp=0.000 run=0.000 n=0 d=0) chk= 0.000(d=2) stat= 1.112 rest= 1.574
  [bmc-incr i=107 repr=2 active=9/563611 POs=2]
BMC : c =  392564  cl =  31962  lit =  563609  p =     0  d =     0  f =     2  +  T =     0.07 sec
  [bmc-prof 107] wall=  69.977 p=     2 | ifo=  2.902(sd=0.774 nx=0.000 tfo=0.006 cnt=2.123) snap= 1.271 srm= 63.213 sat=  0.198(set=0.033 slv=0.164 max=0.0888 n=2) cex=R/T/F=0/0/2 trsplit=0 sim= 0.000(rmp=0.000 run=0.000 n=0 d=0) chk= 0.001(d=2) stat= 1.108 rest= 1.284
  [bmc-incr i=108 repr=2 active=3/563609 POs=0]
  [bmc-prof ALL] wall=107262.212 p=2696198 | ifo=1284.921(sd=102.063 nx=0.000 tfo=928.146 cnt=254.712) snap=164.866 srm=9273.414 sat=92483.911(set=366.413 slv=91956.677 max=5.0054 n=2696198) cex=R/T/F=62791/0/510047 trsplit=0 sim=3674.142(rmp=138.393 run=3535.683 n=51 d=59251) chk=37.511(d=504430) stat=141.658 rest=201.789
  1 : c =  390406  cl =  31747  lit =  557849  p =128795  d =     0  f =  5836  +  T =     0.60 sec
  [prof   1] wall= 605.319 p=134631 | ifo=  0.000(sd=0.000 nx=0.000 tfo=0.000 cnt=0.000) snap= 1.349 srm=107.578 sat=493.323(set=8.780 slv=478.089 max=2.6948 n=134631) cex=R/T/F=0/0/5836 trsplit=0 sim= 0.000(rmp=0.000 run=0.000 n=0 d=0) chk= 0.347(d=5760) stat= 1.252 rest= 1.471
  2 : c =  387920  cl =  31615  lit =  552365  p =131241  d =     0  f =  5514  +  T =     0.61 sec
  [prof   2] wall= 609.013 p=136755 | ifo= 24.831(sd=0.845 nx=0.694 tfo=21.484 cnt=1.809) snap= 1.295 srm=124.356 sat=455.283(set=8.753 slv=440.085 max=0.4767 n=136755) cex=R/T/F=0/0/5514 trsplit=0 sim= 0.000(rmp=0.000 run=0.000 n=0 d=0) chk= 0.298(d=5484) stat= 1.198 rest= 1.751
  3 : c =  383893  cl =  31468  lit =  546427  p =132015  d =     0  f =  5976  -  T =     0.76 sec
  [prof   3] wall= 761.872 p=137991 | ifo= 27.976(sd=0.814 nx=0.738 tfo=24.197 cnt=2.227) snap= 1.712 srm=242.012 sat=486.427(set=16.308 slv=463.355 max=0.7474 n=137991) cex=R/T/F=0/0/5976 trsplit=0 sim= 0.000(rmp=0.000 run=0.000 n=0 d=0) chk= 0.263(d=5938) stat= 1.639 rest= 1.843
  4 : c =  379812  cl =  31390  lit =  538605  p =135209  d =     0  f =  7848  -  T =     0.72 sec
  [prof   4] wall= 725.206 p=143057 | ifo= 33.524(sd=1.045 nx=0.952 tfo=29.268 cnt=2.259) snap= 1.363 srm=102.721 sat=584.036(set=7.371 slv=569.770 max=0.7838 n=143057) cex=R/T/F=0/0/7848 trsplit=0 sim= 0.000(rmp=0.000 run=0.000 n=0 d=0) chk= 0.445(d=7822) stat= 1.373 rest= 1.743
  5 : c =  375678  cl =  31323  lit =  530746  p =138457  d =     0  f =  7873  -  T =     0.72 sec
  [prof   5] wall= 725.418 p=146330 | ifo= 27.988(sd=1.017 nx=0.953 tfo=23.734 cnt=2.284) snap= 1.646 srm= 96.423 sat=596.327(set=7.930 slv=581.000 max=3.0896 n=146330) cex=R/T/F=0/0/7873 trsplit=0 sim= 0.000(rmp=0.000 run=0.000 n=0 d=0) chk= 0.373(d=7859) stat= 1.190 rest= 1.470
  6 : c =  371481  cl =  31227  lit =  522826  p =141674  d =     0  f =  7938  -  T =     0.71 sec
  [prof   6] wall= 713.427 p=149612 | ifo= 22.903(sd=0.795 nx=0.641 tfo=19.563 cnt=1.903) snap= 1.348 srm= 89.272 sat=596.927(set=7.215 slv=582.332 max=1.3353 n=149612) cex=R/T/F=0/0/7938 trsplit=0 sim= 0.000(rmp=0.000 run=0.000 n=0 d=0) chk= 0.357(d=7920) stat= 1.203 rest= 1.418
  7 : c =  367152  cl =  31027  lit =  514773  p =144593  d =     0  f =  8086  -  T =     0.74 sec
  [prof   7] wall= 741.342 p=152679 | ifo= 24.303(sd=0.820 nx=0.638 tfo=21.057 cnt=1.787) snap= 1.334 srm= 91.673 sat=620.342(set=7.412 slv=605.338 max=0.5241 n=152679) cex=R/T/F=0/0/8086 trsplit=0 sim= 0.000(rmp=0.000 run=0.000 n=0 d=0) chk= 0.455(d=8053) stat= 1.462 rest= 1.773
  8 : c =  362510  cl =  30743  lit =  506496  p =146671  d =     0  f =  8295  -  T =     0.76 sec
  [prof   8] wall= 759.702 p=154966 | ifo= 26.708(sd=1.285 nx=0.975 tfo=22.698 cnt=1.749) snap= 1.298 srm= 88.289 sat=640.301(set=7.632 slv=625.109 max=1.1147 n=154966) cex=R/T/F=0/0/8295 trsplit=0 sim= 0.000(rmp=0.000 run=0.000 n=0 d=0) chk= 0.352(d=8277) stat= 1.218 rest= 1.536
  9 : c =  357628  cl =  30388  lit =  498086  p =148075  d =     0  f =  8426  -  T =     0.78 sec
  [prof   9] wall= 786.158 p=156501 | ifo= 24.357(sd=0.826 nx=0.646 tfo=21.083 cnt=1.802) snap= 1.399 srm= 95.638 sat=660.865(set=7.351 slv=645.920 max=0.5409 n=156501) cex=R/T/F=0/0/8426 trsplit=0 sim= 0.000(rmp=0.000 run=0.000 n=0 d=0) chk= 0.453(d=8410) stat= 1.560 rest= 1.887
 10 : c =  352519  cl =  29986  lit =  489617  p =149211  d =     0  f =  8482  -  T =     0.82 sec
  [prof  10] wall= 822.259 p=157693 | ifo= 27.588(sd=0.833 nx=0.950 tfo=23.564 cnt=2.241) snap= 1.815 srm= 96.996 sat=692.622(set=9.256 slv=675.693 max=0.5886 n=157693) cex=R/T/F=0/0/8482 trsplit=0 sim= 0.000(rmp=0.000 run=0.000 n=0 d=0) chk= 0.346(d=8469) stat= 1.326 rest= 1.566
 11 : c =  347206  cl =  29572  lit =  481124  p =149938  d =     0  f =  8503  -  T =     0.84 sec
  [prof  11] wall= 839.683 p=158441 | ifo= 22.481(sd=0.824 nx=0.718 tfo=19.093 cnt=1.846) snap= 1.344 srm= 95.589 sat=716.381(set=7.910 slv=700.713 max=0.6546 n=158441) cex=R/T/F=0/0/8503 trsplit=0 sim= 0.000(rmp=0.000 run=0.000 n=0 d=0) chk= 0.371(d=8493) stat= 1.431 rest= 2.085
 12 : c =  341739  cl =  29176  lit =  472706  p =150566  d =     0  f =  8425  -  T =     0.84 sec
  [prof  12] wall= 837.817 p=158991 | ifo= 20.613(sd=0.793 nx=0.705 tfo=17.398 cnt=1.717) snap= 2.353 srm= 95.395 sat=715.960(set=9.610 slv=698.728 max=0.4899 n=158991) cex=R/T/F=0/0/8425 trsplit=0 sim= 0.000(rmp=0.000 run=0.000 n=0 d=0) chk= 0.384(d=8418) stat= 1.380 rest= 1.732
 13 : c =  336299  cl =  28777  lit =  464509  p =150829  d =     0  f =  8202  -  T =     0.85 sec
  [prof  13] wall= 847.112 p=159031 | ifo= 26.177(sd=1.004 nx=0.951 tfo=22.059 cnt=2.165) snap= 1.633 srm= 98.403 sat=717.919(set=8.538 slv=700.855 max=0.7961 n=159031) cex=R/T/F=0/0/8202 trsplit=0 sim= 0.000(rmp=0.000 run=0.000 n=0 d=0) chk= 0.296(d=8197) stat= 1.252 rest= 1.431
 14 : c =  330538  cl =  28371  lit =  456177  p =150497  d =     0  f =  8334  -  T =     0.85 sec
  [prof  14] wall= 851.364 p=158831 | ifo= 20.664(sd=0.803 nx=0.662 tfo=17.512 cnt=1.687) snap= 1.259 srm= 89.511 sat=737.043(set=7.565 slv=721.920 max=0.8416 n=158831) cex=R/T/F=0/0/8334 trsplit=0 sim= 0.000(rmp=0.000 run=0.000 n=0 d=0) chk= 0.294(d=8332) stat= 1.234 rest= 1.360
 15 : c =  324405  cl =  27983  lit =  447694  p =149799  d =     0  f =  8485  -  T =     0.88 sec
  [prof  15] wall= 884.645 p=158284 | ifo= 21.722(sd=0.806 nx=0.644 tfo=18.033 cnt=2.239) snap= 1.621 srm= 95.068 sat=762.760(set=7.353 slv=747.989 max=0.5383 n=158284) cex=R/T/F=0/0/8485 trsplit=0 sim= 0.000(rmp=0.000 run=0.000 n=0 d=0) chk= 0.332(d=8483) stat= 1.428 rest= 1.714
 16 : c =  318036  cl =  27603  lit =  439157  p =148816  d =     0  f =  8537  -  T =     0.93 sec
  [prof  16] wall= 927.497 p=157353 | ifo= 24.904(sd=1.012 nx=0.926 tfo=20.654 cnt=2.312) snap= 1.616 srm= 98.740 sat=798.678(set=8.511 slv=782.559 max=0.8806 n=157353) cex=R/T/F=0/0/8537 trsplit=0 sim= 0.000(rmp=0.000 run=0.000 n=0 d=0) chk= 0.333(d=8537) stat= 1.457 rest= 1.768
 17 : c =  311579  cl =  27243  lit =  430719  p =147685  d =     0  f =  8440  -  T =     0.96 sec
  [prof  17] wall= 957.403 p=156125 | ifo= 20.819(sd=1.252 nx=0.696 tfo=17.162 cnt=1.709) snap= 1.307 srm= 91.223 sat=839.614(set=7.854 slv=823.792 max=0.8287 n=156125) cex=R/T/F=0/0/8440 trsplit=0 sim= 0.000(rmp=0.000 run=0.000 n=0 d=0) chk= 0.328(d=8438) stat= 1.992 rest= 2.119
 18 : c =  305010  cl =  26880  lit =  422350  p =146084  d =     0  f =  8371  -  T =     1.05 sec
  [prof  18] wall=1054.588 p=154455 | ifo= 25.640(sd=1.280 nx=1.097 tfo=21.234 cnt=2.029) snap= 1.675 srm=101.213 sat=922.340(set=8.426 slv=905.887 max=0.9298 n=154455) cex=R/T/F=0/0/8371 trsplit=0 sim= 0.000(rmp=0.000 run=0.000 n=0 d=0) chk= 0.307(d=8369) stat= 1.555 rest= 1.858
  [incr r=18 repr=8393 next=3221 tfo=1183531 active=310577/449230 POs=65011]
 19 : c =  298348  cl =  26510  lit =  414060  p = 56720  d =     0  f =  8291  -  T =     0.96 sec
  [prof  19] wall= 956.333 p= 65011 | ifo= 27.964(sd=1.164 nx=1.052 tfo=23.466 cnt=2.282) snap= 1.754 srm= 90.349 sat=833.196(set=7.157 slv=822.416 max=0.8588 n=65011) cex=R/T/F=0/0/8291 trsplit=0 sim= 0.000(rmp=0.000 run=0.000 n=0 d=0) chk= 0.205(d=8290) stat= 1.303 rest= 1.561
  [incr r=19 repr=8303 next=2868 tfo=1171978 active=298894/440570 POs=62353]
 20 : c =  291627  cl =  26091  lit =  405821  p = 54113  d =     0  f =  8240  -  T =     0.92 sec
  [prof  20] wall= 921.621 p= 62353 | ifo= 22.124(sd=0.848 nx=0.736 tfo=18.724 cnt=1.816) snap= 1.944 srm= 82.480 sat=812.231(set=6.984 slv=802.018 max=0.7909 n=62353) cex=R/T/F=0/0/8240 trsplit=0 sim= 0.000(rmp=0.000 run=0.000 n=0 d=0) chk= 0.176(d=8239) stat= 1.239 rest= 1.426
  [incr r=20 repr=8249 next=2585 tfo=1158890 active=286842/431912 POs=59248]
 21 : c =  284859  cl =  25693  lit =  397693  p = 51116  d =     0  f =  8132  -  T =     0.92 sec
  [prof  21] wall= 918.050 p= 59248 | ifo= 20.509(sd=0.793 nx=0.741 tfo=17.235 cnt=1.740) snap= 1.703 srm= 81.789 sat=811.144(set=8.698 slv=799.279 max=0.8482 n=59248) cex=R/T/F=0/0/8132 trsplit=0 sim= 0.000(rmp=0.000 run=0.000 n=0 d=0) chk= 0.167(d=8128) stat= 1.307 rest= 1.431
  [incr r=21 repr=8169 next=2263 tfo=1149955 active=276244/423386 POs=55953]
 22 : c =  277882  cl =  25282  lit =  389494  p = 47741  d =     0  f =  8212  -  T =     0.97 sec
  [prof  22] wall= 974.570 p= 55953 | ifo= 21.002(sd=0.788 nx=0.686 tfo=17.328 cnt=2.199) snap= 1.298 srm= 82.750 sat=866.565(set=6.171 slv=857.266 max=0.6637 n=55953) cex=R/T/F=0/0/8212 trsplit=0 sim= 0.000(rmp=0.000 run=0.000 n=0 d=0) chk= 0.156(d=8199) stat= 1.282 rest= 1.517
  [incr r=22 repr=8228 next=1978 tfo=1130883 active=263344/414776 POs=52273]
 23 : c =  270874  cl =  24925  lit =  381424  p = 44191  d =     0  f =  8082  -  T =     0.96 sec
  [prof  23] wall= 961.670 p= 52273 | ifo= 20.486(sd=0.891 nx=0.705 tfo=17.151 cnt=1.740) snap= 1.327 srm= 80.700 sat=856.095(set=6.219 slv=847.039 max=0.5942 n=52273) cex=R/T/F=0/0/8082 trsplit=0 sim= 0.000(rmp=0.000 run=0.000 n=0 d=0) chk= 0.162(d=8070) stat= 1.224 rest= 1.675
  [incr r=23 repr=8145 next=1669 tfo=1124523 active=255014/406349 POs=48845]
 24 : c =  264147  cl =  24574  lit =  373818  p = 41215  d =     0  f =  7630  -  T =     0.97 sec
  [prof  24] wall= 966.759 p= 48845 | ifo= 21.685(sd=1.240 nx=0.728 tfo=17.988 cnt=1.730) snap= 1.420 srm= 85.152 sat=854.868(set=6.356 slv=845.837 max=0.6091 n=48845) cex=R/T/F=0/0/7630 trsplit=0 sim= 0.000(rmp=0.000 run=0.000 n=0 d=0) chk= 0.153(d=7606) stat= 1.612 rest= 1.868
  [incr r=24 repr=7654 next=1356 tfo=1107573 active=242577/398392 POs=45158]
 25 : c =  257433  cl =  24258  lit =  366392  p = 37727  d =     0  f =  7431  -  T =     0.96 sec
  [prof  25] wall= 958.131 p= 45158 | ifo= 24.108(sd=1.128 nx=1.007 tfo=19.893 cnt=2.081) snap= 1.352 srm= 89.010 sat=840.403(set=6.445 slv=831.439 max=1.1888 n=45158) cex=R/T/F=0/0/7431 trsplit=0 sim= 0.000(rmp=0.000 run=0.000 n=0 d=0) chk= 0.137(d=7426) stat= 1.398 rest= 1.722
  [incr r=25 repr=7506 next=1052 tfo=1094022 active=231999/390650 POs=41438]
 26 : c =  250679  cl =  23975  lit =  359099  p = 34140  d =     0  f =  7298  -  T =     0.99 sec
  [prof  26] wall= 993.533 p= 41438 | ifo= 24.521(sd=1.026 nx=1.002 tfo=20.238 cnt=2.255) snap= 1.291 srm= 89.447 sat=874.379(set=6.354 slv=865.655 max=0.9043 n=41438) cex=R/T/F=0/0/7298 trsplit=0 sim= 0.000(rmp=0.000 run=0.000 n=0 d=0) chk= 0.123(d=7293) stat= 1.653 rest= 2.119
  [incr r=26 repr=7346 next=757 tfo=1076557 active=220065/383074 POs=37881]
 27 : c =  244063  cl =  23740  lit =  352071  p = 30848  d =     0  f =  7033  -  T =     0.98 sec
  [prof  27] wall= 978.504 p= 37881 | ifo= 22.759(sd=1.123 nx=0.885 tfo=18.610 cnt=2.142) snap= 1.661 srm= 89.276 sat=861.876(set=7.008 slv=852.698 max=0.8469 n=37881) cex=R/T/F=0/0/7033 trsplit=0 sim= 0.000(rmp=0.000 run=0.000 n=0 d=0) chk= 0.102(d=7028) stat= 1.326 rest= 1.503
  [incr r=27 repr=7061 next=551 tfo=1067427 active=210895/375811 POs=34785]
 28 : c =  238169  cl =  23586  lit =  345910  p = 28619  d =     0  f =  6166  -  T =     0.92 sec
  [prof  28] wall= 922.627 p= 34785 | ifo= 21.639(sd=0.825 nx=0.725 tfo=18.268 cnt=1.822) snap= 1.609 srm= 89.070 sat=807.002(set=7.042 slv=797.863 max=1.2648 n=34785) cex=R/T/F=0/0/6166 trsplit=0 sim= 0.000(rmp=0.000 run=0.000 n=0 d=0) chk= 0.091(d=6161) stat= 1.402 rest= 1.814
  [incr r=28 repr=6187 next=361 tfo=1050013 active=200461/369496 POs=32280]
 29 : c =  233168  cl =  23484  lit =  340687  p = 27048  d =     0  f =  5232  -  T =     0.77 sec
  [prof  29] wall= 769.598 p= 32280 | ifo= 19.979(sd=1.188 nx=0.733 tfo=16.346 cnt=1.712) snap= 1.500 srm= 88.759 sat=656.035(set=6.623 slv=647.541 max=1.1252 n=32280) cex=R/T/F=0/0/5232 trsplit=0 sim= 0.000(rmp=0.000 run=0.000 n=0 d=0) chk= 0.093(d=5223) stat= 1.429 rest= 1.803
  [incr r=29 repr=5271 next=309 tfo=1041118 active=193498/364171 POs=30674]
 30 : c =  228994  cl =  23367  lit =  336244  p = 26211  d =     0  f =  4463  -  T =     0.70 sec
  [prof  30] wall= 702.133 p= 30674 | ifo= 23.297(sd=1.203 nx=1.365 tfo=19.018 cnt=1.711) snap= 2.542 srm= 89.343 sat=582.780(set=8.075 slv=572.938 max=0.9820 n=30674) cex=R/T/F=0/0/4463 trsplit=0 sim= 0.000(rmp=0.000 run=0.000 n=0 d=0) chk= 0.077(d=4443) stat= 2.276 rest= 1.818
  [incr r=30 repr=4510 next=359 tfo=1025098 active=185774/359611 POs=29583]
 31 : c =  225290  cl =  23295  lit =  332302  p = 25621  d =     0  f =  3962  -  T =     0.64 sec
  [prof  31] wall= 637.721 p= 29583 | ifo= 24.838(sd=1.052 nx=0.983 tfo=20.608 cnt=2.194) snap= 1.739 srm= 88.692 sat=519.587(set=7.770 slv=510.099 max=1.4366 n=29583) cex=R/T/F=0/0/3962 trsplit=0 sim= 0.000(rmp=0.000 run=0.000 n=0 d=0) chk= 0.066(d=3942) stat= 1.254 rest= 1.545
  [incr r=31 repr=4001 next=320 tfo=1018886 active=181840/355597 POs=28890]
 32 : c =  222051  cl =  23230  lit =  328872  p = 25437  d =     0  f =  3453  -  T =     0.58 sec
  [prof  32] wall= 584.915 p= 28890 | ifo= 19.327(sd=0.795 nx=0.760 tfo=15.629 cnt=2.143) snap= 1.695 srm= 90.129 sat=470.351(set=7.214 slv=461.517 max=0.8978 n=28890) cex=R/T/F=0/0/3453 trsplit=0 sim= 0.000(rmp=0.000 run=0.000 n=0 d=0) chk= 0.092(d=3430) stat= 1.413 rest= 1.909
  [incr r=32 repr=3488 next=254 tfo=1001377 active=174838/352102 POs=28320]
 33 : c =  218911  cl =  23181  lit =  325594  p = 25023  d =     0  f =  3297  -  T =     0.59 sec
  [prof  33] wall= 587.668 p= 28320 | ifo= 21.549(sd=1.016 nx=0.953 tfo=17.490 cnt=2.090) snap= 1.817 srm= 89.853 sat=471.676(set=7.597 slv=462.466 max=0.8294 n=28320) cex=R/T/F=0/0/3297 trsplit=0 sim= 0.000(rmp=0.000 run=0.000 n=0 d=0) chk= 0.058(d=3278) stat= 1.237 rest= 1.477
  [incr r=33 repr=3316 next=190 tfo=992530 active=170057/348775 POs=27804]
 34 : c =  215997  cl =  23138  lit =  322558  p = 24762  d =     0  f =  3042  -  T =     0.57 sec
  [prof  34] wall= 571.371 p= 27804 | ifo= 19.588(sd=0.894 nx=0.724 tfo=16.237 cnt=1.734) snap= 1.387 srm= 85.275 sat=461.550(set=7.561 slv=452.337 max=1.0505 n=27804) cex=R/T/F=0/0/3042 trsplit=0 sim= 0.000(rmp=0.000 run=0.000 n=0 d=0) chk= 0.064(d=3036) stat= 1.696 rest= 1.812
  [incr r=34 repr=3067 next=175 tfo=974985 active=163507/345696 POs=27158]
 35 : c =  213282  cl =  23099  lit =  319739  p = 24326  d =     0  f =  2832  -  T =     0.56 sec
  [prof  35] wall= 561.260 p= 27158 | ifo= 21.643(sd=1.039 nx=0.994 tfo=17.487 cnt=2.123) snap= 1.719 srm= 95.205 sat=439.519(set=7.564 slv=430.408 max=0.7284 n=27158) cex=R/T/F=0/0/2832 trsplit=0 sim= 0.000(rmp=0.000 run=0.000 n=0 d=0) chk= 0.058(d=2819) stat= 1.390 rest= 1.725
  [incr r=35 repr=2857 next=144 tfo=966064 active=159263/342838 POs=26662]
 36 : c =  210818  cl =  23070  lit =  317196  p = 24107  d =     0  f =  2555  -  T =     0.52 sec
  [prof  36] wall= 521.515 p= 26662 | ifo= 19.734(sd=1.008 nx=0.985 tfo=16.030 cnt=1.711) snap= 1.349 srm= 92.650 sat=404.465(set=6.706 slv=396.304 max=0.8991 n=26662) cex=R/T/F=0/0/2555 trsplit=0 sim= 0.000(rmp=0.000 run=0.000 n=0 d=0) chk= 0.058(d=2543) stat= 1.426 rest= 1.834
  [incr r=36 repr=2576 next=115 tfo=944719 active=151997/340266 POs=25848]
 37 : c =  208468  cl =  23048  lit =  314754  p = 23398  d =     0  f =  2450  -  T =     0.51 sec
  [prof  37] wall= 509.678 p= 25848 | ifo= 21.606(sd=1.008 nx=1.001 tfo=16.699 cnt=2.898) snap= 1.686 srm= 91.772 sat=391.343(set=7.293 slv=382.556 max=0.6855 n=25848) cex=R/T/F=0/0/2450 trsplit=0 sim= 0.000(rmp=0.000 run=0.000 n=0 d=0) chk= 0.058(d=2442) stat= 1.396 rest= 1.817
  [incr r=37 repr=2470 next=142 tfo=797106 active=127546/337802 POs=20522]
 38 : c =  206435  cl =  23030  lit =  312633  p = 18397  d =     0  f =  2125  -  T =     0.44 sec
  [prof  38] wall= 442.611 p= 20522 | ifo= 18.130(sd=1.008 nx=0.998 tfo=13.902 cnt=2.222) snap= 1.704 srm= 88.309 sat=331.085(set=7.042 slv=322.869 max=0.8628 n=20522) cex=R/T/F=0/0/2125 trsplit=0 sim= 0.000(rmp=0.000 run=0.000 n=0 d=0) chk= 0.055(d=2121) stat= 1.479 rest= 1.849
  [incr r=38 repr=2175 next=138 tfo=751059 active=122087/335663 POs=18967]
 39 : c =  204535  cl =  23008  lit =  310647  p = 16980  d =     0  f =  1987  -  T =     0.44 sec
  [prof  39] wall= 438.677 p= 18967 | ifo= 20.236(sd=1.057 nx=1.013 tfo=15.771 cnt=2.394) snap= 2.131 srm= 93.224 sat=319.351(set=7.613 slv=310.580 max=0.7612 n=18967) cex=R/T/F=0/0/1987 trsplit=0 sim= 0.000(rmp=0.000 run=0.000 n=0 d=0) chk= 0.053(d=1986) stat= 1.463 rest= 2.221
  [incr r=39 repr=2038 next=128 tfo=725767 active=115862/333655 POs=18017]
 40 : c =  202910  cl =  22986  lit =  308947  p = 16312  d =     0  f =  1705  -  T =     0.39 sec
  [prof  40] wall= 387.822 p= 18017 | ifo= 17.595(sd=1.050 nx=1.027 tfo=13.320 cnt=2.198) snap= 1.774 srm= 95.676 sat=269.322(set=7.490 slv=260.801 max=0.7937 n=18017) cex=R/T/F=0/0/1705 trsplit=0 sim= 0.000(rmp=0.000 run=0.000 n=0 d=0) chk= 0.047(d=1700) stat= 1.520 rest= 1.887
  [incr r=40 repr=1740 next=110 tfo=668818 active=103387/331933 POs=15872]
 41 : c =  201337  cl =  22974  lit =  307303  p = 14226  d =     0  f =  1646  -  T =     0.37 sec
  [prof  41] wall= 370.882 p= 15872 | ifo= 16.713(sd=1.093 nx=1.058 tfo=12.259 cnt=2.303) snap= 1.729 srm= 86.980 sat=262.069(set=7.189 slv=253.895 max=0.5797 n=15872) cex=R/T/F=0/0/1646 trsplit=0 sim= 0.000(rmp=0.000 run=0.000 n=0 d=0) chk= 0.047(d=1644) stat= 1.466 rest= 1.878
  [incr r=41 repr=1696 next=108 tfo=648768 active=99387/330277 POs=14978]
 42 : c =  200111  cl =  22956  lit =  306007  p = 13681  d =     0  f =  1297  -  T =     0.31 sec
  [prof  42] wall= 313.665 p= 14978 | ifo= 17.406(sd=1.535 nx=1.242 tfo=12.439 cnt=2.190) snap= 1.763 srm= 80.890 sat=210.068(set=7.010 slv=202.186 max=0.6520 n=14978) cex=R/T/F=0/0/1297 trsplit=0 sim= 0.000(rmp=0.000 run=0.000 n=0 d=0) chk= 0.044(d=1296) stat= 1.588 rest= 1.905
  [incr r=42 repr=1362 next=101 tfo=703856 active=113442/328963 POs=17265]
 43 : c =  198868  cl =  22941  lit =  304702  p = 15960  d =     0  f =  1305  -  T =     0.33 sec
  [prof  43] wall= 328.998 p= 17265 | ifo= 18.403(sd=1.052 nx=1.114 tfo=13.708 cnt=2.530) snap= 1.383 srm= 85.106 sat=220.609(set=6.143 slv=213.562 max=0.6961 n=17265) cex=R/T/F=0/0/1305 trsplit=0 sim= 0.000(rmp=0.000 run=0.000 n=0 d=0) chk= 0.086(d=1305) stat= 1.342 rest= 2.069
  [incr r=43 repr=1330 next=95 tfo=679682 active=108029/327643 POs=16339]
 44 : c =  197852  cl =  22935  lit =  303640  p = 15277  d =     0  f =  1062  -  T =     0.26 sec
  [prof  44] wall= 261.402 p= 16339 | ifo= 16.941(sd=0.991 nx=0.959 tfo=12.984 cnt=2.008) snap= 2.216 srm= 65.727 sat=173.915(set=6.419 slv=166.656 max=0.4838 n=16339) cex=R/T/F=0/0/1062 trsplit=0 sim= 0.000(rmp=0.000 run=0.000 n=0 d=0) chk= 0.031(d=1062) stat= 1.164 rest= 1.408
  [incr r=44 repr=1101 next=72 tfo=591649 active=92805/326575 POs=13002]
 45 : c =  196821  cl =  22927  lit =  302547  p = 11908  d =     0  f =  1094  -  T =     0.25 sec
  [prof  45] wall= 253.306 p= 13002 | ifo= 12.109(sd=0.762 nx=0.690 tfo=8.948 cnt=1.709) snap= 1.277 srm= 59.750 sat=177.552(set=5.027 slv=171.863 max=0.7356 n=13002) cex=R/T/F=0/0/1094 trsplit=0 sim= 0.000(rmp=0.000 run=0.000 n=0 d=0) chk= 0.030(d=1093) stat= 1.130 rest= 1.458
  [incr r=45 repr=1149 next=91 tfo=556837 active=87241/325474 POs=11621]
 46 : c =  195802  cl =  22921  lit =  301484  p = 10557  d =     0  f =  1064  -  T =     0.24 sec
  [prof  46] wall= 241.888 p= 11621 | ifo= 11.489(sd=0.745 nx=0.694 tfo=8.341 cnt=1.709) snap= 1.259 srm= 53.198 sat=173.363(set=3.897 slv=168.844 max=0.6164 n=11621) cex=R/T/F=0/0/1064 trsplit=0 sim= 0.000(rmp=0.000 run=0.000 n=0 d=0) chk= 0.026(d=1063) stat= 1.142 rest= 1.411
  [incr r=46 repr=1128 next=61 tfo=532343 active=82524/324405 POs=10713]
 47 : c =  194784  cl =  22915  lit =  300419  p =  9648  d =     0  f =  1065  -  T =     0.23 sec
  [prof  47] wall= 231.314 p= 10713 | ifo= 10.773(sd=0.734 nx=0.683 tfo=7.695 cnt=1.661) snap= 1.245 srm= 49.054 sat=167.775(set=3.456 slv=163.780 max=0.4730 n=10713) cex=R/T/F=0/0/1065 trsplit=0 sim= 0.000(rmp=0.000 run=0.000 n=0 d=0) chk= 0.024(d=1065) stat= 1.121 rest= 1.322
  [incr r=47 repr=1122 next=67 tfo=512513 active=79408/323334 POs=9930]
 48 : c =  193769  cl =  22905  lit =  299358  p =  8869  d =     0  f =  1061  -  T =     0.22 sec
  [prof  48] wall= 223.231 p=  9930 | ifo= 10.537(sd=0.781 nx=0.680 tfo=7.419 cnt=1.657) snap= 1.255 srm= 42.474 sat=166.399(set=3.671 slv=162.173 max=0.6580 n=9930) cex=R/T/F=0/0/1061 trsplit=0 sim= 0.000(rmp=0.000 run=0.000 n=0 d=0) chk= 0.024(d=1061) stat= 1.129 rest= 1.412
  [incr r=48 repr=1095 next=61 tfo=496792 active=76767/322263 POs=9517]
 49 : c =  192730  cl =  22872  lit =  298235  p =  8394  d =     0  f =  1123  -  T =     0.22 sec
  [prof  49] wall= 220.138 p=  9517 | ifo=  9.028(sd=0.739 nx=0.678 tfo=5.947 cnt=1.663) snap= 1.259 srm= 40.608 sat=166.684(set=2.981 slv=163.214 max=0.5744 n=9517) cex=R/T/F=0/0/1123 trsplit=0 sim= 0.000(rmp=0.000 run=0.000 n=0 d=0) chk= 0.024(d=1123) stat= 1.163 rest= 1.372
  [incr r=49 repr=1196 next=96 tfo=497542 active=75247/321107 POs=9221]
 50 : c =  191720  cl =  22865  lit =  297199  p =  8185  d =     0  f =  1036  -  T =     0.21 sec
  [prof  50] wall= 216.016 p=  9221 | ifo= 10.079(sd=0.774 nx=0.689 tfo=6.909 cnt=1.707) snap= 1.316 srm= 41.905 sat=160.096(set=2.859 slv=156.655 max=0.8118 n=9221) cex=R/T/F=0/0/1036 trsplit=0 sim= 0.000(rmp=0.000 run=0.000 n=0 d=0) chk= 0.020(d=1036) stat= 1.163 rest= 1.437
  [incr r=50 repr=1075 next=34 tfo=484432 active=72686/320064 POs=8878]
 51 : c =  190746  cl =  22861  lit =  296208  p =  7887  d =     0  f =   991  -  T =     0.21 sec
  [prof  51] wall= 211.030 p=  8878 | ifo= 11.912(sd=0.901 nx=1.002 tfo=7.876 cnt=2.132) snap= 1.338 srm= 43.065 sat=152.126(set=2.739 slv=148.929 max=0.4929 n=8878) cex=R/T/F=0/0/991 trsplit=0 sim= 0.000(rmp=0.000 run=0.000 n=0 d=0) chk= 0.017(d=991) stat= 1.239 rest= 1.335
  [incr r=51 repr=1009 next=21 tfo=478459 active=71080/319069 POs=8803]
 52 : c =  189778  cl =  22860  lit =  295220  p =  7815  d =     0  f =   988  -  T =     0.20 sec
  [prof  52] wall= 203.691 p=  8803 | ifo=  8.060(sd=0.786 nx=0.684 tfo=4.963 cnt=1.628) snap= 1.820 srm= 39.064 sat=152.265(set=2.993 slv=148.820 max=0.5868 n=8803) cex=R/T/F=0/0/988 trsplit=0 sim= 0.000(rmp=0.000 run=0.000 n=0 d=0) chk= 0.016(d=988) stat= 1.119 rest= 1.347
  [incr r=52 repr=1036 next=25 tfo=471130 active=68432/318080 POs=8530]
 53 : c =  188836  cl =  22858  lit =  294260  p =  7570  d =     0  f =   960  -  T =     0.20 sec
  [prof  53] wall= 203.732 p=  8530 | ifo=  9.756(sd=0.760 nx=0.696 tfo=6.602 cnt=1.697) snap= 1.260 srm= 39.165 sat=150.896(set=2.768 slv=147.655 max=0.7195 n=8530) cex=R/T/F=0/0/960 trsplit=0 sim= 0.000(rmp=0.000 run=0.000 n=0 d=0) chk= 0.016(d=960) stat= 1.184 rest= 1.456
  [incr r=53 repr=983 next=21 tfo=466115 active=66076/317118 POs=8241]
 54 : c =  188032  cl =  22858  lit =  293446  p =  7427  d =     0  f =   814  -  T =     0.16 sec
  [prof  54] wall= 161.830 p=  8241 | ifo=  9.141(sd=0.754 nx=0.681 tfo=6.053 cnt=1.653) snap= 1.240 srm= 38.248 sat=110.676(set=2.743 slv=107.468 max=1.0748 n=8241) cex=R/T/F=0/0/814 trsplit=0 sim= 0.000(rmp=0.000 run=0.000 n=0 d=0) chk= 0.014(d=814) stat= 1.145 rest= 1.366
  [incr r=54 repr=823 next=14 tfo=363024 active=47564/316304 POs=4859]
 55 : c =  187362  cl =  22858  lit =  292767  p =  4180  d =     0  f =   679  -  T =     0.12 sec
  [prof  55] wall= 119.168 p=  4859 | ifo=  6.824(sd=0.741 nx=0.715 tfo=3.697 cnt=1.671) snap= 1.261 srm= 34.574 sat= 73.900(set=2.380 slv=71.261 max=0.3445 n=4859) cex=R/T/F=0/0/679 trsplit=0 sim= 0.000(rmp=0.000 run=0.000 n=0 d=0) chk= 0.010(d=679) stat= 1.165 rest= 1.434
  [incr r=55 repr=691 next=12 tfo=332596 active=39139/315625 POs=3821]
 56 : c =  186723  cl =  22858  lit =  292121  p =  3175  d =     0  f =   646  -  T =     0.11 sec
  [prof  56] wall= 108.144 p=  3821 | ifo=  6.318(sd=0.777 nx=0.697 tfo=3.223 cnt=1.621) snap= 1.292 srm= 38.001 sat= 60.002(set=2.230 slv=57.574 max=0.3004 n=3821) cex=R/T/F=0/0/646 trsplit=0 sim= 0.000(rmp=0.000 run=0.000 n=0 d=0) chk= 0.009(d=646) stat= 1.145 rest= 1.378
  [incr r=56 repr=646 next=9 tfo=323707 active=37391/314979 POs=3553]
 57 : c =  186125  cl =  22856  lit =  291514  p =  2946  d =     0  f =   607  -  T =     0.10 sec
  [prof  57] wall=  99.417 p=  3553 | ifo=  8.267(sd=0.752 nx=0.644 tfo=4.887 cnt=1.984) snap= 1.308 srm= 32.676 sat= 54.753(set=2.283 slv=52.267 max=0.3002 n=3553) cex=R/T/F=0/0/607 trsplit=0 sim= 0.000(rmp=0.000 run=0.000 n=0 d=0) chk= 0.008(d=607) stat= 1.099 rest= 1.305
  [incr r=57 repr=608 next=12 tfo=319424 active=36217/314370 POs=3528]
 58 : c =  185522  cl =  22855  lit =  290907  p =  2921  d =     0  f =   607  -  T =     0.10 sec
  [prof  58] wall=  96.363 p=  3528 | ifo=  6.129(sd=0.743 nx=0.640 tfo=3.110 cnt=1.636) snap= 1.286 srm= 31.690 sat= 54.855(set=2.121 slv=52.538 max=0.3301 n=3528) cex=R/T/F=0/0/607 trsplit=0 sim= 0.000(rmp=0.000 run=0.000 n=0 d=0) chk= 0.007(d=607) stat= 1.101 rest= 1.295
  [incr r=58 repr=607 next=5 tfo=315551 active=35054/313762 POs=3516]
 59 : c =  184912  cl =  22855  lit =  290296  p =  2905  d =     0  f =   611  -  T =     0.10 sec
  [prof  59] wall=  97.491 p=  3516 | ifo=  6.247(sd=0.754 nx=0.649 tfo=3.217 cnt=1.629) snap= 1.212 srm= 33.410 sat= 54.217(set=2.140 slv=51.888 max=0.3308 n=3516) cex=R/T/F=0/0/611 trsplit=0 sim= 0.000(rmp=0.000 run=0.000 n=0 d=0) chk= 0.007(d=611) stat= 1.114 rest= 1.284
  [incr r=59 repr=611 next=2 tfo=310676 active=33774/313151 POs=3563]
 60 : c =  184238  cl =  22855  lit =  289620  p =  2887  d =     0  f =   676  -  T =     0.11 sec
  [prof  60] wall= 106.677 p=  3563 | ifo=  6.702(sd=0.796 nx=0.646 tfo=3.653 cnt=1.607) snap= 2.273 srm= 34.962 sat= 60.270(set=2.204 slv=57.877 max=0.2776 n=3563) cex=R/T/F=0/0/676 trsplit=0 sim= 0.000(rmp=0.000 run=0.000 n=0 d=0) chk= 0.007(d=676) stat= 1.146 rest= 1.317
  [incr r=60 repr=676 next=3 tfo=307466 active=32600/312475 POs=3456]
 61 : c =  183653  cl =  22854  lit =  289031  p =  2867  d =     0  f =   589  -  T =     0.09 sec
  [prof  61] wall=  94.387 p=  3456 | ifo=  6.283(sd=0.755 nx=0.673 tfo=3.118 cnt=1.737) snap= 1.234 srm= 33.305 sat= 50.784(set=2.268 slv=48.325 max=0.2721 n=3456) cex=R/T/F=0/0/589 trsplit=0 sim= 0.000(rmp=0.000 run=0.000 n=0 d=0) chk= 0.009(d=589) stat= 1.158 rest= 1.613
  [incr r=61 repr=594 next=5 tfo=309128 active=32933/311885 POs=3503]
 62 : c =  183096  cl =  22854  lit =  288471  p =  2943  d =     0  f =   560  -  T =     0.10 sec
  [prof  62] wall=  99.798 p=  3503 | ifo=  9.241(sd=0.731 nx=1.042 tfo=5.130 cnt=2.338) snap= 1.226 srm= 35.025 sat= 51.599(set=2.252 slv=49.151 max=0.2843 n=3503) cex=R/T/F=0/0/560 trsplit=0 sim= 0.000(rmp=0.000 run=0.000 n=0 d=0) chk= 0.007(d=560) stat= 1.164 rest= 1.537
  [incr r=62 repr=581 next=3 tfo=301343 active=30807/311325 POs=3385]
 63 : c =  182571  cl =  22854  lit =  287944  p =  2858  d =     0  f =   527  -  T =     0.09 sec
  [prof  63] wall=  91.434 p=  3385 | ifo=  6.226(sd=0.753 nx=0.654 tfo=3.207 cnt=1.613) snap= 1.248 srm= 31.992 sat= 48.962(set=2.198 slv=46.585 max=0.3014 n=3385) cex=R/T/F=0/0/527 trsplit=0 sim= 0.000(rmp=0.000 run=0.000 n=0 d=0) chk= 0.006(d=527) stat= 1.647 rest= 1.353
  [incr r=63 repr=547 next=3 tfo=289236 active=28969/310798 POs=2926]
 64 : c =  182044  cl =  22854  lit =  287416  p =  2398  d =     0  f =   528  -  T =     0.10 sec
  [prof  64] wall= 103.088 p=  2926 | ifo= 10.513(sd=1.037 nx=1.039 tfo=6.337 cnt=2.100) snap= 1.893 srm= 35.004 sat= 53.086(set=2.445 slv=50.472 max=0.7003 n=2926) cex=R/T/F=0/0/528 trsplit=0 sim= 0.000(rmp=0.000 run=0.000 n=0 d=0) chk= 0.006(d=528) stat= 1.147 rest= 1.439
  [incr r=64 repr=547 next=1 tfo=283627 active=27964/310270 POs=2919]
 65 : c =  181504  cl =  22854  lit =  286875  p =  2378  d =     0  f =   541  -  T =     0.10 sec
  [prof  65] wall=  99.400 p=  2919 | ifo=  6.566(sd=0.737 nx=0.711 tfo=3.335 cnt=1.783) snap= 1.668 srm= 36.101 sat= 52.276(set=2.374 slv=49.744 max=0.3273 n=2919) cex=R/T/F=0/0/541 trsplit=0 sim= 0.000(rmp=0.000 run=0.000 n=0 d=0) chk= 0.006(d=541) stat= 1.278 rest= 1.505
  [incr r=65 repr=559 next=1 tfo=278529 active=26886/309729 POs=2827]
 66 : c =  181029  cl =  22854  lit =  286397  p =  2349  d =     0  f =   478  -  T =     0.09 sec
  [prof  66] wall=  94.347 p=  2827 | ifo=  8.236(sd=0.986 nx=0.899 tfo=4.447 cnt=1.904) snap= 1.541 srm= 34.490 sat= 47.352(set=2.270 slv=44.927 max=0.3092 n=2827) cex=R/T/F=0/0/478 trsplit=0 sim= 0.000(rmp=0.000 run=0.000 n=0 d=0) chk= 0.006(d=478) stat= 1.247 rest= 1.475
  [incr r=66 repr=511 next=3 tfo=274575 active=26107/309251 POs=2785]
 67 : c =  180584  cl =  22853  lit =  285948  p =  2336  d =     0  f =   449  -  T =     0.09 sec
  [prof  67] wall=  95.323 p=  2785 | ifo=  8.284(sd=0.965 nx=0.851 tfo=4.030 cnt=2.438) snap= 1.544 srm= 37.372 sat= 45.299(set=2.214 slv=42.930 max=0.6038 n=2785) cex=R/T/F=0/0/449 trsplit=0 sim= 0.000(rmp=0.000 run=0.000 n=0 d=0) chk= 0.006(d=449) stat= 1.240 rest= 1.576
  [incr r=67 repr=474 next=4 tfo=265691 active=24943/308801 POs=2732]
 68 : c =  180147  cl =  22853  lit =  285509  p =  2293  d =     0  f =   439  -  T =     0.09 sec
  [prof  68] wall=  89.916 p=  2732 | ifo=  7.825(sd=0.945 nx=0.943 tfo=3.922 cnt=2.014) snap= 1.548 srm= 34.027 sat= 43.547(set=2.294 slv=41.102 max=0.3176 n=2732) cex=R/T/F=0/0/439 trsplit=0 sim= 0.000(rmp=0.000 run=0.000 n=0 d=0) chk= 0.006(d=439) stat= 1.306 rest= 1.658
  [incr r=68 repr=462 next=2 tfo=261920 active=24233/308362 POs=2723]
 69 : c =  179707  cl =  22853  lit =  285067  p =  2281  d =     0  f =   442  -  T =     0.09 sec
  [prof  69] wall=  92.722 p=  2723 | ifo= 10.648(sd=0.953 nx=2.363 tfo=5.323 cnt=2.009) snap= 1.549 srm= 34.424 sat= 43.292(set=2.173 slv=40.974 max=0.3853 n=2723) cex=R/T/F=0/0/442 trsplit=0 sim= 0.000(rmp=0.000 run=0.000 n=0 d=0) chk= 0.005(d=442) stat= 1.249 rest= 1.555
  [incr r=69 repr=463 next=2 tfo=256920 active=23293/307920 POs=2690]
 70 : c =  179276  cl =  22853  lit =  284633  p =  2256  d =     0  f =   434  -  T =     0.09 sec
  [prof  70] wall=  92.708 p=  2690 | ifo=  7.679(sd=0.999 nx=0.890 tfo=3.771 cnt=2.019) snap= 1.685 srm= 33.854 sat= 46.077(set=2.282 slv=43.622 max=0.3387 n=2690) cex=R/T/F=0/0/434 trsplit=0 sim= 0.000(rmp=0.000 run=0.000 n=0 d=0) chk= 0.007(d=434) stat= 1.188 rest= 2.218
  [incr r=70 repr=452 next=3 tfo=252427 active=22564/307486 POs=2651]
 71 : c =  178866  cl =  22853  lit =  284221  p =  2239  d =     0  f =   412  -  T =     0.08 sec
  [prof  71] wall=  83.058 p=  2651 | ifo=  5.731(sd=0.741 nx=0.653 tfo=2.743 cnt=1.593) snap= 1.532 srm= 32.085 sat= 40.950(set=2.338 slv=38.466 max=0.3727 n=2651) cex=R/T/F=0/0/412 trsplit=0 sim= 0.000(rmp=0.000 run=0.000 n=0 d=0) chk= 0.006(d=412) stat= 1.260 rest= 1.493
  [incr r=71 repr=428 next=2 tfo=245599 active=21634/307074 POs=2612]
 72 : c =  178466  cl =  22853  lit =  283818  p =  2209  d =     0  f =   403  -  T =     0.08 sec
  [prof  72] wall=  83.266 p=  2612 | ifo=  7.692(sd=0.941 nx=0.854 tfo=3.817 cnt=2.081) snap= 1.532 srm= 33.366 sat= 37.887(set=2.137 slv=35.606 max=0.3474 n=2612) cex=R/T/F=0/0/403 trsplit=0 sim= 0.000(rmp=0.000 run=0.000 n=0 d=0) chk= 0.006(d=403) stat= 1.247 rest= 1.537
  [incr r=72 repr=417 next=3 tfo=241448 active=20965/306671 POs=2579]
 73 : c =  178081  cl =  22852  lit =  283430  p =  2191  d =     0  f =   388  -  T =     0.08 sec
  [prof  73] wall=  83.998 p=  2579 | ifo=  7.579(sd=0.947 nx=0.854 tfo=3.716 cnt=2.062) snap= 1.295 srm= 35.396 sat= 36.912(set=2.094 slv=34.682 max=0.4796 n=2579) cex=R/T/F=0/0/388 trsplit=0 sim= 0.000(rmp=0.000 run=0.000 n=0 d=0) chk= 0.006(d=388) stat= 1.304 rest= 1.507
  [incr r=73 repr=397 next=3 tfo=235730 active=20103/306282 POs=2536]
 74 : c =  177712  cl =  22852  lit =  283059  p =  2165  d =     0  f =   371  -  T =     0.08 sec
  [prof  74] wall=  78.185 p=  2536 | ifo=  7.437(sd=1.014 nx=0.869 tfo=3.476 cnt=2.078) snap= 1.504 srm= 31.343 sat= 35.319(set=2.021 slv=33.164 max=0.3130 n=2536) cex=R/T/F=0/0/371 trsplit=0 sim= 0.000(rmp=0.000 run=0.000 n=0 d=0) chk= 0.005(d=371) stat= 1.136 rest= 1.440
  [incr r=74 repr=383 next=2 tfo=230099 active=19372/305911 POs=2499]
 75 : c =  177354  cl =  22852  lit =  282699  p =  2139  d =     0  f =   360  -  T =     0.08 sec
  [prof  75] wall=  78.002 p=  2499 | ifo=  6.017(sd=0.765 nx=0.743 tfo=2.897 cnt=1.612) snap= 1.247 srm= 31.086 sat= 36.861(set=1.974 slv=34.745 max=0.3476 n=2499) cex=R/T/F=0/0/360 trsplit=0 sim= 0.000(rmp=0.000 run=0.000 n=0 d=0) chk= 0.005(d=360) stat= 1.201 rest= 1.586
  [incr r=75 repr=367 next=2 tfo=222473 active=18404/305551 POs=2435]
 76 : c =  177003  cl =  22851  lit =  282346  p =  2082  d =     0  f =   353  -  T =     0.08 sec
  [prof  76] wall=  76.342 p=  2435 | ifo=  5.947(sd=0.807 nx=0.704 tfo=2.748 cnt=1.688) snap= 1.249 srm= 31.931 sat= 34.746(set=1.943 slv=32.676 max=0.2363 n=2435) cex=R/T/F=0/0/353 trsplit=0 sim= 0.000(rmp=0.000 run=0.000 n=0 d=0) chk= 0.005(d=353) stat= 1.102 rest= 1.362
  [incr r=76 repr=359 next=2 tfo=210495 active=17490/305197 POs=2356]
 77 : c =  176653  cl =  22848  lit =  281991  p =  2001  d =     0  f =   355  -  T =     0.07 sec
  [prof  77] wall=  75.630 p=  2356 | ifo=  5.647(sd=0.738 nx=0.699 tfo=2.563 cnt=1.647) snap= 1.230 srm= 29.295 sat= 36.591(set=1.919 slv=34.548 max=0.2779 n=2356) cex=R/T/F=0/0/355 trsplit=0 sim= 0.000(rmp=0.000 run=0.000 n=0 d=0) chk= 0.006(d=355) stat= 1.364 rest= 1.497
  [incr r=77 repr=359 next=5 tfo=204051 active=16627/304839 POs=2315]
 78 : c =  176311  cl =  22848  lit =  281648  p =  1972  d =     0  f =   343  -  T =     0.08 sec
  [prof  78] wall=  79.607 p=  2315 | ifo=  5.772(sd=0.758 nx=0.678 tfo=2.641 cnt=1.695) snap= 1.250 srm= 28.445 sat= 41.750(set=1.783 slv=39.818 max=0.7749 n=2315) cex=R/T/F=0/0/343 trsplit=0 sim= 0.000(rmp=0.000 run=0.000 n=0 d=0) chk= 0.004(d=343) stat= 1.101 rest= 1.285
  [incr r=78 repr=343 next=1 tfo=199412 active=16026/304496 POs=2260]
 79 : c =  175998  cl =  22848  lit =  281335  p =  1947  d =     0  f =   313  -  T =     0.07 sec
  [prof  79] wall=  72.905 p=  2260 | ifo=  5.485(sd=0.836 nx=0.676 tfo=2.083 cnt=1.890) snap= 1.213 srm= 28.454 sat= 34.166(set=1.818 slv=32.229 max=0.3013 n=2260) cex=R/T/F=0/0/313 trsplit=0 sim= 0.000(rmp=0.000 run=0.000 n=0 d=0) chk= 0.004(d=313) stat= 1.426 rest= 2.156
  [incr r=79 repr=313 next=0 tfo=183636 active=14381/304183 POs=1793]
 80 : c =  175699  cl =  22848  lit =  281034  p =  1492  d =     0  f =   301  -  T =     0.07 sec
  [prof  80] wall=  72.402 p=  1793 | ifo=  5.892(sd=0.898 nx=0.865 tfo=2.422 cnt=1.708) snap= 1.514 srm= 28.217 sat= 33.875(set=1.854 slv=31.877 max=0.3164 n=1793) cex=R/T/F=0/0/301 trsplit=0 sim= 0.000(rmp=0.000 run=0.000 n=0 d=0) chk= 0.004(d=301) stat= 1.415 rest= 1.485
  [incr r=80 repr=303 next=2 tfo=178818 active=13807/303882 POs=1732]
 81 : c =  175429  cl =  22848  lit =  280761  p =  1459  d =     0  f =   273  -  T =     0.07 sec
  [prof  81] wall=  68.973 p=  1732 | ifo=  5.135(sd=0.745 nx=0.633 tfo=2.155 cnt=1.602) snap= 1.948 srm= 29.191 sat= 30.193(set=2.009 slv=28.082 max=0.2429 n=1732) cex=R/T/F=0/0/273 trsplit=0 sim= 0.000(rmp=0.000 run=0.000 n=0 d=0) chk= 0.004(d=273) stat= 1.109 rest= 1.393
  [incr r=81 repr=273 next=4 tfo=166481 active=12864/303609 POs=1642]
 82 : c =  175176  cl =  22847  lit =  280506  p =  1387  d =     0  f =   255  -  T =     0.06 sec
  [prof  82] wall=  64.030 p=  1642 | ifo=  4.964(sd=0.730 nx=0.634 tfo=1.996 cnt=1.603) snap= 1.215 srm= 26.432 sat= 28.610(set=1.616 slv=26.898 max=0.2799 n=1642) cex=R/T/F=0/0/255 trsplit=0 sim= 0.000(rmp=0.000 run=0.000 n=0 d=0) chk= 0.004(d=255) stat= 1.247 rest= 1.558
  [incr r=82 repr=259 next=2 tfo=153297 active=11849/303353 POs=1556]
 83 : c =  174918  cl =  22847  lit =  280247  p =  1297  d =     0  f =   259  -  T =     0.07 sec
  [prof  83] wall=  69.931 p=  1556 | ifo=  5.809(sd=0.973 nx=0.867 tfo=2.145 cnt=1.824) snap= 1.350 srm= 28.462 sat= 31.518(set=1.557 slv=29.863 max=0.4348 n=1556) cex=R/T/F=0/0/259 trsplit=0 sim= 0.000(rmp=0.000 run=0.000 n=0 d=0) chk= 0.004(d=259) stat= 1.247 rest= 1.540
  [incr r=83 repr=259 next=1 tfo=144797 active=10827/303094 POs=1467]
 84 : c =  174672  cl =  22847  lit =  279999  p =  1219  d =     0  f =   248  -  T =     0.06 sec
  [prof  84] wall=  65.215 p=  1467 | ifo=  5.868(sd=1.065 nx=0.893 tfo=1.881 cnt=2.029) snap= 1.205 srm= 26.325 sat= 28.907(set=1.448 slv=27.381 max=0.2434 n=1467) cex=R/T/F=0/0/248 trsplit=0 sim= 0.000(rmp=0.000 run=0.000 n=0 d=0) chk= 0.005(d=248) stat= 1.432 rest= 1.472
  [incr r=84 repr=248 next=2 tfo=138635 active=10242/302846 POs=1399]
 85 : c =  174445  cl =  22847  lit =  279772  p =  1172  d =     0  f =   227  -  T =     0.06 sec
  [prof  85] wall=  60.550 p=  1399 | ifo=  4.325(sd=0.797 nx=0.624 tfo=1.356 cnt=1.548) snap= 1.206 srm= 25.219 sat= 27.393(set=1.384 slv=25.930 max=0.2540 n=1399) cex=R/T/F=0/0/227 trsplit=0 sim= 0.000(rmp=0.000 run=0.000 n=0 d=0) chk= 0.003(d=227) stat= 1.112 rest= 1.292
  [incr r=85 repr=227 next=0 tfo=133053 active=9527/302619 POs=1314]
 86 : c =  174235  cl =  22847  lit =  279561  p =  1103  d =     0  f =   211  -  T =     0.06 sec
  [prof  86] wall=  59.431 p=  1314 | ifo=  4.313(sd=0.751 nx=0.645 tfo=1.333 cnt=1.584) snap= 1.393 srm= 25.022 sat= 26.194(set=1.355 slv=24.768 max=0.2570 n=1314) cex=R/T/F=0/0/211 trsplit=0 sim= 0.000(rmp=0.000 run=0.000 n=0 d=0) chk= 0.003(d=211) stat= 1.168 rest= 1.337
  [incr r=86 repr=211 next=1 tfo=114695 active=8538/302408 POs=1163]
 87 : c =  174036  cl =  22847  lit =  279362  p =   964  d =     0  f =   199  -  T =     0.06 sec
  [prof  87] wall=  58.783 p=  1163 | ifo=  4.139(sd=0.740 nx=0.650 tfo=1.175 cnt=1.574) snap= 1.205 srm= 24.961 sat= 25.745(set=1.259 slv=24.407 max=0.9148 n=1163) cex=R/T/F=0/0/199 trsplit=0 sim= 0.000(rmp=0.000 run=0.000 n=0 d=0) chk= 0.003(d=199) stat= 1.226 rest= 1.506
  [incr r=87 repr=199 next=0 tfo=103956 active=7747/302209 POs=1055]
 88 : c =  173867  cl =  22847  lit =  279193  p =   886  d =     0  f =   169  -  T =     0.05 sec
  [prof  88] wall=  53.601 p=  1055 | ifo=  5.155(sd=0.949 nx=0.857 tfo=1.462 cnt=1.887) snap= 1.225 srm= 23.473 sat= 21.386(set=1.342 slv=19.984 max=0.3591 n=1055) cex=R/T/F=0/0/169 trsplit=0 sim= 0.000(rmp=0.000 run=0.000 n=0 d=0) chk= 0.002(d=169) stat= 1.134 rest= 1.225
  [incr r=88 repr=169 next=0 tfo=77753 active=5476/302040 POs=843]
 89 : c =  173715  cl =  22847  lit =  279041  p =   691  d =     0  f =   152  -  T =     0.05 sec
  [prof  89] wall=  49.234 p=   843 | ifo=  3.708(sd=0.749 nx=0.641 tfo=0.813 cnt=1.504) snap= 1.211 srm= 21.983 sat= 19.913(set=1.044 slv=18.819 max=0.4879 n=843) cex=R/T/F=0/0/152 trsplit=0 sim= 0.000(rmp=0.000 run=0.000 n=0 d=0) chk= 0.002(d=152) stat= 1.113 rest= 1.305
  [incr r=89 repr=152 next=0 tfo=73043 active=5011/301888 POs=783]
 90 : c =  173571  cl =  22847  lit =  278897  p =   639  d =     0  f =   144  -  T =     0.05 sec
  [prof  90] wall=  48.959 p=   783 | ifo=  3.825(sd=0.754 nx=0.662 tfo=0.830 cnt=1.579) snap= 1.272 srm= 23.261 sat= 18.262(set=1.033 slv=17.184 max=0.5230 n=783) cex=R/T/F=0/0/144 trsplit=0 sim= 0.000(rmp=0.000 run=0.000 n=0 d=0) chk= 0.002(d=144) stat= 1.080 rest= 1.256
  [incr r=90 repr=144 next=0 tfo=53971 active=3757/301744 POs=613]
 91 : c =  173451  cl =  22847  lit =  278777  p =   493  d =     0  f =   120  -  T =     0.04 sec
  [prof  91] wall=  41.751 p=   613 | ifo=  3.472(sd=0.721 nx=0.620 tfo=0.610 cnt=1.522) snap= 1.194 srm= 19.306 sat= 15.397(set=0.907 slv=14.456 max=0.4874 n=613) cex=R/T/F=0/0/120 trsplit=0 sim= 0.000(rmp=0.000 run=0.000 n=0 d=0) chk= 0.002(d=120) stat= 1.105 rest= 1.275
  [incr r=91 repr=120 next=0 tfo=40437 active=2650/301624 POs=465]
 92 : c =  173348  cl =  22847  lit =  278673  p =   361  d =     0  f =   104  -  T =     0.04 sec
  [prof  92] wall=  42.106 p=   465 | ifo=  4.011(sd=0.738 nx=0.668 tfo=0.496 cnt=2.110) snap= 1.207 srm= 20.718 sat= 13.455(set=0.840 slv=12.587 max=0.6760 n=465) cex=R/T/F=0/0/104 trsplit=0 sim= 0.000(rmp=0.000 run=0.000 n=0 d=0) chk= 0.002(d=104) stat= 1.232 rest= 1.481
  [incr r=92 repr=105 next=1 tfo=28641 active=2040/301520 POs=335]
 93 : c =  173266  cl =  22846  lit =  278590  p =   252  d =     0  f =    83  -  T =     0.04 sec
  [prof  93] wall=  36.345 p=   335 | ifo=  4.030(sd=0.939 nx=0.824 tfo=0.443 cnt=1.824) snap= 1.185 srm= 18.884 sat=  9.972(set=0.702 slv=9.251 max=0.2408 n=335) cex=R/T/F=0/0/83 trsplit=0 sim= 0.000(rmp=0.000 run=0.000 n=0 d=0) chk= 0.002(d=83) stat= 1.051 rest= 1.222
  [incr r=93 repr=83 next=1 tfo=20114 active=895/301436 POs=202]
 94 : c =  173201  cl =  22846  lit =  278524  p =   136  d =     0  f =    66  -  T =     0.03 sec
  [prof  94] wall=  31.397 p=   202 | ifo=  3.132(sd=0.720 nx=0.610 tfo=0.273 cnt=1.530) snap= 1.202 srm= 17.626 sat=  7.050(set=0.618 slv=6.418 max=0.2384 n=202) cex=R/T/F=0/0/66 trsplit=0 sim= 0.000(rmp=0.000 run=0.000 n=0 d=0) chk= 0.002(d=66) stat= 1.087 rest= 1.298
  [incr r=94 repr=67 next=1 tfo=16226 active=683/301370 POs=146]
 95 : c =  173153  cl =  22845  lit =  278475  p =    97  d =     0  f =    49  -  T =     0.03 sec
  [prof  95] wall=  26.893 p=   146 | ifo=  3.090(sd=0.719 nx=0.607 tfo=0.226 cnt=1.538) snap= 1.158 srm= 15.074 sat=  5.168(set=0.462 slv=4.696 max=0.2460 n=146) cex=R/T/F=0/0/49 trsplit=0 sim= 0.000(rmp=0.000 run=0.000 n=0 d=0) chk= 0.001(d=49) stat= 1.117 rest= 1.285
  [incr r=95 repr=49 next=1 tfo=9832 active=524/301320 POs=95]
 96 : c =  173111  cl =  22845  lit =  278433  p =    53  d =     0  f =    42  -  T =     0.02 sec
  [prof  96] wall=  26.075 p=    95 | ifo=  3.021(sd=0.738 nx=0.627 tfo=0.158 cnt=1.497) snap= 1.448 srm= 14.612 sat=  4.401(set=0.455 slv=3.939 max=0.2567 n=95) cex=R/T/F=0/0/42 trsplit=0 sim= 0.000(rmp=0.000 run=0.000 n=0 d=0) chk= 0.001(d=42) stat= 1.183 rest= 1.409
  [incr r=96 repr=42 next=0 tfo=6788 active=379/301278 POs=55]
 97 : c =  173082  cl =  22845  lit =  278404  p =    26  d =     0  f =    29  -  T =     0.02 sec
  [prof  97] wall=  22.244 p=    55 | ifo=  3.165(sd=0.957 nx=0.610 tfo=0.136 cnt=1.461) snap= 1.265 srm= 12.847 sat=  2.666(set=0.304 slv=2.358 max=0.2415 n=55) cex=R/T/F=0/0/29 trsplit=0 sim= 0.000(rmp=0.000 run=0.000 n=0 d=0) chk= 0.001(d=29) stat= 1.057 rest= 1.244
  [incr r=97 repr=29 next=0 tfo=5430 active=283/301249 POs=40]
 98 : c =  173062  cl =  22845  lit =  278384  p =    20  d =     0  f =    20  -  T =     0.02 sec
  [prof  98] wall=  19.879 p=    40 | ifo=  2.994(sd=0.725 nx=0.615 tfo=0.134 cnt=1.520) snap= 1.162 srm= 11.596 sat=  1.868(set=0.209 slv=1.655 max=0.2406 n=40) cex=R/T/F=0/0/20 trsplit=0 sim= 0.000(rmp=0.000 run=0.000 n=0 d=0) chk= 0.001(d=20) stat= 1.058 rest= 1.200
  [incr r=98 repr=20 next=0 tfo=4631 active=220/301229 POs=30]
 99 : c =  173048  cl =  22845  lit =  278370  p =    16  d =     0  f =    14  -  T =     0.02 sec
  [prof  99] wall=  19.738 p=    30 | ifo=  3.172(sd=0.722 nx=0.603 tfo=0.105 cnt=1.741) snap= 1.174 srm= 11.004 sat=  1.812(set=0.167 slv=1.640 max=0.2479 n=30) cex=R/T/F=0/0/14 trsplit=0 sim= 0.000(rmp=0.000 run=0.000 n=0 d=0) chk= 0.001(d=14) stat= 1.059 rest= 1.518
  [incr r=99 repr=14 next=0 tfo=3203 active=169/301215 POs=24]
100 : c =  173038  cl =  22845  lit =  278360  p =    14  d =     0  f =    10  -  T =     0.02 sec
  [prof 100] wall=  18.392 p=    24 | ifo=  2.987(sd=0.719 nx=0.622 tfo=0.075 cnt=1.571) snap= 1.168 srm= 11.063 sat=  0.917(set=0.134 slv=0.781 max=0.2262 n=24) cex=R/T/F=0/0/10 trsplit=0 sim= 0.000(rmp=0.000 run=0.000 n=0 d=0) chk= 0.001(d=10) stat= 1.051 rest= 1.206
  [incr r=100 repr=10 next=0 tfo=2450 active=133/301205 POs=22]
101 : c =  173028  cl =  22845  lit =  278350  p =    12  d =     0  f =    10  -  T =     0.02 sec
  [prof 101] wall=  18.377 p=    22 | ifo=  2.783(sd=0.716 nx=0.598 tfo=0.052 cnt=1.418) snap= 1.170 srm= 11.126 sat=  1.049(set=0.134 slv=0.911 max=0.2277 n=22) cex=R/T/F=0/0/10 trsplit=0 sim= 0.000(rmp=0.000 run=0.000 n=0 d=0) chk= 0.001(d=10) stat= 1.065 rest= 1.183
  [incr r=101 repr=10 next=0 tfo=2037 active=84/301195 POs=16]
102 : c =  173020  cl =  22845  lit =  278342  p =     8  d =     0  f =     8  -  T =     0.02 sec
  [prof 102] wall=  20.575 p=    16 | ifo=  3.407(sd=0.704 nx=0.602 tfo=0.046 cnt=2.055) snap= 1.427 srm= 11.918 sat=  1.126(set=0.129 slv=0.994 max=0.2396 n=16) cex=R/T/F=0/0/8 trsplit=0 sim= 0.000(rmp=0.000 run=0.000 n=0 d=0) chk= 0.001(d=8) stat= 1.185 rest= 1.511
  [incr r=102 repr=8 next=0 tfo=1749 active=71/301187 POs=16]
103 : c =  173012  cl =  22845  lit =  278334  p =     8  d =     0  f =     8  -  T =     0.02 sec
  [prof 103] wall=  18.499 p=    16 | ifo=  3.454(sd=0.917 nx=0.789 tfo=0.045 cnt=1.704) snap= 1.205 srm= 10.512 sat=  1.078(set=0.113 slv=0.962 max=0.2245 n=16) cex=R/T/F=0/0/8 trsplit=0 sim= 0.000(rmp=0.000 run=0.000 n=0 d=0) chk= 0.000(d=8) stat= 1.060 rest= 1.190
  [incr r=103 repr=8 next=0 tfo=1323 active=22/301179 POs=8]
104 : c =  173006  cl =  22845  lit =  278328  p =     2  d =     0  f =     6  -  T =     0.02 sec
  [prof 104] wall=  18.557 p=     8 | ifo=  3.383(sd=0.702 nx=0.599 tfo=0.040 cnt=2.043) snap= 1.234 srm= 11.132 sat=  0.570(set=0.117 slv=0.451 max=0.1883 n=8) cex=R/T/F=0/0/6 trsplit=0 sim= 0.000(rmp=0.000 run=0.000 n=0 d=0) chk= 0.000(d=6) stat= 1.044 rest= 1.193
  [incr r=104 repr=6 next=0 tfo=1314 active=16/301173 POs=2]
  [prof 105] wall=  14.454 p=     2 | ifo=  2.783(sd=0.713 nx=0.595 tfo=0.041 cnt=1.433) snap= 1.187 srm= 10.405 sat=  0.072(set=0.057 slv=0.014 max=0.0139 n=2) cex=R/T/F=0/0/0 trsplit=0 sim= 0.000(rmp=0.000 run=0.000 n=0 d=0) chk= 0.000(d=0) stat= 0.000 rest= 0.007
105 : c =  173006  cl =  22845  lit =  278328  p =     0  d =     0  f =     0  -  T =     0.01 sec
  [prof ALL] wall=37495.481 p=3804151 | ifo=1351.181(sd=92.179 nx=83.284 tfo=980.911 cnt=194.807) snap=153.080 srm=5936.924 sat=29750.514(set=446.054 slv=29110.239 max=3.0896 n=3804151) cex=R/T/F=0/0/285813 trsplit=0 sim= 0.000(rmp=0.000 run=0.000 n=0 d=0) chk= 9.208(d=285281) stat=133.147 rest=161.427
Srm   =     7.44 sec (  5.10 %)
Sat   =    29.75 sec ( 20.40 %)
Sim   =     0.06 sec (  0.04 %)
Other =   108.55 sec ( 74.45 %)
Incr  =     1.35 sec (  0.93 %)
Incr: fallback rounds = 17, skipped candidate pairs = 21887750
TOTAL =   145.81 sec
NBeg = 1573287. NEnd = 1238099. (Gain =  21.30 %).  RBeg = 433. REnd = 432. (Gain =   0.23 %).
Flop output names are not available. Use command "&get -n".
[1;37m/home/zxr_wsl/benchmarks/incre_spec//pals_lcr.3.ufo.BOUNDED-6.pals+Problem12_label01[0m : i/o =   2034/      1  ff =    432  [1;36mand = 1238099[0m  [1;35mlev = 2860[0m [1;35m(6.62)[0m  mem =14.21 MB
