### benchmark: /home/zxr_wsl/benchmarks/incre_spec//ILA_Flute_BGEU_problem.aig
### opts:      &scorr -i -v -w
### timeout:   1800s
### date:      Wed May 27 22:14:08 CST 2026

======== ABC command line "&r /home/zxr_wsl/benchmarks/incre_spec//ILA_Flute_BGEU_problem.aig; &ps; &scorr -i -v -w; &ps"
Warning: The last output is interpreted as a constraint.
Converted 548 1-valued FFs and 173794 DC-valued FFs.
Warning: The number of inputs does not match the number of input names.
[1;37m/home/zxr_wsl/benchmarks/incre_spec//ILA_Flute_BGEU_problem[0m : i/o = 180287/      2(c=1)  ff = 174678  [1;36mand = 1613228[0m  [1;35mlev =  284[0m [1;35m(219.18)[0m  mem =26.54 MB
cst = 1787906  cls =      0  lit = 1787906  unused =  180287  proof =     0
cst =  354398  cls = 351151  lit = 1207409  unused =  409633  proof =     0
cst =  352708  cls = 350297  lit = 1200824  unused =  417072  proof =     0
cst =  352063  cls = 350073  lit = 1199114  unused =  419006  proof =     0
cst =  351165  cls = 350063  lit = 1197078  unused =  421052  proof =     0
cst =  350611  cls = 349938  lit = 1195929  unused =  422326  proof =     0
cst =  350076  cls = 349750  lit = 1194713  unused =  423730  proof =     0
cst =  349634  cls = 349409  lit = 1193442  unused =  425342  proof =     0
cst =  349379  cls = 349161  lit = 1192622  unused =  426410  proof =     0
cst =  349274  cls = 348898  lit = 1192016  unused =  427279  proof =     0
Obj = 2142874. And = 1613228. Conf =   100. Fr = 1. Lcorr = 0. Ring = 1. CSat = 1.
  0 : c =  349274  cl = 348898  lit = 1192016  p =     0  d =     0  f =     0  +  T =     2.51 sec
BMC : c =  349067  cl = 348799  lit = 1191043  p =  3502  d =  3010  f =     1  +  T =     0.24 sec
  [bmc-prof   0] wall= 244.316 p=  6513 | ifo=  0.000(sd=0.000 nx=0.000 tfo=0.000 cnt=0.000) snap= 1.834 srm= 66.817 sat= 29.563(set=2.132 slv=26.363 max=0.6249 n=6513) sim=144.934(rmp=5.609 run=139.203) chk= 0.009 stat= 1.153 rest= 0.006
BMC : c =  348950  cl = 348870  lit = 1190627  p =  3512  d =  2542  f =     0  +  T =     0.27 sec
  [bmc-prof   1] wall= 274.313 p=  6054 | ifo= 25.123(sd=1.203 nx=0.000 tfo=21.462 cnt=2.457) snap= 1.920 srm= 55.981 sat= 29.504(set=2.158 slv=26.953 max=0.4298 n=6054) sim=160.360(rmp=5.550 run=154.809) chk= 0.006 stat= 1.119 rest= 0.301
BMC : c =  348781  cl = 348940  lit = 1190105  p =  3454  d =  2654  f =     0  +  T =     0.28 sec
  [bmc-prof   2] wall= 276.850 p=  6108 | ifo= 21.551(sd=1.262 nx=0.000 tfo=17.775 cnt=2.514) snap= 1.933 srm= 57.134 sat= 33.815(set=2.210 slv=31.206 max=0.9316 n=6108) sim=160.920(rmp=5.181 run=155.737) chk= 0.008 stat= 1.214 rest= 0.275
BMC : c =  348683  cl = 348962  lit = 1189687  p =  3428  d =  2492  f =     1  +  T =     0.30 sec
  [bmc-prof   3] wall= 301.821 p=  5921 | ifo= 20.579(sd=1.523 nx=0.000 tfo=16.585 cnt=2.471) snap= 1.885 srm= 57.740 sat= 34.698(set=2.340 slv=31.944 max=0.5968 n=5921) sim=185.515(rmp=4.274 run=181.240) chk= 0.006 stat= 1.089 rest= 0.310
BMC : c =  348165  cl = 348851  lit = 1189030  p =  3445  d =  2309  f =     0  +  T =     0.31 sec
  [bmc-prof   4] wall= 309.464 p=  5754 | ifo= 21.727(sd=1.247 nx=0.000 tfo=17.716 cnt=2.764) snap= 1.941 srm= 58.161 sat= 33.526(set=2.193 slv=30.924 max=0.6489 n=5754) sim=192.226(rmp=4.716 run=187.509) chk= 0.007 stat= 1.414 rest= 0.462
BMC : c =  347856  cl = 348747  lit = 1188202  p =  3392  d =  2675  f =     0  +  T =     0.32 sec
  [bmc-prof   5] wall= 324.816 p=  6067 | ifo= 25.757(sd=1.762 nx=0.000 tfo=21.496 cnt=2.499) snap= 1.844 srm= 57.484 sat= 36.227(set=2.250 slv=33.517 max=0.6353 n=6067) sim=201.998(rmp=5.006 run=196.990) chk= 0.007 stat= 1.164 rest= 0.335
BMC : c =  347377  cl = 348654  lit = 1187424  p =  3512  d =  2238  f =     0  +  T =     0.34 sec
  [bmc-prof   6] wall= 341.686 p=  5750 | ifo= 26.288(sd=1.728 nx=0.000 tfo=21.861 cnt=2.699) snap= 1.893 srm= 58.523 sat= 36.545(set=2.164 slv=33.971 max=0.8530 n=5750) sim=216.866(rmp=4.197 run=212.668) chk= 0.007 stat= 1.095 rest= 0.468
BMC : c =  346893  cl = 348559  lit = 1186410  p =  3485  d =  2469  f =     0  +  T =     0.33 sec
  [bmc-prof   7] wall= 334.326 p=  5954 | ifo= 24.780(sd=1.727 nx=0.000 tfo=20.432 cnt=2.621) snap= 1.961 srm= 62.509 sat= 36.279(set=2.313 slv=33.506 max=0.6944 n=5954) sim=207.158(rmp=4.388 run=202.769) chk= 0.008 stat= 1.301 rest= 0.329
BMC : c =  346763  cl = 348384  lit = 1185737  p =  3557  d =  2000  f =     0  +  T =     0.34 sec
  [bmc-prof   8] wall= 343.906 p=  5557 | ifo= 24.744(sd=1.346 nx=0.000 tfo=20.257 cnt=3.140) snap= 2.454 srm= 58.952 sat= 45.006(set=2.254 slv=42.333 max=0.6734 n=5557) sim=211.339(rmp=4.527 run=206.811) chk= 0.006 stat= 1.100 rest= 0.305
BMC : c =  346731  cl = 348334  lit = 1185512  p =  3536  d =  1594  f =     0  +  T =     0.33 sec
  [bmc-prof   9] wall= 328.361 p=  5130 | ifo= 23.897(sd=1.214 nx=0.000 tfo=20.125 cnt=2.558) snap= 2.182 srm= 59.121 sat= 40.779(set=2.514 slv=37.876 max=0.7329 n=5130) sim=200.901(rmp=4.893 run=196.006) chk= 0.007 stat= 1.115 rest= 0.358
BMC : c =  346728  cl = 348330  lit = 1185359  p =  3534  d =  1438  f =     0  +  T =     0.34 sec
  [bmc-prof  10] wall= 344.410 p=  4972 | ifo= 28.477(sd=1.246 nx=0.000 tfo=24.565 cnt=2.667) snap= 3.259 srm= 61.241 sat= 41.198(set=2.812 slv=37.982 max=0.7630 n=4972) sim=208.668(rmp=4.559 run=204.107) chk= 0.005 stat= 1.212 rest= 0.350
BMC : c =  346582  cl = 348326  lit = 1185182  p =  3534  d =  1298  f =     0  +  T =     0.34 sec
  [bmc-prof  11] wall= 344.443 p=  4832 | ifo= 25.719(sd=1.830 nx=0.000 tfo=21.350 cnt=2.539) snap= 3.272 srm= 59.593 sat= 41.750(set=2.391 slv=38.940 max=0.8284 n=4832) sim=212.253(rmp=4.590 run=207.662) chk= 0.006 stat= 1.446 rest= 0.404
BMC : c =  346569  cl = 348334  lit = 1184971  p =  3575  d =  1222  f =     0  +  T =     0.38 sec
  [bmc-prof  12] wall= 379.444 p=  4797 | ifo= 26.087(sd=2.062 nx=0.000 tfo=21.437 cnt=2.588) snap= 3.813 srm= 62.855 sat= 42.887(set=2.243 slv=40.099 max=0.9501 n=4797) sim=242.271(rmp=4.602 run=237.668) chk= 0.005 stat= 1.168 rest= 0.359
BMC : c =  346564  cl = 348326  lit = 1184844  p =  3590  d =  1048  f =     0  +  T =     0.40 sec
  [bmc-prof  13] wall= 401.005 p=  4638 | ifo= 29.366(sd=3.075 nx=0.000 tfo=23.647 cnt=2.645) snap= 5.364 srm= 62.176 sat= 40.396(set=2.609 slv=37.389 max=0.9066 n=4638) sim=262.197(rmp=4.806 run=257.390) chk= 0.004 stat= 1.142 rest= 0.360
BMC : c =  346557  cl = 348332  lit = 1184729  p =  3587  d =   931  f =     0  +  T =     0.37 sec
  [bmc-prof  14] wall= 376.550 p=  4518 | ifo= 29.054(sd=1.964 nx=0.000 tfo=24.457 cnt=2.633) snap= 3.737 srm= 58.437 sat= 28.087(set=2.326 slv=25.428 max=0.9645 n=4518) sim=255.054(rmp=4.535 run=250.517) chk= 0.005 stat= 1.715 rest= 0.462
BMC : c =  346553  cl = 348323  lit = 1184611  p =  3589  d =   828  f =     0  +  T =     0.36 sec
  [bmc-prof  15] wall= 360.602 p=  4417 | ifo= 38.734(sd=7.676 nx=0.000 tfo=28.039 cnt=3.019) snap= 8.014 srm= 62.777 sat= 28.605(set=2.304 slv=25.986 max=1.1413 n=4417) sim=220.947(rmp=5.576 run=215.370) chk= 0.004 stat= 1.141 rest= 0.379
BMC : c =  346551  cl = 348319  lit = 1184508  p =  3588  d =   721  f =     0  +  T =     0.31 sec
  [bmc-prof  16] wall= 316.136 p=  4309 | ifo= 24.526(sd=1.174 nx=0.000 tfo=20.904 cnt=2.447) snap= 1.988 srm= 58.383 sat= 23.450(set=2.145 slv=21.024 max=0.9868 n=4309) sim=206.305(rmp=4.292 run=202.011) chk= 0.004 stat= 1.097 rest= 0.383
BMC : c =  346549  cl = 348316  lit = 1184416  p =  3587  d =   625  f =     0  +  T =     0.32 sec
  [bmc-prof  17] wall= 317.443 p=  4212 | ifo= 23.320(sd=1.261 nx=0.000 tfo=18.922 cnt=3.137) snap= 1.936 srm= 61.129 sat= 22.919(set=2.157 slv=20.467 max=1.0170 n=4212) sim=206.654(rmp=4.741 run=201.912) chk= 0.004 stat= 1.100 rest= 0.381
BMC : c =  346546  cl = 348304  lit = 1184328  p =  3585  d =   537  f =     0  +  T =     0.31 sec
  [bmc-prof  18] wall= 309.875 p=  4122 | ifo= 21.891(sd=1.609 nx=0.000 tfo=17.819 cnt=2.463) snap= 1.882 srm= 57.762 sat= 20.062(set=2.189 slv=17.629 max=0.2732 n=4122) sim=206.795(rmp=4.475 run=202.318) chk= 0.004 stat= 1.101 rest= 0.377
BMC : c =  346544  cl = 348306  lit = 1184264  p =  3585  d =   456  f =     0  +  T =     0.30 sec
  [bmc-prof  19] wall= 304.472 p=  4041 | ifo= 21.946(sd=1.229 nx=0.000 tfo=18.205 cnt=2.513) snap= 1.988 srm= 59.109 sat= 19.304(set=2.459 slv=16.600 max=0.1521 n=4041) sim=200.551(rmp=4.399 run=196.150) chk= 0.003 stat= 1.190 rest= 0.381
BMC : c =  346540  cl = 348305  lit = 1184201  p =  3584  d =   398  f =     0  +  T =     0.31 sec
  [bmc-prof  20] wall= 313.410 p=  3982 | ifo= 23.215(sd=1.338 nx=0.000 tfo=19.004 cnt=2.873) snap= 2.373 srm= 58.540 sat= 19.543(set=2.502 slv=16.803 max=0.1503 n=3982) sim=208.135(rmp=4.546 run=203.588) chk= 0.005 stat= 1.257 rest= 0.343
BMC : c =  346540  cl = 348306  lit = 1184157  p =  3587  d =   340  f =     1  +  T =     0.30 sec
  [bmc-prof  21] wall= 303.308 p=  3928 | ifo= 21.631(sd=1.189 nx=0.000 tfo=18.003 cnt=2.439) snap= 1.989 srm= 60.577 sat= 20.431(set=2.206 slv=17.985 max=0.2771 n=3928) sim=196.922(rmp=4.312 run=192.608) chk= 0.006 stat= 1.368 rest= 0.384
BMC : c =  346540  cl = 348306  lit = 1184101  p =  3585  d =   300  f =     0  +  T =     0.30 sec
  [bmc-prof  22] wall= 301.032 p=  3885 | ifo= 14.789(sd=1.360 nx=0.000 tfo=10.150 cnt=3.279) snap= 1.993 srm= 62.736 sat= 19.555(set=2.065 slv=17.253 max=0.1895 n=3885) sim=200.193(rmp=5.224 run=194.967) chk= 0.005 stat= 1.378 rest= 0.382
BMC : c =  346540  cl = 348302  lit = 1184053  p =  3584  d =   245  f =     0  +  T =     0.30 sec
  [bmc-prof  23] wall= 297.792 p=  3829 | ifo= 14.285(sd=1.799 nx=0.000 tfo=9.763 cnt=2.723) snap= 1.951 srm= 58.519 sat= 20.586(set=2.176 slv=18.170 max=0.0943 n=3829) sim=201.009(rmp=4.379 run=196.628) chk= 0.003 stat= 1.077 rest= 0.361
BMC : c =  346540  cl = 348304  lit = 1184003  p =  3586  d =   197  f =     0  +  T =     0.30 sec
  [bmc-prof  24] wall= 301.816 p=  3783 | ifo= 13.883(sd=1.205 nx=0.000 tfo=9.512 cnt=3.166) snap= 1.859 srm= 61.517 sat= 18.134(set=2.143 slv=15.776 max=0.0979 n=3783) sim=204.607(rmp=4.602 run=200.003) chk= 0.005 stat= 1.382 rest= 0.428
BMC : c =  346540  cl = 348298  lit = 1183964  p =  3585  d =   150  f =     0  +  T =     0.30 sec
  [bmc-prof  25] wall= 303.691 p=  3735 | ifo= 13.778(sd=1.485 nx=0.000 tfo=9.597 cnt=2.697) snap= 1.951 srm= 56.895 sat= 17.956(set=2.026 slv=15.727 max=0.0655 n=3735) sim=211.650(rmp=4.750 run=206.898) chk= 0.003 stat= 1.067 rest= 0.391
BMC : c =  346540  cl = 348292  lit = 1183938  p =  3587  d =   111  f =     0  +  T =     0.30 sec
  [bmc-prof  26] wall= 302.390 p=  3698 | ifo= 14.765(sd=1.219 nx=0.000 tfo=10.865 cnt=2.682) snap= 1.904 srm= 56.729 sat= 20.005(set=2.055 slv=17.713 max=0.2879 n=3698) sim=207.540(rmp=4.648 run=202.891) chk= 0.004 stat= 1.081 rest= 0.363
BMC : c =  346540  cl = 348292  lit = 1183920  p =  3587  d =    85  f =     0  +  T =     0.30 sec
  [bmc-prof  27] wall= 297.154 p=  3672 | ifo= 14.291(sd=1.214 nx=0.000 tfo=9.939 cnt=3.137) snap= 2.295 srm= 59.651 sat= 18.631(set=2.267 slv=16.148 max=0.1985 n=3672) sim=200.723(rmp=4.830 run=195.891) chk= 0.004 stat= 1.184 rest= 0.377
BMC : c =  346540  cl = 348294  lit = 1183906  p =  3587  d =    68  f =     0  +  T =     0.30 sec
  [bmc-prof  28] wall= 299.559 p=  3655 | ifo= 15.356(sd=1.645 nx=0.000 tfo=10.585 cnt=3.127) snap= 1.981 srm= 62.008 sat= 18.443(set=2.955 slv=15.271 max=0.1003 n=3655) sim=200.314(rmp=4.569 run=195.743) chk= 0.003 stat= 1.096 rest= 0.358
BMC : c =  346540  cl = 348292  lit = 1183890  p =  3583  d =    58  f =     0  +  T =     0.29 sec
  [bmc-prof  29] wall= 292.913 p=  3641 | ifo= 13.431(sd=1.206 nx=0.000 tfo=9.635 cnt=2.590) snap= 2.177 srm= 58.508 sat= 17.055(set=2.012 slv=14.848 max=0.0854 n=3641) sim=200.313(rmp=4.610 run=195.702) chk= 0.003 stat= 1.065 rest= 0.361
BMC : c =  346540  cl = 348294  lit = 1183880  p =  3583  d =    42  f =     0  +  T =     0.29 sec
  [bmc-prof  30] wall= 296.928 p=  3625 | ifo= 13.605(sd=1.218 nx=0.000 tfo=9.683 cnt=2.704) snap= 1.945 srm= 59.708 sat= 18.362(set=2.281 slv=15.878 max=0.3933 n=3625) sim=201.335(rmp=4.929 run=196.404) chk= 0.004 stat= 1.564 rest= 0.405
BMC : c =  346540  cl = 348292  lit = 1183872  p =  3584  d =    32  f =     0  +  T =     0.31 sec
  [bmc-prof  31] wall= 309.249 p=  3616 | ifo= 14.681(sd=1.398 nx=0.000 tfo=9.951 cnt=3.332) snap= 1.884 srm= 60.865 sat= 18.237(set=2.420 slv=15.619 max=0.0953 n=3616) sim=212.103(rmp=4.437 run=207.664) chk= 0.004 stat= 1.098 rest= 0.377
BMC : c =  346540  cl = 348288  lit = 1183863  p =  3584  d =    24  f =     0  +  T =     0.30 sec
  [bmc-prof  32] wall= 303.405 p=  3608 | ifo= 13.654(sd=1.183 nx=0.000 tfo=9.751 cnt=2.720) snap= 1.926 srm= 60.105 sat= 17.662(set=2.133 slv=15.328 max=0.1203 n=3608) sim=208.630(rmp=4.583 run=204.045) chk= 0.003 stat= 1.066 rest= 0.358
BMC : c =  346540  cl = 348286  lit = 1183857  p =  3580  d =    19  f =     0  +  T =     0.30 sec
  [bmc-prof  33] wall= 298.682 p=  3599 | ifo= 13.318(sd=1.223 nx=0.000 tfo=9.479 cnt=2.615) snap= 1.844 srm= 60.124 sat= 16.790(set=2.598 slv=14.005 max=0.0829 n=3599) sim=204.992(rmp=4.851 run=200.139) chk= 0.004 stat= 1.231 rest= 0.379
BMC : c =  346540  cl = 348284  lit = 1183852  p =  3580  d =    13  f =     0  +  T =     0.30 sec
  [bmc-prof  34] wall= 305.737 p=  3593 | ifo= 14.578(sd=1.213 nx=0.000 tfo=10.581 cnt=2.783) snap= 1.828 srm= 58.332 sat= 17.566(set=2.004 slv=15.366 max=0.0901 n=3593) sim=212.017(rmp=5.775 run=206.241) chk= 0.003 stat= 1.058 rest= 0.354
BMC : c =  346540  cl = 348284  lit = 1183849  p =  3580  d =     8  f =     0  +  T =     0.30 sec
  [bmc-prof  35] wall= 298.679 p=  3588 | ifo= 14.506(sd=1.256 nx=0.000 tfo=10.245 cnt=3.005) snap= 1.826 srm= 60.257 sat= 16.635(set=2.166 slv=14.284 max=0.0925 n=3588) sim=203.976(rmp=5.455 run=198.519) chk= 0.003 stat= 1.094 rest= 0.382
BMC : c =  346540  cl = 348282  lit = 1183846  p =  3580  d =     5  f =     0  +  T =     0.31 sec
  [bmc-prof  36] wall= 311.671 p=  3585 | ifo= 13.729(sd=1.301 nx=0.000 tfo=9.713 cnt=2.716) snap= 2.017 srm= 60.168 sat= 17.907(set=2.096 slv=15.613 max=0.1176 n=3585) sim=216.401(rmp=4.526 run=211.874) chk= 0.003 stat= 1.072 rest= 0.373
BMC : c =  346540  cl = 348283  lit = 1183843  p =  3579  d =     3  f =     0  +  T =     0.30 sec
  [bmc-prof  37] wall= 303.469 p=  3582 | ifo= 14.569(sd=1.272 nx=0.000 tfo=10.442 cnt=2.855) snap= 1.926 srm= 62.409 sat= 17.235(set=2.036 slv=15.008 max=0.1838 n=3582) sim=205.838(rmp=4.592 run=201.245) chk= 0.003 stat= 1.109 rest= 0.380
BMC : c =  346540  cl = 348283  lit = 1183842  p =  3576  d =     3  f =     0  +  T =     0.30 sec
  [bmc-prof  38] wall= 305.171 p=  3579 | ifo= 14.095(sd=1.278 nx=0.000 tfo=10.113 cnt=2.703) snap= 2.027 srm= 61.764 sat= 18.923(set=2.168 slv=16.542 max=0.2540 n=3579) sim=206.869(rmp=4.695 run=202.172) chk= 0.004 stat= 1.130 rest= 0.359
BMC : c =  346540  cl = 348282  lit = 1183841  p =  3576  d =     2  f =     0  +  T =     0.33 sec
  [bmc-prof  39] wall= 329.450 p=  3578 | ifo= 14.541(sd=1.347 nx=0.000 tfo=10.157 cnt=3.036) snap= 2.358 srm= 62.511 sat= 17.442(set=2.347 slv=14.900 max=0.0795 n=3578) sim=231.019(rmp=4.628 run=226.389) chk= 0.003 stat= 1.190 rest= 0.388
BMC : c =  346540  cl = 348282  lit = 1183840  p =  3576  d =     1  f =     0  +  T =     0.31 sec
  [bmc-prof  40] wall= 313.802 p=  3577 | ifo= 14.333(sd=1.274 nx=0.000 tfo=10.274 cnt=2.785) snap= 2.104 srm= 63.485 sat= 17.554(set=2.280 slv=14.796 max=0.0826 n=3577) sim=214.730(rmp=5.190 run=209.538) chk= 0.004 stat= 1.199 rest= 0.393
BMC : c =  346540  cl = 348282  lit = 1183840  p =  3578  d =     0  f =     0  +  T =     0.10 sec
  [bmc-prof  41] wall= 100.036 p=  3578 | ifo= 14.728(sd=1.311 nx=0.000 tfo=10.606 cnt=2.811) snap= 2.061 srm= 63.618 sat= 17.914(set=2.588 slv=15.124 max=0.1676 n=3578) sim= 0.000(rmp=0.000 run=0.000) chk= 0.000 stat= 1.363 rest= 0.353
  [bmc-prof ALL] wall=13023.583 p=184582 | ifo=813.328(sd=65.074 nx=0.000 tfo=635.102 cnt=113.153) snap=99.317 srm=2524.912 sat=1067.162(set=95.691 slv=958.293 max=1.1413 n=184582) sim=8453.229(rmp=195.052 run=8257.995) chk= 0.195 stat=50.205 rest=15.235
  1 : c =  346013  cl = 347383  lit = 1181633  p = 13476  d =  1886  f =     1  +  T =     0.48 sec
  [prof   1] wall= 483.775 p= 15363 | ifo=  0.000(sd=0.000 nx=0.000 tfo=0.000 cnt=0.000) snap= 2.029 srm=112.281 sat= 30.311(set=3.355 slv=15.647 max=0.0921 n=15363) sim=338.028(rmp=5.873 run=332.000) chk= 0.021 stat= 1.100 rest= 0.005
  2 : c =  345745  cl = 347392  lit = 1180942  p = 12738  d =   553  f =     0  +  T =     0.47 sec
  [prof   2] wall= 466.701 p= 13291 | ifo= 29.817(sd=1.644 nx=1.662 tfo=23.187 cnt=3.324) snap= 2.218 srm=106.493 sat= 18.596(set=2.955 slv=14.897 max=0.3396 n=13291) sim=308.144(rmp=5.505 run=302.486) chk= 0.012 stat= 1.161 rest= 0.261
  3 : c =  345147  cl = 347471  lit = 1179881  p = 12523  d =   550  f =     0  +  T =     0.47 sec
  [prof   3] wall= 471.263 p= 13073 | ifo= 23.243(sd=1.271 nx=1.058 tfo=16.813 cnt=4.102) snap= 2.038 srm=110.983 sat= 16.750(set=2.677 slv=13.387 max=0.0464 n=13073) sim=316.835(rmp=6.095 run=310.575) chk= 0.013 stat= 1.086 rest= 0.314
  4 : c =  312674  cl = 367363  lit = 1128596  p = 12958  d =  1253  f =     0  +  T =     0.49 sec
  [prof   4] wall= 491.806 p= 14211 | ifo= 23.411(sd=1.294 nx=1.057 tfo=17.504 cnt=3.556) snap= 2.905 srm=106.602 sat= 19.155(set=2.891 slv=15.509 max=0.0876 n=14211) sim=337.926(rmp=5.503 run=332.242) chk= 0.015 stat= 1.485 rest= 0.308
  5 : c =  295776  cl = 370893  lit = 1096797  p = 47050  d =121640  f =    21  +  T =     1.37 sec
  [prof   5] wall=1370.208 p=168711 | ifo= 30.578(sd=2.648 nx=1.412 tfo=22.327 cnt=4.191) snap= 2.383 srm=158.525 sat=785.547(set=8.202 slv=746.745 max=0.7694 n=168711) sim=390.444(rmp=5.912 run=384.444) chk= 0.338 stat= 1.856 rest= 0.538
  6 : c =  206628  cl = 357896  lit =  850833  p =117206  d =197274  f =    12  +  T =     3.11 sec
  [prof   6] wall=3107.953 p=314492 | ifo= 42.247(sd=3.558 nx=1.236 tfo=33.108 cnt=4.345) snap= 3.356 srm=212.868 sat=1575.015(set=13.574 slv=1534.251 max=0.8696 n=314492) sim=1271.924(rmp=6.356 run=1265.439) chk= 0.560 stat= 1.968 rest= 0.014
  7 : c =  154259  cl = 325282  lit =  672081  p = 56941  d =129254  f =  5354  +  T =    13.73 sec
  [prof   7] wall=13733.504 p=191549 | ifo= 42.419(sd=4.615 nx=1.175 tfo=32.686 cnt=3.943) snap= 1.962 srm=214.510 sat=11162.363(set=12.348 slv=11122.964 max=4.5803 n=191549) sim=2308.632(rmp=6.569 run=2301.862) chk= 0.524 stat= 2.189 rest= 0.905
  8 : c =   76711  cl = 247345  lit =  443322  p = 97292  d =203576  f = 29540  +  T =    25.10 sec
  [prof   8] wall=25101.227 p=330408 | ifo= 50.360(sd=9.357 nx=1.841 tfo=35.393 cnt=3.768) snap= 2.460 srm=280.163 sat=20409.362(set=16.744 slv=20341.275 max=3.5661 n=330408) sim=4354.414(rmp=4.557 run=4349.856) chk= 1.684 stat= 2.369 rest= 0.414
  9 : c =   70835  cl = 219615  lit =  364507  p = 14494  d = 88252  f = 11969  +  T =    10.63 sec
  [prof   9] wall=10635.892 p=114715 | ifo= 26.524(sd=2.232 nx=1.486 tfo=20.002 cnt=2.804) snap= 1.926 srm=212.275 sat=6096.501(set=12.291 slv=6062.894 max=4.7004 n=114715) sim=4295.834(rmp=5.762 run=4289.988) chk= 0.598 stat= 1.326 rest= 0.906
 10 : c =   69963  cl = 220946  lit =  354638  p = 26671  d =  8888  f =   655  +  T =     1.19 sec
  [prof  10] wall=1191.403 p= 36214 | ifo= 33.805(sd=4.226 nx=1.421 tfo=26.048 cnt=2.110) snap= 2.490 srm=194.676 sat=383.815(set=10.031 slv=371.115 max=0.5722 n=36214) sim=574.623(rmp=5.396 run=569.062) chk= 0.168 stat= 1.193 rest= 0.634
 11 : c =   69729  cl = 224601  lit =  346269  p = 24601  d = 20706  f =    22  +  T =     0.84 sec
  [prof  11] wall= 839.907 p= 45329 | ifo= 25.335(sd=2.732 nx=1.176 tfo=19.380 cnt=2.047) snap= 2.083 srm=186.805 sat= 61.423(set=11.504 slv=47.352 max=0.7888 n=45329) sim=562.412(rmp=5.200 run=557.042) chk= 0.044 stat= 1.185 rest= 0.621
  [incr r=11 repr=16408 next=8741 tfo=1329521 active=397929/570870 POs=89129]
 12 : c =   51214  cl = 227081  lit =  329061  p = 51044  d = 38053  f =    32  +  T =     0.54 sec
  [prof  12] wall= 545.472 p= 89129 | ifo= 18.565(sd=1.475 nx=1.085 tfo=13.964 cnt=2.041) snap= 2.059 srm=173.765 sat= 82.074(set=11.381 slv=65.037 max=0.2502 n=89129) sim=266.710(rmp=5.195 run=261.515) chk= 0.070 stat= 1.569 rest= 0.661
 13 : c =   50821  cl = 224378  lit =  311928  p = 37563  d = 49321  f =     0  +  T =     0.70 sec
  [prof  13] wall= 701.093 p= 86884 | ifo= 21.824(sd=1.843 nx=1.320 tfo=16.859 cnt=1.801) snap= 2.347 srm=208.874 sat=178.277(set=11.385 slv=160.632 max=0.3506 n=86884) sim=287.710(rmp=6.749 run=280.752) chk= 0.064 stat= 1.195 rest= 0.803
 14 : c =   49732  cl = 228125  lit =  304344  p = 46821  d = 16251  f =     0  +  T =     0.60 sec
  [prof  14] wall= 603.668 p= 63072 | ifo= 35.429(sd=1.284 nx=1.057 tfo=31.063 cnt=2.025) snap= 2.228 srm=208.015 sat= 86.060(set=11.829 slv=70.472 max=0.3331 n=63072) sim=269.870(rmp=5.571 run=264.141) chk= 0.063 stat= 1.317 rest= 0.686
 15 : c =   40766  cl = 213881  lit =  274032  p = 57625  d = 22843  f =     1  +  T =     0.68 sec
  [prof  15] wall= 679.539 p= 80469 | ifo= 22.026(sd=1.313 nx=1.029 tfo=17.657 cnt=2.027) snap= 2.011 srm=216.055 sat=159.413(set=11.919 slv=142.215 max=0.4505 n=80469) sim=277.897(rmp=4.488 run=273.408) chk= 0.138 stat= 1.274 rest= 0.726
 16 : c =   39514  cl = 210439  lit =  260779  p = 37454  d =  5616  f =  9041  +  T =     1.07 sec
  [prof  16] wall=1066.898 p= 52111 | ifo= 20.463(sd=1.533 nx=1.469 tfo=15.557 cnt=1.903) snap= 1.946 srm=217.619 sat=545.437(set=12.383 slv=529.593 max=0.8266 n=52111) sim=279.408(rmp=5.294 run=273.962) chk= 0.135 stat= 1.186 rest= 0.706
 17 : c =   38191  cl = 210529  lit =  259653  p = 36888  d =   329  f =   114  +  T =     0.55 sec
  [prof  17] wall= 555.684 p= 37331 | ifo= 22.078(sd=1.290 nx=1.014 tfo=17.964 cnt=1.809) snap= 1.996 srm=204.891 sat= 67.036(set=11.143 slv=54.024 max=0.7711 n=37331) sim=257.829(rmp=4.903 run=252.771) chk= 0.104 stat= 1.132 rest= 0.619
 18 : c =   37013  cl = 209656  lit =  255697  p = 37787  d =  2533  f =   100  +  T =     0.60 sec
  [prof  18] wall= 596.521 p= 40420 | ifo= 24.366(sd=1.230 nx=1.038 tfo=20.311 cnt=1.787) snap= 1.895 srm=205.158 sat= 90.471(set=10.843 slv=77.168 max=0.5536 n=40420) sim=272.553(rmp=5.088 run=267.307) chk= 0.059 stat= 1.375 rest= 0.645
 19 : c =   32663  cl = 208038  lit =  250430  p = 32538  d =  2912  f =  2897  +  T =     1.14 sec
  [prof  19] wall=1141.074 p= 38347 | ifo= 25.731(sd=2.456 nx=1.207 tfo=20.249 cnt=1.819) snap= 2.559 srm=233.287 sat=570.528(set=11.531 slv=555.846 max=0.9211 n=38347) sim=306.712(rmp=6.076 run=300.461) chk= 0.130 stat= 1.312 rest= 0.814
 20 : c =    7254  cl = 184664  lit =  198984  p = 11043  d = 14537  f = 15296  +  T =    10.90 sec
  [prof  20] wall=10896.874 p= 40876 | ifo= 32.507(sd=4.275 nx=1.375 tfo=24.967 cnt=1.890) snap= 2.192 srm=235.025 sat=3703.659(set=11.663 slv=3685.955 max=4.2414 n=40876) sim=6921.194(rmp=6.293 run=6914.553) chk= 0.311 stat= 1.229 rest= 0.757
 21 : c =    6623  cl = 180128  lit =  193288  p = 12508  d =  1675  f =  4344  +  T =     0.94 sec
  [prof  21] wall= 938.309 p= 18527 | ifo= 40.436(sd=4.712 nx=1.766 tfo=32.327 cnt=1.630) snap= 2.213 srm=212.204 sat=420.046(set=11.441 slv=406.991 max=0.7011 n=18527) sim=261.461(rmp=5.879 run=255.427) chk= 0.100 stat= 1.112 rest= 0.737
 22 : c =    5713  cl = 179420  lit =  191292  p =  8356  d =  1466  f =   455  +  T =     0.71 sec
  [prof  22] wall= 710.721 p= 10277 | ifo= 21.860(sd=1.267 nx=1.209 tfo=17.806 cnt=1.577) snap= 1.971 srm=212.816 sat=209.353(set=11.695 slv=196.886 max=3.3056 n=10277) sim=262.905(rmp=5.432 run=257.294) chk= 0.030 stat= 1.132 rest= 0.654
 23 : c =    4360  cl = 178221  lit =  187574  p =  9089  d =  2655  f =   207  -  T =     0.69 sec
  [prof  23] wall= 687.465 p= 11951 | ifo= 21.678(sd=1.273 nx=1.026 tfo=17.395 cnt=1.984) snap= 2.966 srm=241.200 sat=106.622(set=12.777 slv=92.977 max=0.2824 n=11951) sim=313.114(rmp=5.746 run=307.168) chk= 0.028 stat= 1.188 rest= 0.668
 24 : c =    4242  cl = 178190  lit =  187267  p =  8060  d =   234  f =   177  -  T =     0.63 sec
  [prof  24] wall= 630.618 p=  8471 | ifo= 24.893(sd=1.675 nx=1.125 tfo=20.439 cnt=1.655) snap= 2.700 srm=241.846 sat= 65.544(set=11.601 slv=53.428 max=0.3308 n=8471) sim=293.718(rmp=5.512 run=288.037) chk= 0.024 stat= 1.204 rest= 0.689
  [incr r=24 repr=1498 next=548 tfo=1137334 active=73265/365457 POs=3177]
 25 : c =    4170  cl = 178186  lit =  187090  p =  2942  d =   140  f =    95  -  T =     0.51 sec
  [prof  25] wall= 511.479 p=  3177 | ifo= 19.639(sd=1.812 nx=1.149 tfo=14.378 cnt=2.300) snap= 2.553 srm=165.900 sat= 36.618(set=9.411 slv=27.008 max=0.3868 n=3177) sim=285.038(rmp=5.634 run=279.216) chk= 0.017 stat= 1.181 rest= 0.533
 26 : c =    4092  cl = 178206  lit =  186938  p =  8001  d =    77  f =    85  -  T =     0.60 sec
  [prof  26] wall= 597.188 p=  8163 | ifo= 23.897(sd=1.804 nx=1.227 tfo=19.144 cnt=1.721) snap= 2.881 srm=235.992 sat= 45.734(set=12.921 slv=32.364 max=0.3189 n=8163) sim=286.891(rmp=5.190 run=281.520) chk= 0.023 stat= 1.103 rest= 0.668
 27 : c =    3897  cl = 178163  lit =  186777  p =  7993  d =   103  f =    44  -  T =     0.56 sec
  [prof  27] wall= 561.610 p=  8140 | ifo= 20.598(sd=1.293 nx=1.131 tfo=16.605 cnt=1.569) snap= 2.392 srm=226.377 sat= 46.174(set=10.750 slv=34.903 max=0.6404 n=8140) sim=264.295(rmp=5.199 run=258.941) chk= 0.028 stat= 1.060 rest= 0.687
  [incr r=27 repr=364 next=364 tfo=1053602 active=13423/364940 POs=3032]
 28 : c =    3749  cl = 178144  lit =  186643  p =  2821  d =   156  f =    55  -  T =     0.44 sec
  [prof  28] wall= 440.859 p=  3032 | ifo= 14.522(sd=1.173 nx=1.055 tfo=10.456 cnt=1.838) snap= 2.100 srm=130.044 sat= 33.502(set=7.132 slv=26.201 max=0.5324 n=3032) sim=259.092(rmp=5.017 run=253.930) chk= 0.052 stat= 1.084 rest= 0.464
  [incr r=28 repr=1230 next=333 tfo=1059206 active=14701/364787 POs=3137]
 29 : c =    3666  cl = 178161  lit =  186512  p =  2946  d =   119  f =    72  -  T =     0.44 sec
  [prof  29] wall= 440.418 p=  3137 | ifo= 13.936(sd=1.141 nx=1.030 tfo=9.944 cnt=1.821) snap= 2.098 srm=131.612 sat= 29.786(set=7.521 slv=22.094 max=0.2468 n=3137) sim=261.344(rmp=4.964 run=256.225) chk= 0.039 stat= 1.115 rest= 0.489
  [incr r=29 repr=289 next=257 tfo=1038109 active=7656/364673 POs=2181]
 30 : c =    3612  cl = 178163  lit =  186344  p =  1997  d =   145  f =    39  -  T =     0.42 sec
  [prof  30] wall= 417.540 p=  2181 | ifo= 13.957(sd=1.225 nx=1.024 tfo=9.925 cnt=1.782) snap= 2.014 srm=132.004 sat= 24.550(set=7.730 slv=16.702 max=0.3112 n=2181) sim=243.304(rmp=5.098 run=238.054) chk= 0.028 stat= 1.232 rest= 0.453
  [incr r=30 repr=269 next=252 tfo=1034182 active=6986/364507 POs=2049]
 31 : c =    3565  cl = 178149  lit =  186256  p =  1942  d =    78  f =    29  -  T =     0.39 sec
  [prof  31] wall= 394.658 p=  2049 | ifo= 14.172(sd=1.169 nx=0.984 tfo=9.389 cnt=2.629) snap= 1.998 srm=121.498 sat= 20.420(set=7.609 slv=12.696 max=0.2501 n=2049) sim=235.049(rmp=5.267 run=229.634) chk= 0.003 stat= 1.066 rest= 0.453
  [incr r=31 repr=128 next=101 tfo=1023737 active=5703/364405 POs=2036]
 32 : c =    3501  cl = 178154  lit =  186210  p =  1968  d =    51  f =    17  -  T =     0.43 sec
  [prof  32] wall= 433.551 p=  2036 | ifo= 13.914(sd=1.222 nx=1.066 tfo=9.763 cnt=1.863) snap= 2.411 srm=131.771 sat= 16.677(set=7.624 slv=8.945 max=0.2593 n=2036) sim=266.882(rmp=5.422 run=261.275) chk= 0.009 stat= 1.421 rest= 0.467
  [incr r=32 repr=148 next=156 tfo=1020864 active=5493/364364 POs=2040]
 33 : c =    3452  cl = 178159  lit =  186166  p =  1952  d =    82  f =     6  -  T =     0.42 sec
  [prof  33] wall= 423.290 p=  2040 | ifo= 15.497(sd=1.666 nx=1.095 tfo=10.878 cnt=1.858) snap= 2.195 srm=129.336 sat= 17.064(set=7.757 slv=9.193 max=0.2730 n=2040) sim=257.514(rmp=5.265 run=252.102) chk= 0.009 stat= 1.162 rest= 0.513
  [incr r=33 repr=233 next=242 tfo=1021057 active=5600/364325 POs=2075]
 34 : c =    3370  cl = 178183  lit =  186093  p =  1962  d =    77  f =    36  -  T =     0.44 sec
  [prof  34] wall= 439.514 p=  2075 | ifo= 17.375(sd=1.529 nx=1.158 tfo=12.696 cnt=1.993) snap= 3.051 srm=129.515 sat= 20.995(set=8.760 slv=12.111 max=0.3302 n=2075) sim=266.925(rmp=4.843 run=261.915) chk= 0.032 stat= 1.173 rest= 0.447
  [incr r=34 repr=350 next=419 tfo=6811 active=1868/364276 POs=223]
 35 : c =    3344  cl = 178206  lit =  185939  p =    57  d =    84  f =    82  -  T =     0.37 sec
  [prof  35] wall= 370.575 p=   223 | ifo=  6.429(sd=1.805 nx=1.250 tfo=1.136 cnt=2.238) snap= 2.251 srm= 71.044 sat= 20.286(set=6.064 slv=14.194 max=0.2571 n=223) sim=269.089(rmp=5.112 run=263.795) chk= 0.012 stat= 1.152 rest= 0.311
  [incr r=35 repr=326 next=266 tfo=1020366 active=5459/364145 POs=2023]
 36 : c =    3333  cl = 178209  lit =  185838  p =  1948  d =    22  f =    53  -  T =     0.54 sec
  [prof  36] wall= 546.048 p=  2023 | ifo= 17.210(sd=1.644 nx=1.169 tfo=12.184 cnt=2.213) snap= 3.951 srm=144.073 sat= 25.243(set=10.337 slv=14.794 max=0.4006 n=2023) sim=353.272(rmp=5.501 run=347.536) chk= 0.052 stat= 1.741 rest= 0.505
  [incr r=36 repr=155 next=154 tfo=1020167 active=5296/364047 POs=1981]
 37 : c =    3291  cl = 178209  lit =  185776  p =  1923  d =    10  f =    48  -  T =     0.48 sec
  [prof  37] wall= 484.549 p=  1981 | ifo= 27.418(sd=2.245 nx=9.635 tfo=12.398 cnt=3.141) snap= 3.325 srm=157.312 sat= 24.991(set=9.210 slv=15.658 max=0.5119 n=1981) sim=269.738(rmp=5.112 run=264.466) chk= 0.010 stat= 1.142 rest= 0.613
  [incr r=37 repr=99 next=50 tfo=1020778 active=5296/363985 POs=1994]
 38 : c =    3268  cl = 178217  lit =  185725  p =  1938  d =    27  f =    29  -  T =     0.42 sec
  [prof  38] wall= 418.881 p=  1994 | ifo= 14.836(sd=1.305 nx=1.168 tfo=10.380 cnt=1.983) snap= 1.946 srm=129.041 sat= 19.198(set=8.065 slv=11.020 max=0.2725 n=1994) sim=251.832(rmp=4.861 run=246.797) chk= 0.029 stat= 1.389 rest= 0.609
  [incr r=38 repr=104 next=145 tfo=6214 active=1477/363942 POs=116]
 39 : c =    3203  cl = 178234  lit =  185647  p =    33  d =    40  f =    43  -  T =     0.34 sec
  [prof  39] wall= 338.605 p=   116 | ifo=  5.101(sd=1.272 nx=1.071 tfo=0.804 cnt=1.954) snap= 1.998 srm= 69.902 sat= 13.801(set=5.823 slv=7.966 max=0.3346 n=116) sim=245.948(rmp=5.636 run=240.139) chk= 0.009 stat= 1.459 rest= 0.387
  [incr r=39 repr=215 next=231 tfo=1021056 active=5408/363881 POs=2034]
 40 : c =    3100  cl = 178253  lit =  185577  p =  1950  d =    65  f =    19  -  T =     0.41 sec
  [prof  40] wall= 415.895 p=  2034 | ifo= 14.231(sd=1.296 nx=1.041 tfo=9.989 cnt=1.905) snap= 1.948 srm=129.810 sat= 21.013(set=9.437 slv=11.454 max=0.2840 n=2034) sim=247.259(rmp=5.233 run=241.843) chk= 0.010 stat= 1.155 rest= 0.470
  [incr r=40 repr=340 next=375 tfo=6707 active=1819/363830 POs=228]
 41 : c =    3048  cl = 178270  lit =  185449  p =    67  d =    97  f =    64  -  T =     0.35 sec
  [prof  41] wall= 351.512 p=   228 | ifo=  4.960(sd=1.269 nx=1.097 tfo=0.762 cnt=1.833) snap= 2.010 srm= 66.935 sat= 17.576(set=6.070 slv=11.482 max=0.2030 n=228) sim=258.547(rmp=5.395 run=252.992) chk= 0.012 stat= 1.161 rest= 0.312
  [incr r=41 repr=1100 next=325 tfo=1024200 active=8412/363719 POs=2067]
 42 : c =    3043  cl = 178281  lit =  185359  p =  1967  d =    65  f =    35  -  T =     0.43 sec
  [prof  42] wall= 434.544 p=  2067 | ifo= 14.692(sd=1.678 nx=1.190 tfo=9.957 cnt=1.867) snap= 1.939 srm=136.812 sat= 21.799(set=8.093 slv=13.589 max=0.3596 n=2067) sim=257.589(rmp=5.054 run=252.326) chk= 0.031 stat= 1.168 rest= 0.513
  [incr r=42 repr=234 next=236 tfo=1020285 active=5203/363640 POs=2030]
 43 : c =    3031  cl = 178298  lit =  185286  p =  1935  d =    55  f =    40  -  T =     0.45 sec
  [prof  43] wall= 451.116 p=  2030 | ifo= 14.961(sd=1.262 nx=1.210 tfo=10.642 cnt=1.847) snap= 1.873 srm=133.371 sat= 23.344(set=7.672 slv=15.550 max=0.3993 n=2030) sim=275.572(rmp=5.251 run=270.165) chk= 0.013 stat= 1.499 rest= 0.482
  [incr r=43 repr=242 next=157 tfo=6607 active=1723/363584 POs=121]
 44 : c =    3013  cl = 178306  lit =  185207  p =    42  d =    51  f =    28  -  T =     0.39 sec
  [prof  44] wall= 387.731 p=   121 | ifo=  6.537(sd=1.708 nx=1.443 tfo=0.925 cnt=2.461) snap= 2.570 srm= 74.435 sat= 10.939(set=6.262 slv=4.665 max=0.2271 n=121) sim=291.388(rmp=4.962 run=286.264) chk= 0.029 stat= 1.487 rest= 0.347
  [incr r=44 repr=837 next=205 tfo=10625 active=5694/363513 POs=136]
 45 : c =    2998  cl = 178320  lit =  185127  p =    45  d =    43  f =    48  -  T =     0.40 sec
  [prof  45] wall= 396.988 p=   136 | ifo=  5.607(sd=1.656 nx=1.456 tfo=0.100 cnt=2.395) snap= 2.064 srm= 76.672 sat= 15.311(set=6.468 slv=8.828 max=0.2372 n=136) sim=295.444(rmp=6.518 run=288.756) chk= 0.031 stat= 1.512 rest= 0.347
  [incr r=45 repr=122 next=150 tfo=1019961 active=4944/363447 POs=1995]
 46 : c =    2972  cl = 178319  lit =  185053  p =  1928  d =    25  f =    42  -  T =     0.44 sec
  [prof  46] wall= 443.065 p=  1995 | ifo= 17.374(sd=1.677 nx=1.412 tfo=11.717 cnt=2.568) snap= 2.123 srm=140.623 sat= 20.378(set=7.820 slv=12.446 max=0.2469 n=1995) sim=260.960(rmp=6.418 run=254.354) chk= 0.019 stat= 1.113 rest= 0.474
  [incr r=46 repr=87 next=88 tfo=1019834 active=4817/363372 POs=1962]
 47 : c =    2935  cl = 178317  lit =  185007  p =  1917  d =     9  f =    36  -  T =     0.44 sec
  [prof  47] wall= 438.744 p=  1962 | ifo= 15.555(sd=1.209 nx=1.060 tfo=11.419 cnt=1.866) snap= 1.905 srm=132.943 sat= 18.718(set=7.417 slv=11.196 max=0.2377 n=1962) sim=267.199(rmp=4.845 run=262.192) chk= 0.004 stat= 1.974 rest= 0.446
  [incr r=47 repr=51 next=18 tfo=1019719 active=4730/363324 POs=1959]
 48 : c =    2856  cl = 178319  lit =  184980  p =  1921  d =    27  f =    11  -  T =     0.44 sec
  [prof  48] wall= 443.656 p=  1959 | ifo= 14.844(sd=1.205 nx=1.014 tfo=10.309 cnt=2.316) snap= 2.092 srm=133.149 sat= 18.211(set=8.876 slv=9.220 max=0.2761 n=1959) sim=273.687(rmp=5.450 run=268.071) chk= 0.002 stat= 1.202 rest= 0.470
  [incr r=48 repr=163 next=166 tfo=1020765 active=5082/363299 POs=2055]
 49 : c =    2702  cl = 178334  lit =  184955  p =  1973  d =    81  f =     1  -  T =     0.45 sec
  [prof  49] wall= 450.293 p=  2055 | ifo= 16.859(sd=1.635 nx=1.235 tfo=11.397 cnt=2.592) snap= 2.385 srm=140.174 sat= 18.076(set=8.616 slv=9.339 max=0.2665 n=2055) sim=271.058(rmp=6.034 run=264.855) chk= 0.007 stat= 1.285 rest= 0.449
  [incr r=49 repr=449 next=517 tfo=6904 active=2027/363289 POs=308]
 50 : c =    2695  cl = 178362  lit =  184862  p =    96  d =   167  f =    45  -  T =     0.37 sec
  [prof  50] wall= 373.446 p=   308 | ifo=  6.718(sd=1.866 nx=1.311 tfo=1.111 cnt=2.429) snap= 2.313 srm= 78.191 sat= 18.080(set=6.536 slv=11.504 max=0.1649 n=308) sim=266.557(rmp=5.406 run=260.970) chk= 0.011 stat= 1.233 rest= 0.344
  [incr r=50 repr=1070 next=385 tfo=1022939 active=7677/363224 POs=2140]
 51 : c =    2685  cl = 178399  lit =  184718  p =  1962  d =   106  f =    72  -  T =     0.45 sec
  [prof  51] wall= 451.060 p=  2140 | ifo= 17.856(sd=2.055 nx=1.391 tfo=12.037 cnt=2.372) snap= 2.499 srm=137.557 sat= 30.336(set=8.428 slv=21.754 max=0.4665 n=2140) sim=260.996(rmp=5.642 run=255.195) chk= 0.014 stat= 1.351 rest= 0.452
  [incr r=51 repr=396 next=335 tfo=1021048 active=5145/363117 POs=2093]
 52 : c =    2668  cl = 178408  lit =  184597  p =  1960  d =    84  f =    49  -  T =     0.46 sec
  [prof  52] wall= 457.470 p=  2093 | ifo= 16.707(sd=1.805 nx=1.163 tfo=11.683 cnt=2.057) snap= 2.872 srm=137.246 sat= 24.361(set=8.841 slv=15.404 max=0.3529 n=2093) sim=274.441(rmp=4.937 run=269.329) chk= 0.014 stat= 1.347 rest= 0.482
  [incr r=52 repr=264 next=224 tfo=1021553 active=5036/363005 POs=2053]
 53 : c =    2661  cl = 178414  lit =  184515  p =  1961  d =    39  f =    53  -  T =     0.46 sec
  [prof  53] wall= 458.987 p=  2053 | ifo= 17.506(sd=1.787 nx=1.274 tfo=12.243 cnt=2.202) snap= 3.447 srm=142.704 sat= 24.091(set=8.269 slv=15.677 max=0.3888 n=2053) sim=269.390(rmp=5.347 run=263.882) chk= 0.037 stat= 1.292 rest= 0.520
  [incr r=53 repr=141 next=157 tfo=6213 active=1447/362929 POs=104]
 54 : c =    2617  cl = 178429  lit =  184433  p =    32  d =    50  f =    22  -  T =     0.39 sec
  [prof  54] wall= 386.482 p=   104 | ifo=  6.358(sd=1.458 nx=1.511 tfo=1.297 cnt=2.093) snap= 3.300 srm= 76.041 sat= 13.037(set=7.209 slv=5.812 max=0.2904 n=104) sim=286.047(rmp=8.820 run=277.055) chk= 0.021 stat= 1.295 rest= 0.383
  [incr r=54 repr=168 next=194 tfo=1021284 active=4799/362862 POs=2048]
 55 : c =    2605  cl = 178429  lit =  184355  p =  1956  d =    48  f =    44  -  T =     0.45 sec
  [prof  55] wall= 449.991 p=  2048 | ifo= 16.782(sd=1.707 nx=1.518 tfo=11.360 cnt=2.197) snap= 2.899 srm=139.514 sat= 23.579(set=7.762 slv=15.688 max=0.4547 n=2048) sim=265.605(rmp=5.208 run=260.205) chk= 0.030 stat= 1.107 rest= 0.474
  [incr r=55 repr=127 next=126 tfo=1020260 active=4542/362784 POs=1986]
 56 : c =    2582  cl = 178427  lit =  184291  p =  1925  d =    23  f =    38  -  T =     0.42 sec
  [prof  56] wall= 422.610 p=  1986 | ifo= 14.860(sd=1.235 nx=1.069 tfo=10.608 cnt=1.948) snap= 2.363 srm=129.938 sat= 27.205(set=12.008 slv=15.080 max=0.4033 n=1986) sim=246.587(rmp=5.628 run=240.788) chk= 0.020 stat= 1.110 rest= 0.527
  [incr r=56 repr=90 next=73 tfo=1020075 active=4530/362718 POs=1982]
 57 : c =    2544  cl = 178430  lit =  184247  p =  1932  d =    22  f =    28  -  T =     0.44 sec
  [prof  57] wall= 445.620 p=  1982 | ifo= 14.000(sd=1.239 nx=1.039 tfo=9.846 cnt=1.876) snap= 1.985 srm=135.133 sat= 20.481(set=8.715 slv=11.651 max=0.4229 n=1982) sim=271.919(rmp=5.202 run=266.523) chk= 0.013 stat= 1.587 rest= 0.502
  [incr r=57 repr=95 next=104 tfo=5647 active=1241/362677 POs=104]
 58 : c =    2501  cl = 178438  lit =  184198  p =    41  d =    41  f =    22  -  T =     0.35 sec
  [prof  58] wall= 354.761 p=   104 | ifo=  5.229(sd=1.419 nx=1.036 tfo=0.846 cnt=1.929) snap= 1.918 srm= 75.433 sat=  9.990(set=6.081 slv=3.896 max=0.2494 n=104) sim=260.649(rmp=4.883 run=255.600) chk= 0.012 stat= 1.194 rest= 0.336
  [incr r=58 repr=639 next=159 tfo=1023103 active=6870/362636 POs=2017]
 59 : c =    2466  cl = 178455  lit =  184125  p =  1938  d =    54  f =    25  -  T =     0.43 sec
  [prof  59] wall= 426.546 p=  2017 | ifo= 14.589(sd=1.314 nx=1.108 tfo=9.890 cnt=2.278) snap= 1.875 srm=133.889 sat= 19.184(set=7.840 slv=11.232 max=0.3516 n=2017) sim=255.383(rmp=5.915 run=249.270) chk= 0.015 stat= 1.127 rest= 0.484
  [incr r=59 repr=159 next=181 tfo=1019841 active=4515/362580 POs=2011]
 60 : c =    2437  cl = 178462  lit =  184051  p =  1931  d =    46  f =    34  -  T =     0.42 sec
  [prof  60] wall= 422.897 p=  2011 | ifo= 15.083(sd=1.204 nx=1.122 tfo=10.778 cnt=1.979) snap= 2.556 srm=131.080 sat= 19.508(set=7.829 slv=11.569 max=0.2590 n=2011) sim=253.077(rmp=5.084 run=247.815) chk= 0.012 stat= 1.130 rest= 0.451
  [incr r=60 repr=140 next=139 tfo=1019582 active=4491/362513 POs=1986]
 61 : c =    2392  cl = 178474  lit =  183978  p =  1917  d =    33  f =    36  -  T =     0.43 sec
  [prof  61] wall= 430.985 p=  1986 | ifo= 14.962(sd=1.204 nx=1.027 tfo=10.769 cnt=1.962) snap= 2.548 srm=137.435 sat= 20.112(set=8.443 slv=11.557 max=0.3088 n=1986) sim=254.374(rmp=5.679 run=248.445) chk= 0.014 stat= 1.103 rest= 0.436
  [incr r=61 repr=137 next=145 tfo=5380 active=1315/362452 POs=109]
 62 : c =    2344  cl = 178483  lit =  183924  p =    40  d =    44  f =    25  -  T =     0.34 sec
  [prof  62] wall= 342.848 p=   109 | ifo=  5.649(sd=1.267 nx=1.060 tfo=0.772 cnt=2.550) snap= 2.047 srm= 68.611 sat= 10.777(set=5.970 slv=4.796 max=0.2718 n=109) sim=254.308(rmp=5.237 run=248.909) chk= 0.011 stat= 1.140 rest= 0.304
  [incr r=62 repr=160 next=185 tfo=1019562 active=4508/362407 POs=2037]
 63 : c =    2326  cl = 178500  lit =  183855  p =  1947  d =    60  f =    30  -  T =     0.44 sec
  [prof  63] wall= 445.994 p=  2037 | ifo= 14.224(sd=1.296 nx=1.053 tfo=10.002 cnt=1.873) snap= 2.111 srm=140.861 sat= 21.532(set=8.249 slv=13.161 max=0.3653 n=2037) sim=265.719(rmp=5.965 run=259.588) chk= 0.011 stat= 1.100 rest= 0.437
  [incr r=63 repr=158 next=167 tfo=5454 active=1389/362355 POs=101]
 64 : c =    2294  cl = 178512  lit =  183793  p =    28  d =    49  f =    24  -  T =     0.35 sec
  [prof  64] wall= 353.768 p=   101 | ifo=  6.320(sd=1.206 nx=1.381 tfo=0.938 cnt=2.796) snap= 1.898 srm= 71.834 sat=  9.363(set=6.139 slv=3.211 max=0.2132 n=101) sim=262.775(rmp=5.166 run=257.438) chk= 0.009 stat= 1.233 rest= 0.335
  [incr r=64 repr=123 next=128 tfo=1019358 active=4352/362305 POs=1991]
 65 : c =    2251  cl = 178516  lit =  183729  p =  1920  d =    34  f =    37  -  T =     0.42 sec
  [prof  65] wall= 424.918 p=  1991 | ifo= 14.163(sd=1.446 nx=1.058 tfo=9.765 cnt=1.894) snap= 1.933 srm=134.083 sat= 19.350(set=7.665 slv=11.575 max=0.2390 n=1991) sim=253.652(rmp=5.644 run=247.853) chk= 0.017 stat= 1.196 rest= 0.524
  [incr r=65 repr=139 next=161 tfo=4782 active=1292/362245 POs=128]
 66 : c =    2216  cl = 178530  lit =  183666  p =    43  d =    53  f =    32  -  T =     0.34 sec
  [prof  66] wall= 344.371 p=   128 | ifo=  5.003(sd=1.287 nx=1.079 tfo=0.781 cnt=1.855) snap= 2.886 srm= 69.654 sat= 12.197(set=6.908 slv=5.275 max=0.1938 n=128) sim=253.186(rmp=5.068 run=247.975) chk= 0.007 stat= 1.135 rest= 0.301
  [incr r=66 repr=594 next=158 tfo=1021228 active=6088/362196 POs=2009]
 67 : c =    2186  cl = 178547  lit =  183590  p =  1924  d =    54  f =    31  -  T =     0.43 sec
  [prof  67] wall= 433.289 p=  2009 | ifo= 14.836(sd=1.283 nx=1.075 tfo=10.598 cnt=1.880) snap= 2.016 srm=131.633 sat= 19.788(set=7.663 slv=12.014 max=0.2395 n=2009) sim=263.439(rmp=5.347 run=257.940) chk= 0.008 stat= 1.125 rest= 0.444
  [incr r=67 repr=143 next=145 tfo=5258 active=1344/362137 POs=111]
 68 : c =    2136  cl = 178550  lit =  183526  p =    34  d =    52  f =    25  -  T =     0.36 sec
  [prof  68] wall= 364.313 p=   111 | ifo=  5.629(sd=1.232 nx=1.065 tfo=0.890 cnt=2.443) snap= 2.024 srm= 75.210 sat= 16.884(set=10.357 slv=6.509 max=0.4961 n=111) sim=263.004(rmp=5.259 run=257.576) chk= 0.011 stat= 1.132 rest= 0.419
  [incr r=68 repr=182 next=217 tfo=1019601 active=4439/362076 POs=2042]
 69 : c =    2048  cl = 178568  lit =  183464  p =  1956  d =    63  f =    23  -  T =     0.43 sec
  [prof  69] wall= 431.060 p=  2042 | ifo= 14.523(sd=1.345 nx=1.049 tfo=9.920 cnt=2.210) snap= 1.984 srm=130.459 sat= 19.742(set=7.941 slv=11.683 max=0.3209 n=2042) sim=262.556(rmp=5.154 run=257.225) chk= 0.014 stat= 1.321 rest= 0.460
  [incr r=69 repr=309 next=355 tfo=4313 active=1418/362032 POs=192]
 70 : c =    2025  cl = 178582  lit =  183379  p =    55  d =    90  f =    47  -  T =     0.34 sec
  [prof  70] wall= 343.192 p=   192 | ifo=  4.942(sd=1.205 nx=1.045 tfo=0.824 cnt=1.867) snap= 2.015 srm= 69.488 sat= 14.052(set=6.040 slv=7.987 max=0.2050 n=192) sim=251.164(rmp=6.682 run=244.330) chk= 0.020 stat= 1.163 rest= 0.349
  [incr r=70 repr=593 next=249 tfo=1021773 active=5910/361961 POs=2018]
 71 : c =    2012  cl = 178582  lit =  183274  p =  1932  d =    33  f =    53  -  T =     0.43 sec
  [prof  71] wall= 426.786 p=  2018 | ifo= 14.463(sd=1.264 nx=1.094 tfo=10.179 cnt=1.925) snap= 2.173 srm=135.699 sat= 25.329(set=8.351 slv=16.856 max=0.4580 n=2018) sim=247.441(rmp=5.729 run=241.519) chk= 0.025 stat= 1.178 rest= 0.477
  [incr r=71 repr=124 next=148 tfo=1019220 active=4177/361856 POs=1970]
 72 : c =    1976  cl = 178585  lit =  183200  p =  1904  d =    20  f =    46  -  T =     0.43 sec
  [prof  72] wall= 428.630 p=  1970 | ifo= 14.973(sd=1.268 nx=1.057 tfo=10.785 cnt=1.863) snap= 2.366 srm=130.648 sat= 21.860(set=8.193 slv=13.561 max=0.6004 n=1970) sim=257.219(rmp=5.504 run=251.562) chk= 0.004 stat= 1.117 rest= 0.442
  [incr r=72 repr=133 next=73 tfo=1018696 active=4025/361785 POs=1981]
 73 : c =    1927  cl = 178598  lit =  183124  p =  1907  d =    40  f =    34  -  T =     0.43 sec
  [prof  73] wall= 428.418 p=  1981 | ifo= 14.820(sd=1.219 nx=1.068 tfo=10.607 cnt=1.926) snap= 2.530 srm=130.312 sat= 21.957(set=8.804 slv=13.031 max=0.2698 n=1981) sim=257.159(rmp=5.571 run=251.428) chk= 0.004 stat= 1.148 rest= 0.487
  [incr r=73 repr=177 next=144 tfo=1019247 active=4109/361722 POs=2013]
 74 : c =    1876  cl = 178614  lit =  183061  p =  1920  d =    83  f =    10  -  T =     0.45 sec
  [prof  74] wall= 452.538 p=  2013 | ifo= 15.617(sd=2.132 nx=1.092 tfo=10.511 cnt=1.881) snap= 2.436 srm=127.088 sat= 20.545(set=7.981 slv=12.417 max=0.3987 n=2013) sim=284.871(rmp=5.352 run=279.337) chk= 0.004 stat= 1.504 rest= 0.473
  [incr r=74 repr=209 next=252 tfo=5061 active=1451/361675 POs=157]
 75 : c =    1835  cl = 178626  lit =  183004  p =    55  d =    86  f =    16  -  T =     0.38 sec
  [prof  75] wall= 384.270 p=   157 | ifo= 10.305(sd=1.801 nx=1.428 tfo=0.935 cnt=6.141) snap= 3.429 srm= 74.760 sat= 12.336(set=8.042 slv=4.270 max=0.2521 n=157) sim=281.162(rmp=5.599 run=275.340) chk= 0.007 stat= 1.898 rest= 0.373
  [incr r=75 repr=230 next=295 tfo=1019404 active=4244/361630 POs=2054]
 76 : c =    1811  cl = 178656  lit =  182910  p =  1938  d =    80  f =    36  -  T =     0.49 sec
  [prof  76] wall= 489.358 p=  2054 | ifo= 19.413(sd=1.887 nx=1.406 tfo=13.672 cnt=2.448) snap= 3.536 srm=147.797 sat= 22.505(set=8.452 slv=13.919 max=0.3217 n=2054) sim=293.436(rmp=5.958 run=287.254) chk= 0.017 stat= 2.144 rest= 0.511
  [incr r=76 repr=212 next=266 tfo=1020071 active=4287/361566 POs=2045]
 77 : c =    1772  cl = 178677  lit =  182794  p =  1932  d =    65  f =    48  -  T =     0.47 sec
  [prof  77] wall= 466.650 p=  2045 | ifo= 21.538(sd=2.569 nx=1.923 tfo=14.160 cnt=2.885) snap= 5.123 srm=155.187 sat= 23.629(set=9.157 slv=14.350 max=0.2873 n=2045) sim=259.421(rmp=5.630 run=253.609) chk= 0.010 stat= 1.229 rest= 0.512
  [incr r=77 repr=191 next=201 tfo=3068 active=1179/361471 POs=120]
 78 : c =    1732  cl = 178675  lit =  182697  p =    28  d =    41  f =    51  -  T =     0.43 sec
  [prof  78] wall= 435.596 p=   120 | ifo=  5.964(sd=1.368 nx=1.115 tfo=1.370 cnt=2.111) snap= 2.018 srm= 92.591 sat= 15.724(set=6.043 slv=9.667 max=0.2869 n=120) sim=317.700(rmp=9.511 run=308.022) chk= 0.009 stat= 1.255 rest= 0.333
  [incr r=78 repr=144 next=131 tfo=1019829 active=4059/361372 POs=1999]
 79 : c =    1683  cl = 178670  lit =  182639  p =  1926  d =    41  f =    32  -  T =     0.44 sec
  [prof  79] wall= 442.573 p=  1999 | ifo= 15.728(sd=1.255 nx=1.041 tfo=11.077 cnt=2.356) snap= 1.924 srm=145.080 sat= 21.392(set=8.427 slv=12.843 max=0.4361 n=1999) sim=256.811(rmp=7.033 run=249.627) chk= 0.008 stat= 1.114 rest= 0.515
  [incr r=79 repr=150 next=182 tfo=2784 active=1175/361309 POs=130]
 80 : c =    1634  cl = 178681  lit =  182600  p =    51  d =    63  f =    16  -  T =     0.34 sec
  [prof  80] wall= 344.035 p=   130 | ifo=  4.901(sd=1.201 nx=1.045 tfo=0.792 cnt=1.863) snap= 2.474 srm= 67.893 sat= 10.465(set=6.698 slv=3.750 max=0.3004 n=130) sim=256.816(rmp=5.556 run=251.107) chk= 0.006 stat= 1.114 rest= 0.366
  [incr r=80 repr=183 next=242 tfo=1019163 active=4005/361281 POs=2050]
 81 : c =    1618  cl = 178712  lit =  182509  p =  1942  d =    72  f =    36  -  T =     0.43 sec
  [prof  81] wall= 430.991 p=  2050 | ifo= 15.032(sd=1.848 nx=1.172 tfo=10.121 cnt=1.890) snap= 2.157 srm=133.167 sat= 23.307(set=8.646 slv=14.539 max=0.3430 n=2050) sim=255.274(rmp=5.349 run=249.716) chk= 0.019 stat= 1.529 rest= 0.505
  [incr r=81 repr=216 next=244 tfo=4406 active=1316/361221 POs=135]
 82 : c =    1588  cl = 178722  lit =  182401  p =    27  d =    63  f =    45  -  T =     0.36 sec
  [prof  82] wall= 357.903 p=   135 | ifo=  5.858(sd=1.516 nx=1.213 tfo=0.893 cnt=2.237) snap= 2.210 srm= 69.493 sat= 15.169(set=6.756 slv=8.394 max=0.2428 n=135) sim=263.628(rmp=5.225 run=258.238) chk= 0.008 stat= 1.198 rest= 0.338
  [incr r=82 repr=163 next=169 tfo=1018933 active=3815/361123 POs=1990]
 83 : c =    1546  cl = 178716  lit =  182325  p =  1913  d =    39  f =    38  -  T =     0.43 sec
  [prof  83] wall= 429.081 p=  1990 | ifo= 14.272(sd=1.264 nx=1.110 tfo=9.969 cnt=1.929) snap= 2.011 srm=133.712 sat= 21.907(set=9.394 slv=12.401 max=0.2413 n=1990) sim=255.564(rmp=5.214 run=250.183) chk= 0.008 stat= 1.123 rest= 0.483
  [incr r=83 repr=118 next=114 tfo=2016 active=993/361041 POs=98]
 84 : c =    1491  cl = 178720  lit =  182275  p =    29  d =    44  f =    25  -  T =     0.35 sec
  [prof  84] wall= 355.521 p=    98 | ifo=  6.212(sd=1.234 nx=1.053 tfo=1.167 cnt=2.758) snap= 2.872 srm= 70.438 sat= 11.920(set=7.417 slv=4.491 max=0.2400 n=98) sim=262.558(rmp=5.182 run=257.226) chk= 0.007 stat= 1.126 rest= 0.388
  [incr r=84 repr=158 next=197 tfo=1018967 active=3821/360995 POs=2066]
 85 : c =    1467  cl = 178738  lit =  182204  p =  1962  d =    72  f =    32  -  T =     0.43 sec
  [prof  85] wall= 430.235 p=  2066 | ifo= 16.327(sd=1.215 nx=1.068 tfo=12.054 cnt=1.990) snap= 2.148 srm=132.886 sat= 24.258(set=8.694 slv=15.435 max=0.2678 n=2066) sim=253.030(rmp=5.285 run=247.600) chk= 0.009 stat= 1.126 rest= 0.451
  [incr r=85 repr=195 next=225 tfo=1018983 active=3794/360942 POs=2015]
 86 : c =    1435  cl = 178760  lit =  182126  p =  1928  d =    64  f =    23  -  T =     0.43 sec
  [prof  86] wall= 435.579 p=  2015 | ifo= 15.550(sd=1.206 nx=1.073 tfo=11.360 cnt=1.912) snap= 2.023 srm=134.541 sat= 19.192(set=7.842 slv=11.239 max=0.2517 n=2015) sim=262.671(rmp=5.429 run=257.085) chk= 0.005 stat= 1.151 rest= 0.445
  [incr r=86 repr=175 next=184 tfo=1018897 active=3744/360886 POs=2019]
 87 : c =    1420  cl = 178769  lit =  182050  p =  1938  d =    44  f =    37  -  T =     0.42 sec
  [prof  87] wall= 425.241 p=  2019 | ifo= 14.988(sd=1.335 nx=1.046 tfo=10.711 cnt=1.896) snap= 1.953 srm=129.548 sat= 22.532(set=7.858 slv=14.539 max=0.3434 n=2019) sim=254.474(rmp=6.555 run=247.750) chk= 0.013 stat= 1.170 rest= 0.564
  [incr r=87 repr=136 next=157 tfo=3892 active=1155/360819 POs=87]
 88 : c =    1389  cl = 178774  lit =  181986  p =    20  d =    31  f =    36  -  T =     0.34 sec
  [prof  88] wall= 342.739 p=    87 | ifo=  4.912(sd=1.260 nx=1.040 tfo=0.725 cnt=1.887) snap= 2.175 srm= 68.912 sat= 12.557(set=6.331 slv=6.214 max=0.3302 n=87) sim=252.756(rmp=5.181 run=247.403) chk= 0.005 stat= 1.099 rest= 0.323
  [incr r=88 repr=92 next=78 tfo=1018622 active=3557/360760 POs=1978]
 89 : c =    1369  cl = 178770  lit =  181932  p =  1924  d =    16  f =    38  -  T =     0.44 sec
  [prof  89] wall= 443.223 p=  1978 | ifo= 14.704(sd=1.241 nx=1.186 tfo=10.331 cnt=1.947) snap= 2.012 srm=147.154 sat= 23.439(set=10.314 slv=13.007 max=0.3665 n=1978) sim=254.208(rmp=5.039 run=249.012) chk= 0.011 stat= 1.183 rest= 0.511
  [incr r=89 repr=65 next=72 tfo=1018496 active=3449/360702 POs=1951]
 90 : c =    1324  cl = 178775  lit =  181894  p =  1908  d =    18  f =    25  -  T =     0.46 sec
  [prof  90] wall= 460.532 p=  1951 | ifo= 15.209(sd=1.260 nx=1.156 tfo=10.845 cnt=1.948) snap= 2.255 srm=132.293 sat= 19.560(set=8.376 slv=11.076 max=0.2457 n=1951) sim=289.119(rmp=5.672 run=283.281) chk= 0.005 stat= 1.424 rest= 0.668
  [incr r=90 repr=86 next=87 tfo=1018534 active=3454/360669 POs=1979]
 91 : c =    1288  cl = 178787  lit =  181853  p =  1927  d =    34  f =    18  -  T =     0.42 sec
  [prof  91] wall= 421.748 p=  1979 | ifo= 14.787(sd=1.572 nx=1.020 tfo=10.237 cnt=1.957) snap= 2.240 srm=131.026 sat= 20.436(set=9.189 slv=11.125 max=0.2762 n=1979) sim=251.657(rmp=5.820 run=245.692) chk= 0.004 stat= 1.112 rest= 0.487
  [incr r=91 repr=112 next=125 tfo=1018521 active=3465/360640 POs=2003]
 92 : c =    1233  cl = 178803  lit =  181793  p =  1929  d =    62  f =    12  -  T =     0.42 sec
  [prof  92] wall= 417.293 p=  2003 | ifo= 14.777(sd=1.239 nx=1.075 tfo=10.597 cnt=1.866) snap= 2.140 srm=130.087 sat= 19.994(set=8.438 slv=11.434 max=0.2657 n=2003) sim=248.683(rmp=5.518 run=243.017) chk= 0.003 stat= 1.146 rest= 0.463
  [incr r=92 repr=198 next=221 tfo=1018801 active=3604/360596 POs=2037]
 93 : c =    1221  cl = 178812  lit =  181740  p =  1953  d =    61  f =    23  -  T =     0.43 sec
  [prof  93] wall= 428.828 p=  2037 | ifo= 14.961(sd=1.329 nx=1.065 tfo=10.708 cnt=1.859) snap= 1.864 srm=130.471 sat= 19.767(set=8.349 slv=11.303 max=0.2638 n=2037) sim=259.973(rmp=5.631 run=254.127) chk= 0.008 stat= 1.239 rest= 0.545
  [incr r=93 repr=316 next=187 tfo=1019045 active=3839/360552 POs=2009]
 94 : c =    1194  cl = 178834  lit =  181667  p =  1926  d =    48  f =    35  -  T =     0.43 sec
  [prof  94] wall= 433.952 p=  2009 | ifo= 16.076(sd=1.457 nx=1.164 tfo=10.797 cnt=2.659) snap= 2.065 srm=130.175 sat= 23.419(set=9.741 slv=13.558 max=0.2613 n=2009) sim=260.117(rmp=5.654 run=254.270) chk= 0.008 stat= 1.506 rest= 0.586
  [incr r=94 repr=153 next=155 tfo=1018585 active=3460/360501 POs=2002]
 95 : c =    1184  cl = 178837  lit =  181581  p =  1932  d =    33  f =    37  -  T =     0.42 sec
  [prof  95] wall= 419.975 p=  2002 | ifo= 15.757(sd=1.620 nx=1.066 tfo=11.183 cnt=1.888) snap= 1.990 srm=125.700 sat= 21.612(set=8.152 slv=13.338 max=0.4116 n=2002) sim=253.230(rmp=5.361 run=247.710) chk= 0.011 stat= 1.170 rest= 0.504
  [incr r=95 repr=118 next=131 tfo=1018395 active=3331/360418 POs=1961]
 96 : c =    1165  cl = 178838  lit =  181541  p =  1916  d =    12  f =    33  -  T =     0.42 sec
  [prof  96] wall= 425.770 p=  1961 | ifo= 15.948(sd=1.300 nx=1.132 tfo=11.463 cnt=2.053) snap= 2.130 srm=129.919 sat= 19.515(set=7.764 slv=11.644 max=0.3901 n=1961) sim=256.506(rmp=5.258 run=251.038) chk= 0.010 stat= 1.167 rest= 0.577
  [incr r=96 repr=158 next=60 tfo=1018534 active=3499/360379 POs=1968]
 97 : c =    1150  cl = 178839  lit =  181500  p =  1922  d =    18  f =    28  -  T =     0.42 sec
  [prof  97] wall= 417.570 p=  1968 | ifo= 15.964(sd=1.225 nx=1.523 tfo=11.268 cnt=1.947) snap= 2.195 srm=130.295 sat= 19.996(set=9.435 slv=10.452 max=0.2894 n=1968) sim=247.509(rmp=5.326 run=242.000) chk= 0.007 stat= 1.150 rest= 0.455
  [incr r=97 repr=52 next=61 tfo=1014 active=613/360339 POs=49]
 98 : c =    1119  cl = 178836  lit =  181453  p =     6  d =    13  f =    30  -  T =     0.35 sec
  [prof  98] wall= 350.834 p=    49 | ifo=  5.277(sd=1.286 nx=1.294 tfo=0.730 cnt=1.967) snap= 1.861 srm= 73.173 sat=  8.327(set=5.764 slv=2.556 max=0.1278 n=49) sim=260.731(rmp=4.778 run=255.798) chk= 0.003 stat= 1.158 rest= 0.305
  [incr r=98 repr=54 next=32 tfo=1019992 active=3249/360289 POs=1954]
 99 : c =    1077  cl = 178839  lit =  181428  p =  1922  d =    17  f =    15  -  T =     0.44 sec
  [prof  99] wall= 436.170 p=  1954 | ifo= 14.277(sd=1.255 nx=1.040 tfo=9.764 cnt=2.217) snap= 2.089 srm=135.577 sat= 18.264(set=9.558 slv=8.603 max=0.2676 n=1954) sim=264.340(rmp=5.597 run=258.579) chk= 0.004 stat= 1.148 rest= 0.471
  [incr r=99 repr=82 next=90 tfo=1018928 active=3149/360267 POs=1987]
100 : c =    1034  cl = 178851  lit =  181405  p =  1940  d =    45  f =     2  -  T =     0.43 sec
  [prof 100] wall= 431.296 p=  1987 | ifo= 14.941(sd=1.190 nx=1.008 tfo=10.850 cnt=1.893) snap= 2.258 srm=130.889 sat= 16.121(set=7.866 slv=8.146 max=0.2585 n=1987) sim=265.116(rmp=7.114 run=257.838) chk= 0.003 stat= 1.412 rest= 0.556
  [incr r=100 repr=149 next=176 tfo=2852 active=892/360256 POs=143]
101 : c =    1017  cl = 178872  lit =  181349  p =    57  d =    69  f =    17  -  T =     0.37 sec
  [prof 101] wall= 368.405 p=   143 | ifo=  4.907(sd=1.230 nx=1.071 tfo=0.734 cnt=1.872) snap= 2.590 srm= 74.302 sat= 10.057(set=6.275 slv=3.765 max=0.1768 n=143) sim=275.007(rmp=5.977 run=268.867) chk= 0.005 stat= 1.179 rest= 0.358
  [incr r=101 repr=166 next=212 tfo=1018401 active=3302/360221 POs=2041]
102 : c =    1002  cl = 178883  lit =  181273  p =  1958  d =    52  f =    31  -  T =     0.48 sec
  [prof 102] wall= 479.576 p=  2041 | ifo= 14.643(sd=1.200 nx=1.033 tfo=10.483 cnt=1.927) snap= 1.940 srm=146.098 sat= 19.487(set=7.779 slv=11.592 max=0.2483 n=2041) sim=295.732(rmp=5.216 run=290.358) chk= 0.006 stat= 1.158 rest= 0.511
  [incr r=102 repr=184 next=150 tfo=1018362 active=3292/360156 POs=2013]
103 : c =     987  cl = 178886  lit =  181211  p =  1949  d =    30  f =    34  -  T =     0.44 sec
  [prof 103] wall= 442.195 p=  2013 | ifo= 15.921(sd=1.323 nx=1.058 tfo=11.597 cnt=1.943) snap= 2.125 srm=147.184 sat= 21.649(set=8.695 slv=12.816 max=0.3072 n=2013) sim=253.680(rmp=6.325 run=247.185) chk= 0.005 stat= 1.098 rest= 0.532
  [incr r=103 repr=80 next=68 tfo=2292 active=624/360097 POs=47]
104 : c =     970  cl = 178882  lit =  181176  p =    13  d =    10  f =    24  -  T =     0.38 sec
  [prof 104] wall= 380.648 p=    47 | ifo=  6.286(sd=1.241 nx=1.237 tfo=1.094 cnt=2.714) snap= 2.213 srm= 75.535 sat=  9.463(set=6.688 slv=2.768 max=0.4244 n=47) sim=285.230(rmp=6.062 run=278.968) chk= 0.004 stat= 1.555 rest= 0.361
  [incr r=104 repr=41 next=34 tfo=1017723 active=2879/360058 POs=1943]
105 : c =     934  cl = 178880  lit =  181155  p =  1912  d =    21  f =    10  -  T =     0.48 sec
  [prof 105] wall= 485.093 p=  1943 | ifo= 17.345(sd=1.888 nx=1.285 tfo=11.692 cnt=2.480) snap= 3.252 srm=149.176 sat= 19.048(set=9.544 slv=9.391 max=0.3797 n=1943) sim=294.326(rmp=6.283 run=287.857) chk= 0.004 stat= 1.388 rest= 0.555
  [incr r=105 repr=132 next=112 tfo=1018044 active=3050/360035 POs=1997]
106 : c =     930  cl = 178892  lit =  181130  p =  1941  d =    47  f =     9  -  T =     0.46 sec
  [prof 106] wall= 466.212 p=  1997 | ifo= 18.220(sd=2.126 nx=1.437 tfo=12.577 cnt=2.080) snap= 2.511 srm=136.470 sat= 19.908(set=8.256 slv=11.522 max=0.3092 n=1997) sim=287.238(rmp=5.459 run=281.601) chk= 0.004 stat= 1.307 rest= 0.554
  [incr r=106 repr=87 next=106 tfo=2136 active=581/360022 POs=66]
107 : c =     910  cl = 178905  lit =  181098  p =    17  d =    40  f =     9  -  T =     0.37 sec
  [prof 107] wall= 373.375 p=    66 | ifo=  6.061(sd=1.625 nx=1.313 tfo=1.149 cnt=1.973) snap= 2.403 srm= 75.016 sat=  7.587(set=6.098 slv=1.479 max=0.1194 n=66) sim=280.353(rmp=5.761 run=274.411) chk= 0.002 stat= 1.497 rest= 0.456
  [incr r=107 repr=85 next=92 tfo=1017848 active=2957/360003 POs=1970]
108 : c =     892  cl = 178906  lit =  181041  p =  1918  d =    31  f =    21  -  T =     0.46 sec
  [prof 108] wall= 458.725 p=  1970 | ifo= 20.687(sd=2.725 nx=1.276 tfo=13.568 cnt=3.118) snap= 2.271 srm=148.380 sat= 18.045(set=7.922 slv=10.011 max=0.2762 n=1970) sim=267.576(rmp=6.440 run=260.942) chk= 0.005 stat= 1.239 rest= 0.522
  [incr r=108 repr=123 next=95 tfo=1017880 active=2930/359947 POs=1948]
109 : c =     869  cl = 178912  lit =  181002  p =  1911  d =    21  f =    16  -  T =     0.46 sec
  [prof 109] wall= 463.019 p=  1948 | ifo= 15.597(sd=1.396 nx=1.407 tfo=10.729 cnt=2.064) snap= 2.771 srm=143.553 sat= 17.981(set=8.378 slv=9.494 max=0.2936 n=1948) sim=281.278(rmp=6.069 run=274.954) chk= 0.005 stat= 1.270 rest= 0.564
  [incr r=109 repr=66 next=59 tfo=1017755 active=2848/359914 POs=1950]
110 : c =     849  cl = 178916  lit =  180964  p =  1915  d =    18  f =    17  -  T =     0.43 sec
  [prof 110] wall= 430.171 p=  1950 | ifo= 14.825(sd=1.307 nx=1.088 tfo=10.491 cnt=1.939) snap= 1.973 srm=134.683 sat= 17.348(set=7.874 slv=9.366 max=0.2392 n=1950) sim=259.686(rmp=5.519 run=254.020) chk= 0.004 stat= 1.168 rest= 0.485
  [incr r=110 repr=55 next=48 tfo=1018377 active=2881/359880 POs=1941]
111 : c =     820  cl = 178921  lit =  180944  p =  1911  d =    21  f =     9  -  T =     0.42 sec
  [prof 111] wall= 425.070 p=  1941 | ifo= 15.803(sd=1.257 nx=1.070 tfo=11.562 cnt=1.913) snap= 1.936 srm=136.651 sat= 19.782(set=9.361 slv=10.275 max=0.3211 n=1941) sim=249.251(rmp=5.705 run=243.386) chk= 0.004 stat= 1.115 rest= 0.527
  [incr r=111 repr=87 next=87 tfo=829 active=383/359865 POs=76]
112 : c =     804  cl = 178932  lit =  180916  p =    34  d =    34  f =     8  -  T =     0.34 sec
  [prof 112] wall= 337.513 p=    76 | ifo=  5.832(sd=1.229 nx=1.044 tfo=0.779 cnt=2.780) snap= 2.387 srm= 66.750 sat=  7.067(set=5.795 slv=1.264 max=0.1566 n=76) sim=253.981(rmp=6.398 run=247.434) chk= 0.002 stat= 1.142 rest= 0.351
  [incr r=112 repr=100 next=106 tfo=1018312 active=2844/359848 POs=1969]
113 : c =     797  cl = 178943  lit =  180872  p =  1921  d =    28  f =    20  -  T =     0.43 sec
  [prof 113] wall= 427.098 p=  1969 | ifo= 15.251(sd=1.247 nx=1.084 tfo=10.364 cnt=2.556) snap= 2.170 srm=128.625 sat= 18.083(set=8.456 slv=9.521 max=0.2612 n=1969) sim=261.367(rmp=6.659 run=254.305) chk= 0.004 stat= 1.135 rest= 0.464
  [incr r=113 repr=60 next=77 tfo=650 active=281/359815 POs=50]
114 : c =     783  cl = 178932  lit =  180828  p =    12  d =    23  f =    15  -  T =     0.37 sec
  [prof 114] wall= 370.723 p=    50 | ifo=  4.819(sd=1.221 nx=1.128 tfo=0.709 cnt=1.761) snap= 2.265 srm= 70.761 sat=  9.429(set=6.681 slv=2.742 max=0.3662 n=50) sim=281.877(rmp=5.169 run=276.528) chk= 0.002 stat= 1.236 rest= 0.333
  [incr r=114 repr=62 next=57 tfo=1018208 active=2742/359760 POs=1944]
115 : c =     771  cl = 178930  lit =  180805  p =  1916  d =    15  f =    13  -  T =     0.44 sec
  [prof 115] wall= 445.540 p=  1944 | ifo= 14.735(sd=1.357 nx=1.117 tfo=10.365 cnt=1.896) snap= 2.350 srm=134.251 sat= 18.607(set=8.929 slv=9.565 max=0.4311 n=1944) sim=274.059(rmp=5.827 run=268.085) chk= 0.003 stat= 1.115 rest= 0.420
  [incr r=115 repr=35 next=30 tfo=521 active=183/359735 POs=22]
116 : c =     761  cl = 178928  lit =  180784  p =     5  d =     9  f =     8  -  T =     0.33 sec
  [prof 116] wall= 329.835 p=    22 | ifo=  5.107(sd=1.241 nx=1.045 tfo=0.753 cnt=2.068) snap= 2.089 srm= 66.749 sat=  6.882(set=6.111 slv=0.768 max=0.1370 n=22) sim=247.532(rmp=4.959 run=242.432) chk= 0.001 stat= 1.189 rest= 0.286
  [incr r=116 repr=29 next=21 tfo=1017276 active=2567/359712 POs=1918]
117 : c =     744  cl = 178931  lit =  180774  p =  1904  d =     9  f =     5  -  T =     0.43 sec
  [prof 117] wall= 427.547 p=  1918 | ifo= 15.111(sd=1.259 nx=1.034 tfo=10.094 cnt=2.724) snap= 2.669 srm=135.077 sat= 17.442(set=9.717 slv=7.616 max=0.3372 n=1918) sim=255.549(rmp=6.434 run=248.951) chk= 0.003 stat= 1.149 rest= 0.546
  [incr r=117 repr=33 next=33 tfo=1017213 active=2564/359705 POs=1936]
118 : c =     733  cl = 178942  lit =  180758  p =  1918  d =    17  f =     1  -  T =     0.41 sec
  [prof 118] wall= 411.610 p=  1936 | ifo= 14.556(sd=1.246 nx=1.033 tfo=10.404 cnt=1.872) snap= 2.006 srm=125.862 sat= 14.905(set=7.479 slv=7.324 max=0.2381 n=1936) sim=252.677(rmp=4.941 run=247.569) chk= 0.002 stat= 1.117 rest= 0.486
  [incr r=118 repr=48 next=43 tfo=388 active=124/359700 POs=38]
119 : c =     728  cl = 178938  lit =  180733  p =    10  d =    22  f =     6  -  T =     0.34 sec
  [prof 119] wall= 346.168 p=    38 | ifo=  6.011(sd=1.240 nx=1.117 tfo=0.862 cnt=2.792) snap= 1.896 srm= 69.347 sat=  7.674(set=5.886 slv=1.779 max=0.2614 n=38) sim=259.628(rmp=6.223 run=253.193) chk= 0.001 stat= 1.214 rest= 0.396
  [incr r=119 repr=38 next=33 tfo=1017167 active=2512/359671 POs=1914]
120 : c =     724  cl = 178937  lit =  180724  p =  1904  d =     5  f =     5  -  T =     0.41 sec
  [prof 120] wall= 412.660 p=  1914 | ifo= 14.471(sd=1.231 nx=1.193 tfo=10.100 cnt=1.947) snap= 2.199 srm=138.866 sat= 15.899(set=8.567 slv=7.231 max=0.3627 n=1914) sim=239.591(rmp=4.990 run=234.427) chk= 0.003 stat= 1.133 rest= 0.500
  [incr r=120 repr=13 next=10 tfo=1017034 active=2482/359661 POs=1912]
121 : c =     724  cl = 178936  lit =  180720  p =  1905  d =     5  f =     2  -  T =     0.41 sec
  [prof 121] wall= 410.957 p=  1912 | ifo= 14.900(sd=1.253 nx=1.062 tfo=10.618 cnt=1.968) snap= 2.047 srm=134.574 sat= 16.945(set=8.606 slv=8.224 max=0.4112 n=1912) sim=240.822(rmp=4.940 run=235.726) chk= 0.003 stat= 1.141 rest= 0.525
  [incr r=121 repr=5 next=4 tfo=196 active=44/359656 POs=5]
122 : c =     720  cl = 178931  lit =  180712  p =     1  d =     4  f =     0  -  T =     0.33 sec
  [prof 122] wall= 333.493 p=     5 | ifo=  5.190(sd=1.251 nx=1.021 tfo=0.714 cnt=2.204) snap= 2.445 srm= 68.187 sat=  5.498(set=5.442 slv=0.054 max=0.0234 n=5) sim=250.709(rmp=5.395 run=245.104) chk= 0.000 stat= 1.145 rest= 0.318
  [incr r=122 repr=10 next=8 tfo=1016965 active=2437/359643 POs=1908]
123 : c =     718  cl = 178931  lit =  180707  p =  1903  d =     3  f =     2  -  T =     0.41 sec
  [prof 123] wall= 412.727 p=  1908 | ifo= 14.069(sd=1.249 nx=1.049 tfo=9.950 cnt=1.821) snap= 2.635 srm=131.494 sat= 17.018(set=8.910 slv=7.990 max=0.3055 n=1908) sim=245.765(rmp=5.335 run=240.272) chk= 0.003 stat= 1.243 rest= 0.500
  [incr r=123 repr=6 next=4 tfo=1016894 active=2430/359638 POs=1905]
124 : c =     712  cl = 178931  lit =  180701  p =  1903  d =     2  f =     0  -  T =     0.42 sec
  [prof 124] wall= 416.473 p=  1905 | ifo= 14.412(sd=1.259 nx=1.045 tfo=10.268 cnt=1.839) snap= 2.149 srm=129.148 sat= 15.537(set=8.110 slv=7.317 max=0.2694 n=1905) sim=253.510(rmp=5.127 run=248.191) chk= 0.002 stat= 1.216 rest= 0.500
  [incr r=124 repr=8 next=4 tfo=1017564 active=2516/359632 POs=1917]
125 : c =     712  cl = 178930  lit =  180700  p =  1914  d =     3  f =     0  -  T =     0.43 sec
  [prof 125] wall= 432.881 p=  1917 | ifo= 14.534(sd=1.424 nx=1.052 tfo=10.187 cnt=1.872) snap= 2.236 srm=138.466 sat= 16.010(set=8.563 slv=7.332 max=0.2876 n=1917) sim=259.935(rmp=5.673 run=254.103) chk= 0.004 stat= 1.155 rest= 0.541
  [incr r=125 repr=1 next=1 tfo=144 active=14/359630 POs=5]
126 : c =     710  cl = 178928  lit =  180696  p =     3  d =     2  f =     0  -  T =     0.30 sec
  [prof 126] wall= 303.836 p=     5 | ifo=  4.895(sd=1.240 nx=1.026 tfo=0.714 cnt=1.916) snap= 2.626 srm= 33.910 sat=  3.227(set=3.129 slv=0.095 max=0.0653 n=5) sim=258.049(rmp=5.277 run=252.596) chk= 0.000 stat= 1.120 rest= 0.008
  [incr r=126 repr=4 next=2 tfo=1016786 active=2427/359624 POs=1913]
  [prof 127] wall= 162.594 p=  1913 | ifo= 14.088(sd=1.232 nx=1.074 tfo=9.916 cnt=1.865) snap= 2.698 srm=130.719 sat= 14.532(set=8.138 slv=6.297 max=0.2518 n=1913) sim= 0.000(rmp=0.000 run=0.000) chk= 0.000 stat= 0.000 rest= 0.558
127 : c =     710  cl = 178928  lit =  180696  p =     0  d =     0  f =     0  -  T =     0.16 sec
  [prof ALL] wall=120591.974 p=2002043 | ifo=2001.480(sd=206.276 nx=156.222 tfo=1359.598 cnt=279.384) snap=296.002 srm=16999.621 sat=48779.556(set=1067.923 slv=47483.671 max=4.7004 n=2002043) sim=52287.629(rmp=705.302 run=51560.898) chk= 6.391 stat=160.065 rest=61.229
Srm   =    19.30 sec ( 14.17 %)
Sat   =    48.84 sec ( 35.85 %)
Sim   =    52.29 sec ( 38.39 %)
Other =    15.79 sec ( 11.59 %)
Incr  =     2.00 sec (  1.47 %)
Incr: fallback rounds = 24, skipped candidate pairs = 36280359
TOTAL =   136.21 sec
NBeg = 1613228. NEnd = 1402615. (Gain =  13.06 %).  RBeg = 174678. REnd = 171129. (Gain =   2.03 %).
Flop output names are not available. Use command "&get -n".
[1;37m/home/zxr_wsl/benchmarks/incre_spec//ILA_Flute_BGEU_problem[0m : i/o = 180287/      2  ff = 171129  [1;36mand = 1402615[0m  [1;35mlev =  276[0m [1;35m(220.73)[0m  mem =24.03 MB
