### benchmark: /home/zxr_wsl/benchmarks/incre_spec//ILA_Flute_XORI_sanity.aig
### opts:      &scorr -i -v -w
### timeout:   1800s
### date:      Wed May 27 22:21:42 CST 2026

======== ABC command line "&r /home/zxr_wsl/benchmarks/incre_spec//ILA_Flute_XORI_sanity.aig; &ps; &scorr -i -v -w; &ps"
Warning: The last output is interpreted as a constraint.
Converted 548 1-valued FFs and 173794 DC-valued FFs.
Warning: The number of inputs does not match the number of input names.
[1;37m/home/zxr_wsl/benchmarks/incre_spec//ILA_Flute_XORI_sanity[0m : i/o = 180287/      2(c=1)  ff = 174678  [1;36mand = 1617800[0m  [1;35mlev =  284[0m [1;35m(219.53)[0m  mem =26.60 MB
cst = 1792478  cls =      0  lit = 1792478  unused =  180287  proof =     0
cst =  355560  cls = 351484  lit = 1210703  unused =  410578  proof =     0
cst =  353934  cls = 350462  lit = 1204201  unused =  418102  proof =     0
cst =  353286  cls = 350196  lit = 1202278  unused =  420291  proof =     0
cst =  352451  cls = 350240  lit = 1200326  unused =  422199  proof =     0
cst =  351894  cls = 350110  lit = 1199197  unused =  423458  proof =     0
cst =  351323  cls = 349928  lit = 1197917  unused =  424920  proof =     0
cst =  350882  cls = 349578  lit = 1196646  unused =  426541  proof =     0
cst =  350601  cls = 349314  lit = 1195751  unused =  427700  proof =     0
cst =  350494  cls = 349032  lit = 1195113  unused =  428620  proof =     0
Obj = 2147446. And = 1617800. Conf =   100. Fr = 1. Lcorr = 0. Ring = 1. CSat = 1.
  0 : c =  350494  cl = 349032  lit = 1195113  p =     0  d =     0  f =     0  +  T =     2.73 sec
BMC : c =  349991  cl = 348834  lit = 1193576  p =  2584  d =  4033  f =     0  +  T =     0.23 sec
  [bmc-prof   0] wall= 232.827 p=  6617 | ifo=  0.000(sd=0.000 nx=0.000 tfo=0.000 cnt=0.000) snap= 2.111 srm= 67.018 sat= 16.633(set=2.111 slv=14.098 max=0.1668 n=6617) sim=145.728(rmp=5.451 run=140.190) chk= 0.008 stat= 1.322 rest= 0.006
BMC : c =  349506  cl = 348561  lit = 1192352  p =  2481  d =  4515  f =     1  +  T =     0.30 sec
  [bmc-prof   1] wall= 303.718 p=  6997 | ifo= 27.155(sd=1.495 nx=0.000 tfo=22.906 cnt=2.753) snap= 2.297 srm= 59.244 sat= 24.544(set=2.505 slv=21.545 max=0.1251 n=6997) sim=188.502(rmp=5.200 run=183.301) chk= 0.010 stat= 1.639 rest= 0.328
BMC : c =  349022  cl = 348275  lit = 1190999  p =  2501  d =  4601  f =     0  +  T =     0.33 sec
  [bmc-prof   2] wall= 330.523 p=  7102 | ifo= 24.385(sd=1.474 nx=0.000 tfo=20.291 cnt=2.621) snap= 2.282 srm= 61.648 sat= 35.061(set=2.756 slv=31.742 max=0.1151 n=7102) sim=205.482(rmp=5.306 run=200.174) chk= 0.009 stat= 1.317 rest= 0.339
BMC : c =  348681  cl = 348148  lit = 1190046  p =  2498  d =  4144  f =     1  +  T =     0.34 sec
  [bmc-prof   3] wall= 339.943 p=  6643 | ifo= 22.951(sd=1.399 nx=0.000 tfo=19.024 cnt=2.528) snap= 2.298 srm= 64.317 sat= 44.247(set=2.371 slv=41.247 max=0.1027 n=6643) sim=204.474(rmp=5.474 run=199.000) chk= 0.008 stat= 1.299 rest= 0.349
BMC : c =  348576  cl = 348073  lit = 1189524  p =  2495  d =  3986  f =     0  +  T =     0.35 sec
  [bmc-prof   4] wall= 349.707 p=  6481 | ifo= 24.146(sd=1.419 nx=0.000 tfo=20.185 cnt=2.542) snap= 2.677 srm= 66.383 sat= 41.296(set=2.649 slv=38.049 max=0.0959 n=6481) sim=213.352(rmp=5.442 run=207.908) chk= 0.008 stat= 1.505 rest= 0.339
BMC : c =  348226  cl = 348013  lit = 1188723  p =  2492  d =  3593  f =     4  +  T =     0.34 sec
  [bmc-prof   5] wall= 346.013 p=  6089 | ifo= 25.474(sd=1.356 nx=0.000 tfo=21.481 cnt=2.637) snap= 2.609 srm= 60.885 sat= 40.016(set=2.444 slv=37.022 max=0.1129 n=6089) sim=215.466(rmp=5.620 run=209.845) chk= 0.009 stat= 1.222 rest= 0.332
BMC : c =  347620  cl = 347758  lit = 1187658  p =  2484  d =  3177  f =     1  +  T =     0.34 sec
  [bmc-prof   6] wall= 337.757 p=  5662 | ifo= 27.584(sd=1.406 nx=0.000 tfo=23.681 cnt=2.497) snap= 2.119 srm= 58.674 sat= 33.665(set=2.529 slv=30.707 max=0.1947 n=5662) sim=214.087(rmp=5.139 run=208.946) chk= 0.008 stat= 1.283 rest= 0.337
BMC : c =  347241  cl = 347666  lit = 1186666  p =  2507  d =  3339  f =     0  +  T =     0.33 sec
  [bmc-prof   7] wall= 330.939 p=  5846 | ifo= 25.263(sd=1.440 nx=0.000 tfo=21.300 cnt=2.523) snap= 2.041 srm= 60.564 sat= 34.979(set=2.325 slv=32.163 max=0.2744 n=5846) sim=206.547(rmp=4.850 run=201.696) chk= 0.009 stat= 1.237 rest= 0.299
BMC : c =  347005  cl = 347469  lit = 1185836  p =  2608  d =  2789  f =     0  +  T =     0.32 sec
  [bmc-prof   8] wall= 324.382 p=  5397 | ifo= 23.304(sd=1.376 nx=0.000 tfo=19.454 cnt=2.475) snap= 2.304 srm= 60.978 sat= 32.154(set=2.255 slv=29.480 max=0.1891 n=5397) sim=204.008(rmp=4.550 run=199.456) chk= 0.008 stat= 1.313 rest= 0.313
BMC : c =  346974  cl = 347415  lit = 1185409  p =  2584  d =  2384  f =     0  +  T =     0.33 sec
  [bmc-prof   9] wall= 334.365 p=  4968 | ifo= 21.803(sd=1.439 nx=0.000 tfo=17.360 cnt=3.005) snap= 2.155 srm= 60.944 sat= 44.856(set=2.152 slv=42.279 max=0.2730 n=4968) sim=203.006(rmp=4.775 run=198.229) chk= 0.006 stat= 1.258 rest= 0.338
BMC : c =  346852  cl = 347374  lit = 1185157  p =  2583  d =  1999  f =     0  +  T =     0.33 sec
  [bmc-prof  10] wall= 329.414 p=  4582 | ifo= 22.562(sd=1.416 nx=0.000 tfo=18.649 cnt=2.497) snap= 2.390 srm= 60.920 sat= 42.268(set=2.211 slv=39.677 max=0.2542 n=4582) sim=199.726(rmp=4.651 run=195.074) chk= 0.006 stat= 1.221 rest= 0.322
BMC : c =  346803  cl = 347377  lit = 1184880  p =  2577  d =  1858  f =     0  +  T =     0.34 sec
  [bmc-prof  11] wall= 339.017 p=  4435 | ifo= 21.230(sd=1.401 nx=0.000 tfo=16.956 cnt=2.873) snap= 2.231 srm= 62.268 sat= 41.990(set=2.373 slv=39.244 max=0.3753 n=4435) sim=209.749(rmp=5.098 run=204.649) chk= 0.005 stat= 1.207 rest= 0.338
BMC : c =  346801  cl = 347373  lit = 1184695  p =  2634  d =  1631  f =     0  +  T =     0.33 sec
  [bmc-prof  12] wall= 329.786 p=  4265 | ifo= 20.710(sd=1.413 nx=0.000 tfo=16.307 cnt=2.990) snap= 2.066 srm= 62.419 sat= 41.957(set=2.439 slv=39.148 max=0.1961 n=4265) sim=201.051(rmp=5.118 run=195.932) chk= 0.005 stat= 1.231 rest= 0.349
BMC : c =  346792  cl = 347381  lit = 1184517  p =  2634  d =  1449  f =     0  +  T =     0.32 sec
  [bmc-prof  13] wall= 319.161 p=  4083 | ifo= 21.105(sd=1.386 nx=0.000 tfo=17.224 cnt=2.494) snap= 2.088 srm= 57.166 sat= 24.389(set=2.227 slv=21.831 max=0.1637 n=4083) sim=212.553(rmp=5.058 run=207.494) chk= 0.006 stat= 1.526 rest= 0.330
BMC : c =  346789  cl = 347367  lit = 1184351  p =  2630  d =  1292  f =     0  +  T =     0.31 sec
  [bmc-prof  14] wall= 310.833 p=  3922 | ifo= 22.480(sd=1.811 nx=0.000 tfo=17.874 cnt=2.794) snap= 2.049 srm= 60.345 sat= 21.753(set=2.040 slv=19.403 max=0.2069 n=3922) sim=202.640(rmp=5.567 run=197.072) chk= 0.004 stat= 1.227 rest= 0.335
BMC : c =  346783  cl = 347365  lit = 1184202  p =  2627  d =  1134  f =     0  +  T =     0.31 sec
  [bmc-prof  15] wall= 307.958 p=  3761 | ifo= 22.433(sd=1.372 nx=0.000 tfo=18.472 cnt=2.589) snap= 2.257 srm= 58.361 sat= 21.130(set=2.164 slv=18.678 max=0.1810 n=3761) sim=202.122(rmp=4.982 run=197.139) chk= 0.004 stat= 1.300 rest= 0.350
BMC : c =  346770  cl = 347366  lit = 1184055  p =  2627  d =   996  f =     0  +  T =     0.31 sec
  [bmc-prof  16] wall= 312.684 p=  3623 | ifo= 22.266(sd=1.385 nx=0.000 tfo=18.205 cnt=2.676) snap= 2.022 srm= 63.179 sat= 23.109(set=2.260 slv=20.533 max=0.1454 n=3623) sim=200.409(rmp=4.882 run=195.525) chk= 0.005 stat= 1.355 rest= 0.339
BMC : c =  346767  cl = 347348  lit = 1183933  p =  2626  d =   872  f =     0  +  T =     0.34 sec
  [bmc-prof  17] wall= 336.972 p=  3498 | ifo= 22.147(sd=1.349 nx=0.000 tfo=18.288 cnt=2.509) snap= 2.137 srm= 60.562 sat= 19.579(set=2.361 slv=16.961 max=0.2732 n=3498) sim=230.792(rmp=5.249 run=225.542) chk= 0.003 stat= 1.426 rest= 0.325
BMC : c =  346764  cl = 347346  lit = 1183821  p =  2625  d =   757  f =     0  +  T =     0.32 sec
  [bmc-prof  18] wall= 323.297 p=  3382 | ifo= 22.474(sd=1.412 nx=0.000 tfo=18.549 cnt=2.513) snap= 2.280 srm= 62.011 sat= 17.576(set=2.198 slv=15.132 max=0.2108 n=3382) sim=217.423(rmp=5.141 run=212.281) chk= 0.003 stat= 1.214 rest= 0.316
BMC : c =  346761  cl = 347343  lit = 1183715  p =  2630  d =   648  f =     0  +  T =     0.32 sec
  [bmc-prof  19] wall= 317.677 p=  3278 | ifo= 24.597(sd=1.448 nx=0.000 tfo=20.405 cnt=2.744) snap= 2.364 srm= 65.854 sat= 18.887(set=2.417 slv=16.208 max=0.2538 n=3278) sim=204.339(rmp=5.470 run=198.868) chk= 0.003 stat= 1.288 rest= 0.344
BMC : c =  346761  cl = 347347  lit = 1183625  p =  2627  d =   547  f =     1  +  T =     0.32 sec
  [bmc-prof  20] wall= 324.091 p=  3175 | ifo= 22.842(sd=1.379 nx=0.000 tfo=18.877 cnt=2.586) snap= 2.420 srm= 61.149 sat= 15.112(set=2.365 slv=12.533 max=0.2952 n=3175) sim=221.019(rmp=5.320 run=215.697) chk= 0.004 stat= 1.230 rest= 0.315
BMC : c =  346761  cl = 347347  lit = 1183544  p =  2626  d =   459  f =     0  +  T =     0.29 sec
  [bmc-prof  21] wall= 295.115 p=  3085 | ifo= 14.995(sd=1.400 nx=0.000 tfo=10.858 cnt=2.738) snap= 2.338 srm= 58.092 sat= 16.423(set=2.205 slv=13.972 max=0.3093 n=3085) sim=201.677(rmp=5.155 run=196.521) chk= 0.003 stat= 1.245 rest= 0.340
BMC : c =  346759  cl = 347342  lit = 1183462  p =  2628  d =   378  f =     0  +  T =     0.31 sec
  [bmc-prof  22] wall= 307.596 p=  3006 | ifo= 14.483(sd=1.390 nx=0.000 tfo=10.225 cnt=2.868) snap= 3.027 srm= 63.205 sat= 14.672(set=2.122 slv=12.334 max=0.1075 n=3006) sim=210.559(rmp=6.143 run=204.415) chk= 0.004 stat= 1.279 rest= 0.367
BMC : c =  346759  cl = 347336  lit = 1183401  p =  2627  d =   301  f =     0  +  T =     0.30 sec
  [bmc-prof  23] wall= 299.299 p=  2928 | ifo= 14.536(sd=1.495 nx=0.000 tfo=10.259 cnt=2.782) snap= 2.387 srm= 62.383 sat= 17.085(set=2.334 slv=14.560 max=0.0809 n=2928) sim=201.327(rmp=4.987 run=196.339) chk= 0.004 stat= 1.242 rest= 0.335
BMC : c =  346759  cl = 347324  lit = 1183352  p =  2627  d =   240  f =     0  +  T =     0.29 sec
  [bmc-prof  24] wall= 290.846 p=  2867 | ifo= 13.994(sd=1.348 nx=0.000 tfo=9.600 cnt=3.046) snap= 2.113 srm= 64.988 sat= 12.039(set=2.112 slv=9.768 max=0.0694 n=2867) sim=196.086(rmp=4.639 run=191.446) chk= 0.003 stat= 1.243 rest= 0.380
BMC : c =  346759  cl = 347322  lit = 1183323  p =  2626  d =   193  f =     0  +  T =     0.29 sec
  [bmc-prof  25] wall= 294.986 p=  2819 | ifo= 13.720(sd=1.466 nx=0.000 tfo=9.638 cnt=2.615) snap= 2.452 srm= 58.984 sat= 13.659(set=2.175 slv=11.301 max=0.2984 n=2819) sim=204.628(rmp=5.964 run=198.662) chk= 0.003 stat= 1.204 rest= 0.336
BMC : c =  346759  cl = 347321  lit = 1183301  p =  2626  d =   164  f =     0  +  T =     0.31 sec
  [bmc-prof  26] wall= 306.770 p=  2790 | ifo= 14.674(sd=1.343 nx=0.000 tfo=10.604 cnt=2.727) snap= 2.236 srm= 62.062 sat= 13.567(set=2.017 slv=11.368 max=0.2091 n=2790) sim=212.610(rmp=5.870 run=206.739) chk= 0.003 stat= 1.262 rest= 0.356
BMC : c =  346759  cl = 347319  lit = 1183278  p =  2625  d =   144  f =     0  +  T =     0.31 sec
  [bmc-prof  27] wall= 308.621 p=  2769 | ifo= 15.758(sd=1.477 nx=0.000 tfo=10.987 cnt=3.295) snap= 2.219 srm= 64.595 sat= 12.847(set=2.058 slv=10.608 max=0.3702 n=2769) sim=211.641(rmp=4.626 run=207.013) chk= 0.003 stat= 1.213 rest= 0.346
BMC : c =  346759  cl = 347319  lit = 1183258  p =  2626  d =   121  f =     0  +  T =     0.29 sec
  [bmc-prof  28] wall= 290.010 p=  2747 | ifo= 13.616(sd=1.434 nx=0.000 tfo=9.563 cnt=2.619) snap= 2.199 srm= 61.834 sat= 13.451(set=2.423 slv=10.852 max=0.1810 n=2747) sim=197.372(rmp=5.239 run=192.131) chk= 0.003 stat= 1.191 rest= 0.345
BMC : c =  346759  cl = 347318  lit = 1183241  p =  2624  d =   103  f =     0  +  T =     0.29 sec
  [bmc-prof  29] wall= 293.243 p=  2727 | ifo= 14.670(sd=1.408 nx=0.000 tfo=10.630 cnt=2.632) snap= 2.143 srm= 62.345 sat= 11.913(set=2.052 slv=9.515 max=0.0687 n=2727) sim=200.290(rmp=5.227 run=195.061) chk= 0.005 stat= 1.519 rest= 0.359
BMC : c =  346759  cl = 347318  lit = 1183222  p =  2624  d =    86  f =     0  +  T =     0.32 sec
  [bmc-prof  30] wall= 318.682 p=  2710 | ifo= 16.240(sd=1.402 nx=0.000 tfo=11.373 cnt=3.465) snap= 3.245 srm= 69.147 sat= 13.542(set=2.370 slv=10.997 max=0.0902 n=2710) sim=214.672(rmp=6.875 run=207.795) chk= 0.003 stat= 1.433 rest= 0.399
BMC : c =  346759  cl = 347316  lit = 1183202  p =  2622  d =    69  f =     0  +  T =     0.31 sec
  [bmc-prof  31] wall= 307.462 p=  2691 | ifo= 14.888(sd=1.373 nx=0.000 tfo=10.768 cnt=2.747) snap= 2.362 srm= 66.835 sat= 11.137(set=2.234 slv=8.762 max=0.0652 n=2691) sim=210.574(rmp=5.005 run=205.567) chk= 0.003 stat= 1.278 rest= 0.386
BMC : c =  346759  cl = 347314  lit = 1183189  p =  2622  d =    49  f =     0  +  T =     0.30 sec
  [bmc-prof  32] wall= 300.373 p=  2671 | ifo= 15.021(sd=1.480 nx=0.000 tfo=10.146 cnt=3.395) snap= 2.307 srm= 60.710 sat= 11.733(set=2.307 slv=9.225 max=0.0711 n=2671) sim=208.959(rmp=6.584 run=202.373) chk= 0.003 stat= 1.287 rest= 0.355
BMC : c =  346759  cl = 347312  lit = 1183180  p =  2621  d =    37  f =     0  +  T =     0.31 sec
  [bmc-prof  33] wall= 309.769 p=  2658 | ifo= 14.605(sd=1.494 nx=0.000 tfo=10.387 cnt=2.724) snap= 2.141 srm= 63.740 sat= 13.523(set=2.469 slv=10.890 max=0.0687 n=2658) sim=214.082(rmp=5.482 run=208.599) chk= 0.003 stat= 1.296 rest= 0.378
BMC : c =  346759  cl = 347309  lit = 1183173  p =  2620  d =    29  f =     0  +  T =     0.31 sec
  [bmc-prof  34] wall= 310.715 p=  2649 | ifo= 14.886(sd=1.591 nx=0.000 tfo=10.533 cnt=2.761) snap= 2.211 srm= 63.329 sat= 11.519(set=2.224 slv=9.148 max=0.0686 n=2649) sim=217.052(rmp=5.175 run=211.876) chk= 0.003 stat= 1.321 rest= 0.395
BMC : c =  346759  cl = 347310  lit = 1183166  p =  2619  d =    23  f =     0  +  T =     0.31 sec
  [bmc-prof  35] wall= 311.619 p=  2642 | ifo= 15.684(sd=1.990 nx=0.000 tfo=10.862 cnt=2.832) snap= 2.409 srm= 63.329 sat= 10.949(set=2.203 slv=8.607 max=0.0670 n=2642) sim=217.473(rmp=4.812 run=212.659) chk= 0.002 stat= 1.408 rest= 0.364
BMC : c =  346759  cl = 347310  lit = 1183161  p =  2616  d =    19  f =     0  +  T =     0.31 sec
  [bmc-prof  36] wall= 307.952 p=  2635 | ifo= 14.749(sd=1.490 nx=0.000 tfo=10.479 cnt=2.780) snap= 2.691 srm= 64.215 sat= 12.131(set=2.335 slv=9.645 max=0.0769 n=2635) sim=212.612(rmp=5.337 run=207.273) chk= 0.003 stat= 1.190 rest= 0.362
BMC : c =  346759  cl = 347308  lit = 1183156  p =  2616  d =    14  f =     0  +  T =     0.30 sec
  [bmc-prof  37] wall= 301.341 p=  2630 | ifo= 14.196(sd=1.440 nx=0.000 tfo=9.893 cnt=2.862) snap= 2.520 srm= 65.224 sat= 11.856(set=2.081 slv=9.621 max=0.0846 n=2630) sim=205.932(rmp=5.032 run=200.898) chk= 0.002 stat= 1.250 rest= 0.361
BMC : c =  346759  cl = 347309  lit = 1183152  p =  2616  d =     9  f =     0  +  T =     0.29 sec
  [bmc-prof  38] wall= 292.206 p=  2625 | ifo= 13.855(sd=1.373 nx=0.000 tfo=9.845 cnt=2.637) snap= 2.196 srm= 59.768 sat= 10.917(set=1.982 slv=8.797 max=0.1722 n=2625) sim=203.865(rmp=5.535 run=198.329) chk= 0.003 stat= 1.239 rest= 0.364
BMC : c =  346759  cl = 347307  lit = 1183148  p =  2618  d =     5  f =     0  +  T =     0.30 sec
  [bmc-prof  39] wall= 298.788 p=  2623 | ifo= 13.435(sd=1.421 nx=0.000 tfo=9.413 cnt=2.600) snap= 2.081 srm= 61.132 sat= 11.127(set=2.669 slv=8.326 max=0.0937 n=2623) sim=209.161(rmp=4.632 run=204.527) chk= 0.003 stat= 1.222 rest= 0.628
  [bmc-incr i=40 repr=5 active=77/1183148 POs=1]
BMC : c =  346759  cl = 347306  lit = 1183147  p =     0  d =     1  f =     0  +  T =     0.25 sec
  [bmc-prof  40] wall= 246.607 p=     1 | ifo=  6.025(sd=1.515 nx=0.000 tfo=0.776 cnt=3.734) snap= 2.112 srm= 33.062 sat=  1.944(set=1.931 slv=0.011 max=0.0107 n=1) sim=201.934(rmp=4.993 run=196.940) chk= 0.000 stat= 1.230 rest= 0.299
  [bmc-incr i=41 repr=1 active=73/1183147 POs=0]
  [bmc-prof ALL] wall=12773.065 p=156079 | ifo=750.936(sd=57.906 nx=0.000 tfo=582.327 cnt=110.703) snap=94.586 srm=2523.868 sat=881.235(set=93.457 slv=775.985 max=0.3753 n=156079) sim=8454.983(rmp=215.655 run=8239.180) chk= 0.187 stat=53.171 rest=14.098
  1 : c =  346281  cl = 346328  lit = 1181010  p = 11536  d =  1868  f =     1  +  T =     0.45 sec
  [prof   1] wall= 450.271 p= 13405 | ifo=  0.000(sd=0.000 nx=0.000 tfo=0.000 cnt=0.000) snap= 2.111 srm=110.720 sat= 13.433(set=2.792 slv=9.930 max=0.1547 n=13405) sim=322.830(rmp=6.053 run=316.611) chk= 0.018 stat= 1.154 rest= 0.005
  2 : c =  345727  cl = 346431  lit = 1180112  p = 10670  d =   494  f =     0  +  T =     0.47 sec
  [prof   2] wall= 471.790 p= 11164 | ifo= 27.887(sd=1.417 nx=1.150 tfo=21.421 cnt=3.898) snap= 2.157 srm=115.807 sat= 12.698(set=2.620 slv=9.463 max=0.0611 n=11164) sim=311.600(rmp=5.927 run=305.520) chk= 0.011 stat= 1.212 rest= 0.420
  3 : c =  344863  cl = 346593  lit = 1178708  p = 10840  d =   884  f =     0  +  T =     0.46 sec
  [prof   3] wall= 465.214 p= 11724 | ifo= 22.088(sd=1.392 nx=1.179 tfo=16.318 cnt=3.199) snap= 2.168 srm=105.259 sat= 14.898(set=2.708 slv=11.545 max=0.0784 n=11724) sim=319.091(rmp=5.462 run=313.470) chk= 0.012 stat= 1.253 rest= 0.444
  4 : c =  313852  cl = 363011  lit = 1135549  p = 11490  d =  1994  f =     0  +  T =     0.48 sec
  [prof   4] wall= 479.597 p= 13484 | ifo= 22.657(sd=1.424 nx=1.158 tfo=16.678 cnt=3.397) snap= 2.528 srm=105.984 sat= 17.129(set=3.149 slv=13.126 max=0.2045 n=13484) sim=329.476(rmp=5.244 run=324.074) chk= 0.015 stat= 1.438 rest= 0.369
  5 : c =  270747  cl = 368422  lit = 1047017  p =110171  d =201312  f =     0  +  T =     0.98 sec
  [prof   5] wall= 985.750 p=311483 | ifo= 29.519(sd=1.830 nx=1.120 tfo=22.556 cnt=4.014) snap= 2.605 srm=198.908 sat=367.739(set=11.235 slv=334.453 max=0.4174 n=311483) sim=384.581(rmp=6.494 run=377.960) chk= 0.430 stat= 1.962 rest= 0.006
  6 : c =  201529  cl = 352924  lit =  812966  p = 78558  d =193335  f =   236  +  T =     3.00 sec
  [prof   6] wall=3003.586 p=272129 | ifo= 32.777(sd=2.387 nx=1.206 tfo=24.763 cnt=4.420) snap= 2.126 srm=195.195 sat=1554.004(set=12.728 slv=1518.428 max=1.3143 n=272129) sim=1217.068(rmp=6.310 run=1210.520) chk= 0.534 stat= 1.876 rest= 0.006
  7 : c =  163315  cl = 320514  lit =  678589  p = 32030  d = 99454  f =  4435  +  T =    11.26 sec
  [prof   7] wall=11257.412 p=135919 | ifo= 38.140(sd=2.396 nx=1.300 tfo=30.630 cnt=3.814) snap= 2.592 srm=206.110 sat=8515.149(set=12.557 slv=8482.064 max=4.2907 n=135919) sim=2492.030(rmp=8.662 run=2483.193) chk= 0.556 stat= 1.813 rest= 1.024
  8 : c =   95476  cl = 271137  lit =  530452  p = 57415  d =128568  f =  7714  +  T =    26.70 sec
  [prof   8] wall=26703.473 p=193697 | ifo= 42.128(sd=2.317 nx=1.451 tfo=35.294 cnt=3.066) snap= 2.145 srm=231.459 sat=23017.514(set=13.211 slv=22978.960 max=4.8631 n=193697) sim=3405.729(rmp=6.174 run=3399.390) chk= 0.804 stat= 2.300 rest= 1.394
  9 : c =   71880  cl = 225033  lit =  388931  p = 43513  d =134496  f = 22132  +  T =    17.65 sec
  [prof   9] wall=17656.689 p=200141 | ifo= 48.227(sd=2.481 nx=1.460 tfo=41.181 cnt=3.104) snap= 2.386 srm=252.010 sat=12945.305(set=14.215 slv=12890.393 max=2.8307 n=200141) sim=4405.173(rmp=7.320 run=4397.656) chk= 0.734 stat= 2.070 rest= 0.784
 10 : c =   70629  cl = 217131  lit =  361783  p =  8692  d = 30350  f =  5061  +  T =     4.66 sec
  [prof  10] wall=4662.060 p= 44103 | ifo= 34.740(sd=2.064 nx=1.411 tfo=28.805 cnt=2.460) snap= 2.235 srm=197.741 sat=2652.719(set=13.530 slv=2633.697 max=1.7469 n=44103) sim=1772.307(rmp=6.437 run=1765.723) chk= 0.187 stat= 1.343 rest= 0.787
 11 : c =   69957  cl = 219406  lit =  355105  p =  9480  d =  6677  f =    86  +  T =     0.67 sec
  [prof  11] wall= 671.788 p= 16243 | ifo= 38.957(sd=1.571 nx=1.214 tfo=34.206 cnt=1.966) snap= 2.447 srm=196.165 sat=138.162(set=9.989 slv=127.041 max=0.5513 n=16243) sim=294.067(rmp=5.367 run=288.539) chk= 0.023 stat= 1.273 rest= 0.693
 12 : c =   69559  cl = 223269  lit =  346318  p = 26147  d =  8334  f =    32  +  T =     0.53 sec
  [prof  12] wall= 533.490 p= 34513 | ifo= 24.841(sd=1.436 nx=1.153 tfo=19.669 cnt=2.582) snap= 2.622 srm=189.696 sat= 42.126(set=9.424 slv=30.622 max=0.2637 n=34513) sim=272.231(rmp=5.350 run=266.723) chk= 0.031 stat= 1.259 rest= 0.684
 13 : c =   69453  cl = 223706  lit =  344435  p =  9421  d = 27727  f =    24  +  T =     0.84 sec
  [prof  13] wall= 836.424 p= 37172 | ifo= 24.174(sd=1.382 nx=1.416 tfo=18.403 cnt=2.973) snap= 2.156 srm=189.459 sat= 47.242(set=9.185 slv=35.773 max=0.4642 n=37172) sim=571.292(rmp=5.285 run=565.842) chk= 0.042 stat= 1.331 rest= 0.729
 14 : c =   50951  cl = 223134  lit =  314086  p = 53057  d = 37090  f =     0  +  T =     0.60 sec
  [prof  14] wall= 599.425 p= 90147 | ifo= 22.164(sd=1.480 nx=1.230 tfo=17.429 cnt=2.025) snap= 2.366 srm=214.378 sat= 80.932(set=11.617 slv=63.403 max=0.0993 n=90147) sim=277.367(rmp=4.739 run=272.626) chk= 0.079 stat= 1.308 rest= 0.832
 15 : c =   50930  cl = 224153  lit =  309876  p = 42741  d = 21059  f =     0  +  T =     0.60 sec
  [prof  15] wall= 606.175 p= 63800 | ifo= 33.420(sd=1.422 nx=1.165 tfo=28.748 cnt=2.085) snap= 2.205 srm=215.192 sat= 75.915(set=10.914 slv=60.427 max=0.1460 n=63800) sim=276.916(rmp=5.793 run=270.934) chk= 0.049 stat= 1.629 rest= 0.849
 16 : c =   49833  cl = 226665  lit =  303379  p = 44862  d = 15892  f =     0  +  T =     0.58 sec
  [prof  16] wall= 583.706 p= 60754 | ifo= 23.330(sd=1.730 nx=1.165 tfo=18.369 cnt=2.065) snap= 2.504 srm=219.095 sat= 65.608(set=11.063 slv=50.827 max=0.2051 n=60754) sim=271.004(rmp=5.893 run=264.944) chk= 0.061 stat= 1.364 rest= 0.740
 17 : c =   40817  cl = 213706  lit =  273705  p = 55249  d = 23537  f =     0  +  T =     0.69 sec
  [prof  17] wall= 696.244 p= 78786 | ifo= 21.856(sd=1.444 nx=1.146 tfo=17.075 cnt=2.191) snap= 2.620 srm=213.746 sat=163.304(set=12.185 slv=145.618 max=0.1632 n=78786) sim=291.781(rmp=5.125 run=286.656) chk= 0.141 stat= 1.824 rest= 0.971
 18 : c =   39551  cl = 209544  lit =  259307  p = 35628  d = 15799  f =    99  +  T =     1.71 sec
  [prof  18] wall=1715.657 p= 51526 | ifo= 21.572(sd=1.694 nx=1.162 tfo=16.599 cnt=2.118) snap= 3.031 srm=211.600 sat=1159.383(set=12.798 slv=1141.636 max=1.1548 n=51526) sim=317.365(rmp=5.750 run=311.480) chk= 0.132 stat= 1.500 rest= 1.073
 19 : c =   38142  cl = 209651  lit =  258114  p = 34697  d =   321  f =    48  +  T =     0.60 sec
  [prof  19] wall= 600.310 p= 35066 | ifo= 21.916(sd=1.413 nx=1.173 tfo=17.506 cnt=1.824) snap= 2.509 srm=221.333 sat= 44.060(set=11.487 slv=30.797 max=0.7247 n=35066) sim=308.214(rmp=6.997 run=301.049) chk= 0.121 stat= 1.414 rest= 0.742
 20 : c =   37167  cl = 208875  lit =  254556  p = 35745  d =  1997  f =    70  +  T =     0.62 sec
  [prof  20] wall= 622.833 p= 37812 | ifo= 30.839(sd=1.613 nx=1.283 tfo=25.962 cnt=1.981) snap= 3.118 srm=234.226 sat= 61.756(set=12.386 slv=47.210 max=0.3291 n=37812) sim=290.643(rmp=6.075 run=284.395) chk= 0.107 stat= 1.350 rest= 0.796
 21 : c =   35866  cl = 208473  lit =  252491  p = 34368  d =   394  f =  1152  +  T =     0.77 sec
  [prof  21] wall= 769.525 p= 35914 | ifo= 32.786(sd=1.856 nx=1.687 tfo=26.819 cnt=2.425) snap= 2.333 srm=237.971 sat=195.844(set=10.667 slv=182.889 max=0.4604 n=35914) sim=298.302(rmp=7.110 run=291.020) chk= 0.136 stat= 1.285 rest= 0.866
 22 : c =    7222  cl = 186436  lit =  201098  p =  7409  d =  8555  f = 21281  -  T =     9.40 sec
  [prof  22] wall=9398.811 p= 37245 | ifo= 30.561(sd=1.450 nx=1.375 tfo=25.811 cnt=1.925) snap= 2.810 srm=228.825 sat=5465.672(set=13.450 slv=5446.635 max=1.9548 n=37245) sim=3668.555(rmp=5.657 run=3662.740) chk= 0.280 stat= 1.297 rest= 0.810
 23 : c =    5231  cl = 178080  lit =  188928  p = 14008  d =  3345  f =  7500  -  T =     1.10 sec
  [prof  23] wall=1101.695 p= 24853 | ifo= 23.471(sd=1.474 nx=1.179 tfo=18.832 cnt=1.985) snap= 2.188 srm=223.059 sat=576.076(set=11.246 slv=563.009 max=1.3737 n=24853) sim=274.637(rmp=5.002 run=269.448) chk= 0.153 stat= 1.253 rest= 0.858
 24 : c =    4583  cl = 177423  lit =  187006  p =  6339  d =  1271  f =   779  -  T =     0.71 sec
  [prof  24] wall= 711.710 p=  8389 | ifo= 21.803(sd=1.714 nx=1.437 tfo=16.368 cnt=2.284) snap= 2.165 srm=211.721 sat=202.975(set=10.766 slv=191.553 max=0.6726 n=8389) sim=270.784(rmp=6.497 run=264.116) chk= 0.042 stat= 1.393 rest= 0.826
 25 : c =    4387  cl = 177214  lit =  186363  p =  6140  d =   499  f =   232  -  T =     0.59 sec
  [prof  25] wall= 596.196 p=  6871 | ifo= 21.269(sd=1.361 nx=1.171 tfo=16.518 cnt=2.218) snap= 2.109 srm=207.926 sat=106.104(set=12.475 slv=93.178 max=0.3864 n=6871) sim=256.741(rmp=5.714 run=250.848) chk= 0.030 stat= 1.245 rest= 0.772
 26 : c =    4263  cl = 177198  lit =  186113  p =  5913  d =   140  f =   125  -  T =     0.56 sec
  [prof  26] wall= 562.621 p=  6178 | ifo= 20.946(sd=1.392 nx=1.168 tfo=16.729 cnt=1.658) snap= 2.526 srm=219.529 sat= 55.232(set=12.044 slv=42.805 max=0.3293 n=6178) sim=262.270(rmp=5.932 run=256.166) chk= 0.040 stat= 1.228 rest= 0.850
 27 : c =    4142  cl = 177197  lit =  185915  p =  5904  d =    77  f =   100  -  T =     0.56 sec
  [prof  27] wall= 559.414 p=  6081 | ifo= 21.572(sd=1.869 nx=1.240 tfo=16.475 cnt=1.988) snap= 2.332 srm=216.306 sat= 47.924(set=12.299 slv=35.248 max=0.6132 n=6081) sim=268.704(rmp=5.997 run=262.500) chk= 0.033 stat= 1.454 rest= 1.089
 28 : c =    4052  cl = 177181  lit =  185766  p =  5910  d =    27  f =   125  -  T =     0.54 sec
  [prof  28] wall= 543.950 p=  6062 | ifo= 21.704(sd=1.522 nx=1.210 tfo=17.213 cnt=1.760) snap= 2.093 srm=215.719 sat= 46.598(set=11.984 slv=34.285 max=0.3169 n=6062) sim=255.792(rmp=5.529 run=250.091) chk= 0.037 stat= 1.222 rest= 0.784
 29 : c =    3783  cl = 177136  lit =  185641  p =  5879  d =    88  f =    33  -  T =     0.53 sec
  [prof  29] wall= 534.278 p=  6000 | ifo= 22.788(sd=1.343 nx=1.188 tfo=18.252 cnt=2.005) snap= 2.352 srm=212.753 sat= 30.833(set=11.836 slv=18.685 max=0.2843 n=6000) sim=263.438(rmp=5.427 run=257.855) chk= 0.017 stat= 1.239 rest= 0.859
 30 : c =    3605  cl = 177140  lit =  185446  p =  5919  d =   147  f =   108  -  T =     0.56 sec
  [prof  30] wall= 558.591 p=  6174 | ifo= 24.647(sd=1.365 nx=1.208 tfo=19.653 cnt=2.421) snap= 2.112 srm=211.444 sat= 55.299(set=12.341 slv=42.564 max=0.7774 n=6174) sim=263.012(rmp=5.272 run=257.540) chk= 0.027 stat= 1.262 rest= 0.789
  [incr r=30 repr=452 next=396 tfo=1044024 active=8114/362586 POs=2303]
 31 : c =    3525  cl = 177155  lit =  185290  p =  2094  d =   178  f =    31  -  T =     0.48 sec
  [prof  31] wall= 476.656 p=  2303 | ifo= 16.678(sd=1.407 nx=1.200 tfo=11.572 cnt=2.499) snap= 2.126 srm=154.593 sat= 27.436(set=11.651 slv=15.623 max=0.1982 n=2303) sim=273.841(rmp=5.340 run=268.337) chk= 0.026 stat= 1.345 rest= 0.611
  [incr r=31 repr=407 next=410 tfo=1039910 active=7543/362445 POs=2262]
 32 : c =    3492  cl = 177184  lit =  185145  p =  2069  d =   161  f =    32  -  T =     0.45 sec
  [prof  32] wall= 447.237 p=  2262 | ifo= 15.112(sd=1.357 nx=1.144 tfo=9.948 cnt=2.663) snap= 2.248 srm=145.273 sat= 26.288(set=12.192 slv=13.938 max=0.1938 n=2262) sim=256.414(rmp=5.812 run=250.390) chk= 0.019 stat= 1.214 rest= 0.670
 33 : c =    3462  cl = 177181  lit =  185032  p =  5890  d =   102  f =    38  -  T =     0.53 sec
  [prof  33] wall= 529.820 p=  6030 | ifo= 20.659(sd=1.433 nx=1.554 tfo=15.828 cnt=1.844) snap= 2.312 srm=206.123 sat= 35.204(set=11.835 slv=23.014 max=0.5130 n=6030) sim=263.191(rmp=5.675 run=257.363) chk= 0.028 stat= 1.455 rest= 0.848
  [incr r=33 repr=186 next=210 tfo=1021237 active=5486/362213 POs=2089]
 34 : c =    3439  cl = 177180  lit =  184949  p =  2006  d =    47  f =    36  -  T =     0.45 sec
  [prof  34] wall= 450.004 p=  2089 | ifo= 16.350(sd=1.628 nx=1.169 tfo=11.546 cnt=2.008) snap= 2.270 srm=150.058 sat= 24.294(set=12.020 slv=12.140 max=0.2081 n=2089) sim=255.151(rmp=5.473 run=249.518) chk= 0.035 stat= 1.230 rest= 0.616
  [incr r=34 repr=118 next=128 tfo=1021961 active=5462/362129 POs=2055]
 35 : c =    3411  cl = 177182  lit =  184890  p =  1991  d =    24  f =    40  -  T =     0.47 sec
  [prof  35] wall= 473.565 p=  2055 | ifo= 15.398(sd=1.461 nx=1.183 tfo=10.826 cnt=1.928) snap= 2.212 srm=151.566 sat= 24.673(set=12.732 slv=11.808 max=0.2058 n=2055) sim=277.840(rmp=6.117 run=271.550) chk= 0.017 stat= 1.243 rest= 0.616
  [incr r=35 repr=71 next=60 tfo=6133 active=1431/362072 POs=75]
 36 : c =    3366  cl = 177183  lit =  184844  p =    32  d =    17  f =    26  -  T =     0.35 sec
  [prof  36] wall= 353.992 p=    75 | ifo=  5.288(sd=1.400 nx=1.158 tfo=0.772 cnt=1.957) snap= 2.120 srm= 76.697 sat=  7.762(set=6.300 slv=1.454 max=0.1952 n=75) sim=260.418(rmp=6.925 run=253.322) chk= 0.019 stat= 1.241 rest= 0.448
  [incr r=36 repr=96 next=102 tfo=1022478 active=5449/362027 POs=2074]
 37 : c =    3316  cl = 177197  lit =  184800  p =  2019  d =    40  f =    15  -  T =     0.45 sec
  [prof  37] wall= 450.624 p=  2074 | ifo= 15.118(sd=1.556 nx=1.618 tfo=9.927 cnt=2.017) snap= 2.238 srm=154.751 sat= 21.058(set=11.611 slv=9.333 max=0.1521 n=2074) sim=255.583(rmp=5.590 run=249.839) chk= 0.009 stat= 1.221 rest= 0.647
  [incr r=37 repr=156 next=179 tfo=1021377 active=5462/361997 POs=2136]
 38 : c =    3285  cl = 177211  lit =  184729  p =  2049  d =    63  f =    24  -  T =     0.46 sec
  [prof  38] wall= 461.630 p=  2136 | ifo= 17.193(sd=1.374 nx=1.586 tfo=12.036 cnt=2.197) snap= 2.326 srm=158.729 sat= 24.508(set=12.082 slv=12.296 max=0.1669 n=2136) sim=256.787(rmp=6.053 run=250.507) chk= 0.015 stat= 1.412 rest= 0.660
  [incr r=38 repr=182 next=207 tfo=1022698 active=5497/361940 POs=2144]
 39 : c =    3251  cl = 177231  lit =  184652  p =  2058  d =    52  f =    34  -  T =     0.45 sec
  [prof  39] wall= 446.768 p=  2144 | ifo= 16.465(sd=1.544 nx=1.116 tfo=11.742 cnt=2.062) snap= 2.559 srm=147.165 sat= 24.095(set=12.165 slv=11.810 max=0.1630 n=2144) sim=254.576(rmp=5.457 run=248.933) chk= 0.029 stat= 1.230 rest= 0.650
  [incr r=39 repr=176 next=214 tfo=1021472 active=5426/361883 POs=2089]
 40 : c =    3224  cl = 177242  lit =  184566  p =  2004  d =    52  f =    33  -  T =     0.48 sec
  [prof  40] wall= 479.327 p=  2089 | ifo= 15.755(sd=1.432 nx=1.166 tfo=11.119 cnt=2.039) snap= 2.122 srm=162.296 sat= 25.078(set=11.961 slv=12.980 max=0.1833 n=2089) sim=272.227(rmp=5.544 run=266.523) chk= 0.011 stat= 1.188 rest= 0.649
  [incr r=40 repr=151 next=163 tfo=6378 active=1571/361808 POs=115]
 41 : c =    3203  cl = 177246  lit =  184494  p =    46  d =    32  f =    37  -  T =     0.37 sec
  [prof  41] wall= 367.982 p=   115 | ifo=  5.712(sd=1.387 nx=1.227 tfo=0.828 cnt=2.269) snap= 2.503 srm= 79.984 sat= 11.354(set=7.397 slv=3.944 max=0.2255 n=115) sim=266.734(rmp=5.962 run=260.607) chk= 0.034 stat= 1.221 rest= 0.440
  [incr r=41 repr=104 next=125 tfo=1021216 active=5202/361740 POs=2048]
 42 : c =    3165  cl = 177248  lit =  184440  p =  1990  d =    21  f =    37  -  T =     0.48 sec
  [prof  42] wall= 477.203 p=  2048 | ifo= 15.138(sd=1.346 nx=1.221 tfo=10.473 cnt=2.098) snap= 2.262 srm=156.054 sat= 25.286(set=11.475 slv=13.674 max=0.2390 n=2048) sim=276.291(rmp=5.652 run=270.464) chk= 0.013 stat= 1.516 rest= 0.644
  [incr r=42 repr=820 next=87 tfo=10792 active=5934/361688 POs=96]
 43 : c =    3134  cl = 177260  lit =  184389  p =    42  d =    26  f =    28  -  T =     0.36 sec
  [prof  43] wall= 360.806 p=    96 | ifo=  5.454(sd=1.588 nx=1.128 tfo=0.791 cnt=1.947) snap= 2.159 srm= 74.147 sat= 14.350(set=6.082 slv=8.256 max=0.4315 n=96) sim=262.992(rmp=5.505 run=257.338) chk= 0.015 stat= 1.285 rest= 0.404
  [incr r=43 repr=96 next=105 tfo=1021182 active=5136/361649 POs=2054]
 44 : c =    3071  cl = 177264  lit =  184330  p =  1991  d =    38  f =    25  -  T =     0.44 sec
  [prof  44] wall= 438.170 p=  2054 | ifo= 14.659(sd=1.398 nx=1.166 tfo=10.046 cnt=2.049) snap= 3.083 srm=144.983 sat= 24.672(set=13.003 slv=11.539 max=0.2208 n=2054) sim=248.894(rmp=5.962 run=242.777) chk= 0.014 stat= 1.252 rest= 0.613
  [incr r=44 repr=176 next=210 tfo=6412 active=1629/361594 POs=145]
 45 : c =    3027  cl = 177275  lit =  184279  p =    61  d =    64  f =    20  -  T =     0.36 sec
  [prof  45] wall= 363.816 p=   145 | ifo=  5.956(sd=2.138 nx=1.129 tfo=0.787 cnt=1.903) snap= 2.228 srm= 74.425 sat= 13.555(set=5.977 slv=7.561 max=0.4600 n=145) sim=265.950(rmp=6.983 run=258.808) chk= 0.005 stat= 1.258 rest= 0.440
  [incr r=45 repr=208 next=237 tfo=1022207 active=5309/361554 POs=2106]
 46 : c =    2980  cl = 177311  lit =  184167  p =  2003  d =    68  f =    35  -  T =     0.45 sec
  [prof  46] wall= 449.871 p=  2106 | ifo= 14.825(sd=1.401 nx=1.142 tfo=10.297 cnt=1.985) snap= 2.164 srm=144.572 sat= 25.430(set=11.870 slv=13.437 max=0.2131 n=2106) sim=261.019(rmp=5.372 run=255.482) chk= 0.028 stat= 1.209 rest= 0.623
  [incr r=46 repr=262 next=297 tfo=6546 active=1681/361478 POs=162]
 47 : c =    2937  cl = 177329  lit =  184055  p =    51  d =    65  f =    46  -  T =     0.36 sec
  [prof  47] wall= 365.280 p=   162 | ifo=  5.817(sd=1.362 nx=1.148 tfo=0.874 cnt=2.434) snap= 2.598 srm= 74.703 sat= 16.428(set=6.719 slv=9.690 max=0.4282 n=162) sim=264.039(rmp=5.174 run=258.685) chk= 0.009 stat= 1.259 rest= 0.427
  [incr r=47 repr=209 next=218 tfo=1022330 active=5284/361384 POs=2129]
 48 : c =    2914  cl = 177323  lit =  183948  p =  2013  d =    49  f =    67  -  T =     0.45 sec
  [prof  48] wall= 449.423 p=  2129 | ifo= 14.641(sd=1.526 nx=1.146 tfo=9.955 cnt=2.013) snap= 2.455 srm=146.689 sat= 29.008(set=12.355 slv=16.522 max=0.1635 n=2129) sim=254.691(rmp=5.310 run=249.203) chk= 0.022 stat= 1.259 rest= 0.656
  [incr r=48 repr=802 next=163 tfo=10300 active=5337/361271 POs=109]
 49 : c =    2859  cl = 177324  lit =  183892  p =    38  d =    42  f =    29  -  T =     0.36 sec
  [prof  49] wall= 356.703 p=   109 | ifo=  6.183(sd=1.362 nx=1.615 tfo=1.039 cnt=2.167) snap= 2.775 srm= 74.145 sat= 13.397(set=6.239 slv=7.145 max=0.3143 n=109) sim=258.535(rmp=5.899 run=252.478) chk= 0.016 stat= 1.222 rest= 0.429
  [incr r=49 repr=163 next=201 tfo=1021458 active=5102/361216 POs=2103]
 50 : c =    2846  cl = 177333  lit =  183839  p =  2024  d =    58  f =    21  -  T =     0.47 sec
  [prof  50] wall= 470.944 p=  2103 | ifo= 17.003(sd=1.439 nx=1.152 tfo=11.494 cnt=2.919) snap= 2.342 srm=158.768 sat= 22.653(set=11.662 slv=10.870 max=0.2142 n=2103) sim=268.282(rmp=5.604 run=262.510) chk= 0.020 stat= 1.250 rest= 0.625
  [incr r=50 repr=159 next=169 tfo=1021319 active=4977/361172 POs=2081]
 51 : c =    2821  cl = 177352  lit =  183770  p =  2004  d =    46  f =    31  -  T =     0.47 sec
  [prof  51] wall= 470.608 p=  2081 | ifo= 15.652(sd=1.401 nx=1.148 tfo=10.919 cnt=2.184) snap= 2.285 srm=159.509 sat= 23.078(set=11.940 slv=11.019 max=0.1861 n=2081) sim=267.633(rmp=6.452 run=260.993) chk= 0.024 stat= 1.798 rest= 0.629
  [incr r=51 repr=152 next=163 tfo=1022092 active=4980/361122 POs=2085]
 52 : c =    2799  cl = 177357  lit =  183675  p =  2004  d =    41  f =    40  -  T =     0.50 sec
  [prof  52] wall= 506.279 p=  2085 | ifo= 18.436(sd=1.859 nx=1.562 tfo=12.958 cnt=2.057) snap= 2.688 srm=169.705 sat= 26.529(set=12.367 slv=14.022 max=0.1757 n=2085) sim=286.411(rmp=6.124 run=280.103) chk= 0.034 stat= 1.781 rest= 0.695
  [incr r=52 repr=720 next=154 tfo=9875 active=4987/361032 POs=94]
 53 : c =    2771  cl = 177354  lit =  183614  p =    38  d =    22  f =    34  -  T =     0.37 sec
  [prof  53] wall= 370.709 p=    94 | ifo=  7.114(sd=1.619 nx=1.457 tfo=1.830 cnt=2.208) snap= 2.334 srm= 79.595 sat= 16.097(set=6.511 slv=9.572 max=0.3582 n=94) sim=263.788(rmp=6.415 run=257.174) chk= 0.021 stat= 1.309 rest= 0.451
  [incr r=53 repr=85 next=88 tfo=1021200 active=4801/360968 POs=2045]
 54 : c =    2732  cl = 177358  lit =  183565  p =  1995  d =    22  f =    28  -  T =     0.47 sec
  [prof  54] wall= 468.285 p=  2045 | ifo= 20.667(sd=1.471 nx=1.256 tfo=15.735 cnt=2.205) snap= 2.586 srm=152.878 sat= 23.857(set=12.689 slv=11.026 max=0.2078 n=2045) sim=265.895(rmp=5.514 run=260.148) chk= 0.015 stat= 1.695 rest= 0.691
  [incr r=54 repr=96 next=107 tfo=1021285 active=4806/360923 POs=2066]
 55 : c =    2668  cl = 177372  lit =  183508  p =  2001  d =    32  f =    33  -  T =     0.48 sec
  [prof  55] wall= 477.002 p=  2066 | ifo= 19.093(sd=1.953 nx=1.265 tfo=13.562 cnt=2.314) snap= 2.992 srm=149.149 sat= 24.727(set=13.244 slv=11.365 max=0.1466 n=2066) sim=278.993(rmp=6.950 run=271.885) chk= 0.009 stat= 1.392 rest= 0.647
  [incr r=55 repr=160 next=175 tfo=6154 active=1443/360880 POs=137]
 56 : c =    2602  cl = 177382  lit =  183454  p =    45  d =    77  f =    15  -  T =     0.37 sec
  [prof  56] wall= 373.287 p=   137 | ifo=  6.819(sd=2.022 nx=1.642 tfo=1.138 cnt=2.016) snap= 2.511 srm= 76.614 sat= 12.154(set=6.368 slv=5.750 max=0.3296 n=137) sim=273.550(rmp=5.747 run=267.640) chk= 0.005 stat= 1.231 rest= 0.403
  [incr r=56 repr=200 next=230 tfo=1022388 active=5034/360836 POs=2118]
 57 : c =    2580  cl = 177395  lit =  183393  p =  2024  d =    71  f =    23  -  T =     0.46 sec
  [prof  57] wall= 463.787 p=  2118 | ifo= 16.302(sd=1.363 nx=1.210 tfo=11.704 cnt=2.025) snap= 2.375 srm=152.914 sat= 25.173(set=11.947 slv=13.093 max=0.1733 n=2118) sim=265.123(rmp=7.290 run=257.656) chk= 0.016 stat= 1.222 rest= 0.663
  [incr r=57 repr=228 next=225 tfo=6508 active=1658/360788 POs=151]
 58 : c =    2555  cl = 177411  lit =  183310  p =    50  d =    56  f =    45  -  T =     0.35 sec
  [prof  58] wall= 356.431 p=   151 | ifo=  5.706(sd=1.384 nx=1.180 tfo=0.777 cnt=2.364) snap= 2.102 srm= 74.833 sat= 15.897(set=6.379 slv=9.503 max=0.3128 n=151) sim=255.880(rmp=5.859 run=249.844) chk= 0.022 stat= 1.578 rest= 0.412
  [incr r=58 repr=183 next=209 tfo=1021613 active=4902/360721 POs=2079]
 59 : c =    2532  cl = 177431  lit =  183200  p =  1987  d =    55  f =    37  -  T =     0.46 sec
  [prof  59] wall= 463.209 p=  2079 | ifo= 15.439(sd=1.773 nx=1.119 tfo=10.550 cnt=1.996) snap= 2.176 srm=153.309 sat= 25.347(set=11.540 slv=13.684 max=0.2142 n=2079) sim=265.098(rmp=5.488 run=259.425) chk= 0.014 stat= 1.205 rest= 0.621
  [incr r=59 repr=170 next=166 tfo=1021498 active=4767/360631 POs=2065]
 60 : c =    2490  cl = 177429  lit =  183135  p =  1984  d =    44  f =    37  -  T =     0.47 sec
  [prof  60] wall= 470.015 p=  2065 | ifo= 17.091(sd=1.340 nx=1.164 tfo=11.704 cnt=2.883) snap= 2.365 srm=152.923 sat= 24.387(set=11.456 slv=12.811 max=0.3278 n=2065) sim=271.254(rmp=5.973 run=265.109) chk= 0.010 stat= 1.244 rest= 0.740
  [incr r=60 repr=116 next=108 tfo=1022174 active=4792/360564 POs=2084]
 61 : c =    2462  cl = 177438  lit =  183071  p =  2014  d =    43  f =    27  -  T =     0.51 sec
  [prof  61] wall= 515.507 p=  2084 | ifo= 16.164(sd=1.379 nx=1.155 tfo=11.025 cnt=2.606) snap= 2.340 srm=155.097 sat= 29.243(set=11.908 slv=17.144 max=0.2247 n=2084) sim=310.569(rmp=5.765 run=304.598) chk= 0.017 stat= 1.342 rest= 0.735
  [incr r=61 repr=628 next=132 tfo=1023283 active=6655/360509 POs=2074]
 62 : c =    2414  cl = 177443  lit =  183003  p =  2004  d =    42  f =    28  -  T =     0.44 sec
  [prof  62] wall= 444.476 p=  2074 | ifo= 15.447(sd=1.382 nx=1.204 tfo=10.763 cnt=2.097) snap= 2.365 srm=147.542 sat= 23.980(set=12.300 slv=11.552 max=0.1579 n=2074) sim=253.264(rmp=5.454 run=247.643) chk= 0.014 stat= 1.232 rest= 0.633
  [incr r=62 repr=156 next=172 tfo=1021129 active=4700/360446 POs=2087]
 63 : c =    2384  cl = 177455  lit =  182947  p =  2016  d =    50  f =    21  -  T =     0.45 sec
  [prof  63] wall= 450.955 p=  2087 | ifo= 16.335(sd=1.437 nx=1.190 tfo=11.635 cnt=2.072) snap= 2.390 srm=148.903 sat= 22.459(set=11.389 slv=10.943 max=0.1494 n=2087) sim=258.903(rmp=6.390 run=252.336) chk= 0.012 stat= 1.319 rest= 0.634
  [incr r=63 repr=149 next=156 tfo=1020834 active=4589/360402 POs=2096]
 64 : c =    2345  cl = 177474  lit =  182871  p =  2015  d =    52  f =    29  -  T =     0.47 sec
  [prof  64] wall= 471.099 p=  2096 | ifo= 15.609(sd=1.410 nx=1.185 tfo=10.981 cnt=2.033) snap= 2.799 srm=154.192 sat= 25.741(set=13.693 slv=11.915 max=0.1657 n=2096) sim=270.737(rmp=6.272 run=264.291) chk= 0.017 stat= 1.195 rest= 0.808
  [incr r=64 repr=182 next=200 tfo=1020997 active=4641/360345 POs=2105]
 65 : c =    2293  cl = 177486  lit =  182798  p =  2022  d =    47  f =    36  -  T =     0.46 sec
  [prof  65] wall= 460.207 p=  2105 | ifo= 16.882(sd=1.394 nx=1.270 tfo=12.094 cnt=2.124) snap= 2.314 srm=148.063 sat= 25.690(set=12.260 slv=13.300 max=0.1811 n=2105) sim=265.333(rmp=5.795 run=259.368) chk= 0.025 stat= 1.199 rest= 0.699
  [incr r=65 repr=668 next=257 tfo=8136 active=3934/360284 POs=150]
 66 : c =    2271  cl = 177496  lit =  182704  p =    46  d =    52  f =    52  -  T =     0.36 sec
  [prof  66] wall= 362.092 p=   150 | ifo=  5.925(sd=1.399 nx=1.408 tfo=0.975 cnt=2.144) snap= 2.347 srm= 69.797 sat= 18.858(set=8.514 slv=10.323 max=0.4464 n=150) sim=263.461(rmp=5.947 run=257.337) chk= 0.019 stat= 1.251 rest= 0.434
  [incr r=66 repr=186 next=160 tfo=1021863 active=4629/360200 POs=2072]
 67 : c =    2239  cl = 177500  lit =  182631  p =  2001  d =    30  f =    41  -  T =     0.46 sec
  [prof  67] wall= 458.581 p=  2072 | ifo= 15.411(sd=1.619 nx=1.164 tfo=10.647 cnt=1.982) snap= 2.133 srm=142.288 sat= 24.730(set=11.674 slv=12.925 max=0.2450 n=2072) sim=271.690(rmp=5.267 run=266.261) chk= 0.016 stat= 1.623 rest= 0.690
  [incr r=67 repr=557 next=118 tfo=1023533 active=6318/360131 POs=2071]
 68 : c =    2212  cl = 177505  lit =  182558  p =  1995  d =    29  f =    47  -  T =     0.44 sec
  [prof  68] wall= 445.056 p=  2071 | ifo= 15.168(sd=1.693 nx=1.206 tfo=10.157 cnt=2.112) snap= 2.056 srm=143.017 sat= 25.239(set=11.368 slv=13.749 max=0.2137 n=2071) sim=257.725(rmp=5.801 run=251.764) chk= 0.013 stat= 1.256 rest= 0.581
  [incr r=68 repr=107 next=84 tfo=4783 active=1180/360063 POs=68]
 69 : c =    2149  cl = 177507  lit =  182510  p =    16  d =    31  f =    21  -  T =     0.37 sec
  [prof  69] wall= 366.703 p=    68 | ifo=  5.283(sd=1.353 nx=1.138 tfo=0.811 cnt=1.982) snap= 2.481 srm= 73.969 sat= 10.806(set=6.554 slv=4.242 max=0.3837 n=68) sim=272.452(rmp=5.783 run=266.488) chk= 0.007 stat= 1.268 rest= 0.438
  [incr r=69 repr=147 next=173 tfo=1021670 active=4632/360017 POs=2099]
 70 : c =    2117  cl = 177519  lit =  182465  p =  2022  d =    66  f =    11  -  T =     0.44 sec
  [prof  70] wall= 445.253 p=  2099 | ifo= 14.890(sd=1.374 nx=1.548 tfo=9.703 cnt=2.266) snap= 2.069 srm=157.998 sat= 22.363(set=11.516 slv=10.710 max=0.1600 n=2099) sim=246.056(rmp=5.322 run=240.551) chk= 0.011 stat= 1.229 rest= 0.636
  [incr r=70 repr=202 next=219 tfo=1020107 active=4397/359984 POs=2107]
 71 : c =    2109  cl = 177539  lit =  182388  p =  2013  d =    57  f =    37  -  T =     0.45 sec
  [prof  71] wall= 455.285 p=  2107 | ifo= 14.614(sd=1.341 nx=1.130 tfo=10.100 cnt=2.043) snap= 2.382 srm=153.613 sat= 25.091(set=12.202 slv=12.743 max=0.1690 n=2107) sim=257.336(rmp=5.204 run=251.965) chk= 0.028 stat= 1.598 rest= 0.624
  [incr r=71 repr=561 next=208 tfo=1021939 active=5956/359927 POs=2068]
 72 : c =    2094  cl = 177551  lit =  182296  p =  1981  d =    55  f =    32  -  T =     0.45 sec
  [prof  72] wall= 451.526 p=  2068 | ifo= 15.064(sd=1.375 nx=1.165 tfo=10.585 cnt=1.940) snap= 2.273 srm=149.798 sat= 25.345(set=13.760 slv=11.469 max=0.2435 n=2068) sim=257.118(rmp=5.529 run=251.397) chk= 0.013 stat= 1.280 rest= 0.635
  [incr r=72 repr=134 next=140 tfo=5436 active=1349/359847 POs=79]
 73 : c =    2063  cl = 177546  lit =  182238  p =    16  d =    22  f =    41  -  T =     0.36 sec
  [prof  73] wall= 357.670 p=    79 | ifo=  5.336(sd=1.396 nx=1.190 tfo=0.798 cnt=1.952) snap= 2.517 srm= 70.920 sat= 14.648(set=6.393 slv=8.244 max=0.3185 n=79) sim=262.463(rmp=6.126 run=256.154) chk= 0.008 stat= 1.339 rest= 0.439
  [incr r=73 repr=66 next=47 tfo=1020751 active=4229/359784 POs=2025]
 74 : c =    2029  cl = 177544  lit =  182189  p =  1979  d =    13  f =    33  -  T =     0.47 sec
  [prof  74] wall= 473.852 p=  2025 | ifo= 15.017(sd=1.888 nx=1.139 tfo=9.924 cnt=2.066) snap= 2.468 srm=149.929 sat= 24.772(set=13.057 slv=11.594 max=0.1737 n=2025) sim=279.738(rmp=5.619 run=273.959) chk= 0.012 stat= 1.225 rest= 0.691
  [incr r=74 repr=64 next=54 tfo=1020783 active=4239/359733 POs=2027]
 75 : c =    1975  cl = 177547  lit =  182151  p =  1983  d =    25  f =    19  -  T =     0.45 sec
  [prof  75] wall= 452.856 p=  2027 | ifo= 15.092(sd=1.351 nx=1.151 tfo=10.440 cnt=2.149) snap= 2.291 srm=150.850 sat= 21.826(set=11.483 slv=10.225 max=0.4768 n=2027) sim=260.661(rmp=5.456 run=255.021) chk= 0.006 stat= 1.284 rest= 0.846
  [incr r=75 repr=109 next=113 tfo=1019522 active=4177/359698 POs=2073]
 76 : c =    1935  cl = 177559  lit =  182114  p =  2008  d =    52  f =    13  -  T =     0.46 sec
  [prof  76] wall= 459.247 p=  2073 | ifo= 15.715(sd=1.443 nx=1.181 tfo=10.167 cnt=2.925) snap= 2.365 srm=150.613 sat= 21.848(set=12.585 slv=9.148 max=0.1329 n=2073) sim=266.790(rmp=5.883 run=260.746) chk= 0.009 stat= 1.262 rest= 0.644
  [incr r=76 repr=166 next=196 tfo=5173 active=1410/359673 POs=130]
 77 : c =    1894  cl = 177585  lit =  182058  p =    41  d =    68  f =    21  -  T =     0.35 sec
  [prof  77] wall= 355.136 p=   130 | ifo=  7.044(sd=1.464 nx=1.714 tfo=1.029 cnt=2.837) snap= 2.124 srm= 74.522 sat= 10.345(set=6.253 slv=4.076 max=0.2239 n=130) sim=259.307(rmp=5.674 run=253.479) chk= 0.008 stat= 1.377 rest= 0.410
  [incr r=77 repr=208 next=246 tfo=5303 active=1484/359643 POs=148]
 78 : c =    1872  cl = 177613  lit =  181973  p =    41  d =    83  f =    24  -  T =     0.36 sec
  [prof  78] wall= 358.642 p=   148 | ifo=  4.559(sd=1.399 nx=1.171 tfo=0.065 cnt=1.925) snap= 2.205 srm= 73.729 sat= 13.397(set=5.982 slv=7.396 max=0.4791 n=148) sim=262.839(rmp=6.387 run=256.295) chk= 0.014 stat= 1.518 rest= 0.380
  [incr r=78 repr=194 next=231 tfo=1020078 active=4255/359586 POs=2090]
 79 : c =    1839  cl = 177612  lit =  181850  p =  1981  d =    60  f =    49  -  T =     0.47 sec
  [prof  79] wall= 471.581 p=  2090 | ifo= 16.558(sd=1.435 nx=1.099 tfo=11.292 cnt=2.732) snap= 3.007 srm=151.812 sat= 31.382(set=13.968 slv=17.218 max=0.4150 n=2090) sim=266.757(rmp=6.366 run=260.196) chk= 0.021 stat= 1.258 rest= 0.786
  [incr r=79 repr=168 next=177 tfo=3328 active=1167/359462 POs=91]
 80 : c =    1801  cl = 177613  lit =  181772  p =    18  d =    35  f =    38  -  T =     0.35 sec
  [prof  80] wall= 352.286 p=    91 | ifo=  5.397(sd=1.450 nx=1.097 tfo=0.754 cnt=2.097) snap= 2.612 srm= 73.609 sat= 11.801(set=6.208 slv=5.581 max=0.2132 n=91) sim=257.134(rmp=7.198 run=249.751) chk= 0.005 stat= 1.274 rest= 0.453
  [incr r=80 repr=101 next=83 tfo=1020693 active=4068/359385 POs=2030]
 81 : c =    1740  cl = 177616  lit =  181737  p =  1976  d =    32  f =    22  -  T =     0.48 sec
  [prof  81] wall= 478.394 p=  2030 | ifo= 14.355(sd=1.390 nx=1.133 tfo=9.870 cnt=1.962) snap= 2.318 srm=148.447 sat= 22.401(set=12.268 slv=10.014 max=0.1520 n=2030) sim=288.982(rmp=5.513 run=283.307) chk= 0.007 stat= 1.229 rest= 0.657
  [incr r=81 repr=442 next=183 tfo=4593 active=2584/359353 POs=125]
 82 : c =    1681  cl = 177629  lit =  181706  p =    48  d =    72  f =     5  -  T =     0.39 sec
  [prof  82] wall= 393.625 p=   125 | ifo=  5.536(sd=1.388 nx=1.156 tfo=0.783 cnt=2.210) snap= 3.119 srm= 77.930 sat=  9.772(set=7.337 slv=2.419 max=0.2234 n=125) sim=295.248(rmp=6.832 run=288.272) chk= 0.004 stat= 1.575 rest= 0.440
  [incr r=82 repr=230 next=298 tfo=1021011 active=4303/359335 POs=2140]
 83 : c =    1677  cl = 177657  lit =  181624  p =  2015  d =    91  f =    34  -  T =     0.49 sec
  [prof  83] wall= 488.809 p=  2140 | ifo= 17.373(sd=1.730 nx=1.485 tfo=12.005 cnt=2.153) snap= 2.900 srm=156.296 sat= 26.542(set=12.713 slv=13.622 max=0.1738 n=2140) sim=283.824(rmp=5.805 run=277.874) chk= 0.015 stat= 1.254 rest= 0.606
  [incr r=83 repr=219 next=281 tfo=2849 active=1270/359281 POs=134]
 84 : c =    1660  cl = 177686  lit =  181539  p =    27  d =    78  f =    29  -  T =     0.37 sec
  [prof  84] wall= 375.137 p=   134 | ifo=  4.939(sd=1.300 nx=1.089 tfo=0.754 cnt=1.796) snap= 2.237 srm= 70.797 sat= 13.464(set=5.735 slv=7.712 max=0.4462 n=134) sim=282.030(rmp=16.085 run=265.750) chk= 0.015 stat= 1.246 rest= 0.409
  [incr r=84 repr=184 next=239 tfo=1019983 active=4077/359225 POs=2095]
 85 : c =    1645  cl = 177677  lit =  181416  p =  1987  d =    48  f =    60  -  T =     0.46 sec
  [prof  85] wall= 460.867 p=  2095 | ifo= 15.507(sd=1.682 nx=1.364 tfo=10.530 cnt=1.931) snap= 2.264 srm=150.643 sat= 29.513(set=12.409 slv=16.955 max=0.5572 n=2095) sim=260.773(rmp=5.978 run=254.643) chk= 0.015 stat= 1.539 rest= 0.613
  [incr r=85 repr=155 next=152 tfo=1019981 active=3934/359093 POs=2048]
 86 : c =    1625  cl = 177669  lit =  181359  p =  1987  d =    23  f =    38  -  T =     0.45 sec
  [prof  86] wall= 453.117 p=  2048 | ifo= 15.131(sd=1.834 nx=1.475 tfo=9.871 cnt=1.952) snap= 2.421 srm=151.574 sat= 24.489(set=12.825 slv=11.552 max=0.2584 n=2048) sim=257.629(rmp=5.714 run=251.750) chk= 0.013 stat= 1.232 rest= 0.626
  [incr r=86 repr=267 next=56 tfo=1021514 active=4713/359028 POs=2049]
 87 : c =    1571  cl = 177668  lit =  181312  p =  1994  d =    17  f =    38  -  T =     0.44 sec
  [prof  87] wall= 441.866 p=  2049 | ifo= 14.785(sd=1.464 nx=1.448 tfo=9.842 cnt=2.031) snap= 2.050 srm=146.201 sat= 22.537(set=11.021 slv=11.406 max=0.1511 n=2049) sim=254.024(rmp=5.776 run=248.089) chk= 0.010 stat= 1.557 rest= 0.704
  [incr r=87 repr=296 next=111 tfo=3183 active=1966/358980 POs=93]
 88 : c =    1524  cl = 177678  lit =  181274  p =    33  d =    43  f =    17  -  T =     0.36 sec
  [prof  88] wall= 363.692 p=    93 | ifo=  5.427(sd=1.500 nx=1.123 tfo=0.787 cnt=2.016) snap= 2.213 srm= 75.603 sat=  8.410(set=6.354 slv=2.046 max=0.0943 n=93) sim=270.341(rmp=5.294 run=264.891) chk= 0.002 stat= 1.289 rest= 0.409
  [incr r=88 repr=137 next=160 tfo=1019828 active=3815/358952 POs=2073]
 89 : c =    1466  cl = 177705  lit =  181213  p =  1985  d =    69  f =    19  -  T =     0.47 sec
  [prof  89] wall= 475.582 p=  2073 | ifo= 15.572(sd=1.899 nx=1.167 tfo=10.469 cnt=2.036) snap= 2.495 srm=153.003 sat= 24.795(set=12.577 slv=12.070 max=0.2378 n=2073) sim=277.789(rmp=6.048 run=271.563) chk= 0.007 stat= 1.226 rest= 0.694
  [incr r=89 repr=208 next=267 tfo=4519 active=1372/358918 POs=174]
 90 : c =    1437  cl = 177711  lit =  181141  p =    59  d =    89  f =    26  -  T =     0.39 sec
  [prof  90] wall= 389.323 p=   174 | ifo=  5.561(sd=1.344 nx=1.177 tfo=0.784 cnt=2.256) snap= 2.085 srm= 70.990 sat= 13.619(set=6.212 slv=7.386 max=0.3374 n=174) sim=295.223(rmp=5.919 run=289.131) chk= 0.007 stat= 1.400 rest= 0.438
  [incr r=90 repr=207 next=245 tfo=1019975 active=3904/358852 POs=2082]
 91 : c =    1402  cl = 177719  lit =  181064  p =  1980  d =    59  f =    43  -  T =     0.47 sec
  [prof  91] wall= 470.299 p=  2082 | ifo= 18.600(sd=1.541 nx=1.353 tfo=13.427 cnt=2.280) snap= 2.415 srm=154.494 sat= 24.770(set=11.904 slv=12.747 max=0.2650 n=2082) sim=268.056(rmp=5.737 run=262.094) chk= 0.012 stat= 1.315 rest= 0.637
  [incr r=91 repr=188 next=208 tfo=1020722 active=3900/358783 POs=2076]
 92 : c =    1338  cl = 177757  lit =  180983  p =  1984  d =    61  f =    31  -  T =     0.46 sec
  [prof  92] wall= 464.489 p=  2076 | ifo= 18.087(sd=1.430 nx=1.327 tfo=13.200 cnt=2.130) snap= 2.344 srm=148.596 sat= 24.901(set=11.206 slv=13.529 max=0.2000 n=2076) sim=268.530(rmp=6.475 run=261.880) chk= 0.006 stat= 1.319 rest= 0.706
  [incr r=92 repr=221 next=258 tfo=1656 active=1105/358740 POs=180]
 93 : c =    1291  cl = 177763  lit =  180851  p =    42  d =    85  f =    53  -  T =     0.37 sec
  [prof  93] wall= 373.110 p=   180 | ifo=  6.616(sd=1.480 nx=1.459 tfo=1.462 cnt=2.216) snap= 2.233 srm= 74.318 sat= 18.450(set=6.453 slv=11.973 max=0.3891 n=180) sim=269.697(rmp=5.831 run=263.688) chk= 0.006 stat= 1.334 rest= 0.456
  [incr r=93 repr=254 next=266 tfo=1020779 active=3853/358614 POs=2107]
 94 : c =    1254  cl = 177767  lit =  180776  p =  2009  d =    66  f =    32  -  T =     0.47 sec
  [prof  94] wall= 472.050 p=  2107 | ifo= 19.832(sd=1.418 nx=1.245 tfo=13.941 cnt=3.229) snap= 2.621 srm=148.880 sat= 25.009(set=12.158 slv=12.712 max=0.1680 n=2107) sim=273.659(rmp=6.156 run=267.349) chk= 0.009 stat= 1.342 rest= 0.697
  [incr r=94 repr=330 next=231 tfo=1019217 active=3909/358543 POs=2090]
 95 : c =    1235  cl = 177781  lit =  180707  p =  2003  d =    55  f =    32  -  T =     0.46 sec
  [prof  95] wall= 464.091 p=  2090 | ifo= 18.008(sd=1.488 nx=1.202 tfo=12.761 cnt=2.557) snap= 2.591 srm=156.168 sat= 25.481(set=12.703 slv=12.641 max=0.2021 n=2090) sim=260.006(rmp=5.896 run=253.939) chk= 0.008 stat= 1.193 rest= 0.636
  [incr r=95 repr=164 next=173 tfo=3813 active=1137/358488 POs=116]
 96 : c =    1215  cl = 177796  lit =  180623  p =    27  d =    48  f =    41  -  T =     0.36 sec
  [prof  96] wall= 358.601 p=   116 | ifo=  5.409(sd=1.362 nx=1.161 tfo=0.987 cnt=1.899) snap= 2.427 srm= 71.984 sat= 13.929(set=6.786 slv=7.130 max=0.3536 n=116) sim=263.154(rmp=5.977 run=256.981) chk= 0.006 stat= 1.274 rest= 0.418
  [incr r=96 repr=125 next=140 tfo=1019688 active=3522/358419 POs=2052]
 97 : c =    1196  cl = 177792  lit =  180560  p =  1983  d =    28  f =    41  -  T =     0.45 sec
  [prof  97] wall= 455.003 p=  2052 | ifo= 16.454(sd=1.392 nx=1.235 tfo=11.777 cnt=2.050) snap= 2.395 srm=147.346 sat= 25.111(set=11.900 slv=13.095 max=0.1966 n=2052) sim=261.259(rmp=5.926 run=255.015) chk= 0.011 stat= 1.703 rest= 0.724
  [incr r=97 repr=79 next=93 tfo=1019462 active=3400/358352 POs=2046]
 98 : c =    1179  cl = 177790  lit =  180514  p =  1997  d =    18  f =    31  -  T =     0.45 sec
  [prof  98] wall= 453.619 p=  2046 | ifo= 15.941(sd=1.320 nx=1.492 tfo=11.096 cnt=2.032) snap= 2.307 srm=146.550 sat= 22.123(set=11.476 slv=10.483 max=0.1549 n=2046) sim=264.563(rmp=7.008 run=257.387) chk= 0.007 stat= 1.526 rest= 0.603
  [incr r=98 repr=153 next=53 tfo=3572 active=1134/358304 POs=50]
 99 : c =    1149  cl = 177793  lit =  180483  p =    16  d =    12  f =    22  -  T =     0.38 sec
  [prof  99] wall= 386.253 p=    50 | ifo=  6.114(sd=1.713 nx=1.533 tfo=0.843 cnt=2.025) snap= 2.932 srm= 85.895 sat=  9.024(set=6.495 slv=2.521 max=0.1650 n=50) sim=280.386(rmp=6.486 run=273.644) chk= 0.006 stat= 1.276 rest= 0.621
  [incr r=99 repr=73 next=89 tfo=1019435 active=3359/358276 POs=2040]
100 : c =    1115  cl = 177805  lit =  180440  p =  1989  d =    32  f =    19  -  T =     0.45 sec
  [prof 100] wall= 447.576 p=  2040 | ifo= 14.650(sd=1.402 nx=1.178 tfo=9.933 cnt=2.137) snap= 2.221 srm=149.955 sat= 21.870(set=12.040 slv=9.714 max=0.1615 n=2040) sim=256.691(rmp=5.531 run=250.960) chk= 0.005 stat= 1.572 rest= 0.614
  [incr r=100 repr=186 next=110 tfo=1019692 active=3520/358245 POs=2048]
101 : c =    1091  cl = 177817  lit =  180378  p =  1986  d =    33  f =    29  -  T =     0.45 sec
  [prof 101] wall= 451.264 p=  2048 | ifo= 16.162(sd=1.822 nx=1.339 tfo=10.844 cnt=2.158) snap= 2.399 srm=148.849 sat= 24.741(set=12.870 slv=11.744 max=0.2251 n=2048) sim=257.124(rmp=5.327 run=251.643) chk= 0.007 stat= 1.287 rest= 0.695
  [incr r=101 repr=104 next=106 tfo=3201 active=843/358195 POs=66]
102 : c =    1040  cl = 177827  lit =  180338  p =    16  d =    31  f =    19  -  T =     0.36 sec
  [prof 102] wall= 358.219 p=    66 | ifo=  5.636(sd=1.566 nx=1.186 tfo=0.763 cnt=2.121) snap= 2.555 srm= 72.787 sat= 10.611(set=6.869 slv=3.731 max=0.3306 n=66) sim=265.044(rmp=5.283 run=259.600) chk= 0.003 stat= 1.176 rest= 0.407
  [incr r=102 repr=132 next=157 tfo=1019582 active=3378/358165 POs=2090]
103 : c =    1026  cl = 177829  lit =  180295  p =  2010  d =    59  f =    21  -  T =     0.46 sec
  [prof 103] wall= 460.485 p=  2090 | ifo= 16.062(sd=1.649 nx=1.460 tfo=10.937 cnt=2.017) snap= 2.607 srm=149.121 sat= 24.472(set=12.681 slv=11.661 max=0.1976 n=2090) sim=266.347(rmp=5.262 run=260.926) chk= 0.005 stat= 1.200 rest= 0.670
  [incr r=103 repr=117 next=138 tfo=1019488 active=3297/358124 POs=2053]
104 : c =    1014  cl = 177844  lit =  180235  p =  1987  d =    30  f =    36  -  T =     0.49 sec
  [prof 104] wall= 490.486 p=  2053 | ifo= 15.455(sd=1.394 nx=1.146 tfo=10.804 cnt=2.112) snap= 2.318 srm=166.801 sat= 24.656(set=12.448 slv=12.077 max=0.1710 n=2053) sim=279.235(rmp=5.448 run=273.608) chk= 0.009 stat= 1.296 rest= 0.715
  [incr r=104 repr=105 next=132 tfo=1019422 active=3203/358079 POs=2032]
105 : c =     984  cl = 177848  lit =  180173  p =  1979  d =    28  f =    25  -  T =     0.48 sec
  [prof 105] wall= 480.673 p=  2032 | ifo= 15.586(sd=1.511 nx=1.219 tfo=10.836 cnt=2.020) snap= 2.283 srm=164.989 sat= 23.370(set=12.177 slv=11.064 max=0.1587 n=2032) sim=272.369(rmp=5.908 run=266.286) chk= 0.005 stat= 1.414 rest= 0.657
  [incr r=105 repr=99 next=102 tfo=1019270 active=3120/358021 POs=2044]
106 : c =     973  cl = 177856  lit =  180128  p =  1997  d =    20  f =    27  -  T =     0.46 sec
  [prof 106] wall= 461.385 p=  2044 | ifo= 15.371(sd=1.416 nx=1.126 tfo=10.778 cnt=2.051) snap= 2.175 srm=146.235 sat= 23.671(set=12.134 slv=11.405 max=0.1806 n=2044) sim=272.015(rmp=7.207 run=264.648) chk= 0.006 stat= 1.215 rest= 0.696
  [incr r=106 repr=105 next=71 tfo=2749 active=698/357984 POs=69]
107 : c =     946  cl = 177859  lit =  180079  p =    21  d =    12  f =    36  -  T =     0.35 sec
  [prof 107] wall= 355.307 p=    69 | ifo=  5.552(sd=1.439 nx=1.195 tfo=0.844 cnt=2.074) snap= 2.636 srm= 70.409 sat= 11.526(set=6.895 slv=4.622 max=0.3801 n=69) sim=263.532(rmp=5.510 run=257.873) chk= 0.004 stat= 1.249 rest= 0.398
  [incr r=107 repr=93 next=55 tfo=1020411 active=3128/357938 POs=2032]
108 : c =     913  cl = 177862  lit =  180048  p =  2000  d =    15  f =    17  -  T =     0.46 sec
  [prof 108] wall= 459.214 p=  2032 | ifo= 15.976(sd=1.380 nx=1.189 tfo=11.384 cnt=2.022) snap= 2.396 srm=148.153 sat= 21.466(set=12.196 slv=9.152 max=0.1280 n=2032) sim=269.156(rmp=5.639 run=263.344) chk= 0.004 stat= 1.401 rest= 0.661
  [incr r=108 repr=61 next=57 tfo=1020309 active=3049/357910 POs=2053]
109 : c =     878  cl = 177873  lit =  180020  p =  2011  d =    34  f =     8  -  T =     0.45 sec
  [prof 109] wall= 456.029 p=  2053 | ifo= 18.731(sd=1.886 nx=1.551 tfo=13.019 cnt=2.276) snap= 2.232 srm=149.706 sat= 21.450(set=12.119 slv=9.192 max=0.1339 n=2053) sim=262.071(rmp=5.304 run=256.607) chk= 0.004 stat= 1.247 rest= 0.589
  [incr r=109 repr=122 next=107 tfo=1019400 active=3104/357893 POs=2087]
110 : c =     865  cl = 177878  lit =  179983  p =  2030  d =    44  f =    13  -  T =     0.46 sec
  [prof 110] wall= 456.602 p=  2087 | ifo= 16.154(sd=1.388 nx=1.220 tfo=11.599 cnt=1.948) snap= 2.184 srm=145.740 sat= 22.052(set=11.901 slv=10.011 max=0.2467 n=2087) sim=268.532(rmp=5.839 run=262.533) chk= 0.005 stat= 1.305 rest= 0.631
  [incr r=110 repr=103 next=102 tfo=1019287 active=3056/357861 POs=2077]
111 : c =     851  cl = 177888  lit =  179927  p =  2021  d =    34  f =    22  -  T =     0.46 sec
  [prof 111] wall= 461.779 p=  2077 | ifo= 16.718(sd=1.812 nx=1.647 tfo=11.203 cnt=2.055) snap= 2.369 srm=151.439 sat= 22.274(set=12.579 slv=9.575 max=0.1527 n=2077) sim=266.721(rmp=5.174 run=261.389) chk= 0.005 stat= 1.669 rest= 0.585
  [incr r=111 repr=91 next=88 tfo=1019232 active=2967/357815 POs=2022]
112 : c =     840  cl = 177883  lit =  179891  p =  1985  d =    23  f =    14  -  T =     0.46 sec
  [prof 112] wall= 464.251 p=  2022 | ifo= 16.102(sd=1.598 nx=1.129 tfo=11.229 cnt=2.147) snap= 2.274 srm=147.422 sat= 22.272(set=13.527 slv=8.628 max=0.2009 n=2022) sim=274.224(rmp=5.394 run=268.656) chk= 0.005 stat= 1.283 rest= 0.669
  [incr r=112 repr=54 next=58 tfo=1018987 active=2853/357774 POs=2010]
113 : c =     829  cl = 177883  lit =  179862  p =  1979  d =    12  f =    19  -  T =     0.47 sec
  [prof 113] wall= 470.099 p=  2010 | ifo= 18.143(sd=1.405 nx=1.752 tfo=12.800 cnt=2.186) snap= 2.509 srm=156.740 sat= 21.370(set=11.697 slv=9.537 max=0.1568 n=2010) sim=269.267(rmp=6.073 run=263.038) chk= 0.004 stat= 1.378 rest= 0.687
  [incr r=113 repr=50 next=31 tfo=1018945 active=2804/357745 POs=1990]
114 : c =     819  cl = 177881  lit =  179843  p =  1971  d =     6  f =    13  -  T =     0.47 sec
  [prof 114] wall= 468.430 p=  1990 | ifo= 18.909(sd=1.440 nx=1.299 tfo=13.933 cnt=2.236) snap= 2.352 srm=146.999 sat= 19.670(set=11.649 slv=7.911 max=0.1924 n=1990) sim=278.582(rmp=5.742 run=272.673) chk= 0.004 stat= 1.258 rest= 0.654
  [incr r=114 repr=32 next=22 tfo=1018803 active=2754/357724 POs=1992]
115 : c =     805  cl = 177885  lit =  179825  p =  1972  d =     9  f =    11  -  T =     0.46 sec
  [prof 115] wall= 463.003 p=  1992 | ifo= 17.737(sd=1.442 nx=1.197 tfo=12.768 cnt=2.330) snap= 2.372 srm=153.045 sat= 20.668(set=12.215 slv=8.332 max=0.1689 n=1992) sim=267.156(rmp=6.640 run=260.326) chk= 0.003 stat= 1.298 rest= 0.724
  [incr r=115 repr=36 next=32 tfo=1570 active=274/357710 POs=32]
116 : c =     794  cl = 177889  lit =  179804  p =    13  d =    12  f =     7  -  T =     0.37 sec
  [prof 116] wall= 367.441 p=    32 | ifo=  6.560(sd=1.466 nx=1.259 tfo=1.591 cnt=2.245) snap= 2.460 srm= 72.192 sat=  9.568(set=8.657 slv=0.906 max=0.1009 n=32) sim=274.658(rmp=6.953 run=267.546) chk= 0.001 stat= 1.506 rest= 0.496
  [incr r=116 repr=32 next=29 tfo=1018736 active=2705/357693 POs=1986]
117 : c =     773  cl = 177888  lit =  179790  p =  1968  d =    12  f =     6  -  T =     0.47 sec
  [prof 117] wall= 469.817 p=  1986 | ifo= 18.707(sd=1.719 nx=1.220 tfo=13.485 cnt=2.283) snap= 2.270 srm=153.490 sat= 20.279(set=12.748 slv=7.414 max=0.1532 n=1986) sim=273.205(rmp=5.393 run=267.660) chk= 0.003 stat= 1.221 rest= 0.642
  [incr r=117 repr=41 next=43 tfo=1018780 active=2713/357678 POs=2009]
118 : c =     770  cl = 177896  lit =  179770  p =  1982  d =    23  f =     4  -  T =     0.45 sec
  [prof 118] wall= 452.179 p=  2009 | ifo= 15.750(sd=1.363 nx=1.117 tfo=11.284 cnt=1.986) snap= 2.117 srm=143.781 sat= 19.766(set=12.245 slv=7.390 max=0.1388 n=2009) sim=268.859(rmp=5.514 run=263.177) chk= 0.003 stat= 1.185 rest= 0.718
  [incr r=118 repr=44 next=46 tfo=1443 active=234/357666 POs=40]
119 : c =     763  cl = 177896  lit =  179747  p =    14  d =    19  f =     7  -  T =     0.37 sec
  [prof 119] wall= 367.756 p=    40 | ifo=  6.439(sd=1.359 nx=1.482 tfo=1.104 cnt=2.494) snap= 2.995 srm= 75.074 sat=  8.474(set=7.159 slv=1.309 max=0.1544 n=40) sim=273.136(rmp=5.547 run=267.436) chk= 0.002 stat= 1.233 rest= 0.403
  [incr r=119 repr=35 next=33 tfo=1018729 active=2671/357643 POs=1986]
120 : c =     755  cl = 177893  lit =  179731  p =  1969  d =     9  f =     8  -  T =     0.46 sec
  [prof 120] wall= 461.816 p=  1986 | ifo= 15.375(sd=1.363 nx=1.251 tfo=10.599 cnt=2.162) snap= 2.498 srm=156.561 sat= 20.875(set=13.041 slv=7.721 max=0.1537 n=1986) sim=264.426(rmp=6.361 run=257.884) chk= 0.003 stat= 1.290 rest= 0.788
  [incr r=120 repr=20 next=16 tfo=1018646 active=2621/357624 POs=1972]
121 : c =     747  cl = 177895  lit =  179724  p =  1967  d =     3  f =     2  -  T =     0.46 sec
  [prof 121] wall= 460.232 p=  1972 | ifo= 15.343(sd=1.396 nx=1.203 tfo=10.435 cnt=2.308) snap= 3.440 srm=147.716 sat= 21.453(set=13.496 slv=7.838 max=0.3675 n=1972) sim=270.359(rmp=6.695 run=263.492) chk= 0.003 stat= 1.259 rest= 0.660
  [incr r=121 repr=12 next=7 tfo=1018551 active=2591/357619 POs=1982]
122 : c =     738  cl = 177894  lit =  179711  p =  1972  d =     9  f =     1  -  T =     0.45 sec
  [prof 122] wall= 452.834 p=  1982 | ifo= 16.334(sd=1.396 nx=1.171 tfo=11.576 cnt=2.190) snap= 2.843 srm=156.524 sat= 19.565(set=12.517 slv=6.936 max=0.1468 n=1982) sim=255.692(rmp=5.714 run=249.814) chk= 0.003 stat= 1.218 rest= 0.654
  [incr r=122 repr=20 next=19 tfo=1019407 active=2662/357605 POs=1983]
123 : c =     736  cl = 177894  lit =  179703  p =  1970  d =    11  f =     2  -  T =     0.45 sec
  [prof 123] wall= 451.884 p=  1983 | ifo= 15.250(sd=1.449 nx=1.122 tfo=10.684 cnt=1.995) snap= 2.168 srm=143.013 sat= 18.031(set=11.326 slv=6.597 max=0.1107 n=1983) sim=271.302(rmp=5.605 run=265.540) chk= 0.003 stat= 1.467 rest= 0.651
  [incr r=123 repr=11 next=12 tfo=252 active=54/357597 POs=6]
124 : c =     732  cl = 177893  lit =  179697  p =     2  d =     4  f =     0  -  T =     0.39 sec
  [prof 124] wall= 393.709 p=     6 | ifo=  5.382(sd=1.636 nx=1.147 tfo=0.711 cnt=1.888) snap= 2.139 srm= 69.524 sat=  5.965(set=5.869 slv=0.093 max=0.0371 n=6) sim=308.946(rmp=12.488 run=296.284) chk= 0.001 stat= 1.345 rest= 0.408
  [incr r=124 repr=9 next=6 tfo=1018471 active=2544/357590 POs=1968]
125 : c =     730  cl = 177893  lit =  179694  p =  1967  d =     1  f =     0  -  T =     0.44 sec
  [prof 125] wall= 442.038 p=  1968 | ifo= 16.274(sd=1.939 nx=1.581 tfo=10.311 cnt=2.443) snap= 2.314 srm=144.635 sat= 18.224(set=12.085 slv=6.037 max=0.0831 n=1968) sim=258.683(rmp=5.661 run=252.858) chk= 0.002 stat= 1.266 rest= 0.640
  [incr r=125 repr=4 next=1 tfo=1018407 active=2528/357587 POs=1968]
126 : c =     724  cl = 177892  lit =  179688  p =  1966  d =     2  f =     0  -  T =     0.46 sec
  [prof 126] wall= 465.664 p=  1968 | ifo= 15.684(sd=1.383 nx=1.151 tfo=11.185 cnt=1.965) snap= 2.138 srm=152.838 sat= 18.340(set=12.162 slv=6.065 max=0.0606 n=1968) sim=274.540(rmp=6.062 run=268.313) chk= 0.003 stat= 1.505 rest= 0.615
  [incr r=126 repr=8 next=4 tfo=1019244 active=2600/357580 POs=1970]
127 : c =     719  cl = 177892  lit =  179683  p =  1967  d =     3  f =     0  -  T =     0.46 sec
  [prof 127] wall= 460.631 p=  1970 | ifo= 15.744(sd=1.319 nx=1.127 tfo=11.252 cnt=2.045) snap= 2.189 srm=154.079 sat= 18.280(set=12.187 slv=5.989 max=0.0530 n=1970) sim=268.451(rmp=7.463 run=260.775) chk= 0.002 stat= 1.237 rest= 0.649
  [incr r=127 repr=7 next=4 tfo=1018395 active=2514/357575 POs=1971]
128 : c =     715  cl = 177891  lit =  179678  p =  1967  d =     4  f =     0  -  T =     0.47 sec
  [prof 128] wall= 469.834 p=  1971 | ifo= 15.836(sd=1.367 nx=1.168 tfo=11.268 cnt=2.032) snap= 2.377 srm=155.291 sat= 19.983(set=13.304 slv=6.569 max=0.0675 n=1971) sim=274.464(rmp=6.219 run=268.078) chk= 0.002 stat= 1.225 rest= 0.657
  [incr r=128 repr=7 next=5 tfo=1018364 active=2508/357569 POs=1968]
129 : c =     712  cl = 177890  lit =  179673  p =  1966  d =     2  f =     0  -  T =     0.47 sec
  [prof 129] wall= 468.413 p=  1968 | ifo= 15.775(sd=1.405 nx=1.166 tfo=11.211 cnt=1.993) snap= 2.214 srm=149.450 sat= 20.323(set=13.149 slv=7.055 max=0.1009 n=1968) sim=278.642(rmp=6.175 run=272.289) chk= 0.002 stat= 1.280 rest= 0.726
  [incr r=129 repr=6 next=2 tfo=1019112 active=2602/357563 POs=1978]
130 : c =     710  cl = 177888  lit =  179669  p =  1976  d =     2  f =     0  -  T =     0.46 sec
  [prof 130] wall= 459.608 p=  1978 | ifo= 16.173(sd=1.411 nx=1.161 tfo=11.549 cnt=2.052) snap= 2.377 srm=143.618 sat= 20.150(set=13.399 slv=6.634 max=0.0859 n=1978) sim=274.729(rmp=5.293 run=269.253) chk= 0.003 stat= 1.922 rest= 0.637
  [incr r=130 repr=4 next=2 tfo=1018243 active=2515/357557 POs=1976]
  [prof 131] wall= 183.498 p=  1976 | ifo= 16.369(sd=1.637 nx=1.560 tfo=11.168 cnt=2.004) snap= 2.106 srm=145.848 sat= 18.563(set=12.085 slv=6.368 max=0.2604 n=1976) sim= 0.000(rmp=0.000 run=0.000) chk= 0.000 stat= 0.000 rest= 0.613
131 : c =     710  cl = 177888  lit =  179669  p =     0  d =     0  f =     0  -  T =     0.18 sec
  [prof ALL] wall=132886.208 p=2016084 | ifo=2165.197(sd=199.778 nx=164.220 tfo=1509.277 cnt=291.923) snap=313.601 srm=19274.481 sat=59853.290(set=1405.699 slv=58250.931 max=4.8631 n=2016084) sim=51013.740(rmp=785.934 run=50205.598) chk= 5.997 stat=177.080 rest=82.823
Srm   =    21.75 sec ( 14.65 %)
Sat   =    59.93 sec ( 40.35 %)
Sim   =    51.02 sec ( 34.35 %)
Other =    15.81 sec ( 10.65 %)
Incr  =     2.17 sec (  1.46 %)
Incr: fallback rounds = 30, skipped candidate pairs = 35601717
TOTAL =   148.52 sec
NBeg = 1617800. NEnd = 1413808. (Gain =  12.61 %).  RBeg = 174678. REnd = 172252. (Gain =   1.39 %).
Flop output names are not available. Use command "&get -n".
[1;37m/home/zxr_wsl/benchmarks/incre_spec//ILA_Flute_XORI_sanity[0m : i/o = 180287/      2  ff = 172252  [1;36mand = 1413808[0m  [1;35mlev =  276[0m [1;35m(219.62)[0m  mem =24.19 MB
