### benchmark: /home/zxr_wsl/benchmarks/incre_spec//ILA_Flute_BLT_problem.aig
### opts:      &scorr -i -v -w
### timeout:   1800s
### date:      Wed May 27 22:16:26 CST 2026

======== ABC command line "&r /home/zxr_wsl/benchmarks/incre_spec//ILA_Flute_BLT_problem.aig; &ps; &scorr -i -v -w; &ps"
Warning: The last output is interpreted as a constraint.
Converted 548 1-valued FFs and 173794 DC-valued FFs.
Warning: The number of inputs does not match the number of input names.
[1;37m/home/zxr_wsl/benchmarks/incre_spec//ILA_Flute_BLT_problem[0m : i/o = 180287/      2(c=1)  ff = 174678  [1;36mand = 1613164[0m  [1;35mlev =  284[0m [1;35m(219.18)[0m  mem =26.54 MB
cst = 1787842  cls =      0  lit = 1787842  unused =  180287  proof =     0
cst =  354535  cls = 351142  lit = 1207493  unused =  409494  proof =     0
cst =  352697  cls = 350226  lit = 1200785  unused =  417118  proof =     0
cst =  352082  cls = 350095  lit = 1199310  unused =  418724  proof =     0
cst =  351177  cls = 350153  lit = 1197321  unused =  420655  proof =     0
cst =  350619  cls = 350038  lit = 1196192  unused =  421899  proof =     0
cst =  350115  cls = 349838  lit = 1194993  unused =  423298  proof =     0
cst =  349680  cls = 349504  lit = 1193743  unused =  424882  proof =     0
cst =  349426  cls = 349245  lit = 1192924  unused =  425960  proof =     0
cst =  349321  cls = 348956  lit = 1192275  unused =  426898  proof =     0
Obj = 2142810. And = 1613164. Conf =   100. Fr = 1. Lcorr = 0. Ring = 1. CSat = 1.
  0 : c =  349321  cl = 348956  lit = 1192275  p =     0  d =     0  f =     0  +  T =     2.62 sec
BMC : c =  349088  cl = 348866  lit = 1191047  p =  3585  d =  3008  f =     0  +  T =     0.25 sec
  [bmc-prof   0] wall= 255.923 p=  6593 | ifo=  0.000(sd=0.000 nx=0.000 tfo=0.000 cnt=0.000) snap= 2.350 srm= 71.659 sat= 26.432(set=2.860 slv=23.083 max=0.0857 n=6593) sim=154.102(rmp=6.980 run=146.900) chk= 0.008 stat= 1.365 rest= 0.006
BMC : c =  348881  cl = 348818  lit = 1190351  p =  3429  d =  2739  f =     0  +  T =     0.29 sec
  [bmc-prof   1] wall= 290.237 p=  6168 | ifo= 30.029(sd=1.514 nx=0.000 tfo=25.418 cnt=3.096) snap= 2.389 srm= 66.165 sat= 26.158(set=2.118 slv=23.583 max=0.1321 n=6168) sim=164.243(rmp=5.567 run=158.526) chk= 0.009 stat= 1.229 rest= 0.014
BMC : c =  348663  cl = 348864  lit = 1189808  p =  3421  d =  2695  f =     0  +  T =     0.31 sec
  [bmc-prof   2] wall= 313.318 p=  6116 | ifo= 22.708(sd=1.438 nx=0.000 tfo=18.766 cnt=2.504) snap= 2.445 srm= 67.338 sat= 27.008(set=2.084 slv=24.467 max=0.1077 n=6116) sim=192.568(rmp=5.615 run=186.803) chk= 0.008 stat= 1.237 rest= 0.006
BMC : c =  348633  cl = 348851  lit = 1189499  p =  3436  d =  2434  f =     0  +  T =     0.32 sec
  [bmc-prof   3] wall= 323.982 p=  5870 | ifo= 23.040(sd=1.519 nx=0.000 tfo=18.917 cnt=2.604) snap= 2.039 srm= 64.658 sat= 27.734(set=1.904 slv=25.377 max=0.0912 n=5870) sim=205.253(rmp=5.458 run=199.646) chk= 0.007 stat= 1.238 rest= 0.013
BMC : c =  348432  cl = 348811  lit = 1189082  p =  3417  d =  2229  f =     6  +  T =     0.34 sec
  [bmc-prof   4] wall= 338.362 p=  5652 | ifo= 24.855(sd=1.572 nx=0.000 tfo=20.659 cnt=2.624) snap= 2.402 srm= 64.452 sat= 26.810(set=1.968 slv=24.393 max=0.0861 n=5652) sim=218.584(rmp=6.777 run=211.643) chk= 0.008 stat= 1.245 rest= 0.006
BMC : c =  347710  cl = 348640  lit = 1188150  p =  3373  d =  2475  f =     0  +  T =     0.36 sec
  [bmc-prof   5] wall= 359.639 p=  5848 | ifo= 25.803(sd=1.625 nx=0.000 tfo=21.557 cnt=2.621) snap= 2.106 srm= 68.032 sat= 31.412(set=1.963 slv=28.898 max=0.1033 n=5848) sim=230.550(rmp=5.888 run=224.454) chk= 0.011 stat= 1.717 rest= 0.007
BMC : c =  347432  cl = 348497  lit = 1187454  p =  3396  d =  2447  f =     0  +  T =     0.33 sec
  [bmc-prof   6] wall= 328.757 p=  5843 | ifo= 29.372(sd=2.331 nx=0.000 tfo=24.597 cnt=2.444) snap= 2.191 srm= 59.209 sat= 29.985(set=2.167 slv=27.363 max=0.3060 n=5843) sim=206.763(rmp=5.546 run=201.052) chk= 0.008 stat= 1.222 rest= 0.007
BMC : c =  347090  cl = 348420  lit = 1186903  p =  3482  d =  2063  f =     0  +  T =     0.33 sec
  [bmc-prof   7] wall= 329.064 p=  5545 | ifo= 22.620(sd=1.321 nx=0.000 tfo=18.775 cnt=2.524) snap= 2.119 srm= 62.553 sat= 30.129(set=2.117 slv=27.563 max=0.2313 n=5545) sim=210.434(rmp=4.746 run=205.523) chk= 0.008 stat= 1.196 rest= 0.006
BMC : c =  346778  cl = 348306  lit = 1185705  p =  3463  d =  2320  f =     0  +  T =     0.36 sec
  [bmc-prof   8] wall= 364.517 p=  5783 | ifo= 25.783(sd=1.288 nx=0.000 tfo=21.754 cnt=2.742) snap= 2.046 srm= 63.568 sat= 45.277(set=2.518 slv=42.242 max=0.4205 n=5783) sim=226.625(rmp=5.622 run=220.847) chk= 0.007 stat= 1.203 rest= 0.007
BMC : c =  346735  cl = 348192  lit = 1185374  p =  3500  d =  1614  f =     0  +  T =     0.34 sec
  [bmc-prof   9] wall= 344.752 p=  5114 | ifo= 27.660(sd=1.627 nx=0.000 tfo=23.544 cnt=2.489) snap= 2.019 srm= 64.732 sat= 42.643(set=1.993 slv=40.206 max=0.1687 n=5114) sim=206.467(rmp=5.380 run=200.930) chk= 0.006 stat= 1.217 rest= 0.007
BMC : c =  346574  cl = 348198  lit = 1185174  p =  3478  d =  1393  f =     0  +  T =     0.32 sec
  [bmc-prof  10] wall= 320.863 p=  4871 | ifo= 23.961(sd=1.291 nx=0.000 tfo=20.138 cnt=2.532) snap= 2.330 srm= 60.799 sat= 27.991(set=2.097 slv=25.525 max=0.2357 n=4871) sim=204.642(rmp=5.250 run=199.225) chk= 0.006 stat= 1.128 rest= 0.007
BMC : c =  346564  cl = 348215  lit = 1184977  p =  3528  d =  1318  f =     0  +  T =     0.32 sec
  [bmc-prof  11] wall= 324.790 p=  4846 | ifo= 21.728(sd=1.256 nx=0.000 tfo=17.984 cnt=2.488) snap= 2.600 srm= 67.380 sat= 25.212(set=2.227 slv=22.633 max=0.1982 n=4846) sim=206.708(rmp=5.357 run=201.206) chk= 0.006 stat= 1.149 rest= 0.007
BMC : c =  346564  cl = 348204  lit = 1184851  p =  3523  d =  1168  f =     0  +  T =     0.33 sec
  [bmc-prof  12] wall= 328.382 p=  4691 | ifo= 21.832(sd=1.387 nx=0.000 tfo=17.865 cnt=2.581) snap= 2.079 srm= 63.103 sat= 25.683(set=2.493 slv=22.853 max=0.1705 n=4691) sim=214.492(rmp=5.382 run=208.959) chk= 0.006 stat= 1.181 rest= 0.007
BMC : c =  346553  cl = 348211  lit = 1184742  p =  3522  d =  1043  f =     0  +  T =     0.32 sec
  [bmc-prof  13] wall= 321.172 p=  4565 | ifo= 22.467(sd=1.248 nx=0.000 tfo=18.390 cnt=2.829) snap= 1.970 srm= 63.905 sat= 26.611(set=2.074 slv=24.190 max=0.1464 n=4565) sim=204.775(rmp=5.683 run=198.926) chk= 0.006 stat= 1.432 rest= 0.007
BMC : c =  346548  cl = 348204  lit = 1184630  p =  3518  d =   957  f =     0  +  T =     0.33 sec
  [bmc-prof  14] wall= 331.612 p=  4475 | ifo= 22.802(sd=1.773 nx=0.000 tfo=17.922 cnt=3.107) snap= 1.956 srm= 62.950 sat= 26.551(set=2.145 slv=24.069 max=0.2982 n=4475) sim=215.852(rmp=6.073 run=209.613) chk= 0.005 stat= 1.488 rest= 0.007
BMC : c =  346547  cl = 348202  lit = 1184536  p =  3515  d =   852  f =     0  +  T =     0.33 sec
  [bmc-prof  15] wall= 335.742 p=  4367 | ifo= 21.962(sd=1.447 nx=0.000 tfo=17.652 cnt=2.863) snap= 1.944 srm= 68.769 sat= 26.706(set=2.203 slv=24.184 max=0.1661 n=4367) sim=215.174(rmp=5.050 run=209.975) chk= 0.005 stat= 1.175 rest= 0.007
BMC : c =  346544  cl = 348204  lit = 1184443  p =  3518  d =   762  f =     0  +  T =     0.33 sec
  [bmc-prof  16] wall= 326.750 p=  4280 | ifo= 22.767(sd=1.282 nx=0.000 tfo=18.556 cnt=2.929) snap= 2.128 srm= 63.458 sat= 23.259(set=2.356 slv=20.617 max=0.1498 n=4280) sim=213.988(rmp=5.147 run=208.676) chk= 0.004 stat= 1.139 rest= 0.007
BMC : c =  346543  cl = 348212  lit = 1184353  p =  3519  d =   675  f =     0  +  T =     0.34 sec
  [bmc-prof  17] wall= 338.275 p=  4194 | ifo= 24.761(sd=1.262 nx=0.000 tfo=20.809 cnt=2.690) snap= 2.043 srm= 66.735 sat= 22.956(set=2.005 slv=20.663 max=0.2832 n=4194) sim=220.562(rmp=5.370 run=215.035) chk= 0.005 stat= 1.206 rest= 0.007
BMC : c =  346540  cl = 348216  lit = 1184259  p =  3519  d =   590  f =     0  +  T =     0.34 sec
  [bmc-prof  18] wall= 337.366 p=  4109 | ifo= 23.460(sd=1.363 nx=0.000 tfo=19.447 cnt=2.650) snap= 2.153 srm= 69.227 sat= 21.772(set=2.116 slv=19.382 max=0.1706 n=4109) sim=219.502(rmp=6.109 run=213.233) chk= 0.015 stat= 1.230 rest= 0.007
BMC : c =  346539  cl = 348212  lit = 1184180  p =  3521  d =   502  f =     0  +  T =     0.34 sec
  [bmc-prof  19] wall= 337.289 p=  4023 | ifo= 24.442(sd=1.476 nx=0.000 tfo=20.304 cnt=2.662) snap= 2.292 srm= 62.628 sat= 24.332(set=2.182 slv=21.844 max=0.1856 n=4023) sim=222.311(rmp=6.280 run=215.864) chk= 0.006 stat= 1.272 rest= 0.007
BMC : c =  346539  cl = 348213  lit = 1184098  p =  3516  d =   428  f =     1  +  T =     0.34 sec
  [bmc-prof  20] wall= 340.578 p=  3945 | ifo= 22.869(sd=1.349 nx=0.000 tfo=18.650 cnt=2.871) snap= 2.109 srm= 65.589 sat= 22.499(set=2.190 slv=20.038 max=0.3259 n=3945) sim=226.185(rmp=5.509 run=220.508) chk= 0.005 stat= 1.314 rest= 0.007
BMC : c =  346539  cl = 348204  lit = 1184031  p =  3520  d =   345  f =     0  +  T =     0.32 sec
  [bmc-prof  21] wall= 325.621 p=  3865 | ifo= 15.322(sd=1.454 nx=0.000 tfo=11.079 cnt=2.788) snap= 2.130 srm= 63.893 sat= 21.112(set=3.087 slv=17.761 max=0.0792 n=3865) sim=221.881(rmp=5.280 run=216.432) chk= 0.004 stat= 1.272 rest= 0.007
BMC : c =  346539  cl = 348199  lit = 1183979  p =  3521  d =   278  f =     0  +  T =     0.33 sec
  [bmc-prof  22] wall= 326.227 p=  3799 | ifo= 14.676(sd=1.342 nx=0.000 tfo=10.532 cnt=2.801) snap= 2.220 srm= 67.058 sat= 21.198(set=2.199 slv=18.738 max=0.0818 n=3799) sim=219.859(rmp=5.685 run=214.004) chk= 0.004 stat= 1.206 rest= 0.006
BMC : c =  346539  cl = 348193  lit = 1183933  p =  3523  d =   227  f =     0  +  T =     0.32 sec
  [bmc-prof  23] wall= 320.263 p=  3750 | ifo= 15.905(sd=1.352 nx=0.000 tfo=11.105 cnt=3.447) snap= 2.198 srm= 63.365 sat= 21.249(set=2.328 slv=18.652 max=0.3126 n=3750) sim=216.055(rmp=5.801 run=210.090) chk= 0.006 stat= 1.478 rest= 0.006
BMC : c =  346539  cl = 348196  lit = 1183903  p =  3523  d =   182  f =     0  +  T =     0.33 sec
  [bmc-prof  24] wall= 326.902 p=  3705 | ifo= 14.643(sd=1.472 nx=0.000 tfo=10.419 cnt=2.751) snap= 2.036 srm= 68.196 sat= 19.464(set=2.304 slv=16.908 max=0.2252 n=3705) sim=221.353(rmp=5.306 run=215.889) chk= 0.004 stat= 1.199 rest= 0.007
BMC : c =  346539  cl = 348196  lit = 1183870  p =  3523  d =   153  f =     0  +  T =     0.32 sec
  [bmc-prof  25] wall= 318.811 p=  3676 | ifo= 14.713(sd=1.301 nx=0.000 tfo=10.655 cnt=2.757) snap= 1.995 srm= 64.359 sat= 21.026(set=2.161 slv=18.622 max=0.1058 n=3676) sim=215.547(rmp=5.992 run=209.378) chk= 0.004 stat= 1.162 rest= 0.006
BMC : c =  346539  cl = 348196  lit = 1183846  p =  3525  d =   121  f =     0  +  T =     0.31 sec
  [bmc-prof  26] wall= 316.226 p=  3646 | ifo= 13.810(sd=1.316 nx=0.000 tfo=9.818 cnt=2.675) snap= 2.064 srm= 61.174 sat= 20.284(set=2.245 slv=17.791 max=0.0962 n=3646) sim=217.620(rmp=5.275 run=212.188) chk= 0.004 stat= 1.264 rest= 0.006
BMC : c =  346539  cl = 348198  lit = 1183822  p =  3525  d =    98  f =     0  +  T =     0.36 sec
  [bmc-prof  27] wall= 362.738 p=  3623 | ifo= 14.167(sd=1.289 nx=0.000 tfo=10.126 cnt=2.751) snap= 2.242 srm= 62.726 sat= 23.838(set=2.153 slv=21.416 max=0.2287 n=3623) sim=258.414(rmp=5.842 run=252.364) chk= 0.004 stat= 1.321 rest= 0.026
BMC : c =  346539  cl = 348194  lit = 1183802  p =  3518  d =    81  f =     0  +  T =     0.36 sec
  [bmc-prof  28] wall= 363.579 p=  3599 | ifo= 17.691(sd=1.528 nx=0.000 tfo=12.968 cnt=3.195) snap= 2.432 srm= 72.230 sat= 19.200(set=2.115 slv=16.849 max=0.2437 n=3599) sim=250.714(rmp=6.663 run=243.881) chk= 0.004 stat= 1.295 rest= 0.013
BMC : c =  346539  cl = 348190  lit = 1183783  p =  3518  d =    61  f =     0  +  T =     0.33 sec
  [bmc-prof  29] wall= 329.444 p=  3579 | ifo= 16.280(sd=1.412 nx=0.000 tfo=11.937 cnt=2.930) snap= 2.337 srm= 67.158 sat= 20.224(set=2.210 slv=17.761 max=0.0862 n=3579) sim=222.145(rmp=5.689 run=216.273) chk= 0.004 stat= 1.276 rest= 0.021
BMC : c =  346539  cl = 348189  lit = 1183770  p =  3520  d =    42  f =     0  +  T =     0.33 sec
  [bmc-prof  30] wall= 329.326 p=  3562 | ifo= 15.327(sd=1.477 nx=0.000 tfo=10.871 cnt=2.978) snap= 2.188 srm= 66.441 sat= 19.144(set=1.902 slv=17.017 max=0.0714 n=3562) sim=224.908(rmp=5.662 run=219.052) chk= 0.005 stat= 1.308 rest= 0.006
BMC : c =  346539  cl = 348188  lit = 1183760  p =  3520  d =    29  f =     0  +  T =     0.33 sec
  [bmc-prof  31] wall= 331.060 p=  3549 | ifo= 15.285(sd=1.428 nx=0.000 tfo=10.905 cnt=2.953) snap= 2.236 srm= 62.626 sat= 19.753(set=2.121 slv=17.394 max=0.0759 n=3549) sim=229.423(rmp=6.341 run=222.911) chk= 0.013 stat= 1.718 rest= 0.006
BMC : c =  346539  cl = 348186  lit = 1183750  p =  3520  d =    19  f =     0  +  T =     0.34 sec
  [bmc-prof  32] wall= 345.860 p=  3539 | ifo= 17.970(sd=2.091 nx=0.000 tfo=12.780 cnt=3.099) snap= 2.671 srm= 71.306 sat= 18.275(set=2.366 slv=15.657 max=0.1696 n=3539) sim=234.414(rmp=5.892 run=228.349) chk= 0.004 stat= 1.214 rest= 0.007
BMC : c =  346539  cl = 348182  lit = 1183744  p =  3520  d =     9  f =     0  +  T =     0.33 sec
  [bmc-prof  33] wall= 329.907 p=  3529 | ifo= 15.590(sd=1.337 nx=0.000 tfo=11.449 cnt=2.804) snap= 2.305 srm= 69.030 sat= 19.121(set=2.125 slv=16.770 max=0.0807 n=3529) sim=222.581(rmp=5.461 run=216.928) chk= 0.005 stat= 1.269 rest= 0.006
BMC : c =  346539  cl = 348181  lit = 1183741  p =  3520  d =     3  f =     0  +  T =     0.31 sec
  [bmc-prof  34] wall= 314.702 p=  3523 | ifo= 14.517(sd=1.770 nx=0.000 tfo=10.103 cnt=2.644) snap= 2.043 srm= 67.118 sat= 16.954(set=2.091 slv=14.670 max=0.0764 n=3523) sim=212.889(rmp=4.981 run=207.740) chk= 0.004 stat= 1.170 rest= 0.007
BMC : c =  346539  cl = 348182  lit = 1183740  p =  3519  d =     1  f =     0  +  T =     0.32 sec
  [bmc-prof  35] wall= 317.330 p=  3520 | ifo= 16.909(sd=1.304 nx=0.000 tfo=12.318 cnt=3.287) snap= 2.213 srm= 64.987 sat= 20.247(set=1.976 slv=18.035 max=0.1878 n=3520) sim=211.761(rmp=5.821 run=205.770) chk= 0.006 stat= 1.201 rest= 0.006
BMC : c =  346539  cl = 348182  lit = 1183739  p =  3518  d =     3  f =     0  +  T =     0.31 sec
  [bmc-prof  36] wall= 315.505 p=  3521 | ifo= 14.246(sd=1.310 nx=0.000 tfo=10.074 cnt=2.862) snap= 2.084 srm= 61.351 sat= 18.738(set=2.155 slv=16.362 max=0.0754 n=3521) sim=217.492(rmp=6.190 run=211.122) chk= 0.005 stat= 1.582 rest= 0.007
BMC : c =  346539  cl = 348182  lit = 1183738  p =  3518  d =     2  f =     0  +  T =     0.31 sec
  [bmc-prof  37] wall= 308.048 p=  3520 | ifo= 14.354(sd=1.724 nx=0.000 tfo=9.927 cnt=2.703) snap= 2.089 srm= 64.264 sat= 17.303(set=2.064 slv=15.037 max=0.1563 n=3520) sim=208.849(rmp=5.236 run=203.426) chk= 0.004 stat= 1.177 rest= 0.006
BMC : c =  346539  cl = 348181  lit = 1183737  p =  3518  d =     1  f =     0  +  T =     0.30 sec
  [bmc-prof  38] wall= 305.005 p=  3519 | ifo= 14.100(sd=1.506 nx=0.000 tfo=9.847 cnt=2.747) snap= 2.050 srm= 62.343 sat= 19.395(set=2.071 slv=17.106 max=0.1525 n=3519) sim=205.907(rmp=5.664 run=200.080) chk= 0.004 stat= 1.200 rest= 0.007
BMC : c =  346539  cl = 348181  lit = 1183737  p =  3518  d =     0  f =     0  +  T =     0.10 sec
  [bmc-prof  39] wall=  96.587 p=  3518 | ifo= 14.760(sd=1.310 nx=0.000 tfo=10.758 cnt=2.692) snap= 2.216 srm= 60.393 sat= 17.959(set=2.091 slv=15.661 max=0.1065 n=3518) sim= 0.000(rmp=0.000 run=0.000) chk= 0.000 stat= 1.254 rest= 0.004
  [bmc-prof ALL] wall=12874.507 p=175440 | ifo=775.183(sd=57.091 nx=0.000 tfo=609.377 cnt=108.714) snap=87.460 srm=2606.928 sat=961.645(set=87.544 slv=861.379 max=0.4205 n=175440) sim=8391.592(rmp=221.572 run=8163.422) chk= 0.235 stat=51.145 rest= 0.320
  1 : c =  346096  cl = 347209  lit = 1181620  p = 13317  d =  1848  f =     1  +  T =     0.45 sec
  [prof   1] wall= 455.833 p= 15166 | ifo=  0.000(sd=0.000 nx=0.000 tfo=0.000 cnt=0.000) snap= 2.277 srm=114.678 sat= 18.245(set=2.856 slv=14.584 max=0.0934 n=15166) sim=318.946(rmp=5.232 run=313.546) chk= 0.219 stat= 1.462 rest= 0.005
  2 : c =  345883  cl = 347265  lit = 1180943  p = 12362  d =   349  f =     0  +  T =     0.48 sec
  [prof   2] wall= 481.438 p= 12711 | ifo= 26.264(sd=1.421 nx=1.019 tfo=20.586 cnt=3.239) snap= 1.956 srm=112.928 sat= 17.854(set=2.877 slv=14.254 max=0.5138 n=12711) sim=320.846(rmp=5.440 run=315.234) chk= 0.013 stat= 1.182 rest= 0.395
  3 : c =  345109  cl = 347453  lit = 1179606  p = 12267  d =   494  f =     0  +  T =     0.45 sec
  [prof   3] wall= 456.134 p= 12761 | ifo= 22.667(sd=1.315 nx=1.207 tfo=16.818 cnt=3.326) snap= 1.987 srm=110.641 sat= 17.104(set=2.937 slv=13.477 max=0.0437 n=12761) sim=301.790(rmp=5.405 run=296.225) chk= 0.013 stat= 1.545 rest= 0.387
  4 : c =  335878  cl = 353724  lit = 1165553  p = 12750  d =  1334  f =     0  +  T =     0.47 sec
  [prof   4] wall= 470.956 p= 14084 | ifo= 23.077(sd=1.739 nx=1.397 tfo=16.347 cnt=3.594) snap= 2.170 srm=113.165 sat= 24.365(set=3.963 slv=19.570 max=0.0594 n=14084) sim=306.247(rmp=4.987 run=301.113) chk= 0.016 stat= 1.544 rest= 0.372
  5 : c =  274284  cl = 384606  lit = 1071696  p = 27159  d = 30775  f =     0  +  T =     0.54 sec
  [prof   5] wall= 539.117 p= 57934 | ifo= 26.278(sd=1.534 nx=1.031 tfo=20.211 cnt=3.502) snap= 2.366 srm=131.948 sat= 54.257(set=4.725 slv=46.088 max=0.5001 n=57934) sim=321.975(rmp=5.292 run=316.511) chk= 0.084 stat= 1.759 rest= 0.450
  6 : c =  210152  cl = 370855  lit =  817406  p =139297  d =154896  f =  1082  +  T =     2.86 sec
  [prof   6] wall=2866.221 p=295275 | ifo= 31.921(sd=2.265 nx=1.131 tfo=24.034 cnt=4.492) snap= 2.049 srm=210.915 sat=1939.544(set=11.924 slv=1906.779 max=0.8210 n=295275) sim=678.704(rmp=6.946 run=671.592) chk= 0.815 stat= 2.267 rest= 0.006
  7 : c =  110158  cl = 309739  lit =  580607  p = 90856  d =142603  f = 43308  +  T =    39.51 sec
  [prof   7] wall=39515.742 p=276767 | ifo= 33.945(sd=3.461 nx=1.660 tfo=24.622 cnt=4.201) snap= 3.159 srm=265.154 sat=37139.818(set=16.376 slv=37066.617 max=4.9559 n=276767) sim=2067.466(rmp=11.363 run=2055.937) chk= 3.923 stat= 2.264 rest= 0.013
  8 : c =   73023  cl = 229190  lit =  407529  p = 57555  d =171979  f = 34053  +  T =    21.12 sec
  [prof   8] wall=21120.971 p=263587 | ifo= 53.239(sd=5.802 nx=1.937 tfo=42.330 cnt=3.169) snap= 2.385 srm=262.207 sat=16111.991(set=17.454 slv=16031.419 max=2.8308 n=263587) sim=4687.295(rmp=10.923 run=4676.371) chk= 1.324 stat= 2.026 rest= 0.503
  9 : c =   71787  cl = 216357  lit =  371720  p =  9102  d = 44395  f =  6647  +  T =     6.39 sec
  [prof   9] wall=6388.648 p= 60144 | ifo= 53.232(sd=7.065 nx=2.011 tfo=41.191 cnt=2.965) snap= 1.948 srm=206.546 sat=3198.357(set=11.717 slv=3179.480 max=1.7448 n=60144) sim=2925.965(rmp=7.440 run=2918.323) chk= 0.234 stat= 1.443 rest= 0.924
 10 : c =   70883  cl = 216784  lit =  362903  p =  7832  d =  5184  f =  1345  +  T =     1.34 sec
  [prof  10] wall=1340.175 p= 14361 | ifo= 51.785(sd=5.002 nx=1.953 tfo=42.470 cnt=2.360) snap= 2.883 srm=202.264 sat=544.309(set=11.523 slv=531.455 max=1.0610 n=14361) sim=536.591(rmp=5.701 run=530.708) chk= 0.101 stat= 1.511 rest= 0.731
 11 : c =   70050  cl = 221653  lit =  352963  p =  9643  d =  3402  f =    57  +  T =     0.54 sec
  [prof  11] wall= 541.103 p= 13102 | ifo= 27.615(sd=1.651 nx=1.061 tfo=22.919 cnt=1.984) snap= 2.009 srm=181.694 sat= 47.369(set=9.251 slv=37.356 max=0.4860 n=13102) sim=280.005(rmp=5.357 run=274.449) chk= 0.021 stat= 1.701 rest= 0.688
 12 : c =   69373  cl = 224192  lit =  347299  p = 22750  d =  2659  f =    16  +  T =     0.56 sec
  [prof  12] wall= 557.563 p= 25425 | ifo= 43.906(sd=1.857 nx=1.361 tfo=38.170 cnt=2.518) snap= 1.967 srm=197.523 sat= 33.862(set=9.384 slv=22.824 max=0.1862 n=25425) sim=277.888(rmp=5.582 run=272.138) chk= 0.030 stat= 1.519 rest= 0.868
 13 : c =   50787  cl = 223817  lit =  314511  p = 30553  d = 64500  f =     0  +  T =     0.94 sec
  [prof  13] wall= 943.582 p= 95053 | ifo= 27.204(sd=1.806 nx=1.398 tfo=22.005 cnt=1.995) snap= 2.058 srm=203.852 sat=117.876(set=11.155 slv=99.259 max=0.2095 n=95053) sim=590.393(rmp=7.095 run=583.150) chk= 0.078 stat= 1.316 rest= 0.805
 14 : c =   50737  cl = 228447  lit =  304173  p = 45016  d = 20048  f =     0  +  T =     0.62 sec
  [prof  14] wall= 622.325 p= 65064 | ifo= 34.265(sd=1.366 nx=1.175 tfo=29.635 cnt=2.088) snap= 2.144 srm=212.723 sat= 95.854(set=11.361 slv=80.255 max=0.1452 n=65064) sim=275.122(rmp=5.072 run=269.879) chk= 0.056 stat= 1.331 rest= 0.829
 15 : c =   49651  cl = 227043  lit =  298837  p = 50597  d =  8906  f =     0  +  T =     0.57 sec
  [prof  15] wall= 570.568 p= 59503 | ifo= 22.507(sd=1.606 nx=1.425 tfo=17.437 cnt=2.038) snap= 2.618 srm=214.583 sat= 63.154(set=10.887 slv=48.840 max=0.1329 n=59503) sim=265.633(rmp=5.659 run=259.828) chk= 0.078 stat= 1.289 rest= 0.705
 16 : c =   39720  cl = 211059  lit =  269541  p = 59958  d = 14816  f =     0  +  T =     0.62 sec
  [prof  16] wall= 623.116 p= 74774 | ifo= 21.227(sd=1.747 nx=1.199 tfo=16.203 cnt=2.079) snap= 2.253 srm=209.384 sat=106.328(set=12.096 slv=89.655 max=0.2094 n=74774) sim=281.820(rmp=6.079 run=275.571) chk= 0.061 stat= 1.285 rest= 0.758
 17 : c =   39660  cl = 210484  lit =  260389  p = 36744  d =  1642  f =  8236  +  T =     0.71 sec
  [prof  17] wall= 710.829 p= 46622 | ifo= 21.310(sd=1.318 nx=1.034 tfo=16.935 cnt=2.024) snap= 1.957 srm=218.519 sat=211.480(set=11.845 slv=196.912 max=0.2030 n=46622) sim=254.976(rmp=4.985 run=249.789) chk= 0.228 stat= 1.548 rest= 0.810
 18 : c =   37535  cl = 210157  lit =  257743  p = 36900  d =   519  f =   274  +  T =     0.57 sec
  [prof  18] wall= 568.690 p= 37693 | ifo= 21.634(sd=1.801 nx=1.157 tfo=16.737 cnt=1.940) snap= 2.231 srm=211.050 sat= 66.992(set=13.033 slv=52.010 max=0.3258 n=37693) sim=264.742(rmp=4.938 run=259.605) chk= 0.054 stat= 1.212 rest= 0.775
 19 : c =   27169  cl = 208469  lit =  243424  p = 19894  d = 11779  f =  8783  +  T =     5.26 sec
  [prof  19] wall=5261.943 p= 40456 | ifo= 23.938(sd=1.315 nx=1.065 tfo=19.355 cnt=2.203) snap= 2.128 srm=211.583 sat=3954.031(set=11.794 slv=3936.840 max=2.7749 n=40456) sim=1067.705(rmp=9.762 run=1057.941) chk= 0.235 stat= 1.492 rest= 0.830
 20 : c =   12711  cl = 201950  lit =  221576  p = 16224  d =  9602  f = 20644  +  T =     9.49 sec
  [prof  20] wall=9487.039 p= 46470 | ifo= 43.421(sd=5.289 nx=2.114 tfo=34.220 cnt=1.799) snap= 1.941 srm=218.563 sat=5838.018(set=12.669 slv=5818.915 max=2.0444 n=46470) sim=3382.316(rmp=11.140 run=3371.028) chk= 0.312 stat= 1.569 rest= 0.898
 21 : c =    6533  cl = 180485  lit =  193704  p = 24162  d =  9209  f = 14161  +  T =     6.29 sec
  [prof  21] wall=6291.812 p= 47532 | ifo= 38.668(sd=4.826 nx=1.666 tfo=30.444 cnt=1.732) snap= 2.125 srm=228.305 sat=2070.512(set=12.839 slv=2052.497 max=0.9364 n=47532) sim=3949.575(rmp=6.395 run=3943.009) chk= 0.262 stat= 1.501 rest= 0.865
  [incr r=21 repr=28666 next=22931 tfo=1363199 active=220893/374189 POs=6732]
 22 : c =    6081  cl = 179319  lit =  191435  p =  4364  d =  1246  f =  1122  +  T =     0.74 sec
  [prof  22] wall= 737.270 p=  6732 | ifo= 41.192(sd=5.634 nx=1.780 tfo=31.922 cnt=1.857) snap= 1.926 srm=190.856 sat=240.844(set=12.051 slv=228.220 max=0.8302 n=6732) sim=260.399(rmp=6.127 run=254.094) chk= 0.057 stat= 1.249 rest= 0.746
 23 : c =    5033  cl = 179176  lit =  190017  p =  7877  d =   515  f =   218  -  T =     0.59 sec
  [prof  23] wall= 588.354 p=  8610 | ifo= 22.403(sd=1.272 nx=1.286 tfo=17.998 cnt=1.847) snap= 2.602 srm=208.652 sat= 95.832(set=10.381 slv=84.932 max=0.5796 n=8610) sim=256.825(rmp=5.244 run=251.420) chk= 0.023 stat= 1.260 rest= 0.757
  [incr r=23 repr=2776 next=2615 tfo=1357151 active=216242/369193 POs=6084]
 24 : c =    4211  cl = 178098  lit =  187307  p =  3661  d =  2259  f =   164  -  T =     0.53 sec
  [prof  24] wall= 529.464 p=  6084 | ifo= 18.796(sd=1.304 nx=1.052 tfo=14.636 cnt=1.803) snap= 2.344 srm=182.173 sat= 69.945(set=11.419 slv=58.029 max=0.4029 n=6084) sim=254.239(rmp=5.057 run=249.015) chk= 0.028 stat= 1.187 rest= 0.753
 25 : c =    4117  cl = 178082  lit =  186991  p =  7779  d =   210  f =   227  -  T =     0.58 sec
  [prof  25] wall= 582.036 p=  8216 | ifo= 21.680(sd=1.575 nx=1.530 tfo=16.461 cnt=2.114) snap= 2.256 srm=220.765 sat= 79.695(set=11.954 slv=67.243 max=0.8187 n=8216) sim=255.630(rmp=5.066 run=250.407) chk= 0.028 stat= 1.218 rest= 0.764
  [incr r=25 repr=710 next=508 tfo=1049883 active=14935/365073 POs=2989]
 26 : c =    4016  cl = 178098  lit =  186780  p =  2737  d =   127  f =   125  -  T =     0.46 sec
  [prof  26] wall= 462.731 p=  2989 | ifo= 15.880(sd=1.289 nx=1.008 tfo=11.632 cnt=1.950) snap= 2.040 srm=136.826 sat= 41.620(set=8.058 slv=33.377 max=0.4157 n=2989) sim=264.356(rmp=6.245 run=257.933) chk= 0.021 stat= 1.426 rest= 0.562
 27 : c =    3935  cl = 178106  lit =  186534  p =  7735  d =   107  f =   158  -  T =     0.55 sec
  [prof  27] wall= 553.176 p=  8000 | ifo= 21.487(sd=1.549 nx=1.005 tfo=17.328 cnt=1.605) snap= 1.928 srm=221.768 sat= 63.118(set=11.758 slv=50.849 max=1.2649 n=8000) sim=242.906(rmp=5.124 run=237.606) chk= 0.066 stat= 1.191 rest= 0.713
 28 : c =    3677  cl = 178088  lit =  186347  p =  7697  d =   122  f =    62  -  T =     0.53 sec
  [prof  28] wall= 536.072 p=  7881 | ifo= 21.482(sd=1.321 nx=1.029 tfo=17.333 cnt=1.800) snap= 2.208 srm=209.106 sat= 42.563(set=11.938 slv=30.167 max=0.3413 n=7881) sim=258.822(rmp=4.945 run=253.690) chk= 0.012 stat= 1.177 rest= 0.703
 29 : c =    3532  cl = 178074  lit =  186133  p =  7739  d =   217  f =    88  -  T =     0.55 sec
  [prof  29] wall= 554.955 p=  8044 | ifo= 22.409(sd=1.252 nx=1.126 tfo=18.401 cnt=1.630) snap= 2.280 srm=216.296 sat= 53.457(set=11.559 slv=41.431 max=0.7357 n=8044) sim=258.441(rmp=5.272 run=252.992) chk= 0.039 stat= 1.208 rest= 0.825
  [incr r=29 repr=508 next=505 tfo=1054607 active=13018/364207 POs=2967]
 30 : c =    3438  cl = 178094  lit =  185960  p =  2715  d =   143  f =   109  -  T =     0.45 sec
  [prof  30] wall= 453.934 p=  2967 | ifo= 15.356(sd=1.294 nx=1.048 tfo=11.140 cnt=1.874) snap= 2.623 srm=129.760 sat= 40.174(set=8.885 slv=31.105 max=0.3975 n=2967) sim=263.840(rmp=5.087 run=258.526) chk= 0.056 stat= 1.560 rest= 0.565
  [incr r=30 repr=420 next=359 tfo=1043266 active=8469/364054 POs=2188]
 31 : c =    3380  cl = 178111  lit =  185797  p =  2010  d =   137  f =    41  -  T =     0.45 sec
  [prof  31] wall= 452.953 p=  2188 | ifo= 15.729(sd=1.876 nx=1.304 tfo=10.644 cnt=1.905) snap= 2.550 srm=150.732 sat= 23.849(set=7.684 slv=16.036 max=0.2826 n=2188) sim=258.259(rmp=5.222 run=252.868) chk= 0.028 stat= 1.195 rest= 0.611
  [incr r=31 repr=1100 next=322 tfo=1039508 active=10644/363908 POs=2083]
 32 : c =    3322  cl = 178116  lit =  185688  p =  1921  d =   136  f =    26  -  T =     0.44 sec
  [prof  32] wall= 444.789 p=  2083 | ifo= 15.617(sd=1.355 nx=1.381 tfo=10.998 cnt=1.883) snap= 2.166 srm=137.289 sat= 19.903(set=8.235 slv=11.550 max=0.2929 n=2083) sim=267.877(rmp=5.089 run=262.619) chk= 0.010 stat= 1.335 rest= 0.591
  [incr r=32 repr=259 next=279 tfo=1027092 active=6036/363804 POs=2020]
 33 : c =    3297  cl = 178106  lit =  185604  p =  1892  d =   108  f =    20  -  T =     0.48 sec
  [prof  33] wall= 484.697 p=  2020 | ifo= 19.390(sd=1.790 nx=1.458 tfo=13.735 cnt=2.407) snap= 3.471 srm=158.642 sat= 20.405(set=8.767 slv=11.520 max=0.3299 n=2020) sim=280.846(rmp=5.677 run=274.957) chk= 0.022 stat= 1.314 rest= 0.608
  [incr r=33 repr=206 next=218 tfo=1021453 active=5391/363710 POs=1968]
 34 : c =    3263  cl = 178130  lit =  185521  p =  1881  d =    47  f =    40  -  T =     0.46 sec
  [prof  34] wall= 459.586 p=  1968 | ifo= 23.671(sd=2.736 nx=1.626 tfo=17.037 cnt=2.272) snap= 3.837 srm=132.074 sat= 21.526(set=8.590 slv=12.816 max=0.4102 n=1968) sim=276.504(rmp=5.901 run=270.389) chk= 0.053 stat= 1.289 rest= 0.633
  [incr r=34 repr=933 next=247 tfo=11135 active=6183/363651 POs=140]
 35 : c =    3234  cl = 178139  lit =  185417  p =    50  d =    51  f =    39  -  T =     0.38 sec
  [prof  35] wall= 380.138 p=   140 | ifo=  7.739(sd=2.459 nx=1.253 tfo=1.905 cnt=2.121) snap= 2.218 srm= 72.847 sat= 13.715(set=6.510 slv=7.187 max=0.2679 n=140) sim=281.414(rmp=5.415 run=275.810) chk= 0.022 stat= 1.697 rest= 0.487
  [incr r=35 repr=172 next=173 tfo=1021418 active=5291/363556 POs=1965]
 36 : c =    3217  cl = 178137  lit =  185360  p =  1901  d =    18  f =    46  -  T =     0.44 sec
  [prof  36] wall= 443.081 p=  1965 | ifo= 19.387(sd=1.690 nx=1.100 tfo=13.869 cnt=2.728) snap= 2.810 srm=144.886 sat= 23.180(set=8.410 slv=14.655 max=0.2833 n=1965) sim=250.983(rmp=5.845 run=244.964) chk= 0.028 stat= 1.204 rest= 0.604
  [incr r=36 repr=70 next=62 tfo=6164 active=1446/363497 POs=60]
 37 : c =    3170  cl = 178134  lit =  185316  p =    20  d =     8  f =    32  -  T =     0.35 sec
  [prof  37] wall= 353.052 p=    60 | ifo=  5.878(sd=1.274 nx=1.105 tfo=0.923 cnt=2.576) snap= 2.597 srm= 69.838 sat= 11.479(set=6.396 slv=5.072 max=0.3224 n=60) sim=261.508(rmp=5.751 run=255.589) chk= 0.002 stat= 1.317 rest= 0.433
  [incr r=37 repr=69 next=45 tfo=1020665 active=5071/363450 POs=1930]
 38 : c =    3093  cl = 178148  lit =  185267  p =  1878  d =    36  f =    16  -  T =     0.45 sec
  [prof  38] wall= 455.968 p=  1930 | ifo= 20.859(sd=1.481 nx=1.047 tfo=15.732 cnt=2.599) snap= 2.821 srm=130.777 sat= 18.791(set=8.128 slv=10.548 max=0.2927 n=1930) sim=280.740(rmp=5.271 run=275.279) chk= 0.003 stat= 1.350 rest= 0.625
  [incr r=38 repr=180 next=205 tfo=6448 active=1656/363415 POs=177]
 39 : c =    3045  cl = 178158  lit =  185210  p =    70  d =    87  f =    20  -  T =     0.35 sec
  [prof  39] wall= 356.120 p=   177 | ifo=  6.190(sd=1.317 nx=1.042 tfo=0.869 cnt=2.963) snap= 2.363 srm= 82.384 sat= 13.698(set=8.092 slv=5.586 max=0.1573 n=177) sim=249.814(rmp=5.578 run=244.052) chk= 0.012 stat= 1.202 rest= 0.457
  [incr r=39 repr=263 next=297 tfo=1020455 active=5285/363368 POs=2015]
 40 : c =    3035  cl = 178193  lit =  185108  p =  1887  d =    87  f =    41  -  T =     0.45 sec
  [prof  40] wall= 448.693 p=  2015 | ifo= 15.587(sd=1.279 nx=1.068 tfo=11.272 cnt=1.968) snap= 2.507 srm=136.464 sat= 22.258(set=7.881 slv=14.222 max=0.3046 n=2015) sim=269.942(rmp=5.866 run=263.897) chk= 0.038 stat= 1.249 rest= 0.648
  [incr r=40 repr=938 next=288 tfo=1023381 active=8078/363301 POs=1959]
 41 : c =    3011  cl = 178210  lit =  185001  p =  1852  d =    67  f =    40  -  T =     0.43 sec
  [prof  41] wall= 427.834 p=  1959 | ifo= 15.853(sd=1.256 nx=1.056 tfo=11.453 cnt=2.088) snap= 2.895 srm=133.569 sat= 21.091(set=8.207 slv=12.771 max=0.3101 n=1959) sim=252.612(rmp=5.284 run=247.137) chk= 0.028 stat= 1.219 rest= 0.568
  [incr r=41 repr=179 next=189 tfo=1020966 active=5152/363211 POs=1939]
 42 : c =    2996  cl = 178202  lit =  184922  p =  1854  d =    45  f =    40  -  T =     0.43 sec
  [prof  42] wall= 430.530 p=  1939 | ifo= 15.328(sd=1.267 nx=1.120 tfo=10.964 cnt=1.977) snap= 2.379 srm=130.638 sat= 21.451(set=8.603 slv=12.728 max=0.2753 n=1939) sim=258.864(rmp=5.724 run=252.968) chk= 0.030 stat= 1.263 rest= 0.577
  [incr r=42 repr=101 next=121 tfo=6368 active=1579/363124 POs=91]
 43 : c =    2980  cl = 178200  lit =  184872  p =    40  d =    12  f =    39  -  T =     0.35 sec
  [prof  43] wall= 347.596 p=    91 | ifo=  6.376(sd=1.931 nx=1.363 tfo=0.865 cnt=2.216) snap= 1.997 srm= 69.326 sat= 11.683(set=5.872 slv=5.801 max=0.2152 n=91) sim=256.499(rmp=6.334 run=250.000) chk= 0.033 stat= 1.230 rest= 0.454
  [incr r=43 repr=59 next=68 tfo=1020396 active=4746/363072 POs=1891]
 44 : c =    2956  cl = 178202  lit =  184829  p =  1850  d =    12  f =    29  -  T =     0.43 sec
  [prof  44] wall= 427.996 p=  1891 | ifo= 14.891(sd=1.337 nx=1.476 tfo=10.012 cnt=2.067) snap= 2.185 srm=132.093 sat= 20.587(set=8.284 slv=12.201 max=0.2812 n=1891) sim=256.376(rmp=5.652 run=250.538) chk= 0.031 stat= 1.163 rest= 0.670
  [incr r=44 repr=688 next=79 tfo=9982 active=5249/363031 POs=92]
 45 : c =    2935  cl = 178208  lit =  184776  p =    44  d =    20  f =    28  -  T =     0.36 sec
  [prof  45] wall= 365.222 p=    92 | ifo=  5.153(sd=1.240 nx=1.082 tfo=0.772 cnt=2.059) snap= 2.881 srm= 79.129 sat= 12.362(set=7.188 slv=5.160 max=0.2898 n=92) sim=263.616(rmp=5.340 run=258.089) chk= 0.025 stat= 1.610 rest= 0.447
  [incr r=45 repr=74 next=76 tfo=1019833 active=4711/362984 POs=1887]
 46 : c =    2894  cl = 178213  lit =  184731  p =  1840  d =    17  f =    30  -  T =     0.43 sec
  [prof  46] wall= 427.564 p=  1887 | ifo= 15.734(sd=1.600 nx=1.356 tfo=10.664 cnt=2.115) snap= 2.114 srm=133.115 sat= 20.384(set=8.186 slv=12.092 max=0.3369 n=1887) sim=254.267(rmp=10.662 run=243.422) chk= 0.011 stat= 1.201 rest= 0.737
  [incr r=46 repr=79 next=71 tfo=1019914 active=4735/362944 POs=1904]
 47 : c =    2851  cl = 178221  lit =  184687  p =  1848  d =    34  f =    22  -  T =     0.44 sec
  [prof  47] wall= 439.243 p=  1904 | ifo= 16.872(sd=1.265 nx=1.037 tfo=12.606 cnt=1.964) snap= 2.446 srm=138.721 sat= 20.693(set=8.880 slv=11.695 max=0.3337 n=1904) sim=258.658(rmp=5.362 run=253.113) chk= 0.004 stat= 1.242 rest= 0.607
  [incr r=47 repr=106 next=110 tfo=6159 active=1421/362908 POs=113]
 48 : c =    2789  cl = 178230  lit =  184645  p =    45  d =    52  f =    16  -  T =     0.34 sec
  [prof  48] wall= 343.516 p=   113 | ifo=  5.053(sd=1.276 nx=1.046 tfo=0.793 cnt=1.938) snap= 1.930 srm= 70.556 sat=  9.410(set=6.061 slv=3.336 max=0.2001 n=113) sim=254.810(rmp=5.226 run=249.408) chk= 0.011 stat= 1.339 rest= 0.407
  [incr r=48 repr=184 next=236 tfo=1020234 active=4933/362875 POs=1987]
 49 : c =    2769  cl = 178251  lit =  184569  p =  1879  d =    82  f =    26  -  T =     0.43 sec
  [prof  49] wall= 428.756 p=  1987 | ifo= 14.616(sd=1.457 nx=1.014 tfo=10.169 cnt=1.975) snap= 2.231 srm=132.277 sat= 20.995(set=8.274 slv=12.555 max=0.2862 n=1987) sim=256.844(rmp=5.383 run=251.280) chk= 0.012 stat= 1.153 rest= 0.627
  [incr r=49 repr=199 next=223 tfo=1020173 active=4872/362820 POs=1949]
 50 : c =    2744  cl = 178258  lit =  184487  p =  1856  d =    46  f =    47  -  T =     0.44 sec
  [prof  50] wall= 441.302 p=  1949 | ifo= 16.358(sd=1.258 nx=1.545 tfo=11.618 cnt=1.938) snap= 2.127 srm=133.734 sat= 20.581(set=7.683 slv=12.794 max=0.3163 n=1949) sim=266.384(rmp=5.046 run=261.171) chk= 0.029 stat= 1.505 rest= 0.583
  [incr r=50 repr=150 next=191 tfo=1020116 active=4791/362745 POs=1915]
 51 : c =    2709  cl = 178275  lit =  184401  p =  1844  d =    41  f =    30  -  T =     0.42 sec
  [prof  51] wall= 425.740 p=  1915 | ifo= 15.548(sd=1.364 nx=1.201 tfo=10.950 cnt=2.034) snap= 2.015 srm=128.696 sat= 20.512(set=8.004 slv=12.397 max=0.2872 n=1915) sim=257.127(rmp=7.451 run=249.515) chk= 0.007 stat= 1.182 rest= 0.652
  [incr r=51 repr=132 next=133 tfo=1020005 active=4704/362676 POs=1915]
 52 : c =    2674  cl = 178276  lit =  184346  p =  1856  d =    29  f =    30  -  T =     0.43 sec
  [prof  52] wall= 429.256 p=  1915 | ifo= 16.329(sd=1.229 nx=1.010 tfo=11.439 cnt=2.652) snap= 2.428 srm=132.799 sat= 21.354(set=7.674 slv=13.539 max=0.4964 n=1915) sim=254.049(rmp=5.981 run=247.886) chk= 0.024 stat= 1.609 rest= 0.664
  [incr r=52 repr=109 next=134 tfo=1019972 active=4672/362622 POs=1929]
 53 : c =    2645  cl = 178294  lit =  184284  p =  1863  d =    36  f =    30  -  T =     0.42 sec
  [prof  53] wall= 424.460 p=  1929 | ifo= 14.961(sd=1.602 nx=1.020 tfo=10.303 cnt=2.036) snap= 2.021 srm=127.477 sat= 20.790(set=8.392 slv=12.289 max=0.2899 n=1929) sim=257.410(rmp=5.146 run=252.090) chk= 0.017 stat= 1.179 rest= 0.605
  [incr r=53 repr=121 next=127 tfo=1019904 active=4620/362578 POs=1914]
 54 : c =    2614  cl = 178297  lit =  184211  p =  1850  d =    29  f =    35  -  T =     0.43 sec
  [prof  54] wall= 427.555 p=  1914 | ifo= 15.272(sd=1.288 nx=1.066 tfo=11.034 cnt=1.885) snap= 2.099 srm=129.775 sat= 19.714(set=8.115 slv=11.497 max=0.2815 n=1914) sim=258.505(rmp=6.073 run=252.245) chk= 0.018 stat= 1.586 rest= 0.586
  [incr r=54 repr=107 next=110 tfo=1019878 active=4551/362508 POs=1894]
 55 : c =    2562  cl = 178301  lit =  184169  p =  1843  d =    28  f =    23  -  T =     0.48 sec
  [prof  55] wall= 478.863 p=  1894 | ifo= 16.520(sd=1.707 nx=1.514 tfo=10.762 cnt=2.537) snap= 2.318 srm=133.690 sat= 19.396(set=8.548 slv=10.255 max=0.3080 n=1894) sim=305.046(rmp=5.300 run=299.561) chk= 0.010 stat= 1.298 rest= 0.585
  [incr r=55 repr=129 next=146 tfo=6291 active=1561/362470 POs=125]
 56 : c =    2525  cl = 178314  lit =  184128  p =    58  d =    51  f =    16  -  T =     0.38 sec
  [prof  56] wall= 378.807 p=   125 | ifo=  7.442(sd=2.363 nx=1.213 tfo=1.644 cnt=2.223) snap= 2.715 srm= 79.735 sat=  9.602(set=6.288 slv=3.300 max=0.2243 n=125) sim=277.509(rmp=5.987 run=271.337) chk= 0.012 stat= 1.307 rest= 0.484
  [incr r=56 repr=163 next=212 tfo=1020000 active=4638/362442 POs=1951]
 57 : c =    2475  cl = 178346  lit =  184041  p =  1857  d =    60  f =    34  -  T =     0.46 sec
  [prof  57] wall= 459.226 p=  1951 | ifo= 23.888(sd=2.409 nx=1.197 tfo=18.224 cnt=2.058) snap= 2.920 srm=146.245 sat= 21.492(set=9.179 slv=12.200 max=0.3126 n=1951) sim=262.666(rmp=5.362 run=257.127) chk= 0.020 stat= 1.323 rest= 0.672
  [incr r=57 repr=219 next=281 tfo=6107 active=1544/362387 POs=158]
 58 : c =    2435  cl = 178352  lit =  183926  p =    38  d =    77  f =    43  -  T =     0.36 sec
  [prof  58] wall= 365.763 p=   158 | ifo=  6.201(sd=1.731 nx=1.182 tfo=1.351 cnt=1.937) snap= 2.458 srm= 74.743 sat= 15.790(set=6.211 slv=9.557 max=0.2856 n=158) sim=264.839(rmp=5.268 run=259.406) chk= 0.006 stat= 1.303 rest= 0.423
  [incr r=58 repr=212 next=205 tfo=1020004 active=4549/362278 POs=1933]
 59 : c =    2397  cl = 178350  lit =  183842  p =  1843  d =    39  f =    51  -  T =     0.47 sec
  [prof  59] wall= 468.681 p=  1933 | ifo= 18.538(sd=1.938 nx=1.204 tfo=13.382 cnt=2.014) snap= 2.587 srm=151.551 sat= 24.070(set=8.199 slv=15.737 max=0.3433 n=1933) sim=270.102(rmp=5.537 run=264.379) chk= 0.016 stat= 1.175 rest= 0.642
  [incr r=59 repr=156 next=162 tfo=6303 active=1533/362192 POs=104]
 60 : c =    2336  cl = 178365  lit =  183797  p =    34  d =    51  f =    19  -  T =     0.35 sec
  [prof  60] wall= 348.206 p=   104 | ifo=  5.957(sd=1.348 nx=1.396 tfo=1.346 cnt=1.868) snap= 2.634 srm= 74.703 sat= 11.289(set=6.623 slv=4.655 max=0.3171 n=104) sim=251.623(rmp=4.861 run=246.561) chk= 0.007 stat= 1.578 rest= 0.415
  [incr r=60 repr=192 next=227 tfo=1020102 active=4631/362162 POs=1976]
 61 : c =    2238  cl = 178391  lit =  183713  p =  1875  d =    76  f =    25  -  T =     0.43 sec
  [prof  61] wall= 429.554 p=  1976 | ifo= 15.287(sd=1.238 nx=1.040 tfo=10.999 cnt=2.011) snap= 1.979 srm=128.559 sat= 20.830(set=7.555 slv=13.155 max=0.3667 n=1976) sim=261.074(rmp=5.447 run=255.442) chk= 0.012 stat= 1.190 rest= 0.623
  [incr r=61 repr=369 next=428 tfo=5783 active=1690/362104 POs=217]
 62 : c =    2192  cl = 178408  lit =  183608  p =    51  d =   123  f =    43  -  T =     0.35 sec
  [prof  62] wall= 355.284 p=   217 | ifo=  5.244(sd=1.295 nx=1.080 tfo=0.772 cnt=2.097) snap= 2.660 srm= 72.888 sat= 17.858(set=6.644 slv=11.185 max=0.3459 n=217) sim=255.050(rmp=6.077 run=248.644) chk= 0.006 stat= 1.177 rest= 0.401
  [incr r=62 repr=396 next=343 tfo=1020206 active=4648/362016 POs=1990]
 63 : c =    2174  cl = 178429  lit =  183479  p =  1867  d =    68  f =    55  -  T =     0.44 sec
  [prof  63] wall= 444.820 p=  1990 | ifo= 15.445(sd=1.247 nx=1.022 tfo=11.180 cnt=1.996) snap= 1.966 srm=138.549 sat= 28.221(set=10.471 slv=17.575 max=0.3893 n=1990) sim=258.837(rmp=5.079 run=253.608) chk= 0.021 stat= 1.194 rest= 0.586
  [incr r=63 repr=243 next=238 tfo=1020802 active=4519/361908 POs=1951]
 64 : c =    2124  cl = 178418  lit =  183387  p =  1849  d =    44  f =    58  -  T =     0.44 sec
  [prof  64] wall= 436.739 p=  1951 | ifo= 17.738(sd=1.266 nx=1.033 tfo=12.794 cnt=2.644) snap= 2.045 srm=137.203 sat= 25.068(set=7.750 slv=17.191 max=0.2997 n=1951) sim=252.903(rmp=5.372 run=247.341) chk= 0.009 stat= 1.174 rest= 0.599
  [incr r=64 repr=165 next=157 tfo=1021431 active=4504/361805 POs=1941]
 65 : c =    2054  cl = 178442  lit =  183318  p =  1860  d =    53  f =    28  -  T =     0.44 sec
  [prof  65] wall= 439.537 p=  1941 | ifo= 15.488(sd=1.288 nx=1.033 tfo=11.182 cnt=1.984) snap= 2.204 srm=138.373 sat= 20.200(set=8.385 slv=11.708 max=0.2766 n=1941) sim=261.424(rmp=5.243 run=256.005) chk= 0.009 stat= 1.201 rest= 0.639
  [incr r=65 repr=252 next=280 tfo=5141 active=1517/361760 POs=184]
 66 : c =    2019  cl = 178474  lit =  183195  p =    41  d =    97  f =    46  -  T =     0.36 sec
  [prof  66] wall= 359.090 p=   184 | ifo=  4.951(sd=1.314 nx=1.013 tfo=0.768 cnt=1.856) snap= 2.630 srm= 73.526 sat= 15.402(set=7.638 slv=7.742 max=0.2212 n=184) sim=261.012(rmp=5.541 run=255.301) chk= 0.010 stat= 1.170 rest= 0.389
  [incr r=66 repr=694 next=305 tfo=1022956 active=5871/361669 POs=1999]
 67 : c =    1998  cl = 178477  lit =  183073  p =  1867  d =    81  f =    51  -  T =     0.44 sec
  [prof  67] wall= 442.465 p=  1999 | ifo= 15.307(sd=1.248 nx=1.118 tfo=10.921 cnt=2.020) snap= 2.287 srm=137.426 sat= 24.050(set=8.289 slv=15.640 max=0.2960 n=1999) sim=261.511(rmp=5.725 run=255.609) chk= 0.017 stat= 1.206 rest= 0.663
  [incr r=67 repr=247 next=257 tfo=1019913 active=4190/361550 POs=1949]
 68 : c =    1962  cl = 178479  lit =  182988  p =  1847  d =    52  f =    50  -  T =     0.44 sec
  [prof  68] wall= 441.459 p=  1949 | ifo= 15.719(sd=1.304 nx=1.134 tfo=11.285 cnt=1.995) snap= 2.182 srm=129.841 sat= 23.057(set=7.903 slv=15.036 max=0.3735 n=1949) sim=268.838(rmp=5.419 run=263.251) chk= 0.009 stat= 1.234 rest= 0.578
  [incr r=68 repr=157 next=169 tfo=6034 active=1481/361467 POs=128]
 69 : c =    1943  cl = 178496  lit =  182912  p =    48  d =    50  f =    30  -  T =     0.35 sec
  [prof  69] wall= 351.126 p=   128 | ifo=  5.618(sd=1.281 nx=1.010 tfo=0.752 cnt=2.574) snap= 2.019 srm= 68.970 sat= 14.366(set=5.902 slv=8.448 max=0.5715 n=128) sim=258.500(rmp=5.381 run=252.946) chk= 0.017 stat= 1.211 rest= 0.425
  [incr r=69 repr=159 next=196 tfo=5918 active=1452/361408 POs=116]
 70 : c =    1923  cl = 178505  lit =  182840  p =    35  d =    45  f =    36  -  T =     0.34 sec
  [prof  70] wall= 343.524 p=   116 | ifo=  5.004(sd=1.619 nx=1.258 tfo=0.070 cnt=2.056) snap= 2.157 srm= 70.824 sat= 13.720(set=6.343 slv=7.361 max=0.3521 n=116) sim=250.064(rmp=6.079 run=243.812) chk= 0.013 stat= 1.335 rest= 0.408
  [incr r=70 repr=453 next=146 tfo=1021418 active=5343/361345 POs=1920]
 71 : c =    1907  cl = 178502  lit =  182762  p =  1850  d =    24  f =    46  -  T =     0.45 sec
  [prof  71] wall= 453.281 p=  1920 | ifo= 14.842(sd=1.353 nx=1.051 tfo=10.500 cnt=1.938) snap= 2.956 srm=136.380 sat= 22.889(set=8.090 slv=14.679 max=0.3205 n=1920) sim=274.276(rmp=5.420 run=268.689) chk= 0.020 stat= 1.309 rest= 0.611
  [incr r=71 repr=96 next=117 tfo=1019947 active=3983/361264 POs=1883]
 72 : c =    1870  cl = 178502  lit =  182710  p =  1832  d =    17  f =    34  -  T =     0.43 sec
  [prof  72] wall= 427.231 p=  1883 | ifo= 15.560(sd=1.618 nx=1.292 tfo=10.769 cnt=1.881) snap= 2.009 srm=132.237 sat= 20.536(set=8.080 slv=12.352 max=0.3524 n=1883) sim=254.979(rmp=5.840 run=248.954) chk= 0.004 stat= 1.312 rest= 0.594
  [incr r=72 repr=60 next=30 tfo=1019611 active=3834/361212 POs=1865]
 73 : c =    1826  cl = 178504  lit =  182674  p =  1825  d =    15  f =    25  -  T =     0.43 sec
  [prof  73] wall= 434.697 p=  1865 | ifo= 15.216(sd=1.265 nx=1.073 tfo=10.889 cnt=1.989) snap= 2.542 srm=131.725 sat= 20.919(set=8.789 slv=12.018 max=0.3008 n=1865) sim=262.521(rmp=5.246 run=257.100) chk= 0.005 stat= 1.176 rest= 0.592
  [incr r=73 repr=72 next=61 tfo=3472 active=1038/361178 POs=78]
 74 : c =    1747  cl = 178515  lit =  182642  p =    24  d =    49  f =     5  -  T =     0.34 sec
  [prof  74] wall= 342.308 p=    78 | ifo=  5.215(sd=1.264 nx=1.075 tfo=0.778 cnt=2.098) snap= 2.424 srm= 69.444 sat=  8.551(set=6.810 slv=1.730 max=0.1453 n=78) sim=254.950(rmp=5.228 run=249.535) chk= 0.005 stat= 1.294 rest= 0.426
  [incr r=74 repr=208 next=253 tfo=1020030 active=4165/361157 POs=1997]
 75 : c =    1740  cl = 178529  lit =  182588  p =  1885  d =    95  f =    17  -  T =     0.43 sec
  [prof  75] wall= 430.417 p=  1997 | ifo= 15.176(sd=1.781 nx=1.353 tfo=10.013 cnt=2.028) snap= 2.405 srm=133.973 sat= 22.271(set=9.304 slv=12.838 max=0.3204 n=1997) sim=254.812(rmp=5.050 run=249.589) chk= 0.011 stat= 1.171 rest= 0.599
  [incr r=75 repr=525 next=248 tfo=1020757 active=5023/361117 POs=1946]
 76 : c =    1721  cl = 178553  lit =  182512  p =  1843  d =    73  f =    30  -  T =     0.45 sec
  [prof  76] wall= 446.917 p=  1946 | ifo= 17.177(sd=1.604 nx=1.439 tfo=12.073 cnt=2.061) snap= 2.064 srm=141.217 sat= 21.162(set=8.440 slv=12.607 max=0.3172 n=1946) sim=263.275(rmp=5.732 run=257.364) chk= 0.007 stat= 1.226 rest= 0.789
  [incr r=76 repr=206 next=198 tfo=1020329 active=4116/361065 POs=1939]
 77 : c =    1710  cl = 178568  lit =  182423  p =  1850  d =    56  f =    33  -  T =     0.43 sec
  [prof  77] wall= 432.868 p=  1939 | ifo= 17.149(sd=1.289 nx=1.349 tfo=11.452 cnt=3.059) snap= 2.319 srm=133.425 sat= 20.169(set=7.905 slv=12.157 max=0.2895 n=1939) sim=258.012(rmp=5.359 run=252.470) chk= 0.014 stat= 1.204 rest= 0.576
  [incr r=77 repr=149 next=169 tfo=3215 active=1203/360991 POs=96]
 78 : c =    1692  cl = 178563  lit =  182349  p =    27  d =    28  f =    41  -  T =     0.34 sec
  [prof  78] wall= 345.437 p=    96 | ifo=  5.347(sd=1.302 nx=1.139 tfo=0.791 cnt=2.116) snap= 2.284 srm= 70.675 sat= 12.151(set=5.913 slv=6.227 max=0.2140 n=96) sim=253.398(rmp=6.502 run=246.721) chk= 0.016 stat= 1.172 rest= 0.394
  [incr r=78 repr=96 next=109 tfo=1019209 active=3762/360912 POs=1885]
 79 : c =    1671  cl = 178565  lit =  182300  p =  1837  d =    14  f =    34  -  T =     0.43 sec
  [prof  79] wall= 427.799 p=  1885 | ifo= 14.694(sd=1.283 nx=1.057 tfo=10.386 cnt=1.968) snap= 2.281 srm=131.969 sat= 21.699(set=8.910 slv=12.678 max=0.3498 n=1885) sim=255.180(rmp=6.800 run=248.205) chk= 0.014 stat= 1.332 rest= 0.629
  [incr r=79 repr=62 next=68 tfo=1019098 active=3702/360865 POs=1891]
 80 : c =    1654  cl = 178565  lit =  182253  p =  1850  d =    11  f =    30  -  T =     0.42 sec
  [prof  80] wall= 416.588 p=  1891 | ifo= 15.151(sd=1.317 nx=1.527 tfo=10.426 cnt=1.881) snap= 2.165 srm=126.103 sat= 20.867(set=8.679 slv=12.077 max=0.3148 n=1891) sim=250.532(rmp=5.324 run=245.018) chk= 0.015 stat= 1.184 rest= 0.572
  [incr r=80 repr=272 next=62 tfo=1020729 active=4575/360818 POs=1878]
 81 : c =    1632  cl = 178565  lit =  182210  p =  1838  d =     7  f =    33  -  T =     0.44 sec
  [prof  81] wall= 437.910 p=  1878 | ifo= 15.468(sd=1.247 nx=1.109 tfo=10.252 cnt=2.860) snap= 2.007 srm=130.700 sat= 22.723(set=9.018 slv=13.588 max=0.2840 n=1878) sim=265.207(rmp=6.207 run=258.820) chk= 0.014 stat= 1.186 rest= 0.605
  [incr r=81 repr=51 next=46 tfo=1018941 active=3566/360775 POs=1864]
 82 : c =    1582  cl = 178568  lit =  182174  p =  1822  d =    19  f =    23  -  T =     0.43 sec
  [prof  82] wall= 427.661 p=  1864 | ifo= 14.745(sd=1.267 nx=1.026 tfo=10.246 cnt=2.206) snap= 2.613 srm=138.658 sat= 19.095(set=8.370 slv=10.623 max=0.2946 n=1864) sim=250.813(rmp=5.078 run=245.569) chk= 0.003 stat= 1.147 rest= 0.587
  [incr r=82 repr=86 next=77 tfo=1018025 active=3538/360742 POs=1901]
 83 : c =    1541  cl = 178580  lit =  182124  p =  1843  d =    38  f =    20  -  T =     0.43 sec
  [prof  83] wall= 428.000 p=  1901 | ifo= 14.756(sd=1.263 nx=1.039 tfo=10.444 cnt=2.010) snap= 3.323 srm=133.166 sat= 20.945(set=8.818 slv=12.011 max=0.3282 n=1901) sim=253.387(rmp=5.478 run=247.731) chk= 0.005 stat= 1.770 rest= 0.649
  [incr r=83 repr=322 next=127 tfo=1020574 active=4432/360704 POs=1917]
 84 : c =    1457  cl = 178601  lit =  182063  p =  1842  d =    58  f =    17  -  T =     0.42 sec
  [prof  84] wall= 425.877 p=  1917 | ifo= 15.967(sd=1.756 nx=1.259 tfo=10.959 cnt=1.993) snap= 2.370 srm=131.685 sat= 19.808(set=8.260 slv=11.429 max=0.3307 n=1917) sim=254.100(rmp=5.123 run=248.798) chk= 0.010 stat= 1.242 rest= 0.694
  [incr r=84 repr=248 next=302 tfo=2534 active=1323/360664 POs=196]
 85 : c =    1423  cl = 178612  lit =  181988  p =    67  d =    96  f =    33  -  T =     0.36 sec
  [prof  85] wall= 365.672 p=   196 | ifo=  5.214(sd=1.314 nx=1.060 tfo=0.796 cnt=2.043) snap= 1.940 srm= 71.845 sat= 12.499(set=6.112 slv=6.366 max=0.1990 n=196) sim=272.492(rmp=5.689 run=266.644) chk= 0.013 stat= 1.242 rest= 0.428
  [incr r=85 repr=245 next=276 tfo=1019292 active=3797/360600 POs=1967]
 86 : c =    1415  cl = 178625  lit =  181903  p =  1853  d =    61  f =    53  -  T =     0.44 sec
  [prof  86] wall= 443.415 p=  1967 | ifo= 15.094(sd=1.777 nx=1.157 tfo=10.189 cnt=1.970) snap= 2.158 srm=134.863 sat= 23.931(set=8.305 slv=15.513 max=0.5146 n=1967) sim=265.145(rmp=5.205 run=259.759) chk= 0.019 stat= 1.559 rest= 0.646
  [incr r=86 repr=164 next=216 tfo=4489 active=1246/360528 POs=119]
 87 : c =    1403  cl = 178644  lit =  181831  p =    27  d =    58  f =    34  -  T =     0.36 sec
  [prof  87] wall= 358.542 p=   119 | ifo=  6.186(sd=1.663 nx=1.387 tfo=0.854 cnt=2.282) snap= 2.145 srm= 76.598 sat= 16.357(set=6.510 slv=9.830 max=0.7099 n=119) sim=255.583(rmp=5.642 run=249.767) chk= 0.011 stat= 1.199 rest= 0.462
  [incr r=87 repr=268 next=163 tfo=1019597 active=4094/360475 POs=1918]
 88 : c =    1375  cl = 178647  lit =  181743  p =  1838  d =    39  f =    41  -  T =     0.42 sec
  [prof  88] wall= 421.490 p=  1918 | ifo= 15.537(sd=1.258 nx=1.020 tfo=10.867 cnt=2.391) snap= 2.345 srm=134.123 sat= 23.622(set=8.477 slv=15.026 max=0.3255 n=1918) sim=243.980(rmp=5.409 run=238.406) chk= 0.010 stat= 1.228 rest= 0.645
  [incr r=88 repr=126 next=132 tfo=1019753 active=3618/360390 POs=1903]
 89 : c =    1343  cl = 178645  lit =  181675  p =  1836  d =    32  f =    35  -  T =     0.43 sec
  [prof  89] wall= 429.831 p=  1903 | ifo= 15.246(sd=1.349 nx=1.026 tfo=10.376 cnt=2.495) snap= 2.495 srm=136.249 sat= 21.003(set=8.263 slv=12.628 max=0.2802 n=1903) sim=252.712(rmp=5.545 run=246.963) chk= 0.004 stat= 1.557 rest= 0.564
  [incr r=89 repr=87 next=67 tfo=1300 active=806/360320 POs=56]
 90 : c =    1286  cl = 178645  lit =  181637  p =     9  d =    22  f =    25  -  T =     0.34 sec
  [prof  90] wall= 345.627 p=    56 | ifo=  5.134(sd=1.373 nx=1.048 tfo=0.791 cnt=1.922) snap= 2.515 srm= 68.935 sat=  8.841(set=6.048 slv=2.785 max=0.2070 n=56) sim=258.187(rmp=4.995 run=253.012) chk= 0.004 stat= 1.616 rest= 0.395
  [incr r=90 repr=107 next=106 tfo=1019648 active=3526/360282 POs=1905]
 91 : c =    1231  cl = 178659  lit =  181611  p =  1844  d =    57  f =     4  -  T =     0.45 sec
  [prof  91] wall= 447.436 p=  1905 | ifo= 14.707(sd=1.253 nx=1.054 tfo=10.473 cnt=1.928) snap= 2.383 srm=138.955 sat= 18.277(set=8.825 slv=9.338 max=0.3220 n=1905) sim=270.833(rmp=5.557 run=265.081) chk= 0.004 stat= 1.646 rest= 0.631
  [incr r=91 repr=195 next=236 tfo=1774 active=1126/360270 POs=170]
 92 : c =    1202  cl = 178680  lit =  181552  p =    59  d =    85  f =    26  -  T =     0.36 sec
  [prof  92] wall= 357.350 p=   170 | ifo=  6.316(sd=2.017 nx=1.445 tfo=0.869 cnt=1.985) snap= 2.865 srm= 73.352 sat= 11.052(set=6.146 slv=4.886 max=0.2290 n=170) sim=261.986(rmp=5.412 run=256.399) chk= 0.007 stat= 1.369 rest= 0.403
  [incr r=92 repr=213 next=296 tfo=1019792 active=3654/360232 POs=1959]
 93 : c =    1183  cl = 178696  lit =  181458  p =  1842  d =    69  f =    48  -  T =     0.44 sec
  [prof  93] wall= 441.425 p=  1959 | ifo= 16.388(sd=1.539 nx=1.114 tfo=11.674 cnt=2.061) snap= 3.034 srm=139.034 sat= 24.425(set=8.496 slv=15.800 max=0.3665 n=1959) sim=256.427(rmp=6.204 run=250.051) chk= 0.010 stat= 1.242 rest= 0.866
  [incr r=93 repr=289 next=217 tfo=1018088 active=3543/360154 POs=1909]
 94 : c =    1154  cl = 178718  lit =  181383  p =  1830  d =    41  f =    38  -  T =     0.43 sec
  [prof  94] wall= 434.268 p=  1909 | ifo= 18.346(sd=1.892 nx=1.183 tfo=13.243 cnt=2.028) snap= 2.465 srm=130.283 sat= 24.164(set=8.995 slv=15.040 max=0.3084 n=1909) sim=257.126(rmp=5.527 run=251.399) chk= 0.007 stat= 1.268 rest= 0.608
  [incr r=94 repr=131 next=152 tfo=1400 active=885/360101 POs=92]
 95 : c =    1125  cl = 178717  lit =  181302  p =    16  d =    39  f =    37  -  T =     0.36 sec
  [prof  95] wall= 362.461 p=    92 | ifo=  6.432(sd=1.675 nx=1.135 tfo=1.676 cnt=1.946) snap= 2.240 srm= 73.784 sat= 15.266(set=6.589 slv=8.663 max=0.3691 n=92) sim=262.950(rmp=5.343 run=257.426) chk= 0.004 stat= 1.328 rest= 0.455
  [incr r=95 repr=196 next=108 tfo=1018878 active=3388/360019 POs=1883]
 96 : c =    1073  cl = 178716  lit =  181262  p =  1827  d =    38  f =    18  -  T =     0.45 sec
  [prof  96] wall= 449.712 p=  1883 | ifo= 18.689(sd=1.837 nx=1.159 tfo=13.641 cnt=2.052) snap= 2.798 srm=139.406 sat= 19.252(set=8.770 slv=10.362 max=0.4144 n=1883) sim=267.655(rmp=5.481 run=261.968) chk= 0.006 stat= 1.260 rest= 0.646
  [incr r=96 repr=137 next=170 tfo=1394 active=798/359978 POs=121]
 97 : c =    1037  cl = 178731  lit =  181226  p =    48  d =    59  f =    14  -  T =     0.35 sec
  [prof  97] wall= 347.655 p=   121 | ifo=  6.637(sd=1.916 nx=1.149 tfo=1.310 cnt=2.262) snap= 2.293 srm= 69.740 sat=  8.973(set=6.742 slv=2.216 max=0.2330 n=121) sim=258.199(rmp=5.343 run=252.680) chk= 0.002 stat= 1.316 rest= 0.493
  [incr r=97 repr=153 next=198 tfo=1019355 active=3278/359957 POs=1937]
 98 : c =    1006  cl = 178751  lit =  181154  p =  1843  d =    62  f =    32  -  T =     0.45 sec
  [prof  98] wall= 455.549 p=  1937 | ifo= 19.688(sd=2.070 nx=1.246 tfo=13.894 cnt=2.479) snap= 2.743 srm=141.859 sat= 24.335(set=9.046 slv=15.141 max=0.3710 n=1937) sim=264.894(rmp=6.136 run=258.561) chk= 0.006 stat= 1.212 rest= 0.813
  [incr r=98 repr=218 next=217 tfo=1017792 active=3173/359905 POs=1932]
 99 : c =     974  cl = 178763  lit =  181072  p =  1842  d =    62  f =    28  -  T =     0.42 sec
  [prof  99] wall= 418.465 p=  1932 | ifo= 16.470(sd=1.438 nx=1.210 tfo=11.786 cnt=2.037) snap= 2.239 srm=129.864 sat= 21.916(set=8.568 slv=13.227 max=0.3193 n=1932) sim=246.020(rmp=5.286 run=240.565) chk= 0.006 stat= 1.286 rest= 0.664
  [incr r=99 repr=162 next=193 tfo=1018682 active=3168/359835 POs=1930]
100 : c =     949  cl = 178766  lit =  180989  p =  1844  d =    54  f =    32  -  T =     0.42 sec
  [prof 100] wall= 425.306 p=  1930 | ifo= 16.400(sd=1.260 nx=1.057 tfo=11.301 cnt=2.783) snap= 1.990 srm=139.203 sat= 19.965(set=7.570 slv=12.288 max=0.2858 n=1930) sim=245.936(rmp=5.047 run=240.685) chk= 0.008 stat= 1.227 rest= 0.578
  [incr r=100 repr=189 next=157 tfo=1017662 active=2987/359755 POs=1898]
101 : c =     924  cl = 178770  lit =  180942  p =  1837  d =    38  f =    23  -  T =     0.43 sec
  [prof 101] wall= 431.772 p=  1898 | ifo= 15.512(sd=1.251 nx=1.039 tfo=11.280 cnt=1.942) snap= 2.108 srm=136.884 sat= 18.604(set=8.282 slv=10.217 max=0.3189 n=1898) sim=256.809(rmp=5.720 run=250.912) chk= 0.005 stat= 1.244 rest= 0.607
  [incr r=101 repr=98 next=106 tfo=3099 active=693/359712 POs=104]
102 : c =     916  cl = 178780  lit =  180896  p =    40  d =    46  f =    18  -  T =     0.35 sec
  [prof 102] wall= 353.818 p=   104 | ifo=  4.996(sd=1.297 nx=1.038 tfo=0.744 cnt=1.916) snap= 2.020 srm= 68.702 sat=  9.687(set=5.956 slv=3.718 max=0.4109 n=104) sim=266.818(rmp=5.687 run=260.974) chk= 0.004 stat= 1.162 rest= 0.430
  [incr r=102 repr=117 next=110 tfo=1018310 active=2892/359676 POs=1884]
103 : c =     902  cl = 178769  lit =  180838  p =  1829  d =    19  f =    36  -  T =     0.42 sec
  [prof 103] wall= 425.436 p=  1884 | ifo= 15.419(sd=1.221 nx=1.027 tfo=10.751 cnt=2.420) snap= 2.141 srm=130.597 sat= 21.356(set=8.322 slv=12.926 max=0.3228 n=1884) sim=253.762(rmp=5.635 run=247.948) chk= 0.007 stat= 1.547 rest= 0.607
  [incr r=103 repr=80 next=61 tfo=1018118 active=2777/359607 POs=1843]
104 : c =     886  cl = 178769  lit =  180815  p =  1820  d =     3  f =    20  -  T =     0.42 sec
  [prof 104] wall= 425.869 p=  1843 | ifo= 16.276(sd=1.696 nx=1.353 tfo=11.227 cnt=2.001) snap= 2.357 srm=134.622 sat= 17.492(set=7.965 slv=9.378 max=0.2871 n=1843) sim=253.316(rmp=5.111 run=248.036) chk= 0.004 stat= 1.213 rest= 0.589
  [incr r=104 repr=24 next=10 tfo=1017902 active=2699/359584 POs=1838]
105 : c =     853  cl = 178770  lit =  180801  p =  1820  d =    10  f =     8  -  T =     0.42 sec
  [prof 105] wall= 422.943 p=  1838 | ifo= 15.006(sd=1.261 nx=1.078 tfo=10.492 cnt=2.175) snap= 2.531 srm=134.201 sat= 17.490(set=8.523 slv=8.858 max=0.3113 n=1838) sim=251.494(rmp=5.418 run=245.903) chk= 0.004 stat= 1.594 rest= 0.623
  [incr r=105 repr=59 next=66 tfo=1017948 active=2708/359571 POs=1879]
106 : c =     837  cl = 178783  lit =  180778  p =  1842  d =    35  f =     2  -  T =     0.43 sec
  [prof 106] wall= 435.258 p=  1879 | ifo= 15.653(sd=1.731 nx=1.342 tfo=10.577 cnt=2.004) snap= 2.764 srm=132.333 sat= 18.622(set=10.004 slv=8.512 max=0.3189 n=1879) sim=264.062(rmp=5.801 run=258.073) chk= 0.004 stat= 1.206 rest= 0.613
  [incr r=106 repr=95 next=100 tfo=1019187 active=2795/359561 POs=1915]
107 : c =     831  cl = 178793  lit =  180723  p =  1867  d =    30  f =    18  -  T =     0.43 sec
  [prof 107] wall= 431.270 p=  1915 | ifo= 15.454(sd=1.249 nx=1.036 tfo=10.507 cnt=2.663) snap= 3.338 srm=138.073 sat= 22.521(set=11.400 slv=10.996 max=0.4489 n=1915) sim=250.107(rmp=5.294 run=244.642) chk= 0.006 stat= 1.191 rest= 0.580
  [incr r=107 repr=91 next=100 tfo=1019921 active=2870/359516 POs=1917]
108 : c =     816  cl = 178787  lit =  180687  p =  1882  d =    14  f =    21  -  T =     0.46 sec
  [prof 108] wall= 459.736 p=  1917 | ifo= 15.919(sd=1.308 nx=1.185 tfo=11.221 cnt=2.205) snap= 2.382 srm=167.191 sat= 19.595(set=8.815 slv=10.666 max=0.3117 n=1917) sim=252.700(rmp=5.770 run=246.745) chk= 0.005 stat= 1.283 rest= 0.662
  [incr r=108 repr=41 next=31 tfo=1018569 active=2726/359474 POs=1875]
109 : c =     808  cl = 178786  lit =  180673  p =  1857  d =     5  f =    13  -  T =     0.42 sec
  [prof 109] wall= 425.133 p=  1875 | ifo= 16.915(sd=1.256 nx=1.102 tfo=11.958 cnt=2.599) snap= 2.174 srm=137.700 sat= 17.858(set=8.214 slv=9.538 max=0.3028 n=1875) sim=248.643(rmp=5.217 run=243.256) chk= 0.004 stat= 1.207 rest= 0.633
  [incr r=109 repr=14 next=10 tfo=420 active=163/359459 POs=15]
110 : c =     789  cl = 178788  lit =  180656  p =     2  d =     4  f =     9  -  T =     0.34 sec
  [prof 110] wall= 341.686 p=    15 | ifo=  6.020(sd=1.286 nx=1.264 tfo=1.116 cnt=2.354) snap= 2.497 srm= 68.863 sat=  8.336(set=7.432 slv=0.899 max=0.1683 n=15) sim=254.341(rmp=6.230 run=247.928) chk= 0.001 stat= 1.209 rest= 0.420
  [incr r=110 repr=26 next=18 tfo=1018306 active=2605/359444 POs=1850]
111 : c =     776  cl = 178790  lit =  180642  p =  1829  d =    17  f =     4  -  T =     0.44 sec
  [prof 111] wall= 441.899 p=  1850 | ifo= 16.007(sd=1.323 nx=1.039 tfo=11.326 cnt=2.319) snap= 2.176 srm=134.030 sat= 16.127(set=8.127 slv=7.900 max=0.2937 n=1850) sim=271.728(rmp=5.436 run=266.105) chk= 0.003 stat= 1.196 rest= 0.630
  [incr r=111 repr=35 next=30 tfo=482 active=166/359432 POs=28]
112 : c =     764  cl = 178797  lit =  180621  p =     7  d =    16  f =     5  -  T =     0.34 sec
  [prof 112] wall= 342.173 p=    28 | ifo=  6.477(sd=1.300 nx=1.327 tfo=1.051 cnt=2.799) snap= 2.551 srm= 69.996 sat=  6.975(set=5.855 slv=1.114 max=0.1934 n=28) sim=254.480(rmp=5.478 run=248.837) chk= 0.001 stat= 1.223 rest= 0.469
  [incr r=112 repr=43 next=41 tfo=1018301 active=2609/359418 POs=1853]
113 : c =     760  cl = 178789  lit =  180596  p =  1825  d =    20  f =     8  -  T =     0.43 sec
  [prof 113] wall= 427.608 p=  1853 | ifo= 15.328(sd=1.263 nx=1.019 tfo=10.933 cnt=2.113) snap= 2.413 srm=134.391 sat= 16.229(set=8.007 slv=8.123 max=0.2916 n=1853) sim=257.451(rmp=5.245 run=252.032) chk= 0.003 stat= 1.207 rest= 0.586
  [incr r=113 repr=30 next=32 tfo=428 active=111/359385 POs=19]
114 : c =     753  cl = 178788  lit =  180584  p =     4  d =    10  f =     5  -  T =     0.33 sec
  [prof 114] wall= 335.995 p=    19 | ifo=  6.221(sd=1.252 nx=1.125 tfo=0.872 cnt=2.972) snap= 2.003 srm= 68.881 sat=  6.789(set=5.924 slv=0.858 max=0.2270 n=19) sim=250.538(rmp=5.111 run=245.204) chk= 0.001 stat= 1.154 rest= 0.409
  [incr r=114 repr=17 next=17 tfo=1017391 active=2440/359372 POs=1829]
115 : c =     750  cl = 178789  lit =  180577  p =  1822  d =     6  f =     1  -  T =     0.41 sec
  [prof 115] wall= 409.687 p=  1829 | ifo= 14.298(sd=1.229 nx=1.333 tfo=9.732 cnt=2.005) snap= 2.208 srm=123.713 sat= 15.798(set=8.243 slv=7.454 max=0.3256 n=1829) sim=251.408(rmp=5.140 run=246.086) chk= 0.002 stat= 1.676 rest= 0.585
  [incr r=115 repr=9 next=6 tfo=1017326 active=2410/359366 POs=1822]
116 : c =     744  cl = 178787  lit =  180572  p =  1819  d =     3  f =     0  -  T =     0.42 sec
  [prof 116] wall= 422.381 p=  1822 | ifo= 15.791(sd=1.503 nx=1.359 tfo=10.943 cnt=1.985) snap= 2.310 srm=130.756 sat= 18.377(set=7.812 slv=10.432 max=1.5012 n=1822) sim=253.271(rmp=5.723 run=247.387) chk= 0.002 stat= 1.221 rest= 0.652
  [incr r=116 repr=9 next=7 tfo=1017248 active=2399/359359 POs=1825]
117 : c =     744  cl = 178788  lit =  180569  p =  1820  d =     5  f =     0  -  T =     0.43 sec
  [prof 117] wall= 434.811 p=  1825 | ifo= 15.673(sd=1.265 nx=1.145 tfo=11.311 cnt=1.952) snap= 2.678 srm=139.400 sat= 15.337(set=8.165 slv=7.074 max=0.3008 n=1825) sim=259.907(rmp=5.269 run=254.481) chk= 0.002 stat= 1.187 rest= 0.626
  [incr r=117 repr=6 next=3 tfo=1010 active=98/359357 POs=5]
118 : c =     742  cl = 178788  lit =  180566  p =     4  d =     1  f =     0  -  T =     0.34 sec
  [prof 118] wall= 343.764 p=     5 | ifo=  5.240(sd=1.392 nx=1.014 tfo=0.744 cnt=2.090) snap= 2.610 srm= 74.352 sat=  6.497(set=6.462 slv=0.033 max=0.0227 n=5) sim=253.213(rmp=5.504 run=247.528) chk= 0.000 stat= 1.410 rest= 0.442
  [incr r=118 repr=4 next=1 tfo=1017158 active=2381/359354 POs=1820]
119 : c =     736  cl = 178788  lit =  180560  p =  1818  d =     2  f =     0  -  T =     0.43 sec
  [prof 119] wall= 428.625 p=  1820 | ifo= 15.199(sd=1.699 nx=1.399 tfo=10.130 cnt=1.970) snap= 2.715 srm=134.139 sat= 16.016(set=8.496 slv=7.416 max=0.3089 n=1820) sim=257.536(rmp=6.001 run=251.333) chk= 0.003 stat= 1.583 rest= 1.433
  [incr r=119 repr=8 next=4 tfo=1017876 active=2456/359348 POs=1822]
120 : c =     736  cl = 178787  lit =  180559  p =  1819  d =     3  f =     0  -  T =     0.41 sec
  [prof 120] wall= 414.145 p=  1822 | ifo= 14.629(sd=1.312 nx=1.062 tfo=10.242 cnt=2.013) snap= 1.984 srm=129.398 sat= 15.837(set=8.097 slv=7.631 max=0.2730 n=1822) sim=250.445(rmp=5.300 run=244.978) chk= 0.003 stat= 1.221 rest= 0.627
  [incr r=120 repr=1 next=1 tfo=156 active=27/359346 POs=2]
121 : c =     732  cl = 178786  lit =  180555  p =     0  d =     2  f =     0  -  T =     0.31 sec
  [prof 121] wall= 306.455 p=     2 | ifo=  6.174(sd=1.283 nx=1.069 tfo=0.813 cnt=3.009) snap= 2.160 srm= 36.974 sat=  2.778(set=2.741 slv=0.034 max=0.0255 n=2) sim=257.141(rmp=5.358 run=251.589) chk= 0.000 stat= 1.218 rest= 0.010
  [incr r=121 repr=6 next=4 tfo=1017089 active=2366/359341 POs=1819]
122 : c =     730  cl = 178786  lit =  180552  p =  1818  d =     1  f =     0  -  T =     0.44 sec
  [prof 122] wall= 437.983 p=  1819 | ifo= 15.198(sd=1.291 nx=1.092 tfo=10.758 cnt=2.057) snap= 2.137 srm=140.967 sat= 14.934(set=7.812 slv=7.021 max=0.2975 n=1819) sim=262.688(rmp=5.583 run=256.923) chk= 0.002 stat= 1.422 rest= 0.634
  [incr r=122 repr=4 next=1 tfo=1017014 active=2359/359338 POs=1820]
123 : c =     724  cl = 178785  lit =  180546  p =  1818  d =     2  f =     0  -  T =     0.43 sec
  [prof 123] wall= 433.207 p=  1820 | ifo= 16.231(sd=1.256 nx=1.037 tfo=11.201 cnt=2.737) snap= 2.183 srm=136.991 sat= 15.792(set=8.093 slv=7.593 max=0.3127 n=1820) sim=260.148(rmp=5.705 run=254.262) chk= 0.002 stat= 1.210 rest= 0.650
  [incr r=123 repr=8 next=4 tfo=1017723 active=2431/359331 POs=1822]
124 : c =     720  cl = 178784  lit =  180541  p =  1819  d =     3  f =     0  -  T =     0.43 sec
  [prof 124] wall= 434.976 p=  1822 | ifo= 15.420(sd=1.566 nx=1.030 tfo=10.815 cnt=2.010) snap= 2.793 srm=138.670 sat= 16.277(set=8.348 slv=7.819 max=0.3224 n=1822) sim=259.536(rmp=5.630 run=253.729) chk= 0.003 stat= 1.584 rest= 0.693
  [incr r=124 repr=7 next=5 tfo=1016944 active=2344/359325 POs=1819]
125 : c =     718  cl = 178784  lit =  180538  p =  1818  d =     1  f =     0  -  T =     0.43 sec
  [prof 125] wall= 426.857 p=  1819 | ifo= 15.735(sd=1.406 nx=1.080 tfo=11.328 cnt=1.922) snap= 2.330 srm=138.945 sat= 15.271(set=7.884 slv=7.283 max=0.3160 n=1819) sim=252.755(rmp=5.201 run=247.369) chk= 0.002 stat= 1.211 rest= 0.608
  [incr r=125 repr=4 next=1 tfo=1016873 active=2339/359322 POs=1820]
126 : c =     714  cl = 178783  lit =  180534  p =  1818  d =     2  f =     0  -  T =     0.43 sec
  [prof 126] wall= 431.148 p=  1820 | ifo= 16.026(sd=1.342 nx=1.057 tfo=11.271 cnt=2.356) snap= 2.407 srm=134.098 sat= 16.073(set=8.525 slv=7.442 max=0.3325 n=1820) sim=260.740(rmp=5.261 run=255.304) chk= 0.002 stat= 1.164 rest= 0.638
  [incr r=126 repr=6 next=4 tfo=1016873 active=2334/359317 POs=1819]
127 : c =     712  cl = 178783  lit =  180531  p =  1818  d =     1  f =     0  -  T =     0.43 sec
  [prof 127] wall= 430.685 p=  1819 | ifo= 15.362(sd=1.220 nx=1.048 tfo=10.823 cnt=2.271) snap= 2.519 srm=137.883 sat= 16.101(set=8.490 slv=7.502 max=0.3373 n=1819) sim=256.983(rmp=5.224 run=251.560) chk= 0.002 stat= 1.200 rest= 0.635
  [incr r=127 repr=4 next=1 tfo=1016786 active=2352/359314 POs=1830]
128 : c =     710  cl = 178781  lit =  180527  p =  1828  d =     2  f =     0  -  T =     0.43 sec
  [prof 128] wall= 432.153 p=  1830 | ifo= 15.468(sd=1.612 nx=1.242 tfo=10.644 cnt=1.971) snap= 2.168 srm=135.108 sat= 16.268(set=8.707 slv=7.445 max=0.3038 n=1830) sim=261.298(rmp=6.088 run=255.013) chk= 0.002 stat= 1.230 rest= 0.611
  [incr r=128 repr=4 next=2 tfo=1016786 active=2346/359308 POs=1828]
  [prof 129] wall= 168.037 p=  1828 | ifo= 14.942(sd=1.345 nx=1.097 tfo=10.482 cnt=2.018) snap= 2.393 srm=134.108 sat= 15.982(set=8.350 slv=7.522 max=0.3149 n=1828) sim= 0.000(rmp=0.000 run=0.000) chk= 0.000 stat= 0.000 rest= 0.612
129 : c =     710  cl = 178781  lit =  180527  p =     0  d =     0  f =     0  -  T =     0.17 sec
  [prof ALL] wall=145457.299 p=1774331 | ifo=2173.065(sd=216.551 nx=154.367 tfo=1516.582 cnt=285.566) snap=305.131 srm=17460.505 sat=74156.069(set=1088.614 slv=72854.764 max=4.9559 n=1774331) sim=51105.248(rmp=737.259 run=50345.315) chk= 9.524 stat=171.407 rest=76.349
Srm   =    19.94 sec ( 12.38 %)
Sat   =    74.23 sec ( 46.09 %)
Sim   =    51.11 sec ( 31.74 %)
Other =    15.77 sec (  9.79 %)
Incr  =     2.17 sec (  1.35 %)
Incr: fallback rounds = 25, skipped candidate pairs = 36432351
TOTAL =   161.04 sec
NBeg = 1613164. NEnd = 1406690. (Gain =  12.80 %).  RBeg = 174678. REnd = 171129. (Gain =   2.03 %).
Flop output names are not available. Use command "&get -n".
[1;37m/home/zxr_wsl/benchmarks/incre_spec//ILA_Flute_BLT_problem[0m : i/o = 180287/      2  ff = 171129  [1;36mand = 1406690[0m  [1;35mlev =  276[0m [1;35m(220.73)[0m  mem =24.07 MB
