### benchmark: /home/zxr_wsl/benchmarks/incre_spec//Problem11_label08.aig
### opts:      &scorr -i -v -w
### timeout:   1800s
### date:      Wed May 27 22:28:36 CST 2026

======== ABC command line "&r /home/zxr_wsl/benchmarks/incre_spec//Problem11_label08.aig; &ps; &scorr -i -v -w; &ps"
Converted 0 1-valued FFs and 259 DC-valued FFs.
Warning: The number of inputs does not match the number of input names.
[1;37m/home/zxr_wsl/benchmarks/incre_spec//Problem11_label08[0m : i/o =    742/      1  ff =    262  [1;36mand =  400072[0m  [1;35mlev = 2250[0m [1;35m(8.57)[0m  mem = 4.60 MB
cst =  400334  cls =      0  lit =  400334  unused =     742  proof =     0
cst =  207945  cls =  16110  lit =  296630  unused =   88336  proof =     0
cst =  207263  cls =  15337  lit =  292197  unused =   93542  proof =     0
cst =  206953  cls =  15170  lit =  289613  unused =   96293  proof =     0
cst =  206658  cls =  14979  lit =  287728  unused =   98369  proof =     0
cst =  206341  cls =  14852  lit =  286625  unused =   99599  proof =     0
cst =  206236  cls =  14726  lit =  285905  unused =  100445  proof =     0
cst =  206148  cls =  14690  lit =  285507  unused =  100879  proof =     0
cst =  206079  cls =  14641  lit =  285128  unused =  101307  proof =     0
cst =  206040  cls =  14600  lit =  284784  unused =  101692  proof =     0
Obj =  401340. And =  400072. Conf =   100. Fr = 1. Lcorr = 0. Ring = 1. CSat = 1.
  0 : c =  206040  cl =  14600  lit =  284784  p =     0  d =     0  f =     0  +  T =     0.25 sec
BMC : c =  205448  cl =  13509  lit =  279866  p =  8907  d =  3462  f =  2741  +  T =     0.83 sec
  [bmc-prof   0] wall= 835.360 p= 15110 | ifo=  0.000(sd=0.000 nx=0.000 tfo=0.000 cnt=0.000) snap= 0.423 srm= 20.898 sat=794.997(set=0.863 slv=792.856 max=1.1681 n=15110) sim=17.869(rmp=0.766 run=17.103) chk= 0.674 stat= 0.493 rest= 0.005
BMC : c =  205071  cl =  13007  lit =  277392  p =  9469  d =  2696  f =  1500  +  T =     0.44 sec
  [bmc-prof   1] wall= 443.950 p= 13665 | ifo=  8.850(sd=0.375 nx=0.000 tfo=7.744 cnt=0.731) snap= 0.395 srm= 19.970 sat=397.596(set=0.714 slv=395.781 max=1.5325 n=13665) sim=16.615(rmp=0.780 run=15.834) chk= 0.178 stat= 0.342 rest= 0.005
BMC : c =  204271  cl =  12692  lit =  275454  p =  9682  d =  2198  f =  1143  +  T =     0.36 sec
  [bmc-prof   2] wall= 355.840 p= 13023 | ifo=  6.933(sd=0.265 nx=0.000 tfo=6.055 cnt=0.613) snap= 0.411 srm= 18.038 sat=313.546(set=0.781 slv=311.763 max=1.0788 n=13023) sim=16.338(rmp=0.640 run=15.697) chk= 0.228 stat= 0.342 rest= 0.005
BMC : c =  203462  cl =  12438  lit =  273314  p =  9759  d =  2046  f =  1449  +  T =     0.38 sec
  [bmc-prof   3] wall= 382.539 p= 13254 | ifo=  6.954(sd=0.269 nx=0.000 tfo=6.002 cnt=0.683) snap= 0.390 srm= 18.421 sat=339.966(set=0.756 slv=338.081 max=1.1657 n=13254) sim=16.230(rmp=0.779 run=15.450) chk= 0.235 stat= 0.339 rest= 0.005
BMC : c =  202653  cl =  12218  lit =  271228  p = 10115  d =  1656  f =  1554  +  T =     0.44 sec
  [bmc-prof   4] wall= 443.700 p= 13325 | ifo=  6.828(sd=0.270 nx=0.000 tfo=5.926 cnt=0.632) snap= 0.382 srm= 18.517 sat=401.395(set=0.790 slv=399.476 max=1.3377 n=13325) sim=15.965(rmp=0.635 run=15.329) chk= 0.264 stat= 0.343 rest= 0.005
BMC : c =  201710  cl =  12040  lit =  269066  p = 10362  d =  1418  f =  1658  +  T =     0.48 sec
  [bmc-prof   5] wall= 479.369 p= 13438 | ifo=  6.422(sd=0.287 nx=0.000 tfo=5.505 cnt=0.630) snap= 0.405 srm= 19.467 sat=436.653(set=0.770 slv=434.859 max=1.5809 n=13438) sim=15.901(rmp=0.720 run=15.180) chk= 0.186 stat= 0.331 rest= 0.005
BMC : c =  200886  cl =  11873  lit =  267093  p = 10671  d =  1228  f =  1536  +  T =     0.39 sec
  [bmc-prof   6] wall= 390.484 p= 13435 | ifo=  6.324(sd=0.262 nx=0.000 tfo=5.394 cnt=0.668) snap= 0.368 srm= 18.616 sat=349.771(set=0.741 slv=347.620 max=2.7041 n=13435) sim=14.694(rmp=0.659 run=14.035) chk= 0.312 stat= 0.394 rest= 0.005
BMC : c =  199968  cl =  11805  lit =  265135  p = 11045  d =  1027  f =  1524  +  T =     0.38 sec
  [bmc-prof   7] wall= 375.738 p= 13596 | ifo=  6.084(sd=0.293 nx=0.000 tfo=5.122 cnt=0.669) snap= 0.441 srm= 19.489 sat=332.409(set=0.886 slv=330.405 max=1.6408 n=13596) sim=16.700(rmp=0.841 run=15.858) chk= 0.266 stat= 0.343 rest= 0.005
BMC : c =  199157  cl =  11685  lit =  263340  p = 11407  d =   956  f =  1418  +  T =     0.38 sec
  [bmc-prof   8] wall= 378.481 p= 13781 | ifo=  6.287(sd=0.269 nx=0.000 tfo=5.322 cnt=0.695) snap= 0.508 srm= 18.342 sat=337.151(set=0.887 slv=335.205 max=2.2916 n=13781) sim=15.700(rmp=0.639 run=15.060) chk= 0.151 stat= 0.337 rest= 0.005
BMC : c =  198296  cl =  11609  lit =  261449  p = 11715  d =   762  f =  1568  +  T =     0.39 sec
  [bmc-prof   9] wall= 386.125 p= 14045 | ifo=  5.843(sd=0.244 nx=0.000 tfo=4.916 cnt=0.683) snap= 0.611 srm= 18.408 sat=346.821(set=1.031 slv=344.801 max=1.7948 n=14045) sim=13.965(rmp=0.724 run=13.240) chk= 0.172 stat= 0.301 rest= 0.005
BMC : c =  197268  cl =  11577  lit =  259531  p = 12004  d =   576  f =  1542  +  T =     0.38 sec
  [bmc-prof  10] wall= 375.633 p= 14122 | ifo=  5.260(sd=0.240 nx=0.000 tfo=4.394 cnt=0.626) snap= 0.431 srm= 22.344 sat=333.184(set=0.876 slv=331.356 max=1.7096 n=14122) sim=13.828(rmp=0.820 run=13.006) chk= 0.223 stat= 0.360 rest= 0.004
BMC : c =  196159  cl =  11503  lit =  257340  p = 12316  d =   513  f =  1885  +  T =     0.45 sec
  [bmc-prof  11] wall= 451.216 p= 14714 | ifo=  5.713(sd=0.296 nx=0.000 tfo=4.805 cnt=0.611) snap= 0.544 srm= 19.536 sat=409.643(set=0.974 slv=407.500 max=2.1342 n=14714) sim=15.300(rmp=0.670 run=14.630) chk= 0.162 stat= 0.315 rest= 0.004
BMC : c =  195104  cl =  11377  lit =  255188  p = 12476  d =   425  f =  1858  +  T =     0.42 sec
  [bmc-prof  12] wall= 423.615 p= 14759 | ifo=  5.013(sd=0.232 nx=0.000 tfo=4.175 cnt=0.606) snap= 0.416 srm= 19.552 sat=382.866(set=0.852 slv=380.874 max=2.0070 n=14759) sim=15.265(rmp=0.666 run=14.597) chk= 0.182 stat= 0.317 rest= 0.004
BMC : c =  194044  cl =  11292  lit =  253136  p = 12685  d =   346  f =  1825  +  T =     0.41 sec
  [bmc-prof  13] wall= 407.139 p= 14856 | ifo=  4.912(sd=0.258 nx=0.000 tfo=4.023 cnt=0.631) snap= 0.400 srm= 22.074 sat=364.596(set=1.033 slv=362.547 max=1.1204 n=14856) sim=14.665(rmp=0.878 run=13.786) chk= 0.177 stat= 0.311 rest= 0.004
BMC : c =  193004  cl =  11204  lit =  251064  p = 12946  d =   305  f =  1864  +  T =     0.41 sec
  [bmc-prof  14] wall= 412.959 p= 15115 | ifo=  4.717(sd=0.247 nx=0.000 tfo=3.837 cnt=0.633) snap= 0.491 srm= 18.754 sat=374.570(set=0.793 slv=372.790 max=1.4890 n=15115) sim=13.910(rmp=0.677 run=13.231) chk= 0.183 stat= 0.330 rest= 0.004
BMC : c =  190511  cl =  11163  lit =  248788  p = 13069  d =   298  f =  1998  +  T =     0.44 sec
  [bmc-prof  15] wall= 444.602 p= 15365 | ifo=  4.886(sd=0.255 nx=0.000 tfo=3.953 cnt=0.678) snap= 0.481 srm= 21.013 sat=402.551(set=0.957 slv=400.540 max=2.2435 n=15365) sim=15.046(rmp=0.615 run=14.430) chk= 0.217 stat= 0.405 rest= 0.005
BMC : c =  188086  cl =  11123  lit =  246641  p = 13426  d =   395  f =  1850  +  T =     0.42 sec
  [bmc-prof  16] wall= 420.892 p= 15671 | ifo=  5.570(sd=0.272 nx=0.000 tfo=4.553 cnt=0.746) snap= 0.419 srm= 18.913 sat=380.043(set=0.954 slv=377.877 max=1.2886 n=15671) sim=15.364(rmp=0.631 run=14.732) chk= 0.213 stat= 0.365 rest= 0.004
BMC : c =  185593  cl =  11066  lit =  244705  p = 14358  d =   281  f =  1695  +  T =     0.39 sec
  [bmc-prof  17] wall= 388.248 p= 16334 | ifo=  5.587(sd=0.276 nx=0.000 tfo=4.603 cnt=0.709) snap= 0.415 srm= 20.395 sat=345.451(set=0.819 slv=343.565 max=1.4672 n=16334) sim=15.703(rmp=0.698 run=15.004) chk= 0.196 stat= 0.340 rest= 0.160
BMC : c =  183105  cl =  11009  lit =  242883  p = 16608  d =   160  f =  1653  +  T =     0.37 sec
  [bmc-prof  18] wall= 373.040 p= 18421 | ifo=  5.717(sd=0.252 nx=0.000 tfo=4.376 cnt=1.089) snap= 0.383 srm= 20.184 sat=332.342(set=0.780 slv=330.438 max=2.0446 n=18421) sim=13.720(rmp=0.648 run=13.070) chk= 0.181 stat= 0.378 rest= 0.135
BMC : c =  181659  cl =  10956  lit =  241112  p = 18758  d =   141  f =  1650  +  T =     0.39 sec
  [bmc-prof  19] wall= 394.511 p= 20549 | ifo=  5.534(sd=0.298 nx=0.000 tfo=4.352 cnt=0.884) snap= 0.440 srm= 21.879 sat=352.224(set=1.045 slv=349.732 max=1.5987 n=20549) sim=13.621(rmp=0.637 run=12.983) chk= 0.317 stat= 0.364 rest= 0.131
  [bmc-incr i=20 repr=2500 active=168096/241112 POs=16844]
BMC : c =  180632  cl =  10917  lit =  239371  p = 15105  d =    97  f =  1642  +  T =     0.35 sec
  [bmc-prof  20] wall= 346.963 p= 16844 | ifo=  5.218(sd=0.243 nx=0.000 tfo=4.178 cnt=0.797) snap= 0.390 srm= 20.430 sat=306.073(set=0.811 slv=304.279 max=1.6285 n=16844) sim=14.041(rmp=0.630 run=13.409) chk= 0.161 stat= 0.468 rest= 0.182
  [bmc-incr i=21 repr=1767 active=147877/239371 POs=11836]
BMC : c =  179319  cl =  10884  lit =  237656  p = 10119  d =    80  f =  1637  +  T =     0.34 sec
  [bmc-prof  21] wall= 338.003 p= 11836 | ifo=  4.101(sd=0.260 nx=0.000 tfo=3.126 cnt=0.715) snap= 0.405 srm= 18.417 sat=301.523(set=0.836 slv=299.903 max=2.3134 n=11836) sim=13.075(rmp=0.764 run=12.310) chk= 0.141 stat= 0.333 rest= 0.009
  [bmc-incr i=22 repr=2029 active=140989/237656 POs=10389]
BMC : c =  178236  cl =  10857  lit =  235960  p =  8666  d =    70  f =  1653  +  T =     0.48 sec
  [bmc-prof  22] wall= 481.701 p= 10389 | ifo=  4.031(sd=0.248 nx=0.000 tfo=3.157 cnt=0.627) snap= 0.408 srm= 18.437 sat=444.044(set=0.851 slv=442.491 max=5.8248 n=10389) sim=14.166(rmp=0.668 run=13.497) chk= 0.140 stat= 0.466 rest= 0.009
  [bmc-incr i=23 repr=1833 active=136827/235960 POs=10147]
BMC : c =  177211  cl =  10821  lit =  234202  p =  8403  d =    18  f =  1726  +  T =     0.37 sec
  [bmc-prof  23] wall= 372.319 p= 10147 | ifo=  3.813(sd=0.259 nx=0.000 tfo=2.821 cnt=0.733) snap= 0.408 srm= 18.351 sat=336.361(set=0.832 slv=334.861 max=3.1015 n=10147) sim=12.929(rmp=0.644 run=12.284) chk= 0.122 stat= 0.329 rest= 0.007
  [bmc-incr i=24 repr=1777 active=128729/234202 POs=9693]
BMC : c =  176112  cl =  10765  lit =  232461  p =  7953  d =     3  f =  1737  +  T =     0.37 sec
  [bmc-prof  24] wall= 368.249 p=  9693 | ifo=  3.462(sd=0.235 nx=0.000 tfo=2.567 cnt=0.660) snap= 0.382 srm= 16.261 sat=333.908(set=0.797 slv=332.476 max=3.1296 n=9693) sim=13.742(rmp=0.634 run=13.107) chk= 0.130 stat= 0.356 rest= 0.009
  [bmc-incr i=25 repr=1741 active=126235/232461 POs=9469]
BMC : c =  174872  cl =  10710  lit =  230612  p =  7620  d =     1  f =  1848  +  T =     0.38 sec
  [bmc-prof  25] wall= 376.325 p=  9469 | ifo=  3.756(sd=0.259 nx=0.000 tfo=2.793 cnt=0.704) snap= 0.378 srm= 16.392 sat=341.980(set=0.811 slv=340.551 max=2.0183 n=9469) sim=13.381(rmp=0.686 run=12.694) chk= 0.111 stat= 0.320 rest= 0.007
  [bmc-incr i=26 repr=1858 active=122437/230612 POs=9067]
BMC : c =  173617  cl =  10655  lit =  228750  p =  7205  d =     1  f =  1861  +  T =     0.39 sec
  [bmc-prof  26] wall= 391.433 p=  9067 | ifo=  3.429(sd=0.236 nx=0.000 tfo=2.496 cnt=0.697) snap= 0.409 srm= 16.745 sat=356.483(set=0.711 slv=355.183 max=2.2210 n=9067) sim=13.869(rmp=0.613 run=13.255) chk= 0.123 stat= 0.367 rest= 0.008
  [bmc-incr i=27 repr=1862 active=119815/228750 POs=8793]
BMC : c =  172332  cl =  10605  lit =  226882  p =  6925  d =     1  f =  1867  +  T =     0.37 sec
  [bmc-prof  27] wall= 373.943 p=  8793 | ifo=  3.728(sd=0.274 nx=0.000 tfo=2.739 cnt=0.714) snap= 0.394 srm= 17.984 sat=335.622(set=0.581 slv=334.461 max=1.8540 n=8793) sim=15.774(rmp=0.698 run=15.076) chk= 0.102 stat= 0.331 rest= 0.008
  [bmc-incr i=28 repr=1868 active=117418/226882 POs=8510]
BMC : c =  171105  cl =  10543  lit =  225141  p =  6769  d =     0  f =  1741  +  T =     0.35 sec
  [bmc-prof  28] wall= 350.665 p=  8510 | ifo=  3.543(sd=0.260 nx=0.000 tfo=2.605 cnt=0.678) snap= 0.467 srm= 18.695 sat=327.472(set=0.583 slv=326.328 max=2.0280 n=8510) sim= 0.000(rmp=0.000 run=0.000) chk= 0.138 stat= 0.341 rest= 0.009
  [bmc-incr i=29 repr=1741 active=115100/225141 POs=8116]
BMC : c =  170080  cl =  10491  lit =  223677  p =  6652  d =     0  f =  1464  +  T =     0.29 sec
  [bmc-prof  29] wall= 289.617 p=  8116 | ifo=  3.652(sd=0.244 nx=0.000 tfo=2.697 cnt=0.711) snap= 0.398 srm= 17.600 sat=267.485(set=0.590 slv=266.348 max=2.3548 n=8116) sim= 0.000(rmp=0.000 run=0.000) chk= 0.126 stat= 0.348 rest= 0.009
  [bmc-incr i=30 repr=1464 active=112454/223677 POs=7877]
BMC : c =  168927  cl =  10427  lit =  222108  p =  6308  d =     0  f =  1569  +  T =     0.29 sec
  [bmc-prof  30] wall= 292.246 p=  7877 | ifo=  3.586(sd=0.252 nx=0.000 tfo=2.696 cnt=0.637) snap= 0.377 srm= 16.709 sat=271.062(set=0.539 slv=269.934 max=2.0317 n=7877) sim= 0.000(rmp=0.000 run=0.000) chk= 0.125 stat= 0.380 rest= 0.007
  [bmc-incr i=31 repr=1569 active=109850/222108 POs=8126]
BMC : c =  167402  cl =  10384  lit =  220192  p =  6210  d =     0  f =  1916  +  T =     0.31 sec
  [bmc-prof  31] wall= 315.162 p=  8126 | ifo=  3.917(sd=0.272 nx=0.000 tfo=2.917 cnt=0.728) snap= 0.442 srm= 16.916 sat=293.309(set=0.484 slv=292.263 max=1.9032 n=8126) sim= 0.000(rmp=0.000 run=0.000) chk= 0.122 stat= 0.448 rest= 0.008
  [bmc-incr i=32 repr=1916 active=85349/220192 POs=6395]
BMC : c =  165944  cl =  10358  lit =  218383  p =  4586  d =     0  f =  1809  +  T =     0.28 sec
  [bmc-prof  32] wall= 281.916 p=  6395 | ifo=  3.326(sd=0.289 nx=0.000 tfo=2.224 cnt=0.812) snap= 0.478 srm= 16.872 sat=260.711(set=0.497 slv=259.775 max=2.4345 n=6395) sim= 0.000(rmp=0.000 run=0.000) chk= 0.111 stat= 0.410 rest= 0.009
  [bmc-incr i=33 repr=1809 active=75954/218383 POs=6247]
BMC : c =  164061  cl =  10332  lit =  216160  p =  4024  d =     0  f =  2223  +  T =     0.33 sec
  [bmc-prof  33] wall= 329.318 p=  6247 | ifo=  2.543(sd=0.239 nx=0.000 tfo=1.676 cnt=0.628) snap= 0.386 srm= 14.642 sat=311.231(set=0.687 slv=310.109 max=0.9065 n=6247) sim= 0.000(rmp=0.000 run=0.000) chk= 0.105 stat= 0.401 rest= 0.008
  [bmc-incr i=34 repr=2223 active=73602/216160 POs=6152]
BMC : c =  162223  cl =  10311  lit =  214026  p =  4018  d =     0  f =  2134  +  T =     0.33 sec
  [bmc-prof  34] wall= 330.826 p=  6152 | ifo=  2.870(sd=0.258 nx=0.000 tfo=1.832 cnt=0.780) snap= 0.391 srm= 15.103 sat=311.928(set=0.469 slv=311.035 max=0.8318 n=6152) sim= 0.000(rmp=0.000 run=0.000) chk= 0.099 stat= 0.424 rest= 0.009
  [bmc-incr i=35 repr=2134 active=55323/214026 POs=5189]
BMC : c =  160867  cl =  10280  lit =  212397  p =  3560  d =     0  f =  1629  +  T =     0.24 sec
  [bmc-prof  35] wall= 242.944 p=  5189 | ifo=  2.611(sd=0.271 nx=0.000 tfo=1.566 cnt=0.773) snap= 0.397 srm= 15.888 sat=223.580(set=0.431 slv=222.795 max=0.8870 n=5189) sim= 0.000(rmp=0.000 run=0.000) chk= 0.107 stat= 0.353 rest= 0.007
  [bmc-incr i=36 repr=1629 active=52996/212397 POs=5473]
BMC : c =  159139  cl =  10257  lit =  210409  p =  3485  d =     0  f =  1988  +  T =     0.33 sec
  [bmc-prof  36] wall= 328.862 p=  5473 | ifo=  2.257(sd=0.248 nx=0.000 tfo=1.361 cnt=0.649) snap= 0.544 srm= 14.842 sat=310.725(set=0.481 slv=309.860 max=1.3420 n=5473) sim= 0.000(rmp=0.000 run=0.000) chk= 0.104 stat= 0.381 rest= 0.009
  [bmc-incr i=37 repr=1988 active=48522/210409 POs=5133]
BMC : c =  157562  cl =  10229  lit =  208590  p =  3314  d =     0  f =  1819  +  T =     0.32 sec
  [bmc-prof  37] wall= 316.620 p=  5133 | ifo=  2.256(sd=0.263 nx=0.000 tfo=1.323 cnt=0.670) snap= 0.457 srm= 14.394 sat=298.849(set=0.458 slv=297.964 max=1.3578 n=5133) sim= 0.000(rmp=0.000 run=0.000) chk= 0.204 stat= 0.451 rest= 0.009
  [bmc-incr i=38 repr=1819 active=46484/208590 POs=5254]
BMC : c =  155923  cl =  10211  lit =  206709  p =  3373  d =     0  f =  1881  +  T =     0.37 sec
  [bmc-prof  38] wall= 374.290 p=  5254 | ifo=  2.657(sd=0.320 nx=0.000 tfo=1.569 cnt=0.769) snap= 0.405 srm= 15.108 sat=355.613(set=0.428 slv=354.810 max=1.0209 n=5254) sim= 0.000(rmp=0.000 run=0.000) chk= 0.156 stat= 0.342 rest= 0.008
  [bmc-incr i=39 repr=1881 active=37026/206709 POs=4231]
BMC : c =  154745  cl =  10183  lit =  205285  p =  2807  d =     0  f =  1424  +  T =     0.29 sec
  [bmc-prof  39] wall= 291.789 p=  4231 | ifo=  1.878(sd=0.239 nx=0.000 tfo=1.003 cnt=0.636) snap= 0.505 srm= 14.575 sat=274.202(set=0.390 slv=273.507 max=1.0925 n=4231) sim= 0.000(rmp=0.000 run=0.000) chk= 0.213 stat= 0.407 rest= 0.009
  [bmc-incr i=40 repr=1424 active=33347/205285 POs=4035]
BMC : c =  153593  cl =  10157  lit =  203869  p =  2619  d =     0  f =  1416  +  T =     0.28 sec
  [bmc-prof  40] wall= 281.419 p=  4035 | ifo=  2.140(sd=0.269 nx=0.000 tfo=1.075 cnt=0.796) snap= 0.462 srm= 16.356 sat=261.729(set=0.443 slv=260.990 max=1.6415 n=4035) sim= 0.000(rmp=0.000 run=0.000) chk= 0.338 stat= 0.385 rest= 0.009
  [bmc-incr i=41 repr=1416 active=29200/203869 POs=3728]
BMC : c =  152327  cl =  10134  lit =  202254  p =  2113  d =     0  f =  1615  +  T =     0.33 sec
  [bmc-prof  41] wall= 334.773 p=  3728 | ifo=  1.959(sd=0.271 nx=0.000 tfo=0.955 cnt=0.733) snap= 0.370 srm= 14.507 sat=316.999(set=0.407 slv=316.281 max=1.7378 n=3728) sim= 0.000(rmp=0.000 run=0.000) chk= 0.491 stat= 0.439 rest= 0.009
  [bmc-incr i=42 repr=1615 active=27232/202254 POs=3402]
BMC : c =  151317  cl =  10116  lit =  200898  p =  2046  d =     0  f =  1356  +  T =     0.27 sec
  [bmc-prof  42] wall= 271.386 p=  3402 | ifo=  1.777(sd=0.242 nx=0.000 tfo=0.881 cnt=0.654) snap= 0.535 srm= 14.973 sat=253.250(set=0.446 slv=252.550 max=1.7480 n=3402) sim= 0.000(rmp=0.000 run=0.000) chk= 0.499 stat= 0.345 rest= 0.007
  [bmc-incr i=43 repr=1356 active=25067/200898 POs=3294]
BMC : c =  150465  cl =  10101  lit =  199631  p =  2027  d =     0  f =  1267  +  T =     0.26 sec
  [bmc-prof  43] wall= 260.882 p=  3294 | ifo=  1.809(sd=0.264 nx=0.000 tfo=0.869 cnt=0.676) snap= 0.413 srm= 14.640 sat=242.747(set=0.461 slv=242.025 max=1.5390 n=3294) sim= 0.000(rmp=0.000 run=0.000) chk= 0.802 stat= 0.462 rest= 0.009
  [bmc-incr i=44 repr=1267 active=23476/199631 POs=3123]
BMC : c =  149596  cl =  10081  lit =  198371  p =  1863  d =     0  f =  1260  +  T =     0.24 sec
  [bmc-prof  44] wall= 242.370 p=  3123 | ifo=  1.954(sd=0.341 nx=0.000 tfo=0.884 cnt=0.730) snap= 0.393 srm= 16.309 sat=222.826(set=0.431 slv=222.149 max=1.9048 n=3123) sim= 0.000(rmp=0.000 run=0.000) chk= 0.537 stat= 0.343 rest= 0.008
  [bmc-incr i=45 repr=1260 active=21775/198371 POs=2983]
BMC : c =  148696  cl =  10066  lit =  197134  p =  1746  d =     0  f =  1237  +  T =     0.26 sec
  [bmc-prof  45] wall= 260.559 p=  2983 | ifo=  1.764(sd=0.246 nx=0.000 tfo=0.839 cnt=0.679) snap= 0.453 srm= 14.974 sat=242.652(set=0.429 slv=241.990 max=1.7730 n=2983) sim= 0.000(rmp=0.000 run=0.000) chk= 0.358 stat= 0.351 rest= 0.007
  [bmc-incr i=46 repr=1237 active=19978/197134 POs=2558]
BMC : c =  147989  cl =  10052  lit =  196163  p =  1587  d =     0  f =   971  +  T =     0.23 sec
  [bmc-prof  46] wall= 232.666 p=  2558 | ifo=  1.725(sd=0.243 nx=0.000 tfo=0.818 cnt=0.664) snap= 0.374 srm= 14.954 sat=214.980(set=0.490 slv=214.296 max=2.1507 n=2558) sim= 0.000(rmp=0.000 run=0.000) chk= 0.270 stat= 0.355 rest= 0.007
  [bmc-incr i=47 repr=971 active=18580/196163 POs=2253]
BMC : c =  147276  cl =  10037  lit =  195252  p =  1342  d =     0  f =   911  +  T =     0.21 sec
  [bmc-prof  47] wall= 212.387 p=  2253 | ifo=  1.706(sd=0.263 nx=0.000 tfo=0.789 cnt=0.654) snap= 0.419 srm= 15.383 sat=194.334(set=0.510 slv=193.649 max=2.1173 n=2253) sim= 0.000(rmp=0.000 run=0.000) chk= 0.166 stat= 0.372 rest= 0.007
  [bmc-incr i=48 repr=911 active=17168/195252 POs=1899]
BMC : c =  146618  cl =  10022  lit =  194503  p =  1150  d =     0  f =   749  +  T =     0.19 sec
  [bmc-prof  48] wall= 190.275 p=  1899 | ifo=  1.750(sd=0.250 nx=0.000 tfo=0.766 cnt=0.734) snap= 0.408 srm= 15.991 sat=171.619(set=0.431 slv=171.036 max=1.9043 n=1899) sim= 0.000(rmp=0.000 run=0.000) chk= 0.067 stat= 0.431 rest= 0.008
  [bmc-incr i=49 repr=749 active=15763/194503 POs=1696]
BMC : c =  146005  cl =  10008  lit =  193813  p =  1006  d =     0  f =   690  +  T =     0.18 sec
  [bmc-prof  49] wall= 178.796 p=  1696 | ifo=  2.112(sd=0.317 nx=0.000 tfo=1.020 cnt=0.775) snap= 0.381 srm= 14.953 sat=160.910(set=0.424 slv=160.350 max=2.3311 n=1696) sim= 0.000(rmp=0.000 run=0.000) chk= 0.038 stat= 0.396 rest= 0.007
  [bmc-incr i=50 repr=690 active=14967/193813 POs=1570]
BMC : c =  145411  cl =   9996  lit =  193167  p =   924  d =     0  f =   646  +  T =     0.16 sec
  [bmc-prof  50] wall= 156.493 p=  1570 | ifo=  1.716(sd=0.274 nx=0.000 tfo=0.720 cnt=0.723) snap= 0.406 srm= 15.360 sat=138.579(set=0.608 slv=137.841 max=0.9155 n=1570) sim= 0.000(rmp=0.000 run=0.000) chk= 0.036 stat= 0.389 rest= 0.007
  [bmc-incr i=51 repr=646 active=13853/193167 POs=1389]
BMC : c =  144839  cl =   9989  lit =  192546  p =   768  d =     0  f =   621  +  T =     0.15 sec
  [bmc-prof  51] wall= 149.859 p=  1389 | ifo=  2.102(sd=0.264 nx=0.000 tfo=0.800 cnt=1.039) snap= 0.368 srm= 15.363 sat=131.567(set=0.398 slv=131.058 max=0.9465 n=1389) sim= 0.000(rmp=0.000 run=0.000) chk= 0.036 stat= 0.416 rest= 0.007
  [bmc-incr i=52 repr=621 active=13123/192546 POs=1304]
BMC : c =  144358  cl =   9987  lit =  192022  p =   780  d =     0  f =   524  +  T =     0.13 sec
  [bmc-prof  52] wall= 133.224 p=  1304 | ifo=  1.757(sd=0.247 nx=0.000 tfo=0.669 cnt=0.841) snap= 0.394 srm= 14.828 sat=115.861(set=0.415 slv=115.345 max=1.1956 n=1304) sim= 0.000(rmp=0.000 run=0.000) chk= 0.032 stat= 0.347 rest= 0.006
  [bmc-incr i=53 repr=524 active=12236/192022 POs=1172]
BMC : c =  143958  cl =   9984  lit =  191585  p =   735  d =     0  f =   437  +  T =     0.12 sec
  [bmc-prof  53] wall= 120.509 p=  1172 | ifo=  1.477(sd=0.237 nx=0.000 tfo=0.587 cnt=0.652) snap= 0.370 srm= 17.511 sat=100.756(set=0.404 slv=100.258 max=1.4033 n=1172) sim= 0.000(rmp=0.000 run=0.000) chk= 0.026 stat= 0.363 rest= 0.007
  [bmc-incr i=54 repr=437 active=11727/191585 POs=1132]
BMC : c =  143613  cl =   9982  lit =  191205  p =   752  d =     0  f =   380  +  T =     0.11 sec
  [bmc-prof  54] wall= 112.815 p=  1132 | ifo=  1.491(sd=0.254 nx=0.000 tfo=0.585 cnt=0.651) snap= 0.369 srm= 14.666 sat= 95.921(set=0.395 slv=95.426 max=1.3354 n=1132) sim= 0.000(rmp=0.000 run=0.000) chk= 0.021 stat= 0.341 rest= 0.006
  [bmc-incr i=55 repr=380 active=9982/191205 POs=1035]
BMC : c =  143298  cl =   9978  lit =  190866  p =   696  d =     0  f =   339  +  T =     0.11 sec
  [bmc-prof  55] wall= 110.715 p=  1035 | ifo=  1.468(sd=0.261 nx=0.000 tfo=0.559 cnt=0.649) snap= 0.517 srm= 15.151 sat= 93.167(set=0.504 slv=92.572 max=4.5115 n=1035) sim= 0.000(rmp=0.000 run=0.000) chk= 0.021 stat= 0.384 rest= 0.007
  [bmc-incr i=56 repr=339 active=9575/190866 POs=1037]
BMC : c =  142997  cl =   9977  lit =  190550  p =   721  d =     0  f =   316  +  T =     0.09 sec
  [bmc-prof  56] wall=  91.659 p=  1037 | ifo=  1.583(sd=0.276 nx=0.000 tfo=0.565 cnt=0.742) snap= 0.409 srm= 15.471 sat= 73.787(set=0.417 slv=73.287 max=1.8670 n=1037) sim= 0.000(rmp=0.000 run=0.000) chk= 0.013 stat= 0.390 rest= 0.006
  [bmc-incr i=57 repr=316 active=9035/190550 POs=932]
BMC : c =  142707  cl =   9975  lit =  190242  p =   624  d =     0  f =   308  +  T =     0.09 sec
  [bmc-prof  57] wall=  92.119 p=   932 | ifo=  1.551(sd=0.254 nx=0.000 tfo=0.558 cnt=0.739) snap= 0.397 srm= 15.891 sat= 73.858(set=0.401 slv=73.378 max=1.1476 n=932) sim= 0.000(rmp=0.000 run=0.000) chk= 0.012 stat= 0.404 rest= 0.007
  [bmc-incr i=58 repr=308 active=8532/190242 POs=837]
BMC : c =  142442  cl =   9974  lit =  189961  p =   556  d =     0  f =   281  +  T =     0.08 sec
  [bmc-prof  58] wall=  84.004 p=   837 | ifo=  1.666(sd=0.311 nx=0.000 tfo=0.575 cnt=0.780) snap= 0.397 srm= 16.219 sat= 65.304(set=0.398 slv=64.837 max=1.7799 n=837) sim= 0.000(rmp=0.000 run=0.000) chk= 0.011 stat= 0.400 rest= 0.007
  [bmc-incr i=59 repr=281 active=7913/189961 POs=801]
BMC : c =  142189  cl =   9973  lit =  189694  p =   534  d =     0  f =   267  +  T =     0.08 sec
  [bmc-prof  59] wall=  79.335 p=   801 | ifo=  1.588(sd=0.257 nx=0.000 tfo=0.578 cnt=0.754) snap= 0.454 srm= 15.787 sat= 61.134(set=0.459 slv=60.612 max=2.0472 n=801) sim= 0.000(rmp=0.000 run=0.000) chk= 0.010 stat= 0.356 rest= 0.006
  [bmc-incr i=60 repr=267 active=7381/189694 POs=818]
BMC : c =  141936  cl =   9972  lit =  189428  p =   552  d =     0  f =   266  +  T =     0.08 sec
  [bmc-prof  60] wall=  78.627 p=   818 | ifo=  1.350(sd=0.231 nx=0.000 tfo=0.485 cnt=0.634) snap= 0.493 srm= 17.103 sat= 59.319(set=0.411 slv=58.842 max=1.0354 n=818) sim= 0.000(rmp=0.000 run=0.000) chk= 0.009 stat= 0.346 rest= 0.007
  [bmc-incr i=61 repr=266 active=6896/189428 POs=705]
BMC : c =  141696  cl =   9971  lit =  189173  p =   450  d =     0  f =   255  +  T =     0.08 sec
  [bmc-prof  61] wall=  82.087 p=   705 | ifo=  1.650(sd=0.234 nx=0.000 tfo=0.524 cnt=0.892) snap= 0.402 srm= 17.001 sat= 62.586(set=0.390 slv=62.126 max=1.1171 n=705) sim= 0.000(rmp=0.000 run=0.000) chk= 0.014 stat= 0.427 rest= 0.008
  [bmc-incr i=62 repr=255 active=6574/189173 POs=689]
BMC : c =  141477  cl =   9969  lit =  188940  p =   456  d =     0  f =   233  +  T =     0.08 sec
  [bmc-prof  62] wall=  77.734 p=   689 | ifo=  1.453(sd=0.337 nx=0.000 tfo=0.445 cnt=0.671) snap= 0.390 srm= 15.740 sat= 59.664(set=0.379 slv=59.228 max=1.4232 n=689) sim= 0.000(rmp=0.000 run=0.000) chk= 0.011 stat= 0.470 rest= 0.007
  [bmc-incr i=63 repr=233 active=6181/188940 POs=618]
BMC : c =  141286  cl =   9967  lit =  188738  p =   416  d =     0  f =   202  +  T =     0.06 sec
  [bmc-prof  63] wall=  65.047 p=   618 | ifo=  1.536(sd=0.348 nx=0.000 tfo=0.451 cnt=0.737) snap= 0.380 srm= 15.361 sat= 47.368(set=0.335 slv=46.982 max=1.1507 n=618) sim= 0.000(rmp=0.000 run=0.000) chk= 0.008 stat= 0.386 rest= 0.007
  [bmc-incr i=64 repr=202 active=5651/188738 POs=599]
BMC : c =  141087  cl =   9965  lit =  188529  p =   390  d =     0  f =   209  +  T =     0.06 sec
  [bmc-prof  64] wall=  65.259 p=   599 | ifo=  1.411(sd=0.255 nx=0.000 tfo=0.413 cnt=0.744) snap= 0.403 srm= 16.107 sat= 46.968(set=0.355 slv=46.564 max=1.1036 n=599) sim= 0.000(rmp=0.000 run=0.000) chk= 0.008 stat= 0.357 rest= 0.006
  [bmc-incr i=65 repr=209 active=5307/188529 POs=565]
BMC : c =  140907  cl =   9963  lit =  188340  p =   376  d =     0  f =   189  +  T =     0.06 sec
  [bmc-prof  65] wall=  57.426 p=   565 | ifo=  1.252(sd=0.228 nx=0.000 tfo=0.384 cnt=0.640) snap= 0.366 srm= 14.468 sat= 40.979(set=0.363 slv=40.572 max=0.9514 n=565) sim= 0.000(rmp=0.000 run=0.000) chk= 0.006 stat= 0.349 rest= 0.006
  [bmc-incr i=66 repr=189 active=5067/188340 POs=520]
BMC : c =  140743  cl =   9961  lit =  188168  p =   348  d =     0  f =   172  +  T =     0.06 sec
  [bmc-prof  66] wall=  56.804 p=   520 | ifo=  1.292(sd=0.229 nx=0.000 tfo=0.416 cnt=0.646) snap= 0.385 srm= 14.262 sat= 40.456(set=0.329 slv=40.082 max=1.0312 n=520) sim= 0.000(rmp=0.000 run=0.000) chk= 0.007 stat= 0.395 rest= 0.007
  [bmc-incr i=67 repr=172 active=4763/188168 POs=466]
BMC : c =  140600  cl =   9960  lit =  188018  p =   316  d =     0  f =   150  +  T =     0.05 sec
  [bmc-prof  67] wall=  50.805 p=   466 | ifo=  1.385(sd=0.259 nx=0.000 tfo=0.389 cnt=0.737) snap= 0.374 srm= 14.981 sat= 33.706(set=0.312 slv=33.357 max=0.9369 n=466) sim= 0.000(rmp=0.000 run=0.000) chk= 0.005 stat= 0.349 rest= 0.006
  [bmc-incr i=68 repr=150 active=4557/188018 POs=439]
BMC : c =  140484  cl =   9959  lit =  187897  p =   318  d =     0  f =   121  +  T =     0.05 sec
  [bmc-prof  68] wall=  46.105 p=   439 | ifo=  1.263(sd=0.234 nx=0.000 tfo=0.347 cnt=0.682) snap= 0.495 srm= 15.987 sat= 28.001(set=0.330 slv=27.637 max=1.1514 n=439) sim= 0.000(rmp=0.000 run=0.000) chk= 0.005 stat= 0.347 rest= 0.007
  [bmc-incr i=69 repr=121 active=3833/187897 POs=342]
BMC : c =  140397  cl =   9957  lit =  187803  p =   248  d =     0  f =    94  +  T =     0.04 sec
  [bmc-prof  69] wall=  35.807 p=   342 | ifo=  1.364(sd=0.251 nx=0.000 tfo=0.345 cnt=0.768) snap= 0.576 srm= 15.183 sat= 18.338(set=0.354 slv=17.955 max=1.0107 n=342) sim= 0.000(rmp=0.000 run=0.000) chk= 0.004 stat= 0.335 rest= 0.006
  [bmc-incr i=70 repr=94 active=3655/187803 POs=319]
BMC : c =  140309  cl =   9955  lit =  187705  p =   221  d =     0  f =    98  +  T =     0.04 sec
  [bmc-prof  70] wall=  38.770 p=   319 | ifo=  1.388(sd=0.222 nx=0.000 tfo=0.302 cnt=0.864) snap= 0.389 srm= 14.565 sat= 22.094(set=0.364 slv=21.703 max=1.3663 n=319) sim= 0.000(rmp=0.000 run=0.000) chk= 0.004 stat= 0.324 rest= 0.006
  [bmc-incr i=71 repr=98 active=3376/187705 POs=290]
BMC : c =  140222  cl =   9954  lit =  187609  p =   194  d =     0  f =    96  +  T =     0.04 sec
  [bmc-prof  71] wall=  37.291 p=   290 | ifo=  1.230(sd=0.217 nx=0.000 tfo=0.388 cnt=0.624) snap= 0.366 srm= 13.826 sat= 21.517(set=0.266 slv=21.225 max=0.8964 n=290) sim= 0.000(rmp=0.000 run=0.000) chk= 0.004 stat= 0.343 rest= 0.005
  [bmc-incr i=72 repr=96 active=3280/187609 POs=288]
BMC : c =  140138  cl =   9952  lit =  187519  p =   198  d =     0  f =    90  +  T =     0.03 sec
  [bmc-prof  72] wall=  32.602 p=   288 | ifo=  1.153(sd=0.226 nx=0.000 tfo=0.274 cnt=0.653) snap= 0.542 srm= 13.425 sat= 17.114(set=0.302 slv=16.792 max=0.8922 n=288) sim= 0.000(rmp=0.000 run=0.000) chk= 0.004 stat= 0.358 rest= 0.006
  [bmc-incr i=73 repr=90 active=3093/187519 POs=236]
BMC : c =  140061  cl =   9950  lit =  187436  p =   153  d =     0  f =    83  +  T =     0.03 sec
  [bmc-prof  73] wall=  33.102 p=   236 | ifo=  1.113(sd=0.221 nx=0.000 tfo=0.251 cnt=0.641) snap= 0.356 srm= 14.752 sat= 16.467(set=0.257 slv=16.185 max=0.9458 n=236) sim= 0.000(rmp=0.000 run=0.000) chk= 0.005 stat= 0.404 rest= 0.005
  [bmc-incr i=74 repr=83 active=2924/187436 POs=223]
BMC : c =  139993  cl =   9950  lit =  187364  p =   151  d =     0  f =    72  +  T =     0.04 sec
  [bmc-prof  74] wall=  36.218 p=   223 | ifo=  1.257(sd=0.278 nx=0.000 tfo=0.279 cnt=0.700) snap= 0.451 srm= 17.261 sat= 16.882(set=0.487 slv=16.375 max=1.0811 n=223) sim= 0.000(rmp=0.000 run=0.000) chk= 0.003 stat= 0.359 rest= 0.006
  [bmc-incr i=75 repr=72 active=2787/187364 POs=203]
BMC : c =  139942  cl =   9950  lit =  187309  p =   148  d =     0  f =    55  +  T =     0.03 sec
  [bmc-prof  75] wall=  32.451 p=   203 | ifo=  1.217(sd=0.238 nx=0.000 tfo=0.253 cnt=0.726) snap= 0.380 srm= 16.309 sat= 14.200(set=0.253 slv=13.921 max=0.9061 n=203) sim= 0.000(rmp=0.000 run=0.000) chk= 0.003 stat= 0.336 rest= 0.006
  [bmc-incr i=76 repr=55 active=2728/187309 POs=200]
BMC : c =  139898  cl =   9950  lit =  187261  p =   152  d =     0  f =    48  +  T =     0.03 sec
  [bmc-prof  76] wall=  29.643 p=   200 | ifo=  1.294(sd=0.244 nx=0.000 tfo=0.330 cnt=0.720) snap= 0.390 srm= 14.758 sat= 12.816(set=0.252 slv=12.546 max=1.0862 n=200) sim= 0.000(rmp=0.000 run=0.000) chk= 0.002 stat= 0.377 rest= 0.006
  [bmc-incr i=77 repr=48 active=2641/187261 POs=198]
BMC : c =  139857  cl =   9950  lit =  187216  p =   153  d =     0  f =    45  +  T =     0.03 sec
  [bmc-prof  77] wall=  28.854 p=   198 | ifo=  1.254(sd=0.243 nx=0.000 tfo=0.237 cnt=0.773) snap= 0.375 srm= 16.210 sat= 10.686(set=0.268 slv=10.404 max=0.9224 n=198) sim= 0.000(rmp=0.000 run=0.000) chk= 0.002 stat= 0.320 rest= 0.006
  [bmc-incr i=78 repr=45 active=2596/187216 POs=199]
BMC : c =  139818  cl =   9950  lit =  187173  p =   156  d =     0  f =    43  +  T =     0.03 sec
  [bmc-prof  78] wall=  29.459 p=   199 | ifo=  1.264(sd=0.218 nx=0.000 tfo=0.225 cnt=0.821) snap= 0.375 srm= 15.453 sat= 11.797(set=0.242 slv=11.538 max=1.0019 n=199) sim= 0.000(rmp=0.000 run=0.000) chk= 0.003 stat= 0.561 rest= 0.007
  [bmc-incr i=79 repr=43 active=2516/187173 POs=198]
BMC : c =  139781  cl =   9950  lit =  187132  p =   157  d =     0  f =    41  +  T =     0.03 sec
  [bmc-prof  79] wall=  31.241 p=   198 | ifo=  1.649(sd=0.384 nx=0.000 tfo=0.275 cnt=0.990) snap= 0.405 srm= 17.359 sat= 11.487(set=0.259 slv=11.211 max=1.0195 n=198) sim= 0.000(rmp=0.000 run=0.000) chk= 0.002 stat= 0.332 rest= 0.007
  [bmc-incr i=80 repr=41 active=2475/187132 POs=200]
BMC : c =  139747  cl =   9949  lit =  187093  p =   161  d =     0  f =    39  +  T =     0.03 sec
  [bmc-prof  80] wall=  32.646 p=   200 | ifo=  1.091(sd=0.220 nx=0.000 tfo=0.216 cnt=0.655) snap= 0.392 srm= 18.189 sat= 12.640(set=0.604 slv=12.018 max=1.1406 n=200) sim= 0.000(rmp=0.000 run=0.000) chk= 0.003 stat= 0.327 rest= 0.005
  [bmc-incr i=81 repr=39 active=1948/187093 POs=153]
BMC : c =  139716  cl =   9949  lit =  187057  p =   117  d =     0  f =    36  +  T =     0.03 sec
  [bmc-prof  81] wall=  26.790 p=   153 | ifo=  1.077(sd=0.218 nx=0.000 tfo=0.169 cnt=0.690) snap= 0.478 srm= 16.014 sat=  8.808(set=0.179 slv=8.617 max=0.8894 n=153) sim= 0.000(rmp=0.000 run=0.000) chk= 0.005 stat= 0.402 rest= 0.006
  [bmc-incr i=82 repr=36 active=1912/187057 POs=182]
BMC : c =  139676  cl =   9943  lit =  186996  p =   121  d =     0  f =    61  +  T =     0.03 sec
  [bmc-prof  82] wall=  30.838 p=   182 | ifo=  1.267(sd=0.275 nx=0.000 tfo=0.184 cnt=0.808) snap= 0.380 srm= 15.164 sat= 13.636(set=0.194 slv=13.425 max=0.6271 n=182) sim= 0.000(rmp=0.000 run=0.000) chk= 0.013 stat= 0.370 rest= 0.008
  [bmc-incr i=83 repr=61 active=1626/186996 POs=263]
BMC : c =  139641  cl =   9943  lit =  186885  p =   152  d =     0  f =   111  +  T =     0.03 sec
  [bmc-prof  83] wall=  35.340 p=   263 | ifo=  1.141(sd=0.247 nx=0.000 tfo=0.113 cnt=0.781) snap= 0.370 srm= 16.335 sat= 17.051(set=0.174 slv=16.855 max=0.9375 n=263) sim= 0.000(rmp=0.000 run=0.000) chk= 0.053 stat= 0.383 rest= 0.007
  [bmc-incr i=84 repr=111 active=1510/186885 POs=311]
BMC : c =  139548  cl =   9943  lit =  186727  p =   153  d =     0  f =   158  +  T =     0.04 sec
  [bmc-prof  84] wall=  38.160 p=   311 | ifo=  1.133(sd=0.265 nx=0.000 tfo=0.102 cnt=0.766) snap= 0.457 srm= 14.494 sat= 21.701(set=0.181 slv=21.494 max=3.0995 n=311) sim= 0.000(rmp=0.000 run=0.000) chk= 0.033 stat= 0.335 rest= 0.006
  [bmc-incr i=85 repr=158 active=1336/186727 POs=298]
BMC : c =  139525  cl =   9943  lit =  186700  p =   271  d =     0  f =    27  +  T =     0.03 sec
  [bmc-prof  85] wall=  26.709 p=   298 | ifo=  0.938(sd=0.217 nx=0.000 tfo=0.091 cnt=0.630) snap= 0.430 srm= 15.605 sat=  9.344(set=0.175 slv=9.150 max=2.2841 n=298) sim= 0.000(rmp=0.000 run=0.000) chk= 0.002 stat= 0.384 rest= 0.006
  [bmc-incr i=86 repr=27 active=1242/186700 POs=249]
BMC : c =  139503  cl =   9943  lit =  186674  p =   223  d =     0  f =    26  +  T =     0.03 sec
  [bmc-prof  86] wall=  25.983 p=   249 | ifo=  1.163(sd=0.272 nx=0.000 tfo=0.097 cnt=0.794) snap= 0.445 srm= 14.590 sat=  9.437(set=0.183 slv=9.236 max=2.4937 n=249) sim= 0.000(rmp=0.000 run=0.000) chk= 0.002 stat= 0.340 rest= 0.006
  [bmc-incr i=87 repr=26 active=755/186674 POs=89]
BMC : c =  139487  cl =   9943  lit =  186654  p =    69  d =     0  f =    20  +  T =     0.03 sec
  [bmc-prof  87] wall=  26.784 p=    89 | ifo=  0.991(sd=0.228 nx=0.000 tfo=0.070 cnt=0.693) snap= 0.388 srm= 16.468 sat=  8.541(set=0.176 slv=8.356 max=3.1384 n=89) sim= 0.000(rmp=0.000 run=0.000) chk= 0.002 stat= 0.388 rest= 0.006
  [bmc-incr i=88 repr=20 active=718/186654 POs=90]
BMC : c =  139473  cl =   9943  lit =  186636  p =    72  d =     0  f =    18  +  T =     0.02 sec
  [bmc-prof  88] wall=  23.863 p=    90 | ifo=  1.136(sd=0.278 nx=0.000 tfo=0.052 cnt=0.806) snap= 0.394 srm= 15.090 sat=  6.919(set=0.194 slv=6.718 max=2.4197 n=90) sim= 0.000(rmp=0.000 run=0.000) chk= 0.002 stat= 0.317 rest= 0.006
  [bmc-incr i=89 repr=18 active=700/186636 POs=93]
BMC : c =  139459  cl =   9943  lit =  186618  p =    75  d =     0  f =    18  +  T =     0.02 sec
  [bmc-prof  89] wall=  25.435 p=    93 | ifo=  0.884(sd=0.225 nx=0.000 tfo=0.047 cnt=0.612) snap= 0.377 srm= 14.217 sat=  9.498(set=0.185 slv=9.304 max=3.7541 n=93) sim= 0.000(rmp=0.000 run=0.000) chk= 0.002 stat= 0.451 rest= 0.006
  [bmc-incr i=90 repr=18 active=665/186618 POs=96]
BMC : c =  139445  cl =   9943  lit =  186600  p =    78  d =     0  f =    18  +  T =     0.02 sec
  [bmc-prof  90] wall=  25.004 p=    96 | ifo=  1.185(sd=0.312 nx=0.000 tfo=0.058 cnt=0.816) snap= 0.383 srm= 15.398 sat=  7.703(set=0.200 slv=7.493 max=2.7362 n=96) sim= 0.000(rmp=0.000 run=0.000) chk= 0.002 stat= 0.328 rest= 0.005
  [bmc-incr i=91 repr=18 active=647/186600 POs=98]
BMC : c =  139431  cl =   9942  lit =  186582  p =    80  d =     0  f =    18  +  T =     0.03 sec
  [bmc-prof  91] wall=  26.262 p=    98 | ifo=  0.912(sd=0.211 nx=0.000 tfo=0.053 cnt=0.647) snap= 0.388 srm= 15.755 sat=  8.800(set=0.185 slv=8.606 max=3.3091 n=98) sim= 0.000(rmp=0.000 run=0.000) chk= 0.002 stat= 0.398 rest= 0.007
  [bmc-incr i=92 repr=18 active=611/186582 POs=80]
BMC : c =  139412  cl =   9939  lit =  186559  p =    57  d =     0  f =    23  +  T =     0.02 sec
  [bmc-prof  92] wall=  25.007 p=    80 | ifo=  1.085(sd=0.261 nx=0.000 tfo=0.050 cnt=0.774) snap= 0.389 srm= 15.495 sat=  7.708(set=0.190 slv=7.510 max=2.4836 n=80) sim= 0.000(rmp=0.000 run=0.000) chk= 0.002 stat= 0.322 rest= 0.005
  [bmc-incr i=93 repr=23 active=511/186559 POs=57]
BMC : c =  139391  cl =   9938  lit =  186536  p =    34  d =     0  f =    23  +  T =     0.02 sec
  [bmc-prof  93] wall=  23.502 p=    57 | ifo=  0.860(sd=0.216 nx=0.000 tfo=0.045 cnt=0.600) snap= 0.367 srm= 14.701 sat=  7.259(set=0.172 slv=7.082 max=2.4685 n=57) sim= 0.000(rmp=0.000 run=0.000) chk= 0.001 stat= 0.308 rest= 0.005
  [bmc-incr i=94 repr=23 active=469/186536 POs=51]
BMC : c =  139374  cl =   9937  lit =  186518  p =    33  d =     0  f =    18  +  T =     0.02 sec
  [bmc-prof  94] wall=  24.018 p=    51 | ifo=  0.908(sd=0.219 nx=0.000 tfo=0.044 cnt=0.645) snap= 0.364 srm= 14.606 sat=  7.762(set=0.175 slv=7.582 max=2.8865 n=51) sim= 0.000(rmp=0.000 run=0.000) chk= 0.001 stat= 0.369 rest= 0.007
  [bmc-incr i=95 repr=18 active=372/186518 POs=26]
BMC : c =  139356  cl =   9935  lit =  186498  p =     6  d =     0  f =    20  +  T =     0.03 sec
  [bmc-prof  95] wall=  29.524 p=    26 | ifo=  1.068(sd=0.258 nx=0.000 tfo=0.050 cnt=0.759) snap= 0.397 srm= 18.278 sat=  9.459(set=0.619 slv=8.835 max=2.6236 n=26) sim= 0.000(rmp=0.000 run=0.000) chk= 0.001 stat= 0.315 rest= 0.005
  [bmc-incr i=96 repr=20 active=256/186498 POs=22]
BMC : c =  139339  cl =   9935  lit =  186481  p =     5  d =     0  f =    17  +  T =     0.02 sec
  [bmc-prof  96] wall=  24.254 p=    22 | ifo=  0.912(sd=0.214 nx=0.000 tfo=0.044 cnt=0.653) snap= 0.397 srm= 16.375 sat=  6.243(set=0.131 slv=6.107 max=2.2247 n=22) sim= 0.000(rmp=0.000 run=0.000) chk= 0.001 stat= 0.321 rest= 0.006
  [bmc-incr i=97 repr=17 active=238/186481 POs=13]
BMC : c =  139330  cl =   9935  lit =  186472  p =     4  d =     0  f =     9  +  T =     0.02 sec
  [bmc-prof  97] wall=  22.380 p=    13 | ifo=  0.944(sd=0.245 nx=0.000 tfo=0.046 cnt=0.653) snap= 0.416 srm= 15.713 sat=  4.970(set=0.134 slv=4.832 max=2.3954 n=13) sim= 0.000(rmp=0.000 run=0.000) chk= 0.001 stat= 0.331 rest= 0.006
  [bmc-incr i=98 repr=9 active=177/186472 POs=10]
BMC : c =  139321  cl =   9935  lit =  186463  p =     1  d =     0  f =     9  +  T =     0.02 sec
  [bmc-prof  98] wall=  23.260 p=    10 | ifo=  0.896(sd=0.233 nx=0.000 tfo=0.015 cnt=0.649) snap= 0.408 srm= 16.368 sat=  5.238(set=0.138 slv=5.096 max=2.5171 n=10) sim= 0.000(rmp=0.000 run=0.000) chk= 0.001 stat= 0.342 rest= 0.006
  [bmc-incr i=99 repr=9 active=168/186463 POs=8]
BMC : c =  139314  cl =   9935  lit =  186456  p =     1  d =     0  f =     7  +  T =     0.02 sec
  [bmc-prof  99] wall=  21.092 p=     8 | ifo=  0.911(sd=0.229 nx=0.000 tfo=0.014 cnt=0.668) snap= 0.466 srm= 15.089 sat=  4.296(set=0.154 slv=4.139 max=2.3346 n=8) sim= 0.000(rmp=0.000 run=0.000) chk= 0.001 stat= 0.323 rest= 0.006
  [bmc-incr i=100 repr=7 active=143/186456 POs=7]
BMC : c =  139307  cl =   9935  lit =  186449  p =     0  d =     0  f =     7  +  T =     0.02 sec
  [bmc-prof 100] wall=  19.694 p=     7 | ifo=  0.901(sd=0.237 nx=0.000 tfo=0.013 cnt=0.651) snap= 0.430 srm= 13.854 sat=  4.176(set=0.146 slv=4.027 max=2.2698 n=7) sim= 0.000(rmp=0.000 run=0.000) chk= 0.001 stat= 0.326 rest= 0.006
  [bmc-incr i=101 repr=7 active=136/186449 POs=5]
BMC : c =  139302  cl =   9935  lit =  186444  p =     0  d =     0  f =     5  +  T =     0.02 sec
  [bmc-prof 101] wall=  19.816 p=     5 | ifo=  0.867(sd=0.214 nx=0.000 tfo=0.012 cnt=0.641) snap= 0.433 srm= 14.264 sat=  3.929(set=0.117 slv=3.808 max=2.3055 n=5) sim= 0.000(rmp=0.000 run=0.000) chk= 0.001 stat= 0.317 rest= 0.005
  [bmc-incr i=102 repr=5 active=131/186444 POs=5]
BMC : c =  139297  cl =   9935  lit =  186439  p =     0  d =     0  f =     5  +  T =     0.02 sec
  [bmc-prof 102] wall=  23.926 p=     5 | ifo=  0.875(sd=0.232 nx=0.000 tfo=0.009 cnt=0.634) snap= 0.430 srm= 18.193 sat=  4.083(set=0.130 slv=3.951 max=2.4376 n=5) sim= 0.000(rmp=0.000 run=0.000) chk= 0.000 stat= 0.337 rest= 0.009
  [bmc-incr i=103 repr=5 active=126/186439 POs=5]
BMC : c =  139292  cl =   9935  lit =  186434  p =     0  d =     0  f =     5  +  T =     0.02 sec
  [bmc-prof 103] wall=  21.704 p=     5 | ifo=  0.960(sd=0.227 nx=0.000 tfo=0.008 cnt=0.724) snap= 0.373 srm= 15.562 sat=  4.361(set=0.106 slv=4.252 max=2.6291 n=5) sim= 0.000(rmp=0.000 run=0.000) chk= 0.001 stat= 0.439 rest= 0.008
  [bmc-incr i=104 repr=5 active=121/186434 POs=5]
BMC : c =  139287  cl =   9935  lit =  186429  p =     0  d =     0  f =     5  +  T =     0.02 sec
  [bmc-prof 104] wall=  21.891 p=     5 | ifo=  1.164(sd=0.300 nx=0.000 tfo=0.010 cnt=0.854) snap= 0.388 srm= 15.869 sat=  4.085(set=0.111 slv=3.971 max=2.4932 n=5) sim= 0.000(rmp=0.000 run=0.000) chk= 0.000 stat= 0.378 rest= 0.007
  [bmc-incr i=105 repr=5 active=116/186429 POs=5]
BMC : c =  139282  cl =   9935  lit =  186424  p =     0  d =     0  f =     5  +  T =     0.02 sec
  [bmc-prof 105] wall=  20.361 p=     5 | ifo=  0.957(sd=0.244 nx=0.000 tfo=0.007 cnt=0.706) snap= 0.385 srm= 14.852 sat=  3.837(set=0.109 slv=3.726 max=2.2941 n=5) sim= 0.000(rmp=0.000 run=0.000) chk= 0.001 stat= 0.322 rest= 0.007
  [bmc-incr i=106 repr=5 active=111/186424 POs=5]
BMC : c =  139277  cl =   9935  lit =  186419  p =     0  d =     0  f =     5  +  T =     0.02 sec
  [bmc-prof 106] wall=  22.663 p=     5 | ifo=  0.884(sd=0.215 nx=0.000 tfo=0.008 cnt=0.661) snap= 0.362 srm= 13.804 sat=  7.047(set=0.104 slv=6.939 max=5.3386 n=5) sim= 0.000(rmp=0.000 run=0.000) chk= 0.001 stat= 0.559 rest= 0.007
  [bmc-incr i=107 repr=5 active=106/186419 POs=5]
BMC : c =  139272  cl =   9935  lit =  186414  p =     0  d =     0  f =     5  +  T =     0.02 sec
  [bmc-prof 107] wall=  21.896 p=     5 | ifo=  1.264(sd=0.293 nx=0.000 tfo=0.009 cnt=0.962) snap= 0.364 srm= 15.868 sat=  3.936(set=0.102 slv=3.831 max=2.3623 n=5) sim= 0.000(rmp=0.000 run=0.000) chk= 0.000 stat= 0.455 rest= 0.009
  [bmc-incr i=108 repr=5 active=101/186414 POs=5]
BMC : c =  139267  cl =   9935  lit =  186409  p =     0  d =     0  f =     5  +  T =     0.02 sec
  [bmc-prof 108] wall=  20.997 p=     5 | ifo=  1.250(sd=0.302 nx=0.000 tfo=0.010 cnt=0.939) snap= 0.380 srm= 15.156 sat=  3.878(set=0.111 slv=3.764 max=2.3433 n=5) sim= 0.000(rmp=0.000 run=0.000) chk= 0.000 stat= 0.326 rest= 0.006
  [bmc-incr i=109 repr=5 active=96/186409 POs=5]
BMC : c =  139262  cl =   9935  lit =  186404  p =     0  d =     0  f =     5  +  T =     0.02 sec
  [bmc-prof 109] wall=  20.686 p=     5 | ifo=  0.984(sd=0.234 nx=0.000 tfo=0.009 cnt=0.742) snap= 0.371 srm= 15.180 sat=  3.799(set=0.106 slv=3.692 max=2.2978 n=5) sim= 0.000(rmp=0.000 run=0.000) chk= 0.000 stat= 0.344 rest= 0.008
  [bmc-incr i=110 repr=5 active=91/186404 POs=5]
BMC : c =  139257  cl =   9935  lit =  186399  p =     0  d =     0  f =     5  +  T =     0.02 sec
  [bmc-prof 110] wall=  22.899 p=     5 | ifo=  1.373(sd=0.322 nx=0.000 tfo=0.010 cnt=1.041) snap= 0.416 srm= 15.919 sat=  4.655(set=0.109 slv=4.542 max=2.9355 n=5) sim= 0.000(rmp=0.000 run=0.000) chk= 0.001 stat= 0.528 rest= 0.007
  [bmc-incr i=111 repr=5 active=86/186399 POs=5]
BMC : c =  139252  cl =   9935  lit =  186394  p =     0  d =     0  f =     5  +  T =     0.02 sec
  [bmc-prof 111] wall=  21.452 p=     5 | ifo=  1.293(sd=0.357 nx=0.000 tfo=0.011 cnt=0.924) snap= 0.419 srm= 15.244 sat=  4.078(set=0.108 slv=3.968 max=2.2855 n=5) sim= 0.000(rmp=0.000 run=0.000) chk= 0.001 stat= 0.411 rest= 0.006
  [bmc-incr i=112 repr=5 active=81/186394 POs=5]
BMC : c =  139247  cl =   9935  lit =  186389  p =     0  d =     0  f =     5  +  T =     0.02 sec
  [bmc-prof 112] wall=  19.999 p=     5 | ifo=  0.851(sd=0.215 nx=0.000 tfo=0.009 cnt=0.627) snap= 0.407 srm= 14.366 sat=  4.021(set=0.103 slv=3.914 max=2.2607 n=5) sim= 0.000(rmp=0.000 run=0.000) chk= 0.001 stat= 0.347 rest= 0.006
  [bmc-incr i=113 repr=5 active=76/186389 POs=5]
BMC : c =  139242  cl =   9935  lit =  186384  p =     0  d =     0  f =     5  +  T =     0.02 sec
  [bmc-prof 113] wall=  24.825 p=     5 | ifo=  0.870(sd=0.222 nx=0.000 tfo=0.009 cnt=0.639) snap= 0.414 srm= 18.910 sat=  4.284(set=0.118 slv=4.164 max=2.5716 n=5) sim= 0.000(rmp=0.000 run=0.000) chk= 0.000 stat= 0.340 rest= 0.007
  [bmc-incr i=114 repr=5 active=71/186384 POs=5]
BMC : c =  139237  cl =   9935  lit =  186379  p =     0  d =     0  f =     5  +  T =     0.02 sec
  [bmc-prof 114] wall=  21.090 p=     5 | ifo=  0.957(sd=0.236 nx=0.000 tfo=0.007 cnt=0.714) snap= 0.382 srm= 15.050 sat=  4.307(set=0.108 slv=4.196 max=2.6551 n=5) sim= 0.000(rmp=0.000 run=0.000) chk= 0.000 stat= 0.387 rest= 0.007
  [bmc-incr i=115 repr=5 active=66/186379 POs=5]
BMC : c =  139232  cl =   9935  lit =  186374  p =     0  d =     0  f =     5  +  T =     0.02 sec
  [bmc-prof 115] wall=  19.865 p=     5 | ifo=  1.174(sd=0.305 nx=0.000 tfo=0.009 cnt=0.860) snap= 0.369 srm= 14.286 sat=  3.732(set=0.104 slv=3.626 max=2.2180 n=5) sim= 0.000(rmp=0.000 run=0.000) chk= 0.000 stat= 0.297 rest= 0.007
  [bmc-incr i=116 repr=5 active=61/186374 POs=5]
BMC : c =  139227  cl =   9935  lit =  186369  p =     0  d =     0  f =     5  +  T =     0.02 sec
  [bmc-prof 116] wall=  19.186 p=     5 | ifo=  0.937(sd=0.201 nx=0.000 tfo=0.008 cnt=0.729) snap= 0.362 srm= 13.756 sat=  3.810(set=0.101 slv=3.706 max=2.3214 n=5) sim= 0.000(rmp=0.000 run=0.000) chk= 0.000 stat= 0.315 rest= 0.006
  [bmc-incr i=117 repr=5 active=56/186369 POs=5]
BMC : c =  139222  cl =   9935  lit =  186364  p =     0  d =     0  f =     5  +  T =     0.02 sec
  [bmc-prof 117] wall=  20.368 p=     5 | ifo=  0.976(sd=0.220 nx=0.000 tfo=0.008 cnt=0.749) snap= 0.383 srm= 14.599 sat=  4.027(set=0.105 slv=3.920 max=2.4386 n=5) sim= 0.000(rmp=0.000 run=0.000) chk= 0.000 stat= 0.374 rest= 0.008
  [bmc-incr i=118 repr=5 active=51/186364 POs=5]
BMC : c =  139217  cl =   9935  lit =  186359  p =     0  d =     0  f =     5  +  T =     0.02 sec
  [bmc-prof 118] wall=  21.137 p=     5 | ifo=  1.312(sd=0.263 nx=0.000 tfo=0.021 cnt=1.028) snap= 0.378 srm= 14.987 sat=  4.037(set=0.107 slv=3.927 max=2.4465 n=5) sim= 0.000(rmp=0.000 run=0.000) chk= 0.001 stat= 0.416 rest= 0.007
  [bmc-incr i=119 repr=5 active=46/186359 POs=5]
BMC : c =  139212  cl =   9935  lit =  186354  p =     0  d =     0  f =     5  +  T =     0.02 sec
  [bmc-prof 119] wall=  21.308 p=     5 | ifo=  0.940(sd=0.228 nx=0.000 tfo=0.007 cnt=0.705) snap= 0.416 srm= 15.181 sat=  4.335(set=0.106 slv=4.226 max=2.6740 n=5) sim= 0.000(rmp=0.000 run=0.000) chk= 0.001 stat= 0.429 rest= 0.007
  [bmc-incr i=120 repr=5 active=41/186354 POs=5]
BMC : c =  139207  cl =   9935  lit =  186349  p =     0  d =     0  f =     5  +  T =     0.02 sec
  [bmc-prof 120] wall=  20.618 p=     5 | ifo=  1.193(sd=0.295 nx=0.000 tfo=0.009 cnt=0.889) snap= 0.383 srm= 14.751 sat=  3.962(set=0.104 slv=3.856 max=2.4156 n=5) sim= 0.000(rmp=0.000 run=0.000) chk= 0.000 stat= 0.320 rest= 0.008
  [bmc-incr i=121 repr=5 active=36/186349 POs=5]
BMC : c =  139202  cl =   9935  lit =  186344  p =     0  d =     0  f =     5  +  T =     0.02 sec
  [bmc-prof 121] wall=  20.810 p=     5 | ifo=  0.896(sd=0.223 nx=0.000 tfo=0.008 cnt=0.666) snap= 0.387 srm= 15.044 sat=  4.143(set=0.112 slv=4.028 max=2.4361 n=5) sim= 0.000(rmp=0.000 run=0.000) chk= 0.000 stat= 0.331 rest= 0.008
  [bmc-incr i=122 repr=5 active=31/186344 POs=5]
BMC : c =  139197  cl =   9935  lit =  186339  p =     0  d =     0  f =     5  +  T =     0.02 sec
  [bmc-prof 122] wall=  19.520 p=     5 | ifo=  0.869(sd=0.216 nx=0.000 tfo=0.008 cnt=0.646) snap= 0.386 srm= 13.866 sat=  4.070(set=0.105 slv=3.962 max=2.4382 n=5) sim= 0.000(rmp=0.000 run=0.000) chk= 0.000 stat= 0.321 rest= 0.008
  [bmc-incr i=123 repr=5 active=26/186339 POs=4]
BMC : c =  139193  cl =   9935  lit =  186335  p =     0  d =     0  f =     4  +  T =     0.02 sec
  [bmc-prof 123] wall=  21.315 p=     4 | ifo=  0.885(sd=0.217 nx=0.000 tfo=0.008 cnt=0.661) snap= 0.371 srm= 13.879 sat=  5.603(set=0.100 slv=5.499 max=4.3376 n=4) sim= 0.000(rmp=0.000 run=0.000) chk= 0.001 stat= 0.568 rest= 0.007
  [bmc-incr i=124 repr=4 active=22/186335 POs=4]
BMC : c =  139189  cl =   9935  lit =  186331  p =     0  d =     0  f =     4  +  T =     0.02 sec
  [bmc-prof 124] wall=  21.327 p=     4 | ifo=  1.298(sd=0.304 nx=0.000 tfo=0.007 cnt=0.987) snap= 0.449 srm= 15.727 sat=  3.534(set=0.116 slv=3.415 max=2.3602 n=4) sim= 0.000(rmp=0.000 run=0.000) chk= 0.001 stat= 0.312 rest= 0.007
  [bmc-incr i=125 repr=4 active=18/186331 POs=4]
BMC : c =  139186  cl =   9935  lit =  186327  p =     0  d =     0  f =     4  +  T =     0.03 sec
  [bmc-prof 125] wall=  25.852 p=     4 | ifo=  0.865(sd=0.208 nx=0.000 tfo=0.006 cnt=0.651) snap= 0.417 srm= 17.491 sat=  6.608(set=1.156 slv=5.449 max=3.5577 n=4) sim= 0.000(rmp=0.000 run=0.000) chk= 0.001 stat= 0.465 rest= 0.007
  [bmc-incr i=126 repr=4 active=14/186327 POs=4]
BMC : c =  139183  cl =   9934  lit =  186323  p =     0  d =     0  f =     4  +  T =     0.03 sec
  [bmc-prof 126] wall=  26.178 p=     4 | ifo=  1.225(sd=0.324 nx=0.000 tfo=0.007 cnt=0.894) snap= 0.603 srm= 18.847 sat=  5.159(set=1.008 slv=4.148 max=2.8626 n=4) sim= 0.000(rmp=0.000 run=0.000) chk= 0.001 stat= 0.336 rest= 0.006
  [bmc-incr i=127 repr=4 active=10/186323 POs=2]
BMC : c =  139181  cl =   9934  lit =  186321  p =     0  d =     0  f =     2  +  T =     0.02 sec
  [bmc-prof 127] wall=  18.208 p=     2 | ifo=  1.015(sd=0.219 nx=0.000 tfo=0.007 cnt=0.789) snap= 0.410 srm= 15.665 sat=  0.778(set=0.054 slv=0.722 max=0.4687 n=2) sim= 0.000(rmp=0.000 run=0.000) chk= 0.000 stat= 0.332 rest= 0.008
  [bmc-incr i=128 repr=2 active=8/186321 POs=2]
BMC : c =  139179  cl =   9934  lit =  186319  p =     0  d =     0  f =     2  +  T =     0.02 sec
  [bmc-prof 128] wall=  15.584 p=     2 | ifo=  0.876(sd=0.214 nx=0.000 tfo=0.006 cnt=0.656) snap= 0.353 srm= 13.132 sat=  0.860(set=0.054 slv=0.804 max=0.5622 n=2) sim= 0.000(rmp=0.000 run=0.000) chk= 0.001 stat= 0.358 rest= 0.005
  [bmc-incr i=129 repr=2 active=6/186319 POs=1]
BMC : c =  139178  cl =   9934  lit =  186318  p =     0  d =     0  f =     1  +  T =     0.02 sec
  [bmc-prof 129] wall=  15.464 p=     1 | ifo=  0.981(sd=0.260 nx=0.000 tfo=0.006 cnt=0.714) snap= 0.387 srm= 13.487 sat=  0.282(set=0.031 slv=0.250 max=0.2496 n=1) sim= 0.000(rmp=0.000 run=0.000) chk= 0.000 stat= 0.321 rest= 0.006
  [bmc-incr i=130 repr=1 active=5/186318 POs=1]
BMC : c =  139177  cl =   9934  lit =  186317  p =     0  d =     0  f =     1  +  T =     0.01 sec
  [bmc-prof 130] wall=  15.105 p=     1 | ifo=  0.850(sd=0.201 nx=0.000 tfo=0.004 cnt=0.644) snap= 0.396 srm= 13.260 sat=  0.282(set=0.030 slv=0.250 max=0.2501 n=1) sim= 0.000(rmp=0.000 run=0.000) chk= 0.000 stat= 0.312 rest= 0.006
  [bmc-incr i=131 repr=1 active=4/186317 POs=1]
BMC : c =  139176  cl =   9934  lit =  186316  p =     0  d =     0  f =     1  +  T =     0.02 sec
  [bmc-prof 131] wall=  15.617 p=     1 | ifo=  0.871(sd=0.204 nx=0.000 tfo=0.004 cnt=0.663) snap= 0.385 srm= 13.746 sat=  0.282(set=0.038 slv=0.243 max=0.2430 n=1) sim= 0.000(rmp=0.000 run=0.000) chk= 0.000 stat= 0.326 rest= 0.006
  [bmc-incr i=132 repr=1 active=3/186316 POs=0]
  [bmc-prof ALL] wall=21096.425 p=510343 | ifo=295.056(sd=33.563 nx=0.000 tfo=166.342 cnt=95.151) snap=54.628 srm=2146.312 sat=18121.349(set=54.408 slv=18029.403 max=5.8248 n=510343) sim=417.377(rmp=19.461 run=397.889) chk=11.400 stat=48.851 rest= 1.452
  1 : c =  138774  cl =   9902  lit =  185087  p = 23550  d =     0  f =  1236  +  T =     0.15 sec
  [prof   1] wall= 153.457 p= 24786 | ifo=  0.000(sd=0.000 nx=0.000 tfo=0.000 cnt=0.000) snap= 0.369 srm= 26.348 sat=125.822(set=1.659 slv=122.644 max=0.7679 n=24786) sim= 0.000(rmp=0.000 run=0.000) chk= 0.150 stat= 0.527 rest= 0.241
  2 : c =  138277  cl =   9871  lit =  183843  p = 24061  d =     0  f =  1246  +  T =     0.16 sec
  [prof   2] wall= 161.132 p= 25307 | ifo=  7.913(sd=0.362 nx=0.282 tfo=6.666 cnt=0.602) snap= 0.386 srm= 26.852 sat=125.171(set=2.782 slv=120.975 max=0.2684 n=25307) sim= 0.000(rmp=0.000 run=0.000) chk= 0.160 stat= 0.459 rest= 0.192
  3 : c =  137375  cl =   9852  lit =  182638  p = 24170  d =     0  f =  1206  -  T =     0.19 sec
  [prof   3] wall= 188.787 p= 25376 | ifo=  5.923(sd=0.340 nx=0.294 tfo=4.705 cnt=0.585) snap= 0.425 srm= 53.951 sat=127.759(set=3.282 slv=122.980 max=0.6947 n=25376) sim= 0.000(rmp=0.000 run=0.000) chk= 0.122 stat= 0.455 rest= 0.154
  4 : c =  136463  cl =   9841  lit =  180921  p = 24810  d =     0  f =  1717  -  T =     0.18 sec
  [prof   4] wall= 177.517 p= 26527 | ifo=  6.453(sd=0.532 nx=0.291 tfo=5.024 cnt=0.606) snap= 0.457 srm= 24.296 sat=145.832(set=1.568 slv=142.782 max=0.8180 n=26527) sim= 0.000(rmp=0.000 run=0.000) chk= 0.140 stat= 0.335 rest= 0.005
  5 : c =  135569  cl =   9831  lit =  179200  p = 25515  d =     0  f =  1721  -  T =     0.18 sec
  [prof   5] wall= 177.696 p= 27236 | ifo=  5.357(sd=0.245 nx=0.200 tfo=4.406 cnt=0.506) snap= 0.395 srm= 20.094 sat=151.268(set=1.540 slv=148.101 max=0.4099 n=27236) sim= 0.000(rmp=0.000 run=0.000) chk= 0.151 stat= 0.427 rest= 0.005
  6 : c =  134685  cl =   9815  lit =  177457  p = 26166  d =     0  f =  1744  -  T =     0.18 sec
  [prof   6] wall= 183.678 p= 27910 | ifo=  5.754(sd=0.264 nx=0.215 tfo=4.702 cnt=0.573) snap= 0.387 srm= 18.960 sat=158.040(set=1.497 slv=154.954 max=0.3562 n=27910) sim= 0.000(rmp=0.000 run=0.000) chk= 0.160 stat= 0.372 rest= 0.005
  7 : c =  133803  cl =   9787  lit =  175717  p = 26820  d =     0  f =  1740  -  T =     0.18 sec
  [prof   7] wall= 180.655 p= 28560 | ifo=  5.590(sd=0.276 nx=0.199 tfo=4.570 cnt=0.546) snap= 0.381 srm= 19.291 sat=154.837(set=1.552 slv=151.550 max=0.3949 n=28560) sim= 0.000(rmp=0.000 run=0.000) chk= 0.166 stat= 0.386 rest= 0.005
  8 : c =  132704  cl =   9747  lit =  173801  p = 27202  d =     0  f =  1916  -  T =     0.19 sec
  [prof   8] wall= 189.515 p= 29118 | ifo=  5.764(sd=0.272 nx=0.238 tfo=4.677 cnt=0.578) snap= 0.411 srm= 20.778 sat=162.062(set=1.617 slv=158.792 max=0.5528 n=29118) sim= 0.000(rmp=0.000 run=0.000) chk= 0.151 stat= 0.345 rest= 0.005
  9 : c =  131474  cl =   9709  lit =  171707  p = 27713  d =     0  f =  2094  -  T =     0.19 sec
  [prof   9] wall= 191.578 p= 29807 | ifo=  5.745(sd=0.250 nx=0.185 tfo=4.728 cnt=0.581) snap= 0.405 srm= 19.924 sat=164.960(set=1.736 slv=161.517 max=0.5707 n=29807) sim= 0.000(rmp=0.000 run=0.000) chk= 0.158 stat= 0.379 rest= 0.007
 10 : c =  130225  cl =   9651  lit =  169539  p = 28154  d =     0  f =  2168  -  T =     0.20 sec
  [prof  10] wall= 201.259 p= 30322 | ifo=  5.363(sd=0.276 nx=0.206 tfo=4.361 cnt=0.520) snap= 0.400 srm= 19.394 sat=175.510(set=1.636 slv=172.154 max=0.3266 n=30322) sim= 0.000(rmp=0.000 run=0.000) chk= 0.178 stat= 0.407 rest= 0.006
 11 : c =  129013  cl =   9586  lit =  167409  p = 28575  d =     0  f =  2139  -  T =     0.21 sec
  [prof  11] wall= 208.239 p= 30714 | ifo=  5.649(sd=0.296 nx=0.211 tfo=4.567 cnt=0.574) snap= 0.375 srm= 19.641 sat=181.799(set=1.533 slv=178.533 max=0.2565 n=30714) sim= 0.000(rmp=0.000 run=0.000) chk= 0.194 stat= 0.574 rest= 0.006
  [incr r=11 repr=2132 next=1695 tfo=290062 active=123380/176995 POs=19888]
 12 : c =  127832  cl =   9524  lit =  165369  p = 17846  d =     0  f =  2042  -  T =     0.19 sec
  [prof  12] wall= 189.228 p= 19888 | ifo=  6.227(sd=0.366 nx=0.289 tfo=5.015 cnt=0.558) snap= 0.398 srm= 17.446 sat=164.544(set=1.395 slv=161.977 max=0.2782 n=19888) sim= 0.000(rmp=0.000 run=0.000) chk= 0.171 stat= 0.435 rest= 0.008
  [incr r=12 repr=2053 next=1604 tfo=289103 active=120949/174893 POs=20246]
 13 : c =  126583  cl =   9459  lit =  163311  p = 18181  d =     0  f =  2065  -  T =     0.21 sec
  [prof  13] wall= 208.683 p= 20246 | ifo=  5.533(sd=0.326 nx=0.258 tfo=4.414 cnt=0.535) snap= 0.395 srm= 19.998 sat=182.258(set=1.357 slv=179.672 max=0.3438 n=20246) sim= 0.000(rmp=0.000 run=0.000) chk= 0.136 stat= 0.354 rest= 0.008
  [incr r=13 repr=2072 next=1492 tfo=287108 active=118358/172770 POs=20398]
 14 : c =  125235  cl =   9392  lit =  161212  p = 18299  d =     0  f =  2099  -  T =     0.21 sec
  [prof  14] wall= 214.216 p= 20398 | ifo=  5.457(sd=0.250 nx=0.186 tfo=4.452 cnt=0.570) snap= 0.371 srm= 16.746 sat=191.023(set=1.360 slv=188.469 max=1.0534 n=20398) sim= 0.000(rmp=0.000 run=0.000) chk= 0.172 stat= 0.438 rest= 0.008
  [incr r=14 repr=2130 next=1408 tfo=285511 active=115652/170604 POs=20557]
 15 : c =  123879  cl =   9323  lit =  159077  p = 18422  d =     0  f =  2135  -  T =     0.22 sec
  [prof  15] wall= 223.532 p= 20557 | ifo=  5.394(sd=0.310 nx=0.248 tfo=4.263 cnt=0.573) snap= 0.390 srm= 17.821 sat=199.379(set=1.352 slv=196.782 max=0.4175 n=20557) sim= 0.000(rmp=0.000 run=0.000) chk= 0.147 stat= 0.394 rest= 0.009
  [incr r=15 repr=2209 next=1442 tfo=283259 active=112977/168400 POs=20798]
 16 : c =  122427  cl =   9261  lit =  156832  p = 18553  d =     0  f =  2245  -  T =     0.23 sec
  [prof  16] wall= 234.624 p= 20798 | ifo=  5.512(sd=0.286 nx=0.203 tfo=4.449 cnt=0.574) snap= 0.472 srm= 17.664 sat=210.389(set=1.492 slv=207.664 max=0.5858 n=20798) sim= 0.000(rmp=0.000 run=0.000) chk= 0.156 stat= 0.422 rest= 0.009
  [incr r=16 repr=2288 next=1476 tfo=281767 active=110214/166093 POs=20758]
 17 : c =  120974  cl =   9170  lit =  154624  p = 18532  d =     0  f =  2226  -  T =     0.23 sec
  [prof  17] wall= 227.134 p= 20758 | ifo=  6.048(sd=0.265 nx=0.196 tfo=5.019 cnt=0.569) snap= 0.369 srm= 16.906 sat=203.262(set=1.409 slv=200.627 max=0.3773 n=20758) sim= 0.000(rmp=0.000 run=0.000) chk= 0.147 stat= 0.394 rest= 0.008
  [incr r=17 repr=2306 next=1363 tfo=279861 active=107573/163794 POs=20559]
 18 : c =  119507  cl =   9082  lit =  152433  p = 18362  d =     0  f =  2197  -  T =     0.24 sec
  [prof  18] wall= 239.214 p= 20559 | ifo=  5.370(sd=0.276 nx=0.215 tfo=4.299 cnt=0.580) snap= 0.411 srm= 22.954 sat=209.856(set=1.577 slv=207.037 max=0.4574 n=20559) sim= 0.000(rmp=0.000 run=0.000) chk= 0.159 stat= 0.454 rest= 0.009
  [incr r=18 repr=2306 next=1303 tfo=277483 active=104453/161515 POs=20201]
 19 : c =  117953  cl =   8984  lit =  150202  p = 17966  d =     0  f =  2235  -  T =     0.24 sec
  [prof  19] wall= 236.149 p= 20201 | ifo=  5.287(sd=0.316 nx=0.287 tfo=4.160 cnt=0.524) snap= 0.369 srm= 16.974 sat=213.010(set=1.469 slv=210.351 max=0.8481 n=20201) sim= 0.000(rmp=0.000 run=0.000) chk= 0.132 stat= 0.368 rest= 0.009
  [incr r=19 repr=2435 next=1199 tfo=280086 active=102439/159186 POs=20075]
 20 : c =  116333  cl =   8868  lit =  147883  p = 17745  d =     0  f =  2330  -  T =     0.26 sec
  [prof  20] wall= 262.663 p= 20075 | ifo=  5.174(sd=0.255 nx=0.192 tfo=4.115 cnt=0.612) snap= 0.577 srm= 18.156 sat=238.213(set=2.168 slv=234.859 max=0.6987 n=20075) sim= 0.000(rmp=0.000 run=0.000) chk= 0.157 stat= 0.376 rest= 0.010
  [incr r=20 repr=2499 next=1219 tfo=277823 active=99295/156751 POs=19279]
 21 : c =  114714  cl =   8739  lit =  145591  p = 16977  d =     0  f =  2302  -  T =     0.27 sec
  [prof  21] wall= 267.389 p= 19279 | ifo=  5.616(sd=0.278 nx=0.191 tfo=4.478 cnt=0.669) snap= 0.384 srm= 17.528 sat=243.232(set=1.479 slv=240.586 max=0.8255 n=19279) sim= 0.000(rmp=0.000 run=0.000) chk= 0.153 stat= 0.466 rest= 0.010
  [incr r=21 repr=2374 next=1132 tfo=274566 active=96075/154330 POs=18469]
 22 : c =  113012  cl =   8595  lit =  143245  p = 16114  d =     0  f =  2355  -  T =     0.28 sec
  [prof  22] wall= 285.236 p= 18469 | ifo=  5.842(sd=0.329 nx=0.219 tfo=4.634 cnt=0.660) snap= 0.370 srm= 17.241 sat=261.272(set=1.463 slv=258.591 max=0.6794 n=18469) sim= 0.000(rmp=0.000 run=0.000) chk= 0.136 stat= 0.365 rest= 0.009
  [incr r=22 repr=2469 next=1039 tfo=265980 active=91674/151840 POs=17108]
 23 : c =  111258  cl =   8475  lit =  140997  p = 14849  d =     0  f =  2259  -  T =     0.28 sec
  [prof  23] wall= 280.021 p= 17108 | ifo=  4.973(sd=0.269 nx=0.194 tfo=4.016 cnt=0.493) snap= 0.443 srm= 17.392 sat=256.592(set=2.014 slv=253.536 max=0.5485 n=17108) sim= 0.000(rmp=0.000 run=0.000) chk= 0.123 stat= 0.489 rest= 0.009
  [incr r=23 repr=2380 next=813 tfo=256489 active=88392/149472 POs=15968]
 24 : c =  109501  cl =   8339  lit =  138790  p = 13738  d =     0  f =  2230  -  T =     0.29 sec
  [prof  24] wall= 287.023 p= 15968 | ifo=  5.601(sd=0.324 nx=0.224 tfo=4.340 cnt=0.712) snap= 0.442 srm= 18.024 sat=262.468(set=1.631 slv=259.872 max=0.5104 n=15968) sim= 0.000(rmp=0.000 run=0.000) chk= 0.101 stat= 0.379 rest= 0.008
  [incr r=24 repr=2283 next=712 tfo=252895 active=84836/147129 POs=14904]
 25 : c =  107689  cl =   8192  lit =  136578  p = 12654  d =     0  f =  2250  -  T =     0.30 sec
  [prof  25] wall= 301.276 p= 14904 | ifo=  5.426(sd=0.249 nx=0.198 tfo=3.996 cnt=0.983) snap= 0.671 srm= 17.996 sat=276.654(set=1.722 slv=273.947 max=0.5892 n=14904) sim= 0.000(rmp=0.000 run=0.000) chk= 0.100 stat= 0.420 rest= 0.010
  [incr r=25 repr=2384 next=592 tfo=252404 active=82317/144770 POs=13845]
 26 : c =  105845  cl =   8061  lit =  134392  p = 11628  d =     0  f =  2217  -  T =     0.31 sec
  [prof  26] wall= 312.745 p= 13845 | ifo=  5.424(sd=0.289 nx=0.211 tfo=4.325 cnt=0.599) snap= 0.525 srm= 19.734 sat=286.544(set=1.723 slv=283.902 max=0.5117 n=13845) sim= 0.000(rmp=0.000 run=0.000) chk= 0.092 stat= 0.416 rest= 0.009
  [incr r=26 repr=2332 next=505 tfo=242883 active=78630/142453 POs=12577]
 27 : c =  103935  cl =   7935  lit =  132181  p = 10337  d =     0  f =  2240  -  T =     0.31 sec
  [prof  27] wall= 310.994 p= 12577 | ifo=  4.964(sd=0.265 nx=0.193 tfo=3.975 cnt=0.532) snap= 0.422 srm= 17.557 sat=287.242(set=1.693 slv=284.736 max=0.9898 n=12577) sim= 0.000(rmp=0.000 run=0.000) chk= 0.090 stat= 0.709 rest= 0.010
  [incr r=27 repr=2270 next=429 tfo=239795 active=75361/140116 POs=11468]
 28 : c =  102055  cl =   7814  lit =  130016  p =  9265  d =     0  f =  2203  -  T =     0.29 sec
  [prof  28] wall= 289.978 p= 11468 | ifo=  4.693(sd=0.337 nx=0.240 tfo=3.573 cnt=0.543) snap= 0.413 srm= 16.353 sat=267.803(set=1.348 slv=265.720 max=1.0450 n=11468) sim= 0.000(rmp=0.000 run=0.000) chk= 0.081 stat= 0.627 rest= 0.008
  [incr r=28 repr=2236 next=391 tfo=237909 active=73124/137830 POs=10705]
 29 : c =  100421  cl =   7708  lit =  128055  p =  8701  d =     0  f =  2004  -  T =     0.26 sec
  [prof  29] wall= 265.176 p= 10705 | ifo=  4.842(sd=0.350 nx=0.267 tfo=3.685 cnt=0.540) snap= 0.401 srm= 16.519 sat=242.961(set=1.365 slv=240.909 max=0.5590 n=10705) sim= 0.000(rmp=0.000 run=0.000) chk= 0.077 stat= 0.367 rest= 0.009
  [incr r=29 repr=2110 next=449 tfo=240731 active=73284/135763 POs=10139]
 30 : c =   99081  cl =   7583  lit =  126353  p =  8383  d =     0  f =  1756  -  T =     0.22 sec
  [prof  30] wall= 221.087 p= 10139 | ifo=  4.568(sd=0.243 nx=0.203 tfo=3.470 cnt=0.652) snap= 0.364 srm= 16.928 sat=198.775(set=1.399 slv=196.728 max=0.5757 n=10139) sim= 0.000(rmp=0.000 run=0.000) chk= 0.077 stat= 0.367 rest= 0.008
  [incr r=30 repr=1846 next=493 tfo=242404 active=73258/133936 POs=9900]
 31 : c =   97813  cl =   7511  lit =  124816  p =  8322  d =     0  f =  1578  -  T =     0.21 sec
  [prof  31] wall= 212.560 p=  9900 | ifo=  4.700(sd=0.246 nx=0.189 tfo=3.671 cnt=0.595) snap= 0.376 srm= 17.784 sat=189.172(set=1.498 slv=187.045 max=0.4753 n=9900) sim= 0.000(rmp=0.000 run=0.000) chk= 0.083 stat= 0.437 rest= 0.008
  [incr r=31 repr=1652 next=380 tfo=255799 active=87461/132327 POs=10073]
 32 : c =   96653  cl =   7432  lit =  123423  p =  8649  d =     0  f =  1424  -  T =     0.22 sec
  [prof  32] wall= 216.172 p= 10073 | ifo=  5.445(sd=0.300 nx=0.210 tfo=4.369 cnt=0.566) snap= 0.399 srm= 17.804 sat=192.035(set=1.568 slv=189.790 max=0.8857 n=10073) sim= 0.000(rmp=0.000 run=0.000) chk= 0.070 stat= 0.412 rest= 0.007
  [incr r=32 repr=1506 next=329 tfo=231162 active=65577/130855 POs=9088]
 33 : c =   95528  cl =   7376  lit =  122079  p =  7713  d =     0  f =  1375  -  T =     0.21 sec
  [prof  33] wall= 206.882 p=  9088 | ifo=  4.158(sd=0.257 nx=0.199 tfo=3.207 cnt=0.495) snap= 0.368 srm= 18.058 sat=183.809(set=1.430 slv=181.614 max=0.7572 n=9088) sim= 0.000(rmp=0.000 run=0.000) chk= 0.074 stat= 0.407 rest= 0.008
  [incr r=33 repr=1452 next=327 tfo=229208 active=63633/129455 POs=8818]
 34 : c =   94477  cl =   7328  lit =  120848  p =  7565  d =     0  f =  1253  -  T =     0.20 sec
  [prof  34] wall= 197.201 p=  8818 | ifo=  5.221(sd=0.385 nx=0.277 tfo=3.990 cnt=0.568) snap= 0.395 srm= 17.700 sat=173.412(set=1.502 slv=171.344 max=3.2967 n=8818) sim= 0.000(rmp=0.000 run=0.000) chk= 0.064 stat= 0.403 rest= 0.007
  [incr r=34 repr=1328 next=247 tfo=226276 active=62018/128176 POs=8514]
 35 : c =   93457  cl =   7291  lit =  119694  p =  7337  d =     0  f =  1177  -  T =     0.19 sec
  [prof  35] wall= 186.537 p=  8514 | ifo=  4.582(sd=0.262 nx=0.229 tfo=3.503 cnt=0.587) snap= 0.386 srm= 17.525 sat=163.607(set=1.495 slv=161.579 max=0.9280 n=8514) sim= 0.000(rmp=0.000 run=0.000) chk= 0.057 stat= 0.371 rest= 0.008
  [incr r=35 repr=1213 next=194 tfo=204004 active=55327/126985 POs=7393]
 36 : c =   92504  cl =   7258  lit =  118624  p =  6310  d =     0  f =  1083  -  T =     0.17 sec
  [prof  36] wall= 169.482 p=  7393 | ifo=  4.177(sd=0.244 nx=0.189 tfo=3.047 cnt=0.696) snap= 0.401 srm= 16.525 sat=147.934(set=1.521 slv=145.909 max=0.6133 n=7393) sim= 0.000(rmp=0.000 run=0.000) chk= 0.052 stat= 0.386 rest= 0.008
  [incr r=36 repr=1128 next=170 tfo=200644 active=53697/125882 POs=7148]
 37 : c =   91607  cl =   7244  lit =  117646  p =  6165  d =     0  f =   983  -  T =     0.16 sec
  [prof  37] wall= 159.781 p=  7148 | ifo=  3.939(sd=0.276 nx=0.199 tfo=2.929 cnt=0.535) snap= 0.352 srm= 15.844 sat=139.213(set=1.362 slv=137.240 max=0.5021 n=7148) sim= 0.000(rmp=0.000 run=0.000) chk= 0.048 stat= 0.377 rest= 0.007
  [incr r=37 repr=1034 next=125 tfo=198442 active=52365/124890 POs=7026]
 38 : c =   90643  cl =   7237  lit =  116599  p =  5979  d =     0  f =  1047  -  T =     0.18 sec
  [prof  38] wall= 180.301 p=  7026 | ifo=  4.471(sd=0.248 nx=0.196 tfo=3.394 cnt=0.633) snap= 0.389 srm= 17.730 sat=157.298(set=1.417 slv=155.421 max=0.4333 n=7026) sim= 0.000(rmp=0.000 run=0.000) chk= 0.048 stat= 0.358 rest= 0.008
  [incr r=38 repr=1091 next=140 tfo=190993 active=50107/123836 POs=6607]
 39 : c =   89816  cl =   7215  lit =  115683  p =  5680  d =     0  f =   927  -  T =     0.16 sec
  [prof  39] wall= 157.575 p=  6607 | ifo=  3.697(sd=0.251 nx=0.185 tfo=2.733 cnt=0.528) snap= 0.366 srm= 16.073 sat=137.028(set=1.597 slv=134.980 max=0.5874 n=6607) sim= 0.000(rmp=0.000 run=0.000) chk= 0.049 stat= 0.355 rest= 0.007
  [incr r=39 repr=972 next=131 tfo=189466 active=48906/122898 POs=6449]
 40 : c =   89026  cl =   7204  lit =  114829  p =  5594  d =     0  f =   855  -  T =     0.16 sec
  [prof  40] wall= 157.593 p=  6449 | ifo=  3.649(sd=0.247 nx=0.192 tfo=2.697 cnt=0.512) snap= 0.379 srm= 16.667 sat=136.356(set=1.391 slv=134.531 max=1.4067 n=6449) sim= 0.000(rmp=0.000 run=0.000) chk= 0.049 stat= 0.486 rest= 0.008
  [incr r=40 repr=905 next=96 tfo=212392 active=59698/122033 POs=7743]
 41 : c =   88250  cl =   7197  lit =  114005  p =  6919  d =     0  f =   824  -  T =     0.15 sec
  [prof  41] wall= 152.040 p=  7743 | ifo=  4.523(sd=0.340 nx=0.274 tfo=3.374 cnt=0.536) snap= 0.427 srm= 17.106 sat=129.532(set=1.391 slv=127.646 max=0.3858 n=7743) sim= 0.000(rmp=0.000 run=0.000) chk= 0.039 stat= 0.405 rest= 0.008
  [incr r=41 repr=869 next=74 tfo=186152 active=47229/121202 POs=6128]
 42 : c =   87577  cl =   7190  lit =  113291  p =  5414  d =     0  f =   714  -  T =     0.13 sec
  [prof  42] wall= 126.255 p=  6128 | ifo=  3.782(sd=0.265 nx=0.201 tfo=2.761 cnt=0.554) snap= 0.370 srm= 16.339 sat=105.289(set=1.311 slv=103.574 max=0.5061 n=6128) sim= 0.000(rmp=0.000 run=0.000) chk= 0.038 stat= 0.429 rest= 0.009
  [incr r=42 repr=756 next=62 tfo=176941 active=45237/120481 POs=5810]
 43 : c =   86932  cl =   7184  lit =  112609  p =  5127  d =     0  f =   683  -  T =     0.12 sec
  [prof  43] wall= 120.713 p=  5810 | ifo=  3.926(sd=0.285 nx=0.220 tfo=2.844 cnt=0.577) snap= 0.495 srm= 16.268 sat= 99.579(set=1.560 slv=97.644 max=0.4798 n=5810) sim= 0.000(rmp=0.000 run=0.000) chk= 0.037 stat= 0.401 rest= 0.007
  [incr r=43 repr=725 next=54 tfo=175109 active=44296/119793 POs=5643]
 44 : c =   86344  cl =   7178  lit =  111989  p =  5019  d =     0  f =   624  -  T =     0.11 sec
  [prof  44] wall= 115.192 p=  5643 | ifo=  3.865(sd=0.340 nx=0.214 tfo=2.744 cnt=0.568) snap= 0.422 srm= 15.243 sat= 95.138(set=1.838 slv=92.922 max=0.5172 n=5643) sim= 0.000(rmp=0.000 run=0.000) chk= 0.036 stat= 0.481 rest= 0.007
  [incr r=44 repr=632 next=50 tfo=166559 active=41882/119167 POs=5196]
 45 : c =   85806  cl =   7173  lit =  111416  p =  4622  d =     0  f =   574  -  T =     0.10 sec
  [prof  45] wall= 104.304 p=  5196 | ifo=  4.147(sd=0.359 nx=0.217 tfo=2.993 cnt=0.579) snap= 0.412 srm= 14.252 sat= 85.099(set=1.292 slv=83.480 max=0.8557 n=5196) sim= 0.000(rmp=0.000 run=0.000) chk= 0.037 stat= 0.350 rest= 0.007
  [incr r=45 repr=593 next=51 tfo=163091 active=41055/118589 POs=5072]
 46 : c =   85280  cl =   7170  lit =  110851  p =  4507  d =     0  f =   565  -  T =     0.09 sec
  [prof  46] wall=  94.919 p=  5072 | ifo=  3.728(sd=0.264 nx=0.195 tfo=2.679 cnt=0.590) snap= 0.443 srm= 13.185 sat= 77.160(set=1.078 slv=75.768 max=0.6166 n=5072) sim= 0.000(rmp=0.000 run=0.000) chk= 0.031 stat= 0.366 rest= 0.007
  [incr r=46 repr=592 next=65 tfo=160011 active=40186/118021 POs=4852]
 47 : c =   84795  cl =   7166  lit =  110332  p =  4333  d =     0  f =   519  -  T =     0.09 sec
  [prof  47] wall=  89.989 p=  4852 | ifo=  3.561(sd=0.246 nx=0.239 tfo=2.531 cnt=0.546) snap= 0.464 srm= 14.143 sat= 71.335(set=1.187 slv=69.833 max=0.4337 n=4852) sim= 0.000(rmp=0.000 run=0.000) chk= 0.028 stat= 0.451 rest= 0.007
  [incr r=47 repr=562 next=50 tfo=158272 active=39426/117498 POs=4734]
 48 : c =   84341  cl =   7164  lit =  109832  p =  4234  d =     0  f =   500  -  T =     0.09 sec
  [prof  48] wall=  87.958 p=  4734 | ifo=  3.176(sd=0.263 nx=0.195 tfo=2.110 cnt=0.608) snap= 0.468 srm= 12.177 sat= 71.723(set=1.054 slv=70.350 max=0.5168 n=4734) sim= 0.000(rmp=0.000 run=0.000) chk= 0.039 stat= 0.368 rest= 0.007
  [incr r=48 repr=513 next=75 tfo=151380 active=38463/116996 POs=4560]
 49 : c =   83903  cl =   7163  lit =  109357  p =  4085  d =     0  f =   475  -  T =     0.09 sec
  [prof  49] wall=  90.140 p=  4560 | ifo=  2.982(sd=0.260 nx=0.193 tfo=2.025 cnt=0.504) snap= 0.438 srm= 11.730 sat= 74.575(set=1.252 slv=72.997 max=0.7183 n=4560) sim= 0.000(rmp=0.000 run=0.000) chk= 0.034 stat= 0.373 rest= 0.006
  [incr r=49 repr=648 next=61 tfo=150060 active=37813/116520 POs=4486]
 50 : c =   83482  cl =   7163  lit =  108891  p =  4020  d =     0  f =   466  -  T =     0.09 sec
  [prof  50] wall=  86.970 p=  4486 | ifo=  2.889(sd=0.243 nx=0.212 tfo=1.927 cnt=0.507) snap= 0.377 srm= 12.125 sat= 71.131(set=0.992 slv=69.838 max=0.5088 n=4486) sim= 0.000(rmp=0.000 run=0.000) chk= 0.033 stat= 0.409 rest= 0.007
  [incr r=50 repr=622 next=68 tfo=149193 active=37185/116054 POs=4405]
 51 : c =   83108  cl =   7163  lit =  108485  p =  3999  d =     0  f =   406  -  T =     0.09 sec
  [prof  51] wall=  85.627 p=  4405 | ifo=  3.236(sd=0.273 nx=0.213 tfo=2.206 cnt=0.543) snap= 0.375 srm= 12.517 sat= 68.942(set=0.943 slv=67.711 max=0.4677 n=4405) sim= 0.000(rmp=0.000 run=0.000) chk= 0.026 stat= 0.524 rest= 0.007
  [incr r=51 repr=428 next=51 tfo=147461 active=36529/115648 POs=4370]
 52 : c =   82706  cl =   7161  lit =  108040  p =  3925  d =     0  f =   445  -  T =     0.09 sec
  [prof  52] wall=  86.133 p=  4370 | ifo=  3.965(sd=0.448 nx=0.370 tfo=2.557 cnt=0.589) snap= 0.524 srm= 11.013 sat= 70.229(set=1.068 slv=68.880 max=0.5403 n=4370) sim= 0.000(rmp=0.000 run=0.000) chk= 0.025 stat= 0.371 rest= 0.006
  [incr r=52 repr=460 next=68 tfo=144995 active=35449/115201 POs=4284]
 53 : c =   82337  cl =   7157  lit =  107641  p =  3885  d =     0  f =   399  -  T =     0.08 sec
  [prof  53] wall=  76.126 p=  4284 | ifo=  2.780(sd=0.251 nx=0.194 tfo=1.823 cnt=0.512) snap= 0.356 srm= 11.863 sat= 60.708(set=0.921 slv=59.506 max=0.5025 n=4284) sim= 0.000(rmp=0.000 run=0.000) chk= 0.021 stat= 0.391 rest= 0.007
  [incr r=53 repr=403 next=51 tfo=144085 active=34877/114798 POs=4250]
 54 : c =   81977  cl =   7156  lit =  107246  p =  3855  d =     0  f =   395  -  T =     0.07 sec
  [prof  54] wall=  73.336 p=  4250 | ifo=  3.225(sd=0.261 nx=0.216 tfo=1.894 cnt=0.855) snap= 0.366 srm= 12.166 sat= 56.993(set=0.955 slv=55.747 max=0.5082 n=4250) sim= 0.000(rmp=0.000 run=0.000) chk= 0.025 stat= 0.457 rest= 0.104
  [incr r=54 repr=396 next=58 tfo=143462 active=34384/114402 POs=4222]
 55 : c =   81648  cl =   7155  lit =  106888  p =  3864  d =     0  f =   358  -  T =     0.06 sec
  [prof  55] wall=  61.778 p=  4222 | ifo=  3.157(sd=0.313 nx=0.251 tfo=2.037 cnt=0.556) snap= 0.359 srm= 11.420 sat= 46.393(set=0.910 slv=45.223 max=0.9443 n=4222) sim= 0.000(rmp=0.000 run=0.000) chk= 0.020 stat= 0.423 rest= 0.006
  [incr r=55 repr=369 next=51 tfo=142204 active=33773/114043 POs=4207]
 56 : c =   81315  cl =   7152  lit =  106525  p =  3844  d =     0  f =   363  -  T =     0.06 sec
  [prof  56] wall=  61.940 p=  4207 | ifo=  2.915(sd=0.294 nx=0.245 tfo=1.887 cnt=0.489) snap= 0.358 srm= 11.654 sat= 46.629(set=0.893 slv=45.476 max=0.4550 n=4207) sim= 0.000(rmp=0.000 run=0.000) chk= 0.021 stat= 0.357 rest= 0.006
  [incr r=56 repr=363 next=51 tfo=141462 active=33274/113677 POs=4166]
 57 : c =   81019  cl =   7148  lit =  106201  p =  3842  d =     0  f =   324  -  T =     0.06 sec
  [prof  57] wall=  58.950 p=  4166 | ifo=  2.656(sd=0.248 nx=0.191 tfo=1.704 cnt=0.513) snap= 0.357 srm= 11.412 sat= 44.023(set=0.931 slv=42.835 max=0.9230 n=4166) sim= 0.000(rmp=0.000 run=0.000) chk= 0.026 stat= 0.468 rest= 0.007
  [incr r=57 repr=331 next=45 tfo=139850 active=32689/113349 POs=4106]
 58 : c =   80761  cl =   7147  lit =  105920  p =  3825  d =     0  f =   281  -  T =     0.05 sec
  [prof  58] wall=  49.009 p=  4106 | ifo=  2.958(sd=0.327 nx=0.265 tfo=1.838 cnt=0.528) snap= 0.369 srm= 11.123 sat= 34.147(set=0.895 slv=32.990 max=0.3390 n=4106) sim= 0.000(rmp=0.000 run=0.000) chk= 0.021 stat= 0.383 rest= 0.007
  [incr r=58 repr=281 next=41 tfo=137462 active=31893/113067 POs=4098]
 59 : c =   80498  cl =   7146  lit =  105629  p =  3807  d =     0  f =   291  -  T =     0.05 sec
  [prof  59] wall=  51.060 p=  4098 | ifo=  3.268(sd=0.337 nx=0.339 tfo=2.043 cnt=0.550) snap= 0.374 srm= 11.900 sat= 35.153(set=0.908 slv=33.990 max=0.4600 n=4098) sim= 0.000(rmp=0.000 run=0.000) chk= 0.020 stat= 0.340 rest= 0.006
  [incr r=59 repr=291 next=48 tfo=133302 active=30291/112775 POs=3990]
 60 : c =   80240  cl =   7144  lit =  105327  p =  3688  d =     0  f =   302  -  T =     0.05 sec
  [prof  60] wall=  49.960 p=  3990 | ifo=  2.520(sd=0.255 nx=0.187 tfo=1.572 cnt=0.506) snap= 0.355 srm= 11.041 sat= 35.630(set=0.832 slv=34.564 max=0.3849 n=3990) sim= 0.000(rmp=0.000 run=0.000) chk= 0.024 stat= 0.383 rest= 0.006
  [incr r=60 repr=305 next=75 tfo=132168 active=29750/112471 POs=3967]
 61 : c =   80003  cl =   7142  lit =  105037  p =  3677  d =     0  f =   290  -  T =     0.05 sec
  [prof  61] wall=  48.886 p=  3967 | ifo=  2.647(sd=0.259 nx=0.198 tfo=1.660 cnt=0.530) snap= 0.380 srm= 12.144 sat= 33.324(set=0.949 slv=32.129 max=0.2842 n=3967) sim= 0.000(rmp=0.000 run=0.000) chk= 0.026 stat= 0.357 rest= 0.007
  [incr r=61 repr=290 next=84 tfo=131024 active=29285/112179 POs=3901]
 62 : c =   79783  cl =   7139  lit =  104766  p =  3630  d =     0  f =   271  -  T =     0.04 sec
  [prof  62] wall=  45.128 p=  3901 | ifo=  2.571(sd=0.256 nx=0.200 tfo=1.573 cnt=0.542) snap= 0.397 srm= 11.358 sat= 30.360(set=0.952 slv=29.165 max=0.2634 n=3901) sim= 0.000(rmp=0.000 run=0.000) chk= 0.024 stat= 0.413 rest= 0.006
  [incr r=62 repr=271 next=82 tfo=129998 active=28823/111905 POs=3933]
 63 : c =   79526  cl =   7138  lit =  104474  p =  3641  d =     0  f =   292  -  T =     0.05 sec
  [prof  63] wall=  46.987 p=  3933 | ifo=  3.353(sd=0.284 nx=0.221 tfo=2.220 cnt=0.628) snap= 0.364 srm= 11.557 sat= 31.239(set=0.863 slv=30.118 max=0.2425 n=3933) sim= 0.000(rmp=0.000 run=0.000) chk= 0.025 stat= 0.442 rest= 0.007
  [incr r=63 repr=292 next=59 tfo=128881 active=28390/111612 POs=3940]
 64 : c =   79286  cl =   7138  lit =  104198  p =  3664  d =     0  f =   276  -  T =     0.05 sec
  [prof  64] wall=  46.615 p=  3940 | ifo=  2.909(sd=0.308 nx=0.247 tfo=1.836 cnt=0.517) snap= 0.351 srm= 10.623 sat= 32.280(set=0.852 slv=31.183 max=0.2568 n=3940) sim= 0.000(rmp=0.000 run=0.000) chk= 0.022 stat= 0.424 rest= 0.006
  [incr r=64 repr=276 next=60 tfo=127785 active=27927/111336 POs=3914]
 65 : c =   79056  cl =   7134  lit =  103930  p =  3646  d =     0  f =   268  -  T =     0.04 sec
  [prof  65] wall=  43.268 p=  3914 | ifo=  2.659(sd=0.307 nx=0.254 tfo=1.595 cnt=0.503) snap= 0.409 srm= 10.816 sat= 29.013(set=0.994 slv=27.788 max=0.2447 n=3914) sim= 0.000(rmp=0.000 run=0.000) chk= 0.019 stat= 0.347 rest= 0.006
  [incr r=65 repr=268 next=62 tfo=126679 active=27544/111064 POs=3859]
 66 : c =   78825  cl =   7131  lit =  103660  p =  3589  d =     0  f =   270  -  T =     0.04 sec
  [prof  66] wall=  42.911 p=  3859 | ifo=  2.364(sd=0.238 nx=0.183 tfo=1.460 cnt=0.482) snap= 0.368 srm= 10.584 sat= 29.218(set=0.900 slv=28.084 max=0.4113 n=3859) sim= 0.000(rmp=0.000 run=0.000) chk= 0.020 stat= 0.351 rest= 0.007
  [incr r=66 repr=270 next=63 tfo=125439 active=27075/110791 POs=3821]
 67 : c =   78617  cl =   7129  lit =  103416  p =  3577  d =     0  f =   244  -  T =     0.04 sec
  [prof  67] wall=  44.997 p=  3821 | ifo=  2.460(sd=0.258 nx=0.193 tfo=1.507 cnt=0.502) snap= 0.421 srm= 10.980 sat= 30.783(set=0.907 slv=29.650 max=0.5096 n=3821) sim= 0.000(rmp=0.000 run=0.000) chk= 0.018 stat= 0.330 rest= 0.006
  [incr r=67 repr=244 next=57 tfo=123954 active=26711/110545 POs=3764]
 68 : c =   78426  cl =   7127  lit =  103193  p =  3541  d =     0  f =   223  -  T =     0.04 sec
  [prof  68] wall=  43.207 p=  3764 | ifo=  2.277(sd=0.230 nx=0.185 tfo=1.406 cnt=0.457) snap= 0.382 srm= 10.671 sat= 29.496(set=0.962 slv=28.316 max=0.2537 n=3764) sim= 0.000(rmp=0.000 run=0.000) chk= 0.017 stat= 0.358 rest= 0.006
  [incr r=68 repr=223 next=53 tfo=122526 active=26281/110320 POs=3718]
 69 : c =   78242  cl =   7124  lit =  102979  p =  3504  d =     0  f =   214  -  T =     0.05 sec
  [prof  69] wall=  46.431 p=  3718 | ifo=  2.331(sd=0.230 nx=0.182 tfo=1.445 cnt=0.474) snap= 0.370 srm= 10.323 sat= 32.974(set=1.026 slv=31.709 max=0.5932 n=3718) sim= 0.000(rmp=0.000 run=0.000) chk= 0.019 stat= 0.407 rest= 0.006
  [incr r=69 repr=214 next=46 tfo=121544 active=25972/110103 POs=3639]
 70 : c =   78084  cl =   7121  lit =  102799  p =  3459  d =     0  f =   180  -  T =     0.04 sec
  [prof  70] wall=  41.540 p=  3639 | ifo=  2.273(sd=0.226 nx=0.182 tfo=1.400 cnt=0.464) snap= 0.382 srm= 10.883 sat= 27.490(set=0.915 slv=26.350 max=0.4091 n=3639) sim= 0.000(rmp=0.000 run=0.000) chk= 0.017 stat= 0.488 rest= 0.006
  [incr r=70 repr=190 next=33 tfo=95978 active=21908/109920 POs=2792]
 71 : c =   77936  cl =   7116  lit =  102629  p =  2622  d =     0  f =   170  -  T =     0.04 sec
  [prof  71] wall=  35.870 p=  2792 | ifo=  2.353(sd=0.331 nx=0.277 tfo=1.198 cnt=0.547) snap= 0.369 srm= 10.278 sat= 22.511(set=0.774 slv=21.565 max=0.4030 n=2792) sim= 0.000(rmp=0.000 run=0.000) chk= 0.014 stat= 0.340 rest= 0.007
  [incr r=71 repr=170 next=31 tfo=94504 active=21569/109745 POs=2752]
 72 : c =   77792  cl =   7113  lit =  102474  p =  2597  d =     0  f =   155  -  T =     0.04 sec
  [prof  72] wall=  35.689 p=  2752 | ifo=  2.061(sd=0.253 nx=0.182 tfo=1.140 cnt=0.487) snap= 0.349 srm=  9.413 sat= 23.460(set=0.731 slv=22.563 max=0.3524 n=2752) sim= 0.000(rmp=0.000 run=0.000) chk= 0.010 stat= 0.387 rest= 0.009
  [incr r=72 repr=155 next=14 tfo=93172 active=21248/109587 POs=2699]
 73 : c =   77648  cl =   7111  lit =  102322  p =  2547  d =     0  f =   152  -  T =     0.04 sec
  [prof  73] wall=  35.857 p=  2699 | ifo=  2.169(sd=0.273 nx=0.205 tfo=1.151 cnt=0.541) snap= 0.351 srm= 10.376 sat= 22.600(set=0.711 slv=21.727 max=0.4048 n=2699) sim= 0.000(rmp=0.000 run=0.000) chk= 0.010 stat= 0.345 rest= 0.006
  [incr r=73 repr=152 next=10 tfo=91685 active=20982/109433 POs=2676]
 74 : c =   77515  cl =   7107  lit =  102176  p =  2530  d =     0  f =   146  -  T =     0.03 sec
  [prof  74] wall=  30.791 p=  2676 | ifo=  1.931(sd=0.222 nx=0.193 tfo=1.038 cnt=0.478) snap= 0.358 srm=  9.058 sat= 19.023(set=0.723 slv=18.153 max=0.4038 n=2676) sim= 0.000(rmp=0.000 run=0.000) chk= 0.013 stat= 0.403 rest= 0.005
  [incr r=74 repr=146 next=17 tfo=89755 active=20631/109283 POs=2624]
 75 : c =   77409  cl =   7105  lit =  102059  p =  2506  d =     0  f =   118  -  T =     0.03 sec
  [prof  75] wall=  30.544 p=  2624 | ifo=  2.029(sd=0.327 nx=0.187 tfo=1.029 cnt=0.487) snap= 0.365 srm=  9.192 sat= 18.608(set=0.932 slv=17.488 max=0.2656 n=2624) sim= 0.000(rmp=0.000 run=0.000) chk= 0.011 stat= 0.333 rest= 0.006
  [incr r=75 repr=117 next=17 tfo=87764 active=20334/109164 POs=2578]
 76 : c =   77321  cl =   7104  lit =  101959  p =  2478  d =     0  f =   100  -  T =     0.03 sec
  [prof  76] wall=  30.521 p=  2578 | ifo=  1.897(sd=0.227 nx=0.181 tfo=0.996 cnt=0.492) snap= 0.400 srm= 10.100 sat= 17.714(set=0.878 slv=16.665 max=0.2660 n=2578) sim= 0.000(rmp=0.000 run=0.000) chk= 0.013 stat= 0.390 rest= 0.007
  [incr r=76 repr=100 next=16 tfo=45700 active=4035/109063 POs=544]
 77 : c =   77241  cl =   7103  lit =  101871  p =   456  d =     0  f =    88  -  T =     0.02 sec
  [prof  77] wall=  20.979 p=   544 | ifo=  1.647(sd=0.274 nx=0.208 tfo=0.613 cnt=0.552) snap= 0.445 srm=  8.802 sat=  9.690(set=0.630 slv=9.021 max=0.1943 n=544) sim= 0.000(rmp=0.000 run=0.000) chk= 0.006 stat= 0.349 rest= 0.039
  [incr r=77 repr=89 next=9 tfo=43690 active=3856/108974 POs=517]
 78 : c =   77167  cl =   7102  lit =  101796  p =   442  d =     0  f =    75  -  T =     0.02 sec
  [prof  78] wall=  19.123 p=   517 | ifo=  1.424(sd=0.236 nx=0.193 tfo=0.507 cnt=0.488) snap= 0.389 srm=  9.012 sat=  7.970(set=0.533 slv=7.404 max=0.2135 n=517) sim= 0.000(rmp=0.000 run=0.000) chk= 0.003 stat= 0.318 rest= 0.006
  [incr r=78 repr=75 next=1 tfo=41405 active=3556/108898 POs=481]
 79 : c =   77101  cl =   7102  lit =  101730  p =   415  d =     0  f =    66  -  T =     0.02 sec
  [prof  79] wall=  18.721 p=   481 | ifo=  1.317(sd=0.225 nx=0.171 tfo=0.465 cnt=0.456) snap= 0.384 srm=  9.043 sat=  7.563(set=0.525 slv=7.007 max=0.3843 n=481) sim= 0.000(rmp=0.000 run=0.000) chk= 0.002 stat= 0.405 rest= 0.005
  [incr r=79 repr=66 next=0 tfo=40453 active=3432/108832 POs=471]
 80 : c =   77043  cl =   7102  lit =  101672  p =   413  d =     0  f =    58  -  T =     0.02 sec
  [prof  80] wall=  15.906 p=   471 | ifo=  1.464(sd=0.295 nx=0.190 tfo=0.466 cnt=0.514) snap= 0.370 srm=  7.102 sat=  6.612(set=0.519 slv=6.062 max=0.2494 n=471) sim= 0.000(rmp=0.000 run=0.000) chk= 0.002 stat= 0.350 rest= 0.006
  [incr r=80 repr=58 next=0 tfo=38814 active=3169/108774 POs=458]
 81 : c =   76986  cl =   7102  lit =  101615  p =   401  d =     0  f =    57  -  T =     0.02 sec
  [prof  81] wall=  16.966 p=   458 | ifo=  1.379(sd=0.236 nx=0.192 tfo=0.440 cnt=0.510) snap= 0.368 srm=  8.221 sat=  6.617(set=0.510 slv=6.076 max=0.2495 n=458) sim= 0.000(rmp=0.000 run=0.000) chk= 0.003 stat= 0.371 rest= 0.008
  [incr r=81 repr=57 next=0 tfo=38205 active=3055/108717 POs=464]
 82 : c =   76919  cl =   7101  lit =  101547  p =   396  d =     0  f =    68  -  T =     0.02 sec
  [prof  82] wall=  18.713 p=   464 | ifo=  1.466(sd=0.256 nx=0.222 tfo=0.461 cnt=0.528) snap= 0.459 srm=  8.494 sat=  7.961(set=0.557 slv=7.375 max=0.2258 n=464) sim= 0.000(rmp=0.000 run=0.000) chk= 0.003 stat= 0.323 rest= 0.006
  [incr r=82 repr=68 next=1 tfo=36850 active=2890/108648 POs=445]
 83 : c =   76863  cl =   7101  lit =  101491  p =   389  d =     0  f =    56  -  T =     0.02 sec
  [prof  83] wall=  16.197 p=   445 | ifo=  1.330(sd=0.246 nx=0.178 tfo=0.426 cnt=0.480) snap= 0.327 srm=  6.955 sat=  7.246(set=0.443 slv=6.772 max=0.2034 n=445) sim= 0.000(rmp=0.000 run=0.000) chk= 0.002 stat= 0.332 rest= 0.005
  [incr r=83 repr=56 next=0 tfo=35284 active=2708/108592 POs=423]
 84 : c =   76817  cl =   7101  lit =  101445  p =   377  d =     0  f =    46  -  T =     0.02 sec
  [prof  84] wall=  17.609 p=   423 | ifo=  1.294(sd=0.217 nx=0.174 tfo=0.434 cnt=0.470) snap= 0.347 srm=  6.663 sat=  8.909(set=0.442 slv=8.429 max=0.3876 n=423) sim= 0.000(rmp=0.000 run=0.000) chk= 0.002 stat= 0.388 rest= 0.005
  [incr r=84 repr=46 next=0 tfo=32095 active=2379/108546 POs=383]
 85 : c =   76775  cl =   7101  lit =  101403  p =   341  d =     0  f =    42  -  T =     0.02 sec
  [prof  85] wall=  15.877 p=   383 | ifo=  1.382(sd=0.249 nx=0.219 tfo=0.385 cnt=0.529) snap= 0.370 srm=  6.845 sat=  6.954(set=0.456 slv=6.470 max=0.3047 n=383) sim= 0.000(rmp=0.000 run=0.000) chk= 0.001 stat= 0.321 rest= 0.005
  [incr r=85 repr=42 next=0 tfo=29165 active=1636/108504 POs=345]
 86 : c =   76739  cl =   7101  lit =  101367  p =   309  d =     0  f =    36  -  T =     0.01 sec
  [prof  86] wall=  14.259 p=   345 | ifo=  1.164(sd=0.217 nx=0.177 tfo=0.316 cnt=0.453) snap= 0.377 srm=  6.783 sat=  5.566(set=0.485 slv=5.059 max=0.2475 n=345) sim= 0.000(rmp=0.000 run=0.000) chk= 0.001 stat= 0.355 rest= 0.014
  [incr r=86 repr=36 next=0 tfo=21713 active=1340/108468 POs=282]
 87 : c =   76711  cl =   7101  lit =  101339  p =   254  d =     0  f =    28  -  T =     0.01 sec
  [prof  87] wall=  14.173 p=   282 | ifo=  1.198(sd=0.241 nx=0.190 tfo=0.250 cnt=0.517) snap= 0.378 srm=  6.760 sat=  5.450(set=0.410 slv=5.020 max=0.7314 n=282) sim= 0.000(rmp=0.000 run=0.000) chk= 0.001 stat= 0.381 rest= 0.005
  [incr r=87 repr=28 next=0 tfo=20168 active=1101/108440 POs=158]
 88 : c =   76683  cl =   7101  lit =  101311  p =   130  d =     0  f =    28  -  T =     0.01 sec
  [prof  88] wall=  11.617 p=   158 | ifo=  1.247(sd=0.279 nx=0.250 tfo=0.228 cnt=0.491) snap= 0.360 srm=  5.247 sat=  4.434(set=0.312 slv=4.111 max=0.2623 n=158) sim= 0.000(rmp=0.000 run=0.000) chk= 0.001 stat= 0.321 rest= 0.006
  [incr r=88 repr=28 next=0 tfo=19215 active=988/108412 POs=149]
 89 : c =   76656  cl =   7101  lit =  101284  p =   122  d =     0  f =    27  -  T =     0.01 sec
  [prof  89] wall=  11.468 p=   149 | ifo=  1.008(sd=0.201 nx=0.162 tfo=0.212 cnt=0.432) snap= 0.347 srm=  5.144 sat=  4.606(set=0.305 slv=4.288 max=0.3737 n=149) sim= 0.000(rmp=0.000 run=0.000) chk= 0.001 stat= 0.359 rest= 0.004
  [incr r=89 repr=27 next=0 tfo=18626 active=920/108385 POs=137]
 90 : c =   76635  cl =   7101  lit =  101263  p =   116  d =     0  f =    21  -  T =     0.01 sec
  [prof  90] wall=  11.079 p=   137 | ifo=  1.197(sd=0.262 nx=0.208 tfo=0.224 cnt=0.503) snap= 0.344 srm=  5.055 sat=  4.126(set=0.293 slv=3.822 max=0.3546 n=137) sim= 0.000(rmp=0.000 run=0.000) chk= 0.001 stat= 0.351 rest= 0.005
  [incr r=90 repr=21 next=0 tfo=17571 active=826/108364 POs=122]
 91 : c =   76617  cl =   7101  lit =  101245  p =   104  d =     0  f =    18  -  T =     0.01 sec
  [prof  91] wall=  11.270 p=   122 | ifo=  1.138(sd=0.237 nx=0.190 tfo=0.190 cnt=0.522) snap= 0.427 srm=  5.627 sat=  3.741(set=0.274 slv=3.457 max=0.2991 n=122) sim= 0.000(rmp=0.000 run=0.000) chk= 0.001 stat= 0.330 rest= 0.006
  [incr r=91 repr=18 next=0 tfo=16915 active=766/108346 POs=112]
 92 : c =   76601  cl =   7101  lit =  101229  p =    96  d =     0  f =    16  -  T =     0.01 sec
  [prof  92] wall=   9.058 p=   112 | ifo=  1.104(sd=0.245 nx=0.180 tfo=0.198 cnt=0.480) snap= 0.352 srm=  4.681 sat=  2.620(set=0.229 slv=2.383 max=0.2058 n=112) sim= 0.000(rmp=0.000 run=0.000) chk= 0.001 stat= 0.297 rest= 0.004
  [incr r=92 repr=16 next=0 tfo=15538 active=682/108330 POs=100]
 93 : c =   76588  cl =   7101  lit =  101216  p =    87  d =     0  f =    13  -  T =     0.01 sec
  [prof  93] wall=   8.342 p=   100 | ifo=  0.940(sd=0.213 nx=0.160 tfo=0.149 cnt=0.419) snap= 0.388 srm=  4.421 sat=  2.269(set=0.251 slv=2.011 max=0.2291 n=100) sim= 0.000(rmp=0.000 run=0.000) chk= 0.001 stat= 0.318 rest= 0.004
  [incr r=93 repr=13 next=0 tfo=8981 active=417/108317 POs=68]
 94 : c =   76576  cl =   7101  lit =  101204  p =    56  d =     0  f =    12  -  T =     0.01 sec
  [prof  94] wall=   7.525 p=    68 | ifo=  0.908(sd=0.205 nx=0.163 tfo=0.114 cnt=0.426) snap= 0.351 srm=  3.986 sat=  1.957(set=0.165 slv=1.786 max=0.2545 n=68) sim= 0.000(rmp=0.000 run=0.000) chk= 0.001 stat= 0.317 rest= 0.005
  [incr r=94 repr=12 next=0 tfo=8546 active=355/108305 POs=58]
 95 : c =   76570  cl =   7101  lit =  101198  p =    52  d =     0  f =     6  -  T =     0.01 sec
  [prof  95] wall=   6.570 p=    58 | ifo=  0.957(sd=0.207 nx=0.185 tfo=0.094 cnt=0.471) snap= 0.377 srm=  3.819 sat=  1.080(set=0.136 slv=0.939 max=0.2123 n=58) sim= 0.000(rmp=0.000 run=0.000) chk= 0.001 stat= 0.333 rest= 0.003
  [incr r=95 repr=6 next=0 tfo=8204 active=348/108299 POs=58]
 96 : c =   76564  cl =   7101  lit =  101192  p =    52  d =     0  f =     6  -  T =     0.01 sec
  [prof  96] wall=   6.665 p=    58 | ifo=  0.915(sd=0.212 nx=0.166 tfo=0.083 cnt=0.454) snap= 0.388 srm=  3.874 sat=  1.184(set=0.141 slv=1.038 max=0.2330 n=58) sim= 0.000(rmp=0.000 run=0.000) chk= 0.000 stat= 0.299 rest= 0.004
  [incr r=96 repr=6 next=0 tfo=7773 active=315/108293 POs=53]
 97 : c =   76559  cl =   7101  lit =  101187  p =    48  d =     0  f =     5  -  T =     0.01 sec
  [prof  97] wall=   6.155 p=    53 | ifo=  0.879(sd=0.202 nx=0.165 tfo=0.080 cnt=0.432) snap= 0.355 srm=  3.474 sat=  1.122(set=0.127 slv=0.991 max=0.3058 n=53) sim= 0.000(rmp=0.000 run=0.000) chk= 0.000 stat= 0.320 rest= 0.004
  [incr r=97 repr=5 next=0 tfo=7622 active=288/108288 POs=48]
 98 : c =   76557  cl =   7101  lit =  101185  p =    46  d =     0  f =     2  -  T =     0.01 sec
  [prof  98] wall=   6.517 p=    48 | ifo=  0.902(sd=0.210 nx=0.177 tfo=0.085 cnt=0.429) snap= 0.408 srm=  4.167 sat=  0.680(set=0.148 slv=0.527 max=0.2246 n=48) sim= 0.000(rmp=0.000 run=0.000) chk= 0.000 stat= 0.356 rest= 0.004
  [incr r=98 repr=2 next=0 tfo=716 active=19/108286 POs=4]
 99 : c =   76555  cl =   7101  lit =  101183  p =     2  d =     0  f =     2  -  T =     0.01 sec
  [prof  99] wall=   5.893 p=     4 | ifo=  1.062(sd=0.262 nx=0.190 tfo=0.036 cnt=0.574) snap= 0.385 srm=  3.743 sat=  0.357(set=0.041 slv=0.314 max=0.2331 n=4) sim= 0.000(rmp=0.000 run=0.000) chk= 0.000 stat= 0.341 rest= 0.005
  [incr r=99 repr=2 next=0 tfo=714 active=17/108284 POs=4]
100 : c =   76553  cl =   7101  lit =  101181  p =     2  d =     0  f =     2  -  T =     0.00 sec
  [prof 100] wall=   4.697 p=     4 | ifo=  0.895(sd=0.218 nx=0.175 tfo=0.031 cnt=0.471) snap= 0.367 srm=  2.798 sat=  0.319(set=0.038 slv=0.279 max=0.2022 n=4) sim= 0.000(rmp=0.000 run=0.000) chk= 0.000 stat= 0.316 rest= 0.003
  [incr r=100 repr=2 next=0 tfo=564 active=4/108282 POs=2]
101 : c =   76551  cl =   7101  lit =  101179  p =     0  d =     0  f =     2  -  T =     0.00 sec
  [prof 101] wall=   4.552 p=     2 | ifo=  0.849(sd=0.208 nx=0.182 tfo=0.025 cnt=0.434) snap= 0.335 srm=  2.762 sat=  0.311(set=0.037 slv=0.273 max=0.1987 n=2) sim= 0.000(rmp=0.000 run=0.000) chk= 0.000 stat= 0.292 rest= 0.003
  [incr r=101 repr=2 next=0 tfo=562 active=2/108280 POs=0]
102 : c =   76551  cl =   7101  lit =  101179  p =     0  d =     0  f =     0  -  T =     0.00 sec
  [prof ALL] wall=11385.536 p=871406 | ifo=340.109(sd=27.364 nx=21.168 tfo=237.340 cnt=54.238) snap=39.905 srm=1351.691 sat=9607.250(set=108.881 slv=9444.942 max=3.2967 n=871406) sim= 0.000(rmp=0.000 run=0.000) chk= 5.620 stat=39.583 rest= 1.377
Srm   =     1.74 sec (  5.30 %)
Sat   =     9.61 sec ( 29.32 %)
Sim   =     0.00 sec (  0.00 %)
Other =    21.43 sec ( 65.39 %)
Incr  =     0.34 sec (  1.04 %)
Incr: fallback rounds = 10, skipped candidate pairs = 7487148
TOTAL =    32.77 sec
NBeg = 400072. NEnd = 283645. (Gain =  29.10 %).  RBeg = 262. REnd = 261. (Gain =   0.38 %).
Flop output names are not available. Use command "&get -n".
[1;37m/home/zxr_wsl/benchmarks/incre_spec//Problem11_label08[0m : i/o =    742/      1  ff =    261  [1;36mand =  283645[0m  [1;35mlev = 2025[0m [1;35m(7.75)[0m  mem = 3.27 MB
